WILDRUSH audio build  2026-09-27T14:59:26Z
python: /home/user/Wildrush/.venv/bin/python (3.11.15 numpy 2.4.6 scipy 1.17.1 soundfile 0.14.0 libsndfile 1.2.2)
==> /home/user/Wildrush/.venv/bin/python /home/user/Wildrush/tools/audio/build.py
sfx/foot_stone_01.wav              dur= 0.096s rms=-24.00 (tgt  -24.0) peak=-11.78 lim= 0.0dB tail=-125.8dB [0.02s]
sfx/foot_stone_02.wav              dur= 0.097s rms=-24.00 (tgt  -24.0) peak=-12.36 lim= 0.0dB tail=-119.3dB [0.02s]
sfx/foot_stone_03.wav              dur= 0.098s rms=-24.00 (tgt  -24.0) peak=-11.46 lim= 0.0dB tail=-129.3dB [0.02s]
sfx/foot_stone_04.wav              dur= 0.097s rms=-24.00 (tgt  -24.0) peak=-10.18 lim= 0.0dB tail=-124.6dB [0.02s]
sfx/foot_stone_05.wav              dur= 0.097s rms=-24.00 (tgt  -24.0) peak=-12.49 lim= 0.0dB tail=-131.0dB [0.03s]
sfx/foot_stone_06.wav              dur= 0.096s rms=-24.00 (tgt  -24.0) peak=-12.13 lim= 0.0dB tail=-115.1dB [0.01s]
sfx/foot_wood_01.wav               dur= 0.292s rms=-24.00 (tgt  -24.0) peak=-12.87 lim= 0.0dB tail= -88.3dB [0.01s]
sfx/foot_wood_02.wav               dur= 0.250s rms=-24.00 (tgt  -24.0) peak=-10.44 lim= 0.0dB tail=-101.4dB [0.01s]
sfx/foot_wood_03.wav               dur= 0.266s rms=-24.00 (tgt  -24.0) peak=-10.59 lim= 0.0dB tail= -95.0dB [0.02s]
sfx/foot_wood_04.wav               dur= 0.288s rms=-24.00 (tgt  -24.0) peak=-12.55 lim= 0.0dB tail= -89.9dB [0.01s]
sfx/foot_wood_05.wav               dur= 0.264s rms=-24.00 (tgt  -24.0) peak= -9.25 lim= 0.0dB tail= -95.5dB [0.01s]
sfx/foot_wood_06.wav               dur= 0.289s rms=-24.00 (tgt  -24.0) peak=-12.43 lim= 0.0dB tail= -88.7dB [0.01s]
sfx/foot_metal_01.wav              dur= 0.354s rms=-24.00 (tgt  -24.0) peak= -9.74 lim= 0.0dB tail= -87.2dB [0.02s]
sfx/foot_metal_02.wav              dur= 0.337s rms=-24.00 (tgt  -24.0) peak=-10.75 lim= 0.0dB tail= -94.0dB [0.02s]
sfx/foot_metal_03.wav              dur= 0.325s rms=-24.00 (tgt  -24.0) peak=-10.59 lim= 0.0dB tail= -96.7dB [0.02s]
sfx/foot_metal_04.wav              dur= 0.352s rms=-24.00 (tgt  -24.0) peak=-10.51 lim= 0.0dB tail= -88.3dB [0.02s]
sfx/foot_metal_05.wav              dur= 0.349s rms=-24.00 (tgt  -24.0) peak= -8.10 lim= 0.0dB tail= -88.3dB [0.02s]
sfx/foot_metal_06.wav              dur= 0.352s rms=-24.00 (tgt  -24.0) peak= -9.74 lim= 0.0dB tail= -87.7dB [0.02s]
sfx/foot_wet_01.wav                dur= 0.202s rms=-24.00 (tgt  -24.0) peak= -5.97 lim= 0.0dB tail=-160.7dB [0.02s]
sfx/foot_wet_02.wav                dur= 0.202s rms=-24.00 (tgt  -24.0) peak= -8.89 lim= 0.0dB tail=-142.2dB [0.02s]
sfx/foot_wet_03.wav                dur= 0.202s rms=-24.00 (tgt  -24.0) peak= -8.59 lim= 0.0dB tail=-144.0dB [0.02s]
sfx/foot_wet_04.wav                dur= 0.202s rms=-24.00 (tgt  -24.0) peak= -9.02 lim= 0.0dB tail=-137.9dB [0.04s]
sfx/foot_wet_05.wav                dur= 0.202s rms=-24.00 (tgt  -24.0) peak= -7.41 lim= 0.0dB tail=-142.2dB [0.02s]
sfx/foot_wet_06.wav                dur= 0.202s rms=-24.00 (tgt  -24.0) peak= -9.08 lim= 0.0dB tail=-135.8dB [0.02s]
sfx/land_stone_01.wav              dur= 0.324s rms=-22.00 (tgt  -22.0) peak=-10.19 lim= 0.0dB tail=-233.1dB [0.03s]
sfx/land_stone_02.wav              dur= 0.324s rms=-22.00 (tgt  -22.0) peak=-11.41 lim= 0.0dB tail=-228.4dB [0.02s]
sfx/land_stone_03.wav              dur= 0.325s rms=-22.00 (tgt  -22.0) peak=-10.91 lim= 0.0dB tail=-236.1dB [0.02s]
sfx/land_wood_01.wav               dur= 0.447s rms=-22.00 (tgt  -22.0) peak=-11.90 lim= 0.0dB tail=-100.1dB [0.02s]
sfx/land_wood_02.wav               dur= 0.459s rms=-22.00 (tgt  -22.0) peak=-12.80 lim= 0.0dB tail= -96.3dB [0.02s]
sfx/land_wood_03.wav               dur= 0.365s rms=-22.00 (tgt  -22.0) peak= -9.39 lim= 0.0dB tail=-109.1dB [0.02s]
sfx/land_metal_01.wav              dur= 0.469s rms=-22.00 (tgt  -22.0) peak= -9.96 lim= 0.0dB tail=-106.0dB [0.03s]
sfx/land_metal_02.wav              dur= 0.480s rms=-22.00 (tgt  -22.0) peak= -9.04 lim= 0.0dB tail=-103.8dB [0.02s]
sfx/land_metal_03.wav              dur= 0.508s rms=-22.00 (tgt  -22.0) peak= -8.22 lim= 0.0dB tail=-100.4dB [0.02s]
sfx/land_wet_01.wav                dur= 0.402s rms=-22.00 (tgt  -22.0) peak= -6.80 lim= 0.0dB tail=-226.8dB [0.03s]
sfx/land_wet_02.wav                dur= 0.402s rms=-22.00 (tgt  -22.0) peak= -6.73 lim= 0.0dB tail=-237.5dB [0.05s]
sfx/land_wet_03.wav                dur= 0.402s rms=-22.00 (tgt  -22.0) peak= -5.27 lim= 0.0dB tail=-229.9dB [0.04s]
sfx/jump_01.wav                    dur= 0.323s rms=-21.00 (tgt  -21.0) peak= -6.84 lim= 0.0dB tail=-207.1dB [0.03s]
sfx/jump_02.wav                    dur= 0.322s rms=-21.00 (tgt  -21.0) peak= -7.25 lim= 0.0dB tail=-205.4dB [0.04s]
sfx/jump_03.wav                    dur= 0.325s rms=-21.00 (tgt  -21.0) peak= -8.66 lim= 0.0dB tail=-215.4dB [0.03s]
sfx/dodge_01.wav                   dur= 0.256s rms=-20.00 (tgt  -20.0) peak= -6.99 lim= 0.0dB tail=-136.7dB [0.03s]
sfx/dodge_02.wav                   dur= 0.233s rms=-20.00 (tgt  -20.0) peak= -5.11 lim= 0.0dB tail=-139.6dB [0.03s]
sfx/dodge_03.wav                   dur= 0.294s rms=-20.00 (tgt  -20.0) peak= -7.10 lim= 0.0dB tail=-147.9dB [0.03s]
sfx/dodge_04.wav                   dur= 0.212s rms=-20.00 (tgt  -20.0) peak= -6.68 lim= 0.0dB tail=-140.9dB [0.03s]
sfx/swing_light_01.wav             dur= 0.164s rms=-20.00 (tgt  -20.0) peak= -5.23 lim= 0.0dB tail=-161.9dB [0.02s]
sfx/swing_light_02.wav             dur= 0.144s rms=-20.00 (tgt  -20.0) peak= -6.05 lim= 0.0dB tail=-164.1dB [0.02s]
sfx/swing_light_03.wav             dur= 0.181s rms=-20.00 (tgt  -20.0) peak= -5.51 lim= 0.0dB tail=-153.5dB [0.02s]
sfx/swing_light_04.wav             dur= 0.153s rms=-20.00 (tgt  -20.0) peak= -6.05 lim= 0.0dB tail=-166.2dB [0.02s]
sfx/swing_light_05.wav             dur= 0.175s rms=-20.00 (tgt  -20.0) peak= -5.58 lim= 0.0dB tail=-171.2dB [0.02s]
sfx/swing_heavy_01.wav             dur= 0.597s rms=-19.00 (tgt  -19.0) peak= -3.86 lim= 0.0dB tail=-134.2dB [0.04s]
sfx/swing_heavy_02.wav             dur= 0.598s rms=-19.00 (tgt  -19.0) peak= -4.20 lim= 0.0dB tail=-133.9dB [0.04s]
sfx/swing_heavy_03.wav             dur= 0.600s rms=-19.00 (tgt  -19.0) peak= -2.95 lim= 0.0dB tail=-142.3dB [0.06s]
sfx/kick_whoosh_01.wav             dur= 0.221s rms=-20.00 (tgt  -20.0) peak= -5.59 lim= 0.0dB tail=-136.5dB [0.02s]
sfx/kick_whoosh_02.wav             dur= 0.222s rms=-20.00 (tgt  -20.0) peak= -6.16 lim= 0.0dB tail=-137.2dB [0.02s]
sfx/kick_whoosh_03.wav             dur= 0.221s rms=-20.00 (tgt  -20.0) peak= -6.87 lim= 0.0dB tail=-153.5dB [0.02s]
sfx/kick_whoosh_04.wav             dur= 0.220s rms=-20.00 (tgt  -20.0) peak= -6.46 lim= 0.0dB tail=-139.0dB [0.02s]
sfx/hit_light_01.wav               dur= 0.152s rms=-15.01 (tgt  -15.0) peak= -1.20 lim= 0.2dB tail=-128.4dB [0.02s]
sfx/hit_light_02.wav               dur= 0.151s rms=-15.00 (tgt  -15.0) peak= -3.48 lim= 0.0dB tail=-137.8dB [0.02s]
sfx/hit_light_03.wav               dur= 0.155s rms=-15.00 (tgt  -15.0) peak= -3.70 lim= 0.0dB tail=-124.0dB [0.02s]
sfx/hit_light_04.wav               dur= 0.151s rms=-15.00 (tgt  -15.0) peak= -2.40 lim= 0.0dB tail=-133.4dB [0.01s]
sfx/hit_light_05.wav               dur= 0.154s rms=-15.00 (tgt  -15.0) peak= -3.92 lim= 0.0dB tail=-117.6dB [0.02s]
sfx/hit_heavy_01.wav               dur= 0.337s rms=-13.00 (tgt  -13.0) peak= -3.58 lim= 0.0dB tail= -78.7dB [0.02s]
sfx/hit_heavy_02.wav               dur= 0.339s rms=-13.00 (tgt  -13.0) peak= -3.10 lim= 0.0dB tail= -71.9dB [0.02s]
sfx/hit_heavy_03.wav               dur= 0.334s rms=-13.00 (tgt  -13.0) peak= -3.46 lim= 0.0dB tail= -88.4dB [0.01s]
sfx/hit_heavy_04.wav               dur= 0.337s rms=-13.00 (tgt  -13.0) peak= -2.96 lim= 0.0dB tail= -76.2dB [0.02s]
sfx/guard_block_01.wav             dur= 0.223s rms=-15.00 (tgt  -15.0) peak= -1.93 lim= 0.0dB tail= -67.7dB [0.02s]
sfx/guard_block_02.wav             dur= 0.224s rms=-15.04 (tgt  -15.0) peak= -1.20 lim= 0.6dB tail= -64.8dB [0.02s]
sfx/guard_block_03.wav             dur= 0.224s rms=-15.00 (tgt  -15.0) peak= -2.04 lim= 0.0dB tail= -65.9dB [0.02s]
sfx/guard_block_04.wav             dur= 0.227s rms=-15.00 (tgt  -15.0) peak= -3.15 lim= 0.0dB tail= -60.2dB [0.02s]
sfx/guard_block_05.wav             dur= 0.228s rms=-15.00 (tgt  -15.0) peak= -2.66 lim= 0.0dB tail= -60.2dB [0.02s]
sfx/guard_break_01.wav             dur= 0.729s rms=-13.01 (tgt  -13.0) peak= -1.20 lim= 0.2dB tail=-193.4dB [0.04s]
sfx/guard_break_02.wav             dur= 0.731s rms=-13.00 (tgt  -13.0) peak= -1.20 lim= 0.1dB tail=-193.2dB [0.04s]
sfx/parry_01.wav                   dur= 1.032s rms=-15.00 (tgt  -15.0) peak= -1.20 lim= 0.1dB tail= -40.4dB [0.03s]  (release fade)
sfx/parry_02.wav                   dur= 1.038s rms=-15.07 (tgt  -15.0) peak= -1.20 lim= 1.2dB tail= -44.3dB [0.02s]  (release fade)
sfx/knock_skid_01.wav              dur= 0.501s rms=-21.00 (tgt  -21.0) peak= -7.32 lim= 0.0dB tail=-105.9dB [0.04s]
sfx/knock_skid_02.wav              dur= 0.453s rms=-21.00 (tgt  -21.0) peak= -7.60 lim= 0.0dB tail= -99.5dB [0.02s]
sfx/knock_skid_03.wav              dur= 0.568s rms=-21.00 (tgt  -21.0) peak= -7.12 lim= 0.0dB tail= -90.3dB [0.03s]
sfx/body_fall_01.wav               dur= 0.348s rms=-16.00 (tgt  -16.0) peak= -5.14 lim= 0.0dB tail=-240.0dB [0.02s]
sfx/body_fall_02.wav               dur= 0.348s rms=-16.00 (tgt  -16.0) peak= -5.97 lim= 0.0dB tail=-240.0dB [0.02s]
sfx/body_fall_03.wav               dur= 0.345s rms=-16.00 (tgt  -16.0) peak= -7.33 lim= 0.0dB tail=-240.0dB [0.02s]
sfx/grab_01.wav                    dur= 0.140s rms=-20.00 (tgt  -20.0) peak= -2.46 lim= 0.0dB tail=-147.2dB [0.01s]
sfx/grab_02.wav                    dur= 0.140s rms=-20.00 (tgt  -20.0) peak= -5.33 lim= 0.0dB tail=-136.6dB [0.01s]
sfx/nyx_pounce_leap_01.wav         dur= 0.425s rms=-20.00 (tgt  -20.0) peak= -5.79 lim= 0.0dB tail=-151.0dB [0.03s]
sfx/nyx_pounce_leap_02.wav         dur= 0.425s rms=-20.00 (tgt  -20.0) peak= -3.67 lim= 0.0dB tail=-141.5dB [0.03s]
sfx/nyx_pounce_land_01.wav         dur= 0.188s rms=-19.00 (tgt  -19.0) peak= -9.72 lim= 0.0dB tail=-232.7dB [0.02s]
sfx/nyx_pounce_land_02.wav         dur= 0.188s rms=-19.00 (tgt  -19.0) peak= -6.97 lim= 0.0dB tail=-229.8dB [0.02s]
sfx/nyx_crosscut_01.wav            dur= 0.267s rms=-19.00 (tgt  -19.0) peak= -5.66 lim= 0.0dB tail=-240.0dB [0.02s]
sfx/nyx_crosscut_02.wav            dur= 0.287s rms=-19.00 (tgt  -19.0) peak= -5.13 lim= 0.0dB tail=-240.0dB [0.02s]
sfx/nyx_slip_01.wav                dur= 0.202s rms=-20.00 (tgt  -20.0) peak= -3.99 lim= 0.0dB tail=-122.1dB [0.02s]
sfx/nyx_slip_02.wav                dur= 0.202s rms=-20.00 (tgt  -20.0) peak= -4.33 lim= 0.0dB tail=-113.3dB [0.02s]
sfx/bruno_rush_start_01.wav        dur= 0.377s rms=-19.00 (tgt  -19.0) peak= -4.46 lim= 0.0dB tail=-158.3dB [0.03s]
sfx/bruno_rush_start_02.wav        dur= 0.382s rms=-19.00 (tgt  -19.0) peak= -5.69 lim= 0.0dB tail=-151.4dB [0.03s]
sfx/bruno_rush_impact_01.wav       dur= 0.417s rms=-14.00 (tgt  -14.0) peak= -4.99 lim= 0.0dB tail=-109.3dB [0.02s]
sfx/bruno_rush_impact_02.wav       dur= 0.418s rms=-14.00 (tgt  -14.0) peak= -4.52 lim= 0.0dB tail=-108.7dB [0.02s]
sfx/bruno_bark_01.wav              dur= 0.290s rms=-16.00 (tgt  -16.0) peak= -3.69 lim= 0.0dB tail= -50.6dB [0.04s]
sfx/bruno_bark_02.wav              dur= 0.320s rms=-16.00 (tgt  -16.0) peak= -4.51 lim= 0.0dB tail= -53.3dB [0.04s]
sfx/bruno_bark_03.wav              dur= 0.260s rms=-16.00 (tgt  -16.0) peak= -3.18 lim= 0.0dB tail= -50.3dB [0.03s]
sfx/bruno_stand_firm_01.wav        dur= 0.570s rms=-20.00 (tgt  -20.0) peak= -8.35 lim= 0.0dB tail=-198.4dB [0.03s]
sfx/bruno_stand_firm_02.wav        dur= 0.561s rms=-20.00 (tgt  -20.0) peak= -8.62 lim= 0.0dB tail=-201.7dB [0.03s]
sfx/vex_feint_01.wav               dur= 0.422s rms=-20.00 (tgt  -20.0) peak= -5.29 lim= 0.0dB tail=-223.5dB [0.02s]
sfx/vex_feint_02.wav               dur= 0.382s rms=-20.00 (tgt  -20.0) peak= -6.30 lim= 0.0dB tail=-240.0dB [0.02s]
sfx/vex_sidewinder_01.wav          dur= 0.552s rms=-20.00 (tgt  -20.0) peak= -8.41 lim= 0.0dB tail=-117.0dB [0.03s]
sfx/vex_sidewinder_02.wav          dur= 0.553s rms=-20.00 (tgt  -20.0) peak= -7.86 lim= 0.0dB tail=-110.0dB [0.04s]
sfx/vex_tail_sweep_01.wav          dur= 0.570s rms=-20.00 (tgt  -20.0) peak= -4.71 lim= 0.0dB tail=-111.9dB [0.04s]
sfx/vex_tail_sweep_02.wav          dur= 0.574s rms=-20.00 (tgt  -20.0) peak= -4.77 lim= 0.0dB tail=-112.5dB [0.03s]
sfx/hops_bound_takeoff_01.wav      dur= 0.414s rms=-20.00 (tgt  -20.0) peak= -5.43 lim= 0.0dB tail=-121.2dB [0.02s]
sfx/hops_bound_takeoff_02.wav      dur= 0.412s rms=-20.00 (tgt  -20.0) peak= -4.79 lim= 0.0dB tail=-135.7dB [0.02s]
sfx/hops_bound_land_01.wav         dur= 0.245s rms=-22.00 (tgt  -22.0) peak=-11.24 lim= 0.0dB tail=-189.6dB [0.01s]
sfx/hops_bound_land_02.wav         dur= 0.242s rms=-22.00 (tgt  -22.0) peak=-10.22 lim= 0.0dB tail=-194.8dB [0.02s]
sfx/hops_double_kick_01.wav        dur= 0.328s rms=-19.00 (tgt  -19.0) peak= -4.61 lim= 0.0dB tail=-144.8dB [0.02s]
sfx/hops_double_kick_02.wav        dur= 0.309s rms=-19.00 (tgt  -19.0) peak= -5.59 lim= 0.0dB tail=-162.0dB [0.02s]
sfx/hops_dropkick_01.wav           dur= 0.540s rms=-19.00 (tgt  -19.0) peak= -3.75 lim= 0.0dB tail=-122.9dB [0.04s]
sfx/hops_dropkick_02.wav           dur= 0.536s rms=-19.00 (tgt  -19.0) peak= -4.39 lim= 0.0dB tail=-135.4dB [0.03s]
sfx/hops_dropkick_crash_01.wav     dur= 0.407s rms=-15.00 (tgt  -15.0) peak= -4.73 lim= 0.0dB tail=-240.0dB [0.02s]
sfx/hops_dropkick_crash_02.wav     dur= 0.405s rms=-15.00 (tgt  -15.0) peak= -4.61 lim= 0.0dB tail=-240.0dB [0.02s]
sfx/scrap_parry_stance_01.wav      dur= 0.154s rms=-20.00 (tgt  -20.0) peak= -1.92 lim= 0.0dB tail= -60.0dB [0.01s]
sfx/scrap_parry_stance_02.wav      dur= 0.154s rms=-20.00 (tgt  -20.0) peak= -3.52 lim= 0.0dB tail= -61.2dB [0.01s]
sfx/scrap_leg_sweep_01.wav         dur= 0.385s rms=-20.00 (tgt  -20.0) peak= -7.70 lim= 0.0dB tail=-118.7dB [0.02s]
sfx/scrap_leg_sweep_02.wav         dur= 0.383s rms=-20.00 (tgt  -20.0) peak= -7.68 lim= 0.0dB tail=-111.8dB [0.02s]
sfx/scrap_turnabout_01.wav         dur= 0.574s rms=-20.00 (tgt  -20.0) peak= -4.13 lim= 0.0dB tail=-129.2dB [0.03s]
sfx/scrap_turnabout_02.wav         dur= 0.573s rms=-20.00 (tgt  -20.0) peak= -3.49 lim= 0.0dB tail=-124.8dB [0.03s]
sfx/knockout_01.wav                dur= 1.753s rms=-16.00 (tgt  -16.0) peak= -4.53 lim= 0.0dB tail=-116.9dB [0.09s]
sfx/knockout_02.wav                dur= 1.569s rms=-16.00 (tgt  -16.0) peak= -5.05 lim= 0.0dB tail=-111.5dB [0.08s]
sfx/respawn_01.wav                 dur= 1.593s rms=-20.00 (tgt  -20.0) peak= -7.42 lim= 0.0dB tail= -85.5dB [0.09s]
sfx/spawn_protect_end_01.wav       dur= 0.143s rms=-23.00 (tgt  -23.0) peak=-11.54 lim= 0.0dB tail=-119.0dB [0.02s]
ui/zone_activate.wav               dur= 2.135s rms=-18.00 (tgt  -18.0) peak= -6.66 lim= 0.0dB tail=-240.0dB [0.14s]
ui/zone_reveal.wav                 dur= 1.502s rms=-20.00 (tgt  -20.0) peak= -8.63 lim= 0.0dB tail=-240.0dB [0.07s]
ui/zone_ally.wav                   dur= 1.592s rms=-19.00 (tgt  -19.0) peak= -7.09 lim= 0.0dB tail=-240.0dB [0.07s]
ui/zone_enemy.wav                  dur= 2.061s rms=-19.00 (tgt  -19.0) peak= -5.15 lim= 0.0dB tail=-240.0dB [0.11s]
ui/zone_contested.wav              dur= 1.038s rms=-19.00 (tgt  -19.0) peak=-11.79 lim= 0.0dB tail=-240.0dB [0.04s]
ui/score_warning_1.wav             dur= 0.934s rms=-19.00 (tgt  -19.0) peak= -6.39 lim= 0.0dB tail=-240.0dB [0.04s]
ui/score_warning_2.wav             dur= 1.067s rms=-18.50 (tgt  -18.5) peak= -5.43 lim= 0.0dB tail=-240.0dB [0.05s]
ui/score_warning_3.wav             dur= 1.163s rms=-18.00 (tgt  -18.0) peak= -5.93 lim= 0.0dB tail=-240.0dB [0.06s]
ui/countdown_tick.wav              dur= 0.212s rms=-20.00 (tgt  -20.0) peak= -9.78 lim= 0.0dB tail=-190.9dB [0.01s]
ui/countdown_go.wav                dur= 1.297s rms=-19.00 (tgt  -19.0) peak= -5.97 lim= 0.0dB tail=-240.0dB [0.06s]
ui/rotation_tick.wav               dur= 0.134s rms=-22.00 (tgt  -22.0) peak=-10.10 lim= 0.0dB tail= -48.1dB [0.00s]
ui/victory.wav                     dur= 3.730s rms=-20.00 (tgt  -20.0) peak= -6.41 lim= 0.0dB tail= -95.2dB [0.32s]
ui/defeat.wav                      dur= 3.769s rms=-20.00 (tgt  -20.0) peak= -7.66 lim= 0.0dB tail= -76.9dB [0.31s]
ui/sudden_death.wav                dur= 3.680s rms=-20.00 (tgt  -20.0) peak= -5.13 lim= 0.0dB tail=-106.5dB [0.24s]
ui/ui_hover.wav                    dur= 0.038s rms=-23.00 (tgt  -23.0) peak= -9.62 lim= 0.0dB tail= -43.3dB [0.01s]  (release fade)
ui/ui_select.wav                   dur= 0.143s rms=-20.00 (tgt  -20.0) peak=-10.83 lim= 0.0dB tail=-188.0dB [0.01s]
ui/ui_back.wav                     dur= 0.167s rms=-21.00 (tgt  -21.0) peak=-11.04 lim= 0.0dB tail=-157.5dB [0.01s]
ui/ui_error.wav                    dur= 0.219s rms=-20.00 (tgt  -20.0) peak=-13.30 lim= 0.0dB tail=-149.1dB [0.02s]
ui/ui_lockin.wav                   dur= 0.918s rms=-19.00 (tgt  -19.0) peak= -5.79 lim= 0.0dB tail=-240.0dB [0.06s]
ui/ui_ready.wav                    dur= 0.410s rms=-20.00 (tgt  -20.0) peak= -8.10 lim= 0.0dB tail=-231.0dB [0.02s]
ui/ui_match_found.wav              dur= 2.318s rms=-19.00 (tgt  -19.0) peak= -5.81 lim= 0.0dB tail=-240.0dB [0.09s]
ui/ui_notify.wav                   dur= 1.000s rms=-21.00 (tgt  -21.0) peak=-10.73 lim= 0.0dB tail=-151.9dB [0.03s]
ui/ui_chat.wav                     dur= 0.118s rms=-23.00 (tgt  -23.0) peak=-10.57 lim= 0.0dB tail=-143.5dB [0.00s]
ui/ui_ping.wav                     dur= 0.667s rms=-20.00 (tgt  -20.0) peak=-12.18 lim= 0.0dB tail=-208.8dB [0.01s]
amb/amb_harbor.ogg                 dur= 60.000s rms=-28.00 (tgt  -28.0) decoded_peak= -9.91 lim= 0.0dB seam_jump=0.0015 (p99.9 0.0380) size=0.93MB  [11.2s]
amb/amb_market.ogg                 dur= 60.000s rms=-28.00 (tgt  -28.0) decoded_peak= -4.07 lim= 0.0dB seam_jump=0.0057 (p99.9 0.0580) size=1.02MB  [23.0s]
amb/amb_yard.ogg                   dur= 60.000s rms=-28.00 (tgt  -28.0) decoded_peak= -8.28 lim= 0.0dB seam_jump=0.0028 (p99.9 0.0365) size=0.95MB  [9.3s]
music/music_menu.ogg               dur= 85.333s rms=-22.00 (tgt  -22.0) decoded_peak= -7.97 lim= 0.0dB seam_jump=0.0112 (p99.9 0.0530) size=1.50MB  [21.6s]
music/music_select.ogg             dur= 45.714s rms=-22.00 (tgt  -22.0) decoded_peak= -8.14 lim= 0.0dB seam_jump=0.0058 (p99.9 0.0427) size=0.85MB  [9.9s]
music/music_match.ogg              dur=106.667s rms=-22.00 (tgt  -22.0) decoded_peak= -7.86 lim= 0.0dB seam_jump=0.0618 (p99.9 0.0737) size=2.06MB  [31.9s]
music/music_results.ogg            dur= 22.857s rms=-22.00 (tgt  -22.0) decoded_peak= -6.70 lim= 0.0dB seam_jump=0.0090 (p99.9 0.0308) size=0.40MB  [4.3s]
manifest: game/assets/audio/audio_manifest.json (74 cues, 155 files)
build finished in 116.1s with 0 failure(s)
==> /home/user/Wildrush/.venv/bin/python /home/user/Wildrush/tools/audio/check_audio.py --out /home/user/Wildrush/evidence/audio/check_audio.txt --json /home/user/Wildrush/evidence/audio/check_audio.json
SUMMARY: 1358 PASS, 0 FAIL, 0 WARN  -> evidence/audio/check_audio.txt
==> /home/user/Wildrush/.venv/bin/python /home/user/Wildrush/tools/audio/render_spectrograms.py
wrote evidence/audio/spec_hit_light.png
wrote evidence/audio/spec_hit_heavy.png
wrote evidence/audio/spec_guard_block.png
wrote evidence/audio/spec_guard_break.png
wrote evidence/audio/spec_parry.png
wrote evidence/audio/spec_knockout.png
wrote evidence/audio/spec_zone_contested.png
wrote evidence/audio/spectrograms_essential.png
build_audio: OK
