Godot Engine v4.7.2.stable.official.ed1daf0bf - https://godotengine.org

[client] {"detail":"127.0.0.1:24651","ev":"status","ms":0,"status":"connecting"}
[client] {"detail":"","ev":"status","ms":119,"status":"connected"}
[client] {"ev":"welcome","ms":174,"observer":false,"pid":2}
[client] {"ev":"pick","f":"bruno","ms":1354}
[client] {"ev":"notice","ms":1416,"msg":{"code":"taken","for":"pick","t":"error"}}
[client] {"ev":"pick","f":"vex","ms":2154}
[client] {"ev":"lock","f":"vex","ms":3155}
[client] {"ev":"match_setup","fighters":10,"ms":4228,"you":0}
[client] {"counts":{"blocks_on_me":0,"conf_actions":0,"confirmed_hits":0,"dup_confirmed":0,"hits_on_me":0,"pred_actions":0,"predicted_confirmed":0,"predicted_hits":0,"reconnects":0},"ev":"stats","hp":220.0,"in_bytes":49877,"late":0,"local_entity":0,"match":{"countdown_until":300,"ctrl":-1,"final":false,"next":"","phase":2,"rot":3600,"scores":[0,0],"sd":false,"state":1,"tick":0,"zone":""},"max_err":0.245,"mean_err":0.2022,"ms":4918,"out_bytes":2085,"pending":7,"pos":[-5.94,-47.68],"reconciles":12,"server_tick":41,"snaps":13,"teleports":1}
[client] {"counts":{"blocks_on_me":0,"conf_actions":0,"confirmed_hits":0,"dup_confirmed":0,"hits_on_me":0,"pred_actions":0,"predicted_confirmed":0,"predicted_hits":0,"reconnects":0},"ev":"stats","hp":220.0,"in_bytes":88033,"late":0,"local_entity":0,"match":{"countdown_until":300,"ctrl":-1,"final":false,"next":"","phase":3,"rot":3560,"scores":[0,0],"sd":false,"state":1,"tick":40,"zone":"B"},"max_err":0.63,"mean_err":0.2286,"ms":9920,"out_bytes":16785,"pending":8,"pos":[-5.12,-43.0],"reconciles":111,"server_tick":341,"snaps":112,"teleports":1}
[client] {"counts":{"blocks_on_me":0,"conf_actions":0,"confirmed_hits":0,"dup_confirmed":0,"hits_on_me":0,"pred_actions":0,"predicted_confirmed":0,"predicted_hits":0,"reconnects":0},"ev":"stats","hp":220.0,"in_bytes":136719,"late":0,"local_entity":0,"match":{"countdown_until":300,"ctrl":1,"final":false,"next":"","phase":3,"rot":3257,"scores":[0,0],"sd":false,"state":2,"tick":343,"zone":"B"},"max_err":0.63,"mean_err":0.1278,"ms":14923,"out_bytes":31485,"pending":8,"pos":[-0.65,-9.07],"reconciles":208,"server_tick":641,"snaps":210,"teleports":1}
[client] {"a":3,"dup":false,"ev":"game","ms":16076,"predicted":false,"t":6,"tick":705,"type":"hit"}
[client] {"a":4,"dup":false,"ev":"game","ms":16490,"predicted":false,"t":5,"tick":731,"type":"hit"}
[client] {"a":3,"dup":false,"ev":"game","ms":17007,"predicted":false,"t":6,"tick":761,"type":"hit"}
[client] {"a":3,"dup":false,"ev":"game","ms":17242,"predicted":false,"t":6,"tick":775,"type":"hit"}
[client] {"a":4,"dup":false,"ev":"game","ms":17395,"predicted":false,"t":8,"tick":784,"type":"hit"}
[client] {"a":4,"dup":false,"ev":"game","ms":17408,"predicted":false,"t":5,"tick":785,"type":"hit"}
[client] {"a":7,"dup":false,"ev":"game","ms":17539,"predicted":false,"t":4,"tick":793,"type":"hit"}
[client] {"a":3,"dup":false,"ev":"game","ms":17842,"predicted":false,"t":5,"tick":811,"type":"hit"}
[client] {"a":3,"dup":false,"ev":"game","ms":17856,"predicted":false,"t":7,"tick":812,"type":"hit"}
[client] {"a":3,"dup":false,"ev":"game","ms":18291,"predicted":false,"t":5,"tick":838,"type":"hit"}
[client] {"a":3,"dup":false,"ev":"game","ms":18312,"predicted":false,"t":7,"tick":839,"type":"block"}
[client] {"a":4,"dup":false,"ev":"game","ms":18546,"predicted":false,"t":7,"tick":853,"type":"block"}
[client] {"a":6,"dup":false,"ev":"game","ms":18629,"predicted":false,"t":3,"tick":858,"type":"hit"}
[client] {"a":4,"dup":false,"ev":"game","ms":18747,"predicted":false,"t":7,"tick":865,"type":"block"}
[client] {"a":4,"dup":false,"ev":"game","ms":18774,"predicted":false,"t":8,"tick":867,"type":"hit"}
[client] {"a":9,"dup":false,"ev":"game","ms":18926,"predicted":false,"t":0,"tick":876,"type":"block"}
[client] {"a":5,"dup":false,"ev":"game","ms":19043,"predicted":false,"t":4,"tick":883,"type":"hit"}
[client] {"a":2,"dup":false,"ev":"game","ms":19147,"predicted":false,"t":5,"tick":889,"type":"hit"}
[client] {"a":2,"dup":false,"ev":"game","ms":19147,"predicted":false,"t":7,"tick":889,"type":"hit"}
[client] {"a":9,"dup":false,"ev":"game","ms":19147,"predicted":false,"t":0,"tick":889,"type":"hit"}
[client] {"a":2,"dup":false,"ev":"game","ms":19208,"predicted":false,"t":6,"tick":893,"type":"hit"}
[client] {"a":9,"dup":false,"ev":"game","ms":19795,"predicted":false,"t":0,"tick":928,"type":"hit"}
[client] {"a":5,"dup":false,"ev":"game","ms":19891,"predicted":false,"t":4,"tick":934,"type":"hit"}
[client] {"counts":{"blocks_on_me":1,"conf_actions":5,"confirmed_hits":19,"dup_confirmed":0,"hits_on_me":2,"pred_actions":5,"predicted_confirmed":0,"predicted_hits":3,"reconnects":0},"ev":"stats","hp":182.0,"in_bytes":207121,"late":0,"local_entity":0,"match":{"countdown_until":300,"ctrl":-1,"final":false,"next":"","phase":3,"rot":2957,"scores":[0,0],"sd":false,"state":3,"tick":643,"zone":"B"},"max_err":0.925,"mean_err":0.0938,"ms":19925,"out_bytes":46185,"pending":8,"pos":[-0.65,-2.83],"reconciles":308,"server_tick":941,"snaps":310,"teleports":1}
[client] {"a":2,"dup":false,"ev":"game","ms":19947,"predicted":false,"t":8,"tick":938,"type":"hit"}
[client] {"a":2,"dup":false,"ev":"game","ms":19960,"predicted":false,"t":5,"tick":939,"type":"hit"}
[client] {"a":0,"dup":true,"ev":"game","ms":20078,"predicted":false,"t":9,"tick":950,"type":"hit"}
[client] {"a":0,"dup":false,"ev":"game","ms":20423,"predicted":false,"t":9,"tick":971,"type":"block"}
[client] {"a":3,"dup":false,"ev":"game","ms":20651,"predicted":false,"t":5,"tick":980,"type":"hit"}
[client] {"a":0,"dup":false,"ev":"game","ms":20837,"predicted":false,"t":9,"tick":996,"type":"block"}
[client] {"a":6,"dup":false,"ev":"game","ms":21120,"predicted":false,"t":4,"tick":1008,"type":"hit"}
[client] {"a":2,"dup":false,"ev":"game","ms":21168,"predicted":false,"t":7,"tick":1011,"type":"hit"}
[client] {"a":3,"dup":false,"ev":"game","ms":21189,"predicted":false,"t":8,"tick":1012,"type":"hit"}
[client] {"a":0,"dup":true,"ev":"game","ms":21906,"predicted":false,"t":6,"tick":1060,"type":"hit"}
[client] {"a":3,"dup":false,"ev":"game","ms":22155,"predicted":false,"t":8,"tick":1070,"type":"hit"}
[client] {"a":2,"dup":false,"ev":"game","ms":22320,"predicted":false,"t":5,"tick":1080,"type":"hit"}
[client] {"a":0,"dup":true,"ev":"game","ms":22590,"predicted":false,"t":6,"tick":1101,"type":"hit"}
[client] {"a":2,"dup":false,"ev":"game","ms":22824,"predicted":false,"t":5,"tick":1110,"type":"hit"}
[client] {"a":8,"dup":false,"ev":"game","ms":22838,"predicted":false,"t":2,"tick":1111,"type":"hit"}
[client] {"a":3,"dup":false,"ev":"game","ms":22955,"predicted":false,"t":6,"tick":1118,"type":"hit"}
[client] {"a":7,"dup":false,"ev":"game","ms":23073,"predicted":false,"t":2,"tick":1126,"type":"hit"}
[client] {"a":0,"dup":true,"ev":"game","ms":23073,"predicted":false,"t":6,"tick":1131,"type":"hit"}
[client] {"a":3,"dup":false,"ev":"game","ms":23515,"predicted":false,"t":6,"tick":1152,"type":"hit"}
[client] {"a":7,"dup":false,"ev":"game","ms":23584,"predicted":false,"t":2,"tick":1156,"type":"hit"}
[client] {"a":0,"dup":true,"ev":"game","ms":23598,"predicted":false,"t":6,"tick":1162,"type":"hit"}
[client] {"a":3,"dup":false,"ev":"game","ms":23984,"predicted":false,"t":6,"tick":1180,"type":"hit"}
[client] {"a":3,"dup":false,"ev":"game","ms":24246,"predicted":false,"t":6,"tick":1196,"type":"hit"}
[client] {"a":6,"dup":false,"ev":"game","ms":24246,"predicted":false,"t":-1,"tick":1196,"type":"ko"}
[client] {"a":5,"dup":false,"ev":"game","ms":24336,"predicted":false,"t":2,"tick":1201,"type":"hit"}
[client] {"a":5,"dup":false,"ev":"game","ms":24647,"predicted":false,"t":2,"tick":1220,"type":"hit"}
[client] {"counts":{"blocks_on_me":1,"conf_actions":13,"confirmed_hits":42,"dup_confirmed":0,"hits_on_me":2,"pred_actions":14,"predicted_confirmed":5,"predicted_hits":18,"reconnects":0},"ev":"stats","hp":182.0,"in_bytes":279772,"late":0,"local_entity":0,"match":{"countdown_until":300,"ctrl":-1,"final":false,"next":"","phase":3,"rot":2660,"scores":[0,0],"sd":false,"state":3,"tick":940,"zone":"B"},"max_err":0.925,"mean_err":0.0739,"ms":24915,"out_bytes":60885,"pending":8,"pos":[-1.89,-2.38],"reconciles":408,"server_tick":1241,"snaps":409,"teleports":1}
[client] {"a":9,"dup":false,"ev":"game","ms":24985,"predicted":false,"t":1,"tick":1240,"type":"block"}
[client] {"a":9,"dup":false,"ev":"game","ms":25019,"predicted":false,"t":0,"tick":1242,"type":"hit"}
[client] {"a":4,"dup":false,"ev":"game","ms":25585,"predicted":false,"t":9,"tick":1276,"type":"hit"}
[client] {"a":8,"dup":false,"ev":"game","ms":25737,"predicted":false,"t":0,"tick":1285,"type":"hit"}
[client] {"a":5,"dup":false,"ev":"game","ms":25902,"predicted":false,"t":2,"tick":1295,"type":"hit"}
[client] {"a":4,"dup":false,"ev":"game","ms":26068,"predicted":false,"t":9,"tick":1305,"type":"block"}
[client] {"a":5,"dup":false,"ev":"game","ms":26220,"predicted":false,"t":2,"tick":1314,"type":"hit"}
[client] {"a":0,"dup":true,"ev":"game","ms":26254,"predicted":false,"t":8,"tick":1321,"type":"hit"}
[client] {"a":4,"dup":false,"ev":"game","ms":26302,"predicted":false,"t":9,"tick":1319,"type":"block"}
[client] {"a":5,"dup":false,"ev":"game","ms":26820,"predicted":false,"t":3,"tick":1350,"type":"hit"}
[client] {"a":2,"dup":false,"ev":"game","ms":26869,"predicted":false,"t":5,"tick":1353,"type":"hit"}
[client] {"a":5,"dup":false,"ev":"game","ms":26869,"predicted":false,"t":-1,"tick":1353,"type":"ko"}
[client] {"a":4,"dup":false,"ev":"game","ms":27186,"predicted":false,"t":9,"tick":1372,"type":"hit"}
[client] {"a":7,"dup":false,"ev":"game","ms":27565,"predicted":false,"t":2,"tick":1395,"type":"hit"}
[client] {"a":7,"dup":false,"ev":"game","ms":27655,"predicted":false,"t":0,"tick":1400,"type":"hit"}
[client] {"a":3,"dup":false,"ev":"game","ms":27765,"predicted":false,"t":8,"tick":1407,"type":"hit"}
[client] {"a":4,"dup":false,"ev":"game","ms":27938,"predicted":false,"t":9,"tick":1417,"type":"hit"}
[client] {"a":2,"dup":false,"ev":"game","ms":28200,"predicted":false,"t":8,"tick":1433,"type":"hit"}
[client] {"a":4,"dup":false,"ev":"game","ms":28683,"predicted":false,"t":9,"tick":1462,"type":"hit"}
[client] {"a":8,"dup":false,"ev":"game","ms":28939,"predicted":false,"t":1,"tick":1477,"type":"hit"}
[client] {"a":7,"dup":false,"ev":"game","ms":29200,"predicted":false,"t":3,"tick":1493,"type":"hit"}
[client] {"a":7,"dup":false,"ev":"game","ms":29221,"predicted":false,"t":0,"tick":1494,"type":"hit"}
[client] {"a":2,"dup":false,"ev":"game","ms":29435,"predicted":false,"t":8,"tick":1507,"type":"hit"}
[client] {"a":9,"dup":false,"ev":"game","ms":29456,"predicted":false,"t":4,"tick":1508,"type":"hit"}
[client] {"a":8,"dup":false,"ev":"game","ms":29821,"predicted":false,"t":2,"tick":1530,"type":"hit"}
[client] {"counts":{"blocks_on_me":1,"conf_actions":20,"confirmed_hits":63,"dup_confirmed":0,"hits_on_me":6,"pred_actions":21,"predicted_confirmed":6,"predicted_hits":20,"reconnects":0},"ev":"stats","hp":50.0,"in_bytes":346397,"late":0,"local_entity":0,"match":{"countdown_until":300,"ctrl":-1,"final":false,"next":"","phase":3,"rot":2360,"scores":[0,0],"sd":false,"state":3,"tick":1240,"zone":"B"},"max_err":1.54,"mean_err":0.0728,"ms":29917,"out_bytes":75585,"pending":8,"pos":[-1.4,-3.87],"reconciles":507,"server_tick":1541,"snaps":508,"teleports":1}
[client] {"a":9,"dup":false,"ev":"game","ms":29939,"predicted":false,"t":4,"tick":1537,"type":"block"}
[client] {"a":3,"dup":false,"ev":"game","ms":30023,"predicted":false,"t":8,"tick":1542,"type":"hit"}
[client] {"a":0,"dup":true,"ev":"game","ms":30070,"predicted":false,"t":8,"tick":1550,"type":"hit"}
[client] {"a":2,"dup":false,"ev":"game","ms":30166,"predicted":false,"t":8,"tick":1551,"type":"hit"}
[client] {"a":8,"dup":false,"ev":"game","ms":30167,"predicted":false,"t":-1,"tick":1551,"type":"ko"}
[client] {"a":9,"dup":false,"ev":"game","ms":30718,"predicted":false,"t":1,"tick":1584,"type":"block"}
[client] {"a":7,"dup":false,"ev":"game","ms":30967,"predicted":false,"t":4,"tick":1599,"type":"hit"}
[client] {"a":7,"dup":false,"ev":"game","ms":31022,"predicted":false,"t":2,"tick":1602,"type":"hit"}
[client] {"a":3,"dup":false,"ev":"game","ms":31553,"predicted":false,"t":7,"tick":1634,"type":"hit"}
[client] {"a":9,"dup":false,"ev":"game","ms":31705,"predicted":false,"t":1,"tick":1643,"type":"block"}
[client] {"a":3,"dup":false,"ev":"game","ms":32037,"predicted":false,"t":7,"tick":1663,"type":"hit"}
[client] {"a":9,"dup":false,"ev":"game","ms":32920,"predicted":false,"t":0,"tick":1716,"type":"hit"}
[client] {"a":0,"dup":false,"ev":"game","ms":33437,"predicted":false,"t":7,"tick":1752,"type":"block"}
[client] {"a":0,"dup":false,"ev":"game","ms":33754,"predicted":false,"t":7,"tick":1771,"type":"block"}
[client] {"a":4,"dup":false,"ev":"game","ms":33906,"predicted":false,"t":9,"tick":1775,"type":"hit"}
[client] {"a":0,"dup":false,"ev":"game","ms":34141,"predicted":false,"t":7,"tick":1795,"type":"block"}
[client] {"a":6,"dup":false,"ev":"game","ms":34258,"predicted":false,"t":-1,"tick":1796,"type":"respawn"}
[client] {"counts":{"blocks_on_me":1,"conf_actions":28,"confirmed_hits":72,"dup_confirmed":0,"hits_on_me":7,"pred_actions":30,"predicted_confirmed":7,"predicted_hits":28,"reconnects":0},"ev":"stats","hp":12.0,"in_bytes":404077,"late":0,"local_entity":0,"match":{"countdown_until":300,"ctrl":-1,"final":false,"next":"","phase":3,"rot":2060,"scores":[0,0],"sd":false,"state":3,"tick":1540,"zone":"B"},"max_err":1.563,"mean_err":0.0676,"ms":34920,"out_bytes":90285,"pending":8,"pos":[-1.29,-2.83],"reconciles":603,"server_tick":1841,"snaps":604,"teleports":1}
[client] {"a":7,"dup":false,"ev":"game","ms":36156,"predicted":false,"t":3,"tick":1910,"type":"block"}
[client] {"a":5,"dup":false,"ev":"game","ms":36873,"predicted":false,"t":-1,"tick":1953,"type":"respawn"}
[client] {"a":4,"dup":false,"ev":"game","ms":37039,"predicted":false,"t":7,"tick":1963,"type":"hit"}
[client] {"a":4,"dup":false,"ev":"game","ms":37508,"predicted":false,"t":7,"tick":1991,"type":"block"}
[client] {"a":0,"dup":false,"ev":"game","ms":37522,"predicted":false,"t":7,"tick":1997,"type":"block"}
[client] {"a":0,"dup":true,"ev":"game","ms":37825,"predicted":false,"t":7,"tick":2016,"type":"hit"}
[client] {"a":0,"dup":true,"ev":"game","ms":38157,"predicted":false,"t":7,"tick":2035,"type":"hit"}
[client] {"a":4,"dup":false,"ev":"game","ms":38260,"predicted":false,"t":7,"tick":2036,"type":"hit"}
[client] {"counts":{"blocks_on_me":1,"conf_actions":31,"confirmed_hits":76,"dup_confirmed":0,"hits_on_me":7,"pred_actions":33,"predicted_confirmed":9,"predicted_hits":34,"reconnects":0},"ev":"stats","hp":12.0,"in_bytes":461224,"late":0,"local_entity":0,"match":{"countdown_until":300,"ctrl":-1,"final":false,"next":"","phase":3,"rot":1760,"scores":[0,0],"sd":false,"state":3,"tick":1840,"zone":"B"},"max_err":1.563,"mean_err":0.0625,"ms":39922,"out_bytes":104985,"pending":8,"pos":[0.1,-2.78],"reconciles":700,"server_tick":2141,"snaps":701,"teleports":1}
[client] {"a":8,"dup":false,"ev":"game","ms":40178,"predicted":false,"t":-1,"tick":2151,"type":"respawn"}
[client] {"a":3,"dup":false,"ev":"game","ms":42673,"predicted":false,"t":5,"tick":2301,"type":"hit"}
[client] {"a":3,"dup":false,"ev":"game","ms":42923,"predicted":false,"t":5,"tick":2316,"type":"hit"}
[client] {"counts":{"blocks_on_me":1,"conf_actions":31,"confirmed_hits":78,"dup_confirmed":0,"hits_on_me":7,"pred_actions":33,"predicted_confirmed":9,"predicted_hits":34,"reconnects":0},"ev":"stats","hp":27.9,"in_bytes":520224,"late":0,"local_entity":0,"match":{"countdown_until":300,"ctrl":-1,"final":false,"next":"","phase":3,"rot":1460,"scores":[4,0],"sd":false,"state":3,"tick":2140,"zone":"B"},"max_err":1.563,"mean_err":0.0551,"ms":44925,"out_bytes":119685,"pending":8,"pos":[0.24,-2.78],"reconciles":797,"server_tick":2441,"snaps":798,"teleports":1}
[client] {"a":8,"dup":false,"ev":"game","ms":44974,"predicted":false,"t":3,"tick":2439,"type":"hit"}
[client] {"a":3,"dup":false,"ev":"game","ms":45396,"predicted":false,"t":8,"tick":2465,"type":"hit"}
[client] {"a":3,"dup":false,"ev":"game","ms":45906,"predicted":false,"t":8,"tick":2496,"type":"hit"}
[client] {"a":9,"dup":false,"ev":"game","ms":46073,"predicted":false,"t":3,"tick":2506,"type":"hit"}
[client] {"a":5,"dup":false,"ev":"game","ms":46272,"predicted":false,"t":4,"tick":2518,"type":"hit"}
[client] {"a":5,"dup":false,"ev":"game","ms":46306,"predicted":false,"t":1,"tick":2520,"type":"block"}
[client] {"a":9,"dup":false,"ev":"game","ms":46555,"predicted":false,"t":3,"tick":2534,"type":"hit"}
[client] {"a":5,"dup":false,"ev":"game","ms":46706,"predicted":false,"t":4,"tick":2543,"type":"hit"}
[client] {"a":4,"dup":false,"ev":"game","ms":47086,"predicted":false,"t":5,"tick":2566,"type":"hit"}
[client] {"a":3,"dup":false,"ev":"game","ms":47120,"predicted":false,"t":8,"tick":2568,"type":"block"}
[client] {"a":9,"dup":false,"ev":"game","ms":47286,"predicted":false,"t":3,"tick":2579,"type":"hit"}
[client] {"a":4,"dup":false,"ev":"game","ms":47307,"predicted":false,"t":5,"tick":2580,"type":"hit"}
[client] {"a":7,"dup":false,"ev":"game","ms":47390,"predicted":false,"t":3,"tick":2584,"type":"hit"}
[client] {"a":0,"dup":true,"ev":"game","ms":47390,"predicted":false,"t":5,"tick":2590,"type":"hit"}
[client] {"a":6,"dup":false,"ev":"game","ms":47473,"predicted":false,"t":3,"tick":2589,"type":"hit"}
[client] {"a":5,"dup":false,"ev":"game","ms":48155,"predicted":false,"t":2,"tick":2630,"type":"hit"}
[client] {"a":5,"dup":false,"ev":"game","ms":48155,"predicted":false,"t":4,"tick":2630,"type":"hit"}
[client] {"a":5,"dup":false,"ev":"game","ms":48756,"predicted":false,"t":4,"tick":2666,"type":"hit"}
[client] {"a":5,"dup":false,"ev":"game","ms":48804,"predicted":false,"t":1,"tick":2669,"type":"block"}
[client] {"a":0,"dup":true,"ev":"game","ms":49874,"predicted":false,"t":5,"tick":2738,"type":"hit"}
[client] {"counts":{"blocks_on_me":1,"conf_actions":38,"confirmed_hits":95,"dup_confirmed":0,"hits_on_me":7,"pred_actions":41,"predicted_confirmed":11,"predicted_hits":37,"reconnects":0},"ev":"stats","hp":53.9999999999998,"in_bytes":589316,"late":0,"local_entity":0,"match":{"countdown_until":300,"ctrl":-1,"final":false,"next":"","phase":3,"rot":1160,"scores":[4,0],"sd":false,"state":3,"tick":2440,"zone":"B"},"max_err":1.563,"mean_err":0.0499,"ms":49921,"out_bytes":134385,"pending":9,"pos":[-0.28,-2.75],"reconciles":897,"server_tick":2741,"snaps":898,"teleports":1}
[client] {"a":5,"dup":false,"ev":"game","ms":50391,"predicted":false,"t":1,"tick":2764,"type":"block"}
[client] {"a":5,"dup":false,"ev":"game","ms":50440,"predicted":false,"t":0,"tick":2767,"type":"hit"}
[client] {"a":5,"dup":false,"ev":"game","ms":50743,"predicted":false,"t":1,"tick":2785,"type":"block"}
[client] {"a":2,"dup":false,"ev":"game","ms":50943,"predicted":false,"t":5,"tick":2797,"type":"hit"}
[client] {"a":6,"dup":false,"ev":"game","ms":51144,"predicted":false,"t":2,"tick":2809,"type":"hit"}
[client] {"a":5,"dup":false,"ev":"game","ms":51371,"predicted":false,"t":1,"tick":2823,"type":"block"}
[client] {"a":6,"dup":false,"ev":"game","ms":51477,"predicted":false,"t":2,"tick":2829,"type":"hit"}
[client] {"a":2,"dup":false,"ev":"game","ms":52275,"predicted":false,"t":5,"tick":2877,"type":"hit"}
[client] {"a":6,"dup":false,"ev":"game","ms":52572,"predicted":false,"t":2,"tick":2895,"type":"hit"}
[client] {"a":0,"dup":true,"ev":"game","ms":52640,"predicted":false,"t":6,"tick":2904,"type":"hit"}
[client] {"a":0,"dup":true,"ev":"game","ms":52662,"predicted":false,"t":8,"tick":2905,"type":"hit"}
[client] {"a":0,"dup":true,"ev":"game","ms":52663,"predicted":false,"t":9,"tick":2905,"type":"hit"}
[client] {"a":2,"dup":false,"ev":"game","ms":53206,"predicted":false,"t":5,"tick":2933,"type":"hit"}
[client] {"a":0,"dup":false,"ev":"game","ms":53710,"predicted":false,"t":-1,"tick":2969,"type":"ko"}
[client] {"a":8,"dup":false,"ev":"game","ms":53806,"predicted":false,"t":0,"tick":2969,"type":"hit"}
[client] {"a":8,"dup":false,"ev":"game","ms":53841,"predicted":false,"t":2,"tick":2971,"type":"block"}
[client] {"a":9,"dup":false,"ev":"game","ms":53958,"predicted":false,"t":1,"tick":2978,"type":"block"}
[client] {"a":5,"dup":false,"ev":"game","ms":54090,"predicted":false,"t":1,"tick":2986,"type":"hit"}
[client] {"a":8,"dup":false,"ev":"game","ms":54662,"predicted":false,"t":2,"tick":3020,"type":"hit"}
[client] {"a":5,"dup":false,"ev":"game","ms":54876,"predicted":false,"t":2,"tick":3033,"type":"hit"}
[client] {"counts":{"blocks_on_me":1,"conf_actions":43,"confirmed_hits":109,"dup_confirmed":0,"hits_on_me":9,"pred_actions":46,"predicted_confirmed":14,"predicted_hits":43,"reconnects":0},"ev":"stats","hp":0.0,"in_bytes":659991,"late":0,"local_entity":0,"match":{"countdown_until":300,"ctrl":-1,"final":false,"next":"A","phase":3,"rot":860,"scores":[4,0],"sd":false,"state":3,"tick":2740,"zone":"B"},"max_err":1.563,"mean_err":0.0464,"ms":54924,"out_bytes":149085,"pending":9,"pos":[-2.12,-3.51],"reconciles":996,"server_tick":3041,"snaps":997,"teleports":1}
[client] {"a":5,"dup":false,"ev":"game","ms":55945,"predicted":false,"t":1,"tick":3098,"type":"guard_break"}
[client] {"a":7,"dup":false,"ev":"game","ms":56028,"predicted":false,"t":1,"tick":3103,"type":"hit"}
[client] {"a":3,"dup":false,"ev":"game","ms":56256,"predicted":false,"t":8,"tick":3117,"type":"hit"}
[client] {"a":7,"dup":false,"ev":"game","ms":57270,"predicted":false,"t":1,"tick":3177,"type":"guard_break"}
[client] {"a":3,"dup":false,"ev":"game","ms":57470,"predicted":false,"t":8,"tick":3189,"type":"hit"}
[client] {"a":3,"dup":false,"ev":"game","ms":57967,"predicted":false,"t":8,"tick":3219,"type":"block"}
[client] {"a":7,"dup":false,"ev":"game","ms":58036,"predicted":false,"t":1,"tick":3223,"type":"hit"}
[client] {"a":7,"dup":false,"ev":"game","ms":58540,"predicted":false,"t":1,"tick":3253,"type":"guard_break"}
[client] {"a":7,"dup":false,"ev":"game","ms":59057,"predicted":false,"t":1,"tick":3284,"type":"hit"}
[client] {"a":7,"dup":false,"ev":"game","ms":59724,"predicted":false,"t":1,"tick":3324,"type":"guard_break"}
[client] {"a":3,"dup":false,"ev":"game","ms":59775,"predicted":false,"t":8,"tick":3327,"type":"hit"}
[client] {"counts":{"blocks_on_me":1,"conf_actions":43,"confirmed_hits":115,"dup_confirmed":0,"hits_on_me":9,"pred_actions":46,"predicted_confirmed":14,"predicted_hits":43,"reconnects":0},"ev":"stats","hp":0.0,"in_bytes":723427,"late":0,"local_entity":0,"match":{"countdown_until":300,"ctrl":-1,"final":false,"next":"A","phase":3,"rot":560,"scores":[4,0],"sd":false,"state":3,"tick":3040,"zone":"B"},"max_err":1.563,"mean_err":0.0421,"ms":59919,"out_bytes":163785,"pending":9,"pos":[-2.12,-3.51],"reconciles":1096,"server_tick":3341,"snaps":1097,"teleports":1}
[client] {"a":6,"dup":false,"ev":"game","ms":60003,"predicted":false,"t":3,"tick":3341,"type":"hit"}
[client] {"a":9,"dup":false,"ev":"game","ms":60175,"predicted":false,"t":1,"tick":3351,"type":"hit"}
[client] {"a":6,"dup":false,"ev":"game","ms":60258,"predicted":false,"t":3,"tick":3356,"type":"hit"}
[client] {"a":4,"dup":false,"ev":"game","ms":60437,"predicted":false,"t":8,"tick":3368,"type":"hit"}
[client] {"a":7,"dup":false,"ev":"game","ms":61072,"predicted":false,"t":1,"tick":3405,"type":"guard_break"}
[client] {"a":4,"dup":false,"ev":"game","ms":61258,"predicted":false,"t":8,"tick":3416,"type":"hit"}
[client] {"a":9,"dup":false,"ev":"game","ms":61424,"predicted":false,"t":1,"tick":3426,"type":"hit"}
[client] {"a":7,"dup":false,"ev":"game","ms":62342,"predicted":false,"t":1,"tick":3481,"type":"guard_break"}
[client] {"a":4,"dup":false,"ev":"game","ms":62425,"predicted":false,"t":8,"tick":3486,"type":"hit"}
[client] {"a":9,"dup":false,"ev":"game","ms":62687,"predicted":false,"t":1,"tick":3502,"type":"hit"}
[client] {"a":0,"dup":false,"ev":"game","ms":63708,"predicted":false,"t":-1,"tick":3569,"type":"respawn"}
[client] {"a":9,"dup":false,"ev":"game","ms":63984,"predicted":false,"t":1,"tick":3581,"type":"guard_break"}
[client] {"a":5,"dup":false,"ev":"game","ms":64267,"predicted":false,"t":4,"tick":3598,"type":"hit"}
[client] {"a":5,"dup":false,"ev":"game","ms":64619,"predicted":false,"t":4,"tick":3618,"type":"block"}
[client] {"a":9,"dup":false,"ev":"game","ms":64737,"predicted":false,"t":1,"tick":3625,"type":"hit"}
[client] {"counts":{"blocks_on_me":1,"conf_actions":44,"confirmed_hits":125,"dup_confirmed":0,"hits_on_me":9,"pred_actions":46,"predicted_confirmed":14,"predicted_hits":43,"reconnects":0},"ev":"stats","hp":220.0,"in_bytes":786781,"late":0,"local_entity":0,"match":{"countdown_until":300,"ctrl":-1,"final":false,"next":"A","phase":3,"rot":260,"scores":[4,0],"sd":false,"state":3,"tick":3340,"zone":"B"},"max_err":1.563,"mean_err":0.0387,"ms":64915,"out_bytes":178485,"pending":9,"pos":[5.37,-42.92],"reconciles":1194,"server_tick":3641,"snaps":1196,"teleports":2}
[client] {"a":9,"dup":false,"ev":"game","ms":64971,"predicted":false,"t":1,"tick":3639,"type":"hit"}
[client] {"a":9,"dup":false,"ev":"game","ms":65626,"predicted":false,"t":1,"tick":3679,"type":"guard_break"}
[client] {"a":9,"dup":false,"ev":"game","ms":66122,"predicted":false,"t":1,"tick":3709,"type":"hit"}
[client] {"a":1,"dup":false,"ev":"game","ms":66122,"predicted":false,"t":-1,"tick":3709,"type":"ko"}
[client] {"a":4,"dup":false,"ev":"game","ms":66874,"predicted":false,"t":5,"tick":3753,"type":"hit"}
[client] {"a":5,"dup":false,"ev":"game","ms":67275,"predicted":false,"t":4,"tick":3778,"type":"hit"}
[client] {"a":6,"dup":false,"ev":"game","ms":67323,"predicted":false,"t":4,"tick":3781,"type":"hit"}
[client] {"a":-1,"dup":false,"ev":"game","ms":69305,"predicted":false,"t":-1,"tick":3899,"type":"zone_rotated"}
[client] {"counts":{"blocks_on_me":1,"conf_actions":44,"confirmed_hits":130,"dup_confirmed":0,"hits_on_me":9,"pred_actions":46,"predicted_confirmed":14,"predicted_hits":43,"reconnects":0},"ev":"stats","hp":220.0,"in_bytes":845211,"late":0,"local_entity":0,"match":{"countdown_until":300,"ctrl":-1,"final":false,"next":"","phase":3,"rot":3560,"scores":[4,0],"sd":false,"state":1,"tick":3640,"zone":"A"},"max_err":1.563,"mean_err":0.0357,"ms":69919,"out_bytes":193185,"pending":9,"pos":[0.43,-9.57],"reconciles":1292,"server_tick":3941,"snaps":1294,"teleports":2}
[client] {"counts":{"blocks_on_me":1,"conf_actions":45,"confirmed_hits":130,"dup_confirmed":0,"hits_on_me":9,"pred_actions":47,"predicted_confirmed":14,"predicted_hits":45,"reconnects":0},"ev":"stats","hp":220.0,"in_bytes":906481,"late":0,"local_entity":0,"match":{"countdown_until":300,"ctrl":-1,"final":false,"next":"","phase":3,"rot":3257,"scores":[6,0],"sd":false,"state":3,"tick":3943,"zone":"A"},"max_err":1.563,"mean_err":0.0335,"ms":74930,"out_bytes":207885,"pending":11,"pos":[-29.28,-7.11],"reconciles":1392,"server_tick":4241,"snaps":1395,"teleports":2}
[client] {"a":3,"dup":false,"ev":"game","ms":76128,"predicted":false,"t":5,"tick":4308,"type":"hit"}
[client] {"a":1,"dup":false,"ev":"game","ms":76138,"predicted":false,"t":-1,"tick":4309,"type":"respawn"}
[client] {"a":5,"dup":false,"ev":"game","ms":77270,"predicted":false,"t":2,"tick":4377,"type":"hit"}
[client] {"a":5,"dup":false,"ev":"game","ms":77553,"predicted":false,"t":2,"tick":4394,"type":"parry"}
[client] {"a":6,"dup":false,"ev":"game","ms":78043,"predicted":false,"t":3,"tick":4423,"type":"hit"}
[client] {"a":9,"dup":false,"ev":"game","ms":78043,"predicted":false,"t":3,"tick":4423,"type":"hit"}
[client] {"a":5,"dup":false,"ev":"game","ms":78208,"predicted":false,"t":2,"tick":4433,"type":"hit"}
[client] {"a":9,"dup":false,"ev":"game","ms":78540,"predicted":false,"t":3,"tick":4453,"type":"block"}
[client] {"a":9,"dup":false,"ev":"game","ms":78753,"predicted":false,"t":3,"tick":4466,"type":"block"}
[client] {"a":9,"dup":false,"ev":"game","ms":79644,"predicted":false,"t":3,"tick":4519,"type":"hit"}
[client] {"counts":{"blocks_on_me":1,"conf_actions":51,"confirmed_hits":136,"dup_confirmed":0,"hits_on_me":9,"pred_actions":54,"predicted_confirmed":14,"predicted_hits":46,"reconnects":0},"ev":"stats","hp":220.0,"in_bytes":971577,"late":0,"local_entity":0,"match":{"countdown_until":300,"ctrl":-1,"final":false,"next":"","phase":3,"rot":2960,"scores":[6,0],"sd":false,"state":3,"tick":4240,"zone":"A"},"max_err":1.604,"mean_err":0.0324,"ms":79919,"out_bytes":222585,"pending":11,"pos":[-42.75,1.87],"reconciles":1492,"server_tick":4541,"snaps":1494,"teleports":2}
[client] {"counts":{"blocks_on_me":1,"conf_actions":51,"confirmed_hits":136,"dup_confirmed":0,"hits_on_me":9,"pred_actions":54,"predicted_confirmed":14,"predicted_hits":46,"reconnects":0},"ev":"stats","hp":220.0,"in_bytes":972801,"late":0,"local_entity":0,"match":{"countdown_until":300,"ctrl":-1,"final":false,"next":"","phase":3,"rot":2954,"scores":[6,0],"sd":false,"state":3,"tick":4246,"zone":"A"},"max_err":1.604,"mean_err":0.0324,"ms":80001,"out_bytes":222830,"pending":10,"pos":[-42.75,1.87],"reconciles":1494,"server_tick":4546,"snaps":1496,"teleports":2}
