Godot Engine v4.7.2.stable.official.ed1daf0bf - https://godotengine.org

[client] {"detail":"127.0.0.1:24651","ev":"status","ms":0,"status":"connecting"}
[client] {"detail":"","ev":"status","ms":118,"status":"connected"}
[client] {"ev":"welcome","ms":174,"observer":false,"pid":3}
[client] {"ev":"pick","f":"vex","ms":746}
[client] {"ev":"lock","f":"vex","ms":1526}
[client] {"ev":"match_setup","fighters":10,"ms":2600,"you":5}
[client] {"counts":{"blocks_on_me":0,"conf_actions":0,"confirmed_hits":0,"dup_confirmed":0,"hits_on_me":0,"pred_actions":0,"predicted_confirmed":0,"predicted_hits":0,"reconnects":0},"ev":"stats","hp":220.0,"in_bytes":56386,"late":0,"local_entity":5,"match":{"countdown_until":300,"ctrl":-1,"final":false,"next":"","phase":2,"rot":3600,"scores":[0,0],"sd":false,"state":1,"tick":0,"zone":""},"max_err":0.432,"mean_err":0.3031,"ms":4959,"out_bytes":6974,"pending":12,"pos":[-5.84,47.14],"reconciles":45,"server_tick":141,"snaps":46,"teleports":1}
[client] {"counts":{"blocks_on_me":0,"conf_actions":0,"confirmed_hits":0,"dup_confirmed":0,"hits_on_me":0,"pred_actions":0,"predicted_confirmed":0,"predicted_hits":0,"reconnects":0},"ev":"stats","hp":220.0,"in_bytes":99106,"late":0,"local_entity":5,"match":{"countdown_until":300,"ctrl":-1,"final":false,"next":"","phase":3,"rot":3458,"scores":[0,0],"sd":false,"state":1,"tick":142,"zone":"B"},"max_err":0.782,"mean_err":0.2157,"ms":9961,"out_bytes":21674,"pending":8,"pos":[-2.29,31.66],"reconciles":143,"server_tick":441,"snaps":144,"teleports":1}
[client] {"a":8,"dup":false,"ev":"game","ms":14213,"predicted":false,"t":3,"tick":692,"type":"hit"}
[client] {"counts":{"blocks_on_me":0,"conf_actions":1,"confirmed_hits":1,"dup_confirmed":0,"hits_on_me":0,"pred_actions":1,"predicted_confirmed":0,"predicted_hits":0,"reconnects":0},"ev":"stats","hp":220.0,"in_bytes":157195,"late":0,"local_entity":5,"match":{"countdown_until":300,"ctrl":-1,"final":false,"next":"","phase":3,"rot":3158,"scores":[0,0],"sd":false,"state":3,"tick":442,"zone":"B"},"max_err":0.782,"mean_err":0.1352,"ms":14964,"out_bytes":36374,"pending":8,"pos":[-2.71,-0.72],"reconciles":239,"server_tick":742,"snaps":240,"teleports":1}
[client] {"a":6,"dup":false,"ev":"game","ms":15049,"predicted":false,"t":3,"tick":742,"type":"block"}
[client] {"a":2,"dup":false,"ev":"game","ms":15082,"predicted":false,"t":6,"tick":744,"type":"hit"}
[client] {"a":5,"dup":true,"ev":"game","ms":15441,"predicted":false,"t":2,"tick":771,"type":"hit"}
[client] {"a":5,"dup":true,"ev":"game","ms":15475,"predicted":false,"t":4,"tick":773,"type":"hit"}
[client] {"a":5,"dup":false,"ev":"game","ms":15490,"predicted":false,"t":3,"tick":774,"type":"block"}
[client] {"a":5,"dup":false,"ev":"game","ms":15758,"predicted":false,"t":2,"tick":790,"type":"block"}
[client] {"a":5,"dup":false,"ev":"game","ms":15793,"predicted":false,"t":3,"tick":792,"type":"block"}
[client] {"a":7,"dup":false,"ev":"game","ms":16062,"predicted":false,"t":2,"tick":803,"type":"hit"}
[client] {"a":9,"dup":false,"ev":"game","ms":16062,"predicted":false,"t":2,"tick":803,"type":"hit"}
[client] {"a":9,"dup":false,"ev":"game","ms":16174,"predicted":false,"t":3,"tick":808,"type":"block"}
[client] {"a":4,"dup":false,"ev":"game","ms":16187,"predicted":false,"t":5,"tick":809,"type":"hit"}
[client] {"a":4,"dup":false,"ev":"game","ms":16197,"predicted":false,"t":9,"tick":810,"type":"hit"}
[client] {"a":4,"dup":false,"ev":"game","ms":16213,"predicted":false,"t":7,"tick":811,"type":"hit"}
[client] {"a":8,"dup":false,"ev":"game","ms":16763,"predicted":false,"t":3,"tick":845,"type":"hit"}
[client] {"a":8,"dup":false,"ev":"game","ms":17515,"predicted":false,"t":4,"tick":890,"type":"hit"}
[client] {"a":3,"dup":false,"ev":"game","ms":17550,"predicted":false,"t":7,"tick":892,"type":"hit"}
[client] {"a":6,"dup":false,"ev":"game","ms":17896,"predicted":false,"t":4,"tick":913,"type":"hit"}
[client] {"a":5,"dup":false,"ev":"game","ms":17896,"predicted":false,"t":1,"tick":918,"type":"block"}
[client] {"a":9,"dup":false,"ev":"game","ms":17999,"predicted":false,"t":4,"tick":919,"type":"hit"}
[client] {"a":6,"dup":false,"ev":"game","ms":18267,"predicted":false,"t":4,"tick":935,"type":"hit"}
[client] {"a":5,"dup":false,"ev":"game","ms":18496,"predicted":false,"t":1,"tick":954,"type":"block"}
[client] {"a":3,"dup":false,"ev":"game","ms":18952,"predicted":false,"t":5,"tick":976,"type":"hit"}
[client] {"a":4,"dup":false,"ev":"game","ms":19165,"predicted":false,"t":8,"tick":989,"type":"hit"}
[client] {"a":4,"dup":false,"ev":"game","ms":19187,"predicted":false,"t":9,"tick":990,"type":"hit"}
[client] {"a":3,"dup":false,"ev":"game","ms":19413,"predicted":false,"t":5,"tick":1004,"type":"hit"}
[client] {"a":6,"dup":false,"ev":"game","ms":19587,"predicted":false,"t":3,"tick":1014,"type":"hit"}
[client] {"a":6,"dup":false,"ev":"game","ms":19613,"predicted":false,"t":2,"tick":1016,"type":"hit"}
[client] {"counts":{"blocks_on_me":0,"conf_actions":9,"confirmed_hits":21,"dup_confirmed":0,"hits_on_me":3,"pred_actions":10,"predicted_confirmed":2,"predicted_hits":18,"reconnects":0},"ev":"stats","hp":164.0,"in_bytes":229303,"late":0,"local_entity":5,"match":{"countdown_until":300,"ctrl":-1,"final":false,"next":"","phase":3,"rot":2858,"scores":[0,0],"sd":false,"state":3,"tick":742,"zone":"B"},"max_err":1.905,"mean_err":0.1168,"ms":19964,"out_bytes":51074,"pending":12,"pos":[-0.94,-3.08],"reconciles":333,"server_tick":1042,"snaps":334,"teleports":1}
[client] {"a":0,"dup":false,"ev":"game","ms":20117,"predicted":false,"t":5,"tick":1046,"type":"hit"}
[client] {"a":5,"dup":false,"ev":"game","ms":20388,"predicted":false,"t":1,"tick":1067,"type":"block"}
[client] {"a":0,"dup":false,"ev":"game","ms":20546,"predicted":false,"t":5,"tick":1072,"type":"hit"}
[client] {"a":9,"dup":false,"ev":"game","ms":20607,"predicted":false,"t":2,"tick":1076,"type":"hit"}
[client] {"a":8,"dup":false,"ev":"game","ms":20676,"predicted":false,"t":4,"tick":1080,"type":"hit"}
[client] {"a":6,"dup":false,"ev":"game","ms":20876,"predicted":false,"t":2,"tick":1092,"type":"hit"}
[client] {"a":9,"dup":false,"ev":"game","ms":21076,"predicted":false,"t":2,"tick":1104,"type":"block"}
[client] {"a":5,"dup":true,"ev":"game","ms":21158,"predicted":false,"t":0,"tick":1114,"type":"hit"}
[client] {"a":3,"dup":false,"ev":"game","ms":21207,"predicted":false,"t":9,"tick":1112,"type":"hit"}
[client] {"a":8,"dup":false,"ev":"game","ms":21227,"predicted":false,"t":4,"tick":1113,"type":"hit"}
[client] {"a":4,"dup":false,"ev":"game","ms":21643,"predicted":false,"t":8,"tick":1138,"type":"hit"}
[client] {"a":6,"dup":false,"ev":"game","ms":21643,"predicted":false,"t":2,"tick":1138,"type":"hit"}
[client] {"a":3,"dup":false,"ev":"game","ms":21692,"predicted":false,"t":6,"tick":1141,"type":"hit"}
[client] {"a":5,"dup":false,"ev":"game","ms":21711,"predicted":false,"t":1,"tick":1147,"type":"block"}
[client] {"a":7,"dup":false,"ev":"game","ms":21876,"predicted":false,"t":4,"tick":1152,"type":"hit"}
[client] {"a":5,"dup":false,"ev":"game","ms":22124,"predicted":false,"t":1,"tick":1172,"type":"block"}
[client] {"a":9,"dup":false,"ev":"game","ms":22195,"predicted":false,"t":2,"tick":1171,"type":"block"}
[client] {"a":3,"dup":false,"ev":"game","ms":22312,"predicted":false,"t":9,"tick":1178,"type":"hit"}
[client] {"a":0,"dup":false,"ev":"game","ms":22380,"predicted":false,"t":5,"tick":1182,"type":"hit"}
[client] {"a":6,"dup":false,"ev":"game","ms":22463,"predicted":false,"t":3,"tick":1187,"type":"hit"}
[client] {"a":7,"dup":false,"ev":"game","ms":22463,"predicted":false,"t":4,"tick":1187,"type":"block"}
[client] {"a":8,"dup":false,"ev":"game","ms":22580,"predicted":false,"t":4,"tick":1194,"type":"hit"}
[client] {"a":8,"dup":false,"ev":"game","ms":22828,"predicted":false,"t":4,"tick":1209,"type":"hit"}
[client] {"a":9,"dup":false,"ev":"game","ms":22980,"predicted":false,"t":2,"tick":1218,"type":"guard_break"}
[client] {"a":5,"dup":false,"ev":"game","ms":23243,"predicted":false,"t":1,"tick":1239,"type":"block"}
[client] {"a":7,"dup":false,"ev":"game","ms":23325,"predicted":false,"t":4,"tick":1239,"type":"hit"}
[client] {"a":5,"dup":false,"ev":"game","ms":23581,"predicted":false,"t":1,"tick":1259,"type":"guard_break"}
[client] {"a":0,"dup":false,"ev":"game","ms":23795,"predicted":false,"t":5,"tick":1267,"type":"hit"}
[client] {"a":3,"dup":false,"ev":"game","ms":23960,"predicted":false,"t":5,"tick":1277,"type":"hit"}
[client] {"a":8,"dup":false,"ev":"game","ms":24147,"predicted":false,"t":2,"tick":1288,"type":"hit"}
[client] {"a":9,"dup":false,"ev":"game","ms":24264,"predicted":false,"t":2,"tick":1295,"type":"hit"}
[client] {"a":5,"dup":true,"ev":"game","ms":24326,"predicted":false,"t":3,"tick":1304,"type":"hit"}
[client] {"a":8,"dup":false,"ev":"game","ms":24644,"predicted":false,"t":2,"tick":1318,"type":"hit"}
[client] {"a":5,"dup":false,"ev":"game","ms":24664,"predicted":false,"t":3,"tick":1324,"type":"block"}
[client] {"a":9,"dup":false,"ev":"game","ms":24761,"predicted":false,"t":2,"tick":1325,"type":"hit"}
[client] {"counts":{"blocks_on_me":0,"conf_actions":19,"confirmed_hits":46,"dup_confirmed":0,"hits_on_me":8,"pred_actions":20,"predicted_confirmed":4,"predicted_hits":37,"reconnects":0},"ev":"stats","hp":34.0,"in_bytes":307752,"late":0,"local_entity":5,"match":{"countdown_until":300,"ctrl":-1,"final":false,"next":"","phase":3,"rot":2558,"scores":[0,0],"sd":false,"state":3,"tick":1042,"zone":"B"},"max_err":2.576,"mean_err":0.1074,"ms":24959,"out_bytes":65774,"pending":12,"pos":[-3.43,-4.4],"reconciles":432,"server_tick":1341,"snaps":433,"teleports":1}
[client] {"a":0,"dup":false,"ev":"game","ms":25078,"predicted":false,"t":5,"tick":1344,"type":"hit"}
[client] {"a":5,"dup":false,"ev":"game","ms":25596,"predicted":false,"t":3,"tick":1380,"type":"block"}
[client] {"a":5,"dup":false,"ev":"game","ms":26006,"predicted":false,"t":-1,"tick":1405,"type":"ko"}
[client] {"a":0,"dup":false,"ev":"game","ms":26095,"predicted":false,"t":5,"tick":1405,"type":"hit"}
[client] {"a":8,"dup":false,"ev":"game","ms":26710,"predicted":false,"t":3,"tick":1442,"type":"block"}
[client] {"a":6,"dup":false,"ev":"game","ms":27027,"predicted":false,"t":0,"tick":1461,"type":"hit"}
[client] {"a":8,"dup":false,"ev":"game","ms":27296,"predicted":false,"t":1,"tick":1477,"type":"guard_break"}
[client] {"a":6,"dup":false,"ev":"game","ms":27558,"predicted":false,"t":1,"tick":1493,"type":"hit"}
[client] {"a":0,"dup":false,"ev":"game","ms":27779,"predicted":false,"t":7,"tick":1506,"type":"hit"}
[client] {"a":0,"dup":false,"ev":"game","ms":27779,"predicted":false,"t":8,"tick":1506,"type":"hit"}
[client] {"a":0,"dup":false,"ev":"game","ms":27958,"predicted":false,"t":7,"tick":1517,"type":"hit"}
[client] {"a":9,"dup":false,"ev":"game","ms":27993,"predicted":false,"t":1,"tick":1519,"type":"guard_break"}
[client] {"a":0,"dup":false,"ev":"game","ms":28006,"predicted":false,"t":8,"tick":1520,"type":"hit"}
[client] {"a":6,"dup":false,"ev":"game","ms":28476,"predicted":false,"t":1,"tick":1548,"type":"hit"}
[client] {"a":0,"dup":false,"ev":"game","ms":28724,"predicted":false,"t":6,"tick":1563,"type":"hit"}
[client] {"a":7,"dup":false,"ev":"game","ms":28807,"predicted":false,"t":0,"tick":1568,"type":"hit"}
[client] {"a":7,"dup":false,"ev":"game","ms":28841,"predicted":false,"t":3,"tick":1570,"type":"hit"}
[client] {"a":7,"dup":false,"ev":"game","ms":29676,"predicted":false,"t":0,"tick":1620,"type":"hit"}
[client] {"a":7,"dup":false,"ev":"game","ms":29697,"predicted":false,"t":1,"tick":1621,"type":"guard_break"}
[client] {"counts":{"blocks_on_me":0,"conf_actions":21,"confirmed_hits":59,"dup_confirmed":0,"hits_on_me":10,"pred_actions":22,"predicted_confirmed":4,"predicted_hits":41,"reconnects":0},"ev":"stats","hp":0.0,"in_bytes":377342,"late":0,"local_entity":5,"match":{"countdown_until":300,"ctrl":-1,"final":false,"next":"","phase":3,"rot":2258,"scores":[0,0],"sd":false,"state":3,"tick":1342,"zone":"B"},"max_err":2.576,"mean_err":0.0888,"ms":29958,"out_bytes":80474,"pending":6,"pos":[-3.45,-5.33],"reconciles":532,"server_tick":1641,"snaps":533,"teleports":1}
[client] {"a":0,"dup":false,"ev":"game","ms":30063,"predicted":false,"t":7,"tick":1643,"type":"hit"}
[client] {"a":8,"dup":false,"ev":"game","ms":30097,"predicted":false,"t":1,"tick":1645,"type":"hit"}
[client] {"a":9,"dup":false,"ev":"game","ms":30097,"predicted":false,"t":1,"tick":1645,"type":"hit"}
[client] {"a":0,"dup":false,"ev":"game","ms":30380,"predicted":false,"t":7,"tick":1662,"type":"hit"}
[client] {"a":8,"dup":false,"ev":"game","ms":31912,"predicted":false,"t":0,"tick":1754,"type":"hit"}
[client] {"a":9,"dup":false,"ev":"game","ms":31981,"predicted":false,"t":1,"tick":1758,"type":"guard_break"}
[client] {"a":8,"dup":false,"ev":"game","ms":32616,"predicted":false,"t":0,"tick":1796,"type":"hit"}
[client] {"a":9,"dup":false,"ev":"game","ms":32796,"predicted":false,"t":1,"tick":1807,"type":"hit"}
[client] {"a":0,"dup":false,"ev":"game","ms":33347,"predicted":false,"t":8,"tick":1840,"type":"block"}
[client] {"a":7,"dup":false,"ev":"game","ms":33430,"predicted":false,"t":1,"tick":1845,"type":"guard_break"}
[client] {"a":9,"dup":false,"ev":"game","ms":33727,"predicted":false,"t":1,"tick":1863,"type":"hit"}
[client] {"a":0,"dup":false,"ev":"game","ms":33899,"predicted":false,"t":8,"tick":1873,"type":"hit"}
[client] {"a":7,"dup":false,"ev":"game","ms":34865,"predicted":false,"t":4,"tick":1931,"type":"hit"}
[client] {"counts":{"blocks_on_me":0,"conf_actions":21,"confirmed_hits":69,"dup_confirmed":0,"hits_on_me":10,"pred_actions":22,"predicted_confirmed":4,"predicted_hits":41,"reconnects":0},"ev":"stats","hp":0.0,"in_bytes":444729,"late":0,"local_entity":5,"match":{"countdown_until":300,"ctrl":-1,"final":false,"next":"","phase":3,"rot":1958,"scores":[0,0],"sd":false,"state":3,"tick":1642,"zone":"B"},"max_err":2.576,"mean_err":0.0749,"ms":34961,"out_bytes":95174,"pending":7,"pos":[-3.45,-5.33],"reconciles":631,"server_tick":1941,"snaps":632,"teleports":1}
[client] {"a":2,"dup":false,"ev":"game","ms":35045,"predicted":false,"t":9,"tick":1942,"type":"hit"}
[client] {"a":0,"dup":false,"ev":"game","ms":35514,"predicted":false,"t":7,"tick":1970,"type":"hit"}
[client] {"a":5,"dup":false,"ev":"game","ms":36017,"predicted":false,"t":-1,"tick":2005,"type":"respawn"}
[client] {"a":9,"dup":false,"ev":"game","ms":36818,"predicted":false,"t":0,"tick":2048,"type":"hit"}
[client] {"a":7,"dup":false,"ev":"game","ms":37321,"predicted":false,"t":1,"tick":2079,"type":"guard_break"}
[client] {"a":9,"dup":false,"ev":"game","ms":37425,"predicted":false,"t":2,"tick":2085,"type":"block"}
[client] {"a":9,"dup":false,"ev":"game","ms":37895,"predicted":false,"t":2,"tick":2113,"type":"block"}
[client] {"a":7,"dup":false,"ev":"game","ms":38060,"predicted":false,"t":1,"tick":2123,"type":"hit"}
[client] {"a":8,"dup":false,"ev":"game","ms":38157,"predicted":false,"t":0,"tick":2129,"type":"hit"}
[client] {"a":8,"dup":false,"ev":"game","ms":38157,"predicted":false,"t":2,"tick":2129,"type":"block"}
[client] {"a":8,"dup":false,"ev":"game","ms":38391,"predicted":false,"t":0,"tick":2143,"type":"hit"}
[client] {"a":8,"dup":false,"ev":"game","ms":38412,"predicted":false,"t":2,"tick":2144,"type":"block"}
[client] {"a":9,"dup":false,"ev":"game","ms":38440,"predicted":false,"t":2,"tick":2146,"type":"block"}
[client] {"a":7,"dup":false,"ev":"game","ms":38529,"predicted":false,"t":1,"tick":2151,"type":"guard_break"}
[client] {"a":7,"dup":false,"ev":"game","ms":38544,"predicted":false,"t":0,"tick":2152,"type":"hit"}
[client] {"a":0,"dup":false,"ev":"game","ms":38544,"predicted":false,"t":-1,"tick":2152,"type":"ko"}
[client] {"a":7,"dup":false,"ev":"game","ms":38757,"predicted":false,"t":2,"tick":2165,"type":"hit"}
[client] {"a":7,"dup":false,"ev":"game","ms":38777,"predicted":false,"t":1,"tick":2166,"type":"hit"}
[client] {"a":7,"dup":false,"ev":"game","ms":39378,"predicted":false,"t":1,"tick":2202,"type":"guard_break"}
[client] {"a":7,"dup":false,"ev":"game","ms":39861,"predicted":false,"t":1,"tick":2231,"type":"hit"}
[client] {"counts":{"blocks_on_me":0,"conf_actions":22,"confirmed_hits":79,"dup_confirmed":0,"hits_on_me":10,"pred_actions":22,"predicted_confirmed":4,"predicted_hits":41,"reconnects":0},"ev":"stats","hp":220.0,"in_bytes":511436,"late":0,"local_entity":5,"match":{"countdown_until":300,"ctrl":-1,"final":false,"next":"","phase":3,"rot":1658,"scores":[0,0],"sd":false,"state":3,"tick":1942,"zone":"B"},"max_err":2.576,"mean_err":0.0649,"ms":39956,"out_bytes":109874,"pending":7,"pos":[0.93,24.33],"reconciles":728,"server_tick":2241,"snaps":730,"teleports":2}
[client] {"a":3,"dup":false,"ev":"game","ms":40130,"predicted":false,"t":7,"tick":2247,"type":"hit"}
[client] {"a":9,"dup":false,"ev":"game","ms":40827,"predicted":false,"t":1,"tick":2289,"type":"guard_break"}
[client] {"a":3,"dup":false,"ev":"game","ms":40841,"predicted":false,"t":9,"tick":2290,"type":"hit"}
[client] {"a":3,"dup":false,"ev":"game","ms":41275,"predicted":false,"t":9,"tick":2316,"type":"hit"}
[client] {"a":3,"dup":false,"ev":"game","ms":41530,"predicted":false,"t":9,"tick":2331,"type":"hit"}
[client] {"a":3,"dup":false,"ev":"game","ms":41579,"predicted":false,"t":8,"tick":2334,"type":"hit"}
[client] {"a":9,"dup":false,"ev":"game","ms":42179,"predicted":false,"t":1,"tick":2370,"type":"guard_break"}
[client] {"a":3,"dup":false,"ev":"game","ms":42345,"predicted":false,"t":9,"tick":2380,"type":"hit"}
[client] {"a":9,"dup":false,"ev":"game","ms":42676,"predicted":false,"t":3,"tick":2400,"type":"hit"}
[client] {"a":9,"dup":false,"ev":"game","ms":42710,"predicted":false,"t":1,"tick":2402,"type":"hit"}
[client] {"a":9,"dup":false,"ev":"game","ms":43229,"predicted":false,"t":3,"tick":2433,"type":"block"}
[client] {"a":9,"dup":false,"ev":"game","ms":43262,"predicted":false,"t":1,"tick":2435,"type":"guard_break"}
[client] {"a":3,"dup":false,"ev":"game","ms":44195,"predicted":false,"t":9,"tick":2491,"type":"hit"}
[client] {"a":2,"dup":false,"ev":"game","ms":44443,"predicted":false,"t":9,"tick":2506,"type":"hit"}
[client] {"a":8,"dup":false,"ev":"game","ms":44463,"predicted":false,"t":2,"tick":2507,"type":"hit"}
[client] {"counts":{"blocks_on_me":0,"conf_actions":22,"confirmed_hits":90,"dup_confirmed":0,"hits_on_me":10,"pred_actions":22,"predicted_confirmed":4,"predicted_hits":41,"reconnects":0},"ev":"stats","hp":220.0,"in_bytes":576168,"late":0,"local_entity":5,"match":{"countdown_until":300,"ctrl":-1,"final":false,"next":"","phase":3,"rot":1358,"scores":[0,0],"sd":false,"state":3,"tick":2242,"zone":"B"},"max_err":2.576,"mean_err":0.0571,"ms":44959,"out_bytes":124574,"pending":7,"pos":[-0.17,-2.74],"reconciles":828,"server_tick":2542,"snaps":830,"teleports":2}
[client] {"a":8,"dup":false,"ev":"game","ms":45278,"predicted":false,"t":3,"tick":2556,"type":"hit"}
[client] {"a":8,"dup":false,"ev":"game","ms":45727,"predicted":false,"t":3,"tick":2583,"type":"block"}
[client] {"a":8,"dup":false,"ev":"game","ms":45955,"predicted":false,"t":3,"tick":2597,"type":"block"}
[client] {"a":8,"dup":false,"ev":"game","ms":45990,"predicted":false,"t":1,"tick":2599,"type":"guard_break"}
[client] {"a":3,"dup":false,"ev":"game","ms":46872,"predicted":false,"t":8,"tick":2652,"type":"hit"}
[client] {"a":8,"dup":false,"ev":"game","ms":47555,"predicted":false,"t":4,"tick":2693,"type":"hit"}
[client] {"a":3,"dup":false,"ev":"game","ms":47845,"predicted":false,"t":8,"tick":2710,"type":"hit"}
[client] {"a":8,"dup":false,"ev":"game","ms":48294,"predicted":false,"t":4,"tick":2737,"type":"hit"}
[client] {"a":0,"dup":false,"ev":"game","ms":48543,"predicted":false,"t":-1,"tick":2752,"type":"respawn"}
[client] {"a":3,"dup":false,"ev":"game","ms":48591,"predicted":false,"t":8,"tick":2755,"type":"hit"}
[client] {"a":4,"dup":false,"ev":"game","ms":49474,"predicted":false,"t":5,"tick":2808,"type":"hit"}
[client] {"a":3,"dup":false,"ev":"game","ms":49508,"predicted":false,"t":5,"tick":2810,"type":"hit"}
[client] {"a":3,"dup":false,"ev":"game","ms":49756,"predicted":false,"t":5,"tick":2825,"type":"hit"}
[client] {"counts":{"blocks_on_me":0,"conf_actions":24,"confirmed_hits":99,"dup_confirmed":0,"hits_on_me":13,"pred_actions":26,"predicted_confirmed":4,"predicted_hits":41,"reconnects":0},"ev":"stats","hp":168.0,"in_bytes":638191,"late":0,"local_entity":5,"match":{"countdown_until":300,"ctrl":-1,"final":false,"next":"","phase":3,"rot":1058,"scores":[0,0],"sd":false,"state":3,"tick":2542,"zone":"B"},"max_err":2.576,"mean_err":0.0525,"ms":49956,"out_bytes":139274,"pending":7,"pos":[1.07,-2.52],"reconciles":927,"server_tick":2841,"snaps":929,"teleports":2}
[client] {"a":4,"dup":false,"ev":"game","ms":50426,"predicted":false,"t":5,"tick":2865,"type":"hit"}
[client] {"a":4,"dup":false,"ev":"game","ms":51097,"predicted":false,"t":5,"tick":2905,"type":"hit"}
[client] {"a":6,"dup":false,"ev":"game","ms":51649,"predicted":false,"t":1,"tick":2938,"type":"guard_break"}
[client] {"a":6,"dup":false,"ev":"game","ms":51944,"predicted":false,"t":1,"tick":2956,"type":"hit"}
[client] {"a":6,"dup":false,"ev":"game","ms":52297,"predicted":false,"t":1,"tick":2977,"type":"guard_break"}
[client] {"a":3,"dup":false,"ev":"game","ms":52359,"predicted":false,"t":6,"tick":2981,"type":"hit"}
[client] {"a":7,"dup":false,"ev":"game","ms":52997,"predicted":false,"t":1,"tick":3019,"type":"hit"}
[client] {"a":4,"dup":false,"ev":"game","ms":53062,"predicted":false,"t":5,"tick":3023,"type":"hit"}
[client] {"a":4,"dup":false,"ev":"game","ms":53849,"predicted":false,"t":6,"tick":3070,"type":"hit"}
[client] {"a":4,"dup":false,"ev":"game","ms":53876,"predicted":false,"t":5,"tick":3072,"type":"hit"}
[client] {"a":7,"dup":false,"ev":"game","ms":53979,"predicted":false,"t":1,"tick":3078,"type":"guard_break"}
[client] {"a":7,"dup":false,"ev":"game","ms":54028,"predicted":false,"t":3,"tick":3081,"type":"hit"}
[client] {"a":7,"dup":false,"ev":"game","ms":54214,"predicted":false,"t":1,"tick":3092,"type":"hit"}
[client] {"a":7,"dup":false,"ev":"game","ms":54214,"predicted":false,"t":3,"tick":3092,"type":"hit"}
[client] {"a":4,"dup":false,"ev":"game","ms":54331,"predicted":false,"t":6,"tick":3099,"type":"block"}
[client] {"a":5,"dup":true,"ev":"game","ms":54650,"predicted":false,"t":4,"tick":3123,"type":"hit"}
[client] {"a":7,"dup":false,"ev":"game","ms":54814,"predicted":false,"t":1,"tick":3128,"type":"guard_break"}
[client] {"a":7,"dup":false,"ev":"game","ms":54815,"predicted":false,"t":3,"tick":3128,"type":"hit"}
[client] {"a":7,"dup":false,"ev":"game","ms":54863,"predicted":false,"t":0,"tick":3131,"type":"hit"}
[client] {"counts":{"blocks_on_me":0,"conf_actions":30,"confirmed_hits":113,"dup_confirmed":0,"hits_on_me":17,"pred_actions":32,"predicted_confirmed":5,"predicted_hits":49,"reconnects":0},"ev":"stats","hp":76.0,"in_bytes":710214,"late":0,"local_entity":5,"match":{"countdown_until":300,"ctrl":-1,"final":false,"next":"A","phase":3,"rot":758,"scores":[0,0],"sd":false,"state":3,"tick":2842,"zone":"B"},"max_err":2.576,"mean_err":0.0511,"ms":54965,"out_bytes":153974,"pending":7,"pos":[-0.02,-3.47],"reconciles":1026,"server_tick":3142,"snaps":1028,"teleports":2}
[client] {"a":0,"dup":false,"ev":"game","ms":55249,"predicted":false,"t":7,"tick":3154,"type":"hit"}
[client] {"a":7,"dup":false,"ev":"game","ms":55615,"predicted":false,"t":1,"tick":3176,"type":"hit"}
[client] {"a":1,"dup":false,"ev":"game","ms":55615,"predicted":false,"t":-1,"tick":3176,"type":"ko"}
[client] {"a":7,"dup":false,"ev":"game","ms":55663,"predicted":false,"t":0,"tick":3179,"type":"hit"}
[client] {"a":4,"dup":false,"ev":"game","ms":56050,"predicted":false,"t":6,"tick":3202,"type":"block"}
[client] {"a":2,"dup":false,"ev":"game","ms":56313,"predicted":false,"t":7,"tick":3218,"type":"hit"}
[client] {"a":5,"dup":true,"ev":"game","ms":56429,"predicted":false,"t":4,"tick":3230,"type":"hit"}
[client] {"a":6,"dup":false,"ev":"game","ms":56830,"predicted":false,"t":4,"tick":3249,"type":"hit"}
[client] {"a":0,"dup":false,"ev":"game","ms":57700,"predicted":false,"t":9,"tick":3301,"type":"hit"}
[client] {"a":6,"dup":false,"ev":"game","ms":58051,"predicted":false,"t":0,"tick":3322,"type":"hit"}
[client] {"a":6,"dup":false,"ev":"game","ms":58382,"predicted":false,"t":0,"tick":3342,"type":"hit"}
[client] {"a":7,"dup":false,"ev":"game","ms":59283,"predicted":false,"t":0,"tick":3396,"type":"hit"}
[client] {"a":5,"dup":true,"ev":"game","ms":59610,"predicted":false,"t":0,"tick":3421,"type":"hit"}
[client] {"counts":{"blocks_on_me":0,"conf_actions":37,"confirmed_hits":124,"dup_confirmed":0,"hits_on_me":17,"pred_actions":40,"predicted_confirmed":7,"predicted_hits":51,"reconnects":0},"ev":"stats","hp":76.0,"in_bytes":777819,"late":0,"local_entity":5,"match":{"countdown_until":300,"ctrl":-1,"final":false,"next":"A","phase":3,"rot":458,"scores":[0,0],"sd":false,"state":3,"tick":3142,"zone":"B"},"max_err":2.576,"mean_err":0.0484,"ms":59961,"out_bytes":168674,"pending":10,"pos":[0.52,-4.92],"reconciles":1124,"server_tick":3441,"snaps":1127,"teleports":2}
[client] {"a":0,"dup":false,"ev":"game","ms":60479,"predicted":false,"t":9,"tick":3468,"type":"hit"}
[client] {"a":7,"dup":false,"ev":"game","ms":60494,"predicted":false,"t":2,"tick":3469,"type":"block"}
[client] {"a":5,"dup":true,"ev":"game","ms":60562,"predicted":false,"t":0,"tick":3478,"type":"hit"}
[client] {"a":6,"dup":false,"ev":"game","ms":60728,"predicted":false,"t":2,"tick":3482,"type":"block"}
[client] {"a":8,"dup":false,"ev":"game","ms":60976,"predicted":false,"t":2,"tick":3498,"type":"block"}
[client] {"a":6,"dup":false,"ev":"game","ms":61364,"predicted":false,"t":2,"tick":3521,"type":"block"}
[client] {"a":9,"dup":false,"ev":"game","ms":61425,"predicted":false,"t":0,"tick":3525,"type":"hit"}
[client] {"a":6,"dup":false,"ev":"game","ms":61680,"predicted":false,"t":2,"tick":3540,"type":"hit"}
[client] {"a":0,"dup":false,"ev":"game","ms":61776,"predicted":false,"t":9,"tick":3546,"type":"hit"}
[client] {"a":5,"dup":true,"ev":"game","ms":61811,"predicted":false,"t":2,"tick":3552,"type":"hit"}
[client] {"a":5,"dup":true,"ev":"game","ms":61846,"predicted":false,"t":0,"tick":3554,"type":"hit"}
[client] {"a":6,"dup":false,"ev":"game","ms":62014,"predicted":false,"t":2,"tick":3560,"type":"hit"}
[client] {"a":9,"dup":false,"ev":"game","ms":62908,"predicted":false,"t":0,"tick":3614,"type":"hit"}
[client] {"a":2,"dup":false,"ev":"game","ms":63509,"predicted":false,"t":8,"tick":3650,"type":"hit"}
[client] {"a":9,"dup":false,"ev":"game","ms":63579,"predicted":false,"t":0,"tick":3654,"type":"hit"}
[client] {"a":0,"dup":false,"ev":"game","ms":63579,"predicted":false,"t":-1,"tick":3654,"type":"ko"}
[client] {"a":7,"dup":false,"ev":"game","ms":63930,"predicted":false,"t":2,"tick":3675,"type":"hit"}
[client] {"a":7,"dup":false,"ev":"game","ms":64481,"predicted":false,"t":2,"tick":3708,"type":"block"}
[client] {"counts":{"blocks_on_me":0,"conf_actions":39,"confirmed_hits":136,"dup_confirmed":0,"hits_on_me":17,"pred_actions":42,"predicted_confirmed":10,"predicted_hits":56,"reconnects":0},"ev":"stats","hp":76.0,"in_bytes":841658,"late":0,"local_entity":5,"match":{"countdown_until":300,"ctrl":1,"final":false,"next":"A","phase":3,"rot":158,"scores":[0,0],"sd":false,"state":2,"tick":3442,"zone":"B"},"max_err":2.576,"mean_err":0.0451,"ms":64965,"out_bytes":183374,"pending":7,"pos":[0.16,-2.73],"reconciles":1225,"server_tick":3742,"snaps":1227,"teleports":2}
[client] {"a":1,"dup":false,"ev":"game","ms":65613,"predicted":false,"t":-1,"tick":3776,"type":"respawn"}
[client] {"a":-1,"dup":false,"ev":"game","ms":67662,"predicted":false,"t":-1,"tick":3899,"type":"zone_rotated"}
[client] {"counts":{"blocks_on_me":0,"conf_actions":39,"confirmed_hits":136,"dup_confirmed":0,"hits_on_me":17,"pred_actions":42,"predicted_confirmed":10,"predicted_hits":56,"reconnects":0},"ev":"stats","hp":116.5,"in_bytes":896729,"late":0,"local_entity":5,"match":{"countdown_until":300,"ctrl":0,"final":false,"next":"","phase":3,"rot":3458,"scores":[0,2],"sd":false,"state":2,"tick":3742,"zone":"A"},"max_err":2.576,"mean_err":0.0419,"ms":69966,"out_bytes":198074,"pending":7,"pos":[-13.87,-6.27],"reconciles":1324,"server_tick":4042,"snaps":1326,"teleports":2}
[client] {"a":8,"dup":false,"ev":"game","ms":70029,"predicted":false,"t":1,"tick":4041,"type":"block"}
[client] {"a":2,"dup":false,"ev":"game","ms":70767,"predicted":false,"t":9,"tick":4085,"type":"hit"}
[client] {"a":8,"dup":false,"ev":"game","ms":70768,"predicted":false,"t":1,"tick":4085,"type":"block"}
[client] {"a":8,"dup":false,"ev":"game","ms":71016,"predicted":false,"t":1,"tick":4100,"type":"block"}
[client] {"a":2,"dup":false,"ev":"game","ms":71803,"predicted":false,"t":9,"tick":4147,"type":"hit"}
[client] {"a":8,"dup":false,"ev":"game","ms":72003,"predicted":false,"t":1,"tick":4159,"type":"block"}
[client] {"a":9,"dup":false,"ev":"game","ms":72168,"predicted":false,"t":2,"tick":4169,"type":"hit"}
[client] {"a":6,"dup":false,"ev":"game","ms":72486,"predicted":false,"t":4,"tick":4188,"type":"hit"}
[client] {"a":5,"dup":true,"ev":"game","ms":72699,"predicted":false,"t":4,"tick":4206,"type":"hit"}
[client] {"a":7,"dup":false,"ev":"game","ms":72831,"predicted":false,"t":4,"tick":4209,"type":"hit"}
[client] {"a":8,"dup":false,"ev":"game","ms":73182,"predicted":false,"t":1,"tick":4230,"type":"guard_break"}
[client] {"a":7,"dup":false,"ev":"game","ms":73265,"predicted":false,"t":4,"tick":4235,"type":"hit"}
[client] {"a":0,"dup":false,"ev":"game","ms":73582,"predicted":false,"t":-1,"tick":4254,"type":"respawn"}
[client] {"a":4,"dup":false,"ev":"game","ms":73653,"predicted":false,"t":7,"tick":4258,"type":"hit"}
[client] {"a":8,"dup":false,"ev":"game","ms":73983,"predicted":false,"t":1,"tick":4278,"type":"hit"}
[client] {"a":7,"dup":false,"ev":"game","ms":74031,"predicted":false,"t":4,"tick":4281,"type":"block"}
[client] {"a":6,"dup":false,"ev":"game","ms":74521,"predicted":false,"t":4,"tick":4310,"type":"block"}
[client] {"a":8,"dup":false,"ev":"game","ms":74550,"predicted":false,"t":1,"tick":4312,"type":"guard_break"}
[client] {"counts":{"blocks_on_me":0,"conf_actions":43,"confirmed_hits":145,"dup_confirmed":0,"hits_on_me":17,"pred_actions":46,"predicted_confirmed":11,"predicted_hits":58,"reconnects":0},"ev":"stats","hp":154.900000000001,"in_bytes":967085,"late":0,"local_entity":5,"match":{"countdown_until":300,"ctrl":0,"final":false,"next":"","phase":3,"rot":3158,"scores":[5,2],"sd":false,"state":2,"tick":4042,"zone":"A"},"max_err":2.576,"mean_err":0.0396,"ms":74968,"out_bytes":212774,"pending":7,"pos":[-27.99,-8.2],"reconciles":1422,"server_tick":4342,"snaps":1424,"teleports":2}
[client] {"a":4,"dup":false,"ev":"game","ms":74970,"predicted":false,"t":7,"tick":4337,"type":"hit"}
[client] {"a":8,"dup":false,"ev":"game","ms":75087,"predicted":false,"t":1,"tick":4344,"type":"hit"}
[client] {"a":8,"dup":false,"ev":"game","ms":75695,"predicted":false,"t":1,"tick":4381,"type":"guard_break"}
[client] {"a":6,"dup":false,"ev":"game","ms":75949,"predicted":false,"t":4,"tick":4394,"type":"hit"}
[client] {"a":8,"dup":false,"ev":"game","ms":76456,"predicted":false,"t":1,"tick":4427,"type":"hit"}
[client] {"a":8,"dup":false,"ev":"game","ms":76939,"predicted":false,"t":1,"tick":4456,"type":"guard_break"}
[client] {"a":0,"dup":false,"ev":"game","ms":77291,"predicted":false,"t":8,"tick":4477,"type":"hit"}
[client] {"a":0,"dup":false,"ev":"game","ms":77511,"predicted":false,"t":8,"tick":4490,"type":"hit"}
[client] {"a":6,"dup":false,"ev":"game","ms":77691,"predicted":false,"t":4,"tick":4501,"type":"hit"}
[client] {"a":0,"dup":false,"ev":"game","ms":78023,"predicted":false,"t":8,"tick":4521,"type":"hit"}
[client] {"a":6,"dup":false,"ev":"game","ms":78111,"predicted":false,"t":4,"tick":4526,"type":"block"}
[client] {"a":6,"dup":false,"ev":"game","ms":78491,"predicted":false,"t":4,"tick":4549,"type":"block"}
[client] {"a":4,"dup":false,"ev":"game","ms":79893,"predicted":false,"t":6,"tick":4633,"type":"hit"}
[client] {"counts":{"blocks_on_me":0,"conf_actions":44,"confirmed_hits":154,"dup_confirmed":0,"hits_on_me":17,"pred_actions":47,"predicted_confirmed":11,"predicted_hits":58,"reconnects":0},"ev":"stats","hp":154.900000000001,"in_bytes":1034493,"late":0,"local_entity":5,"match":{"countdown_until":300,"ctrl":-1,"final":false,"next":"","phase":3,"rot":2858,"scores":[8,2],"sd":false,"state":3,"tick":4342,"zone":"A"},"max_err":2.576,"mean_err":0.0372,"ms":79959,"out_bytes":227474,"pending":7,"pos":[-41.86,-0.08],"reconciles":1522,"server_tick":4641,"snaps":1524,"teleports":2}
[client] {"counts":{"blocks_on_me":0,"conf_actions":44,"confirmed_hits":154,"dup_confirmed":0,"hits_on_me":17,"pred_actions":47,"predicted_confirmed":11,"predicted_hits":58,"reconnects":0},"ev":"stats","hp":154.900000000001,"in_bytes":1035018,"late":0,"local_entity":5,"match":{"countdown_until":300,"ctrl":-1,"final":false,"next":"","phase":3,"rot":2855,"scores":[8,2],"sd":false,"state":3,"tick":4345,"zone":"A"},"max_err":2.576,"mean_err":0.0372,"ms":80008,"out_bytes":227621,"pending":7,"pos":[-41.86,-0.08],"reconciles":1523,"server_tick":4644,"snaps":1525,"teleports":2}
