Godot Engine v4.7.2.stable.official.ed1daf0bf - https://godotengine.org

[client] {"detail":"127.0.0.1:24651","ev":"status","ms":0,"status":"connecting"}
[client] {"detail":"","ev":"status","ms":125,"status":"connected"}
[client] {"ev":"welcome","ms":188,"observer":false,"pid":4}
[client] {"ev":"pick","f":"scrap","ms":395}
[client] {"ev":"lock","f":"scrap","ms":1174}
[client] {"ev":"match_setup","fighters":10,"ms":2236,"you":1}
[client] {"counts":{"blocks_on_me":0,"conf_actions":0,"confirmed_hits":0,"dup_confirmed":0,"hits_on_me":0,"pred_actions":0,"predicted_confirmed":0,"predicted_hits":0,"reconnects":0},"ev":"stats","hp":260.0,"in_bytes":58713,"late":0,"local_entity":1,"match":{"countdown_until":300,"ctrl":-1,"final":false,"next":"","phase":2,"rot":3600,"scores":[0,0],"sd":false,"state":1,"tick":0,"zone":""},"max_err":0.878,"mean_err":0.3012,"ms":4935,"out_bytes":7958,"pending":10,"pos":[-3.21,-45.9],"reconciles":52,"server_tick":162,"snaps":54,"teleports":1}
[client] {"counts":{"blocks_on_me":0,"conf_actions":0,"confirmed_hits":0,"dup_confirmed":0,"hits_on_me":0,"pred_actions":0,"predicted_confirmed":0,"predicted_hits":0,"reconnects":0},"ev":"stats","hp":260.0,"in_bytes":101449,"late":0,"local_entity":1,"match":{"countdown_until":300,"ctrl":-1,"final":false,"next":"","phase":3,"rot":3440,"scores":[0,0],"sd":false,"state":1,"tick":160,"zone":"B"},"max_err":0.878,"mean_err":0.2023,"ms":9937,"out_bytes":22658,"pending":10,"pos":[-1.85,-28.25],"reconciles":150,"server_tick":461,"snaps":151,"teleports":1}
[client] {"a":8,"dup":false,"ev":"game","ms":13858,"predicted":false,"t":3,"tick":692,"type":"hit"}
[client] {"a":6,"dup":false,"ev":"game","ms":14693,"predicted":false,"t":3,"tick":742,"type":"block"}
[client] {"a":2,"dup":false,"ev":"game","ms":14727,"predicted":false,"t":6,"tick":744,"type":"hit"}
[client] {"counts":{"blocks_on_me":0,"conf_actions":0,"confirmed_hits":2,"dup_confirmed":0,"hits_on_me":0,"pred_actions":0,"predicted_confirmed":0,"predicted_hits":0,"reconnects":0},"ev":"stats","hp":260.0,"in_bytes":162224,"late":0,"local_entity":1,"match":{"countdown_until":300,"ctrl":-1,"final":false,"next":"","phase":3,"rot":3137,"scores":[0,0],"sd":false,"state":3,"tick":463,"zone":"B"},"max_err":0.878,"mean_err":0.1267,"ms":14940,"out_bytes":37358,"pending":10,"pos":[-0.94,-2.6],"reconciles":248,"server_tick":761,"snaps":250,"teleports":1}
[client] {"a":5,"dup":false,"ev":"game","ms":15176,"predicted":false,"t":2,"tick":771,"type":"hit"}
[client] {"a":5,"dup":false,"ev":"game","ms":15210,"predicted":false,"t":4,"tick":773,"type":"hit"}
[client] {"a":5,"dup":false,"ev":"game","ms":15224,"predicted":false,"t":3,"tick":774,"type":"block"}
[client] {"a":5,"dup":false,"ev":"game","ms":15493,"predicted":false,"t":2,"tick":790,"type":"block"}
[client] {"a":5,"dup":false,"ev":"game","ms":15528,"predicted":false,"t":3,"tick":792,"type":"block"}
[client] {"a":7,"dup":false,"ev":"game","ms":15707,"predicted":false,"t":2,"tick":803,"type":"hit"}
[client] {"a":9,"dup":false,"ev":"game","ms":15707,"predicted":false,"t":2,"tick":803,"type":"hit"}
[client] {"a":9,"dup":false,"ev":"game","ms":15822,"predicted":false,"t":3,"tick":808,"type":"block"}
[client] {"a":4,"dup":false,"ev":"game","ms":15823,"predicted":false,"t":5,"tick":809,"type":"hit"}
[client] {"a":4,"dup":false,"ev":"game","ms":15824,"predicted":false,"t":9,"tick":810,"type":"hit"}
[client] {"a":4,"dup":false,"ev":"game","ms":15850,"predicted":false,"t":7,"tick":811,"type":"hit"}
[client] {"a":8,"dup":false,"ev":"game","ms":16403,"predicted":false,"t":3,"tick":845,"type":"hit"}
[client] {"a":8,"dup":false,"ev":"game","ms":17154,"predicted":false,"t":4,"tick":890,"type":"hit"}
[client] {"a":3,"dup":false,"ev":"game","ms":17182,"predicted":false,"t":7,"tick":892,"type":"hit"}
[client] {"a":6,"dup":false,"ev":"game","ms":17535,"predicted":false,"t":4,"tick":913,"type":"hit"}
[client] {"a":5,"dup":false,"ev":"game","ms":17616,"predicted":false,"t":1,"tick":918,"type":"block"}
[client] {"a":9,"dup":false,"ev":"game","ms":17637,"predicted":false,"t":4,"tick":919,"type":"hit"}
[client] {"a":6,"dup":false,"ev":"game","ms":17900,"predicted":false,"t":4,"tick":935,"type":"hit"}
[client] {"a":5,"dup":false,"ev":"game","ms":18217,"predicted":false,"t":1,"tick":954,"type":"block"}
[client] {"a":3,"dup":false,"ev":"game","ms":18582,"predicted":false,"t":5,"tick":976,"type":"hit"}
[client] {"a":4,"dup":false,"ev":"game","ms":18803,"predicted":false,"t":8,"tick":989,"type":"hit"}
[client] {"a":4,"dup":false,"ev":"game","ms":18817,"predicted":false,"t":9,"tick":990,"type":"hit"}
[client] {"a":3,"dup":false,"ev":"game","ms":19052,"predicted":false,"t":5,"tick":1004,"type":"hit"}
[client] {"a":6,"dup":false,"ev":"game","ms":19217,"predicted":false,"t":3,"tick":1014,"type":"hit"}
[client] {"a":6,"dup":false,"ev":"game","ms":19252,"predicted":false,"t":2,"tick":1016,"type":"hit"}
[client] {"a":0,"dup":false,"ev":"game","ms":19755,"predicted":false,"t":5,"tick":1046,"type":"hit"}
[client] {"counts":{"blocks_on_me":2,"conf_actions":0,"confirmed_hits":22,"dup_confirmed":0,"hits_on_me":0,"pred_actions":0,"predicted_confirmed":0,"predicted_hits":0,"reconnects":0},"ev":"stats","hp":260.0,"in_bytes":229387,"late":0,"local_entity":1,"match":{"countdown_until":300,"ctrl":-1,"final":false,"next":"","phase":3,"rot":2837,"scores":[0,0],"sd":false,"state":3,"tick":763,"zone":"B"},"max_err":0.878,"mean_err":0.0958,"ms":19933,"out_bytes":52058,"pending":13,"pos":[-0.9,-3.1],"reconciles":343,"server_tick":1061,"snaps":346,"teleports":1}
[client] {"a":5,"dup":false,"ev":"game","ms":20100,"predicted":false,"t":1,"tick":1067,"type":"block"}
[client] {"a":0,"dup":false,"ev":"game","ms":20184,"predicted":false,"t":5,"tick":1072,"type":"hit"}
[client] {"a":9,"dup":false,"ev":"game","ms":20252,"predicted":false,"t":2,"tick":1076,"type":"hit"}
[client] {"a":8,"dup":false,"ev":"game","ms":20321,"predicted":false,"t":4,"tick":1080,"type":"hit"}
[client] {"a":6,"dup":false,"ev":"game","ms":20521,"predicted":false,"t":2,"tick":1092,"type":"hit"}
[client] {"a":9,"dup":false,"ev":"game","ms":20721,"predicted":false,"t":2,"tick":1104,"type":"block"}
[client] {"a":3,"dup":false,"ev":"game","ms":20852,"predicted":false,"t":9,"tick":1112,"type":"hit"}
[client] {"a":8,"dup":false,"ev":"game","ms":20866,"predicted":false,"t":4,"tick":1113,"type":"hit"}
[client] {"a":5,"dup":false,"ev":"game","ms":20887,"predicted":false,"t":0,"tick":1114,"type":"hit"}
[client] {"a":4,"dup":false,"ev":"game","ms":21288,"predicted":false,"t":8,"tick":1138,"type":"hit"}
[client] {"a":6,"dup":false,"ev":"game","ms":21288,"predicted":false,"t":2,"tick":1138,"type":"hit"}
[client] {"a":3,"dup":false,"ev":"game","ms":21336,"predicted":false,"t":6,"tick":1141,"type":"hit"}
[client] {"a":5,"dup":false,"ev":"game","ms":21440,"predicted":false,"t":1,"tick":1147,"type":"block"}
[client] {"a":7,"dup":false,"ev":"game","ms":21522,"predicted":false,"t":4,"tick":1152,"type":"hit"}
[client] {"a":9,"dup":false,"ev":"game","ms":21842,"predicted":false,"t":2,"tick":1171,"type":"block"}
[client] {"a":5,"dup":false,"ev":"game","ms":21853,"predicted":false,"t":1,"tick":1172,"type":"block"}
[client] {"a":3,"dup":false,"ev":"game","ms":21956,"predicted":false,"t":9,"tick":1178,"type":"hit"}
[client] {"a":0,"dup":false,"ev":"game","ms":22019,"predicted":false,"t":5,"tick":1182,"type":"hit"}
[client] {"a":6,"dup":false,"ev":"game","ms":22101,"predicted":false,"t":3,"tick":1187,"type":"hit"}
[client] {"a":7,"dup":false,"ev":"game","ms":22101,"predicted":false,"t":4,"tick":1187,"type":"block"}
[client] {"a":8,"dup":false,"ev":"game","ms":22219,"predicted":false,"t":4,"tick":1194,"type":"hit"}
[client] {"a":8,"dup":false,"ev":"game","ms":22467,"predicted":false,"t":4,"tick":1209,"type":"hit"}
[client] {"a":9,"dup":false,"ev":"game","ms":22618,"predicted":false,"t":2,"tick":1218,"type":"guard_break"}
[client] {"a":5,"dup":false,"ev":"game","ms":22971,"predicted":false,"t":1,"tick":1239,"type":"block"}
[client] {"a":7,"dup":false,"ev":"game","ms":22971,"predicted":false,"t":4,"tick":1239,"type":"hit"}
[client] {"a":5,"dup":false,"ev":"game","ms":23302,"predicted":false,"t":1,"tick":1259,"type":"guard_break"}
[client] {"a":0,"dup":false,"ev":"game","ms":23440,"predicted":false,"t":5,"tick":1267,"type":"hit"}
[client] {"a":3,"dup":false,"ev":"game","ms":23605,"predicted":false,"t":5,"tick":1277,"type":"hit"}
[client] {"a":8,"dup":false,"ev":"game","ms":23786,"predicted":false,"t":2,"tick":1288,"type":"hit"}
[client] {"a":9,"dup":false,"ev":"game","ms":23902,"predicted":false,"t":2,"tick":1295,"type":"hit"}
[client] {"a":5,"dup":false,"ev":"game","ms":24054,"predicted":false,"t":3,"tick":1304,"type":"hit"}
[client] {"a":8,"dup":false,"ev":"game","ms":24289,"predicted":false,"t":2,"tick":1318,"type":"hit"}
[client] {"a":5,"dup":false,"ev":"game","ms":24386,"predicted":false,"t":3,"tick":1324,"type":"block"}
[client] {"a":9,"dup":false,"ev":"game","ms":24406,"predicted":false,"t":2,"tick":1325,"type":"hit"}
[client] {"a":0,"dup":false,"ev":"game","ms":24723,"predicted":false,"t":5,"tick":1344,"type":"hit"}
[client] {"counts":{"blocks_on_me":6,"conf_actions":0,"confirmed_hits":47,"dup_confirmed":0,"hits_on_me":0,"pred_actions":0,"predicted_confirmed":0,"predicted_hits":0,"reconnects":0},"ev":"stats","hp":260.0,"in_bytes":301731,"late":0,"local_entity":1,"match":{"countdown_until":300,"ctrl":-1,"final":false,"next":"","phase":3,"rot":2537,"scores":[0,0],"sd":false,"state":3,"tick":1063,"zone":"B"},"max_err":0.878,"mean_err":0.0763,"ms":24936,"out_bytes":66758,"pending":13,"pos":[-1.78,-3.7],"reconciles":442,"server_tick":1361,"snaps":445,"teleports":1}
[client] {"a":5,"dup":false,"ev":"game","ms":25326,"predicted":false,"t":3,"tick":1380,"type":"block"}
[client] {"a":0,"dup":false,"ev":"game","ms":25733,"predicted":false,"t":5,"tick":1405,"type":"hit"}
[client] {"a":5,"dup":false,"ev":"game","ms":25733,"predicted":false,"t":-1,"tick":1405,"type":"ko"}
[client] {"a":8,"dup":false,"ev":"game","ms":26354,"predicted":false,"t":3,"tick":1442,"type":"block"}
[client] {"a":6,"dup":false,"ev":"game","ms":26672,"predicted":false,"t":0,"tick":1461,"type":"hit"}
[client] {"a":8,"dup":false,"ev":"game","ms":26934,"predicted":false,"t":1,"tick":1477,"type":"guard_break"}
[client] {"a":6,"dup":false,"ev":"game","ms":27204,"predicted":false,"t":1,"tick":1493,"type":"hit"}
[client] {"a":0,"dup":false,"ev":"game","ms":27417,"predicted":false,"t":7,"tick":1506,"type":"hit"}
[client] {"a":0,"dup":false,"ev":"game","ms":27417,"predicted":false,"t":8,"tick":1506,"type":"hit"}
[client] {"a":0,"dup":false,"ev":"game","ms":27603,"predicted":false,"t":7,"tick":1517,"type":"hit"}
[client] {"a":9,"dup":false,"ev":"game","ms":27638,"predicted":false,"t":1,"tick":1519,"type":"guard_break"}
[client] {"a":0,"dup":false,"ev":"game","ms":27651,"predicted":false,"t":8,"tick":1520,"type":"hit"}
[client] {"a":6,"dup":false,"ev":"game","ms":28121,"predicted":false,"t":1,"tick":1548,"type":"hit"}
[client] {"a":0,"dup":false,"ev":"game","ms":28369,"predicted":false,"t":6,"tick":1563,"type":"hit"}
[client] {"a":7,"dup":false,"ev":"game","ms":28451,"predicted":false,"t":0,"tick":1568,"type":"hit"}
[client] {"a":7,"dup":false,"ev":"game","ms":28487,"predicted":false,"t":3,"tick":1570,"type":"hit"}
[client] {"a":7,"dup":false,"ev":"game","ms":29321,"predicted":false,"t":0,"tick":1620,"type":"hit"}
[client] {"a":7,"dup":false,"ev":"game","ms":29336,"predicted":false,"t":1,"tick":1621,"type":"guard_break"}
[client] {"a":0,"dup":false,"ev":"game","ms":29701,"predicted":false,"t":7,"tick":1643,"type":"hit"}
[client] {"a":8,"dup":false,"ev":"game","ms":29736,"predicted":false,"t":1,"tick":1645,"type":"hit"}
[client] {"a":9,"dup":false,"ev":"game","ms":29737,"predicted":false,"t":1,"tick":1645,"type":"hit"}
[client] {"counts":{"blocks_on_me":6,"conf_actions":0,"confirmed_hits":62,"dup_confirmed":0,"hits_on_me":4,"pred_actions":0,"predicted_confirmed":0,"predicted_hits":0,"reconnects":0},"ev":"stats","hp":148.0,"in_bytes":365394,"late":0,"local_entity":1,"match":{"countdown_until":300,"ctrl":-1,"final":false,"next":"","phase":3,"rot":2237,"scores":[0,0],"sd":false,"state":3,"tick":1363,"zone":"B"},"max_err":2.078,"mean_err":0.0722,"ms":29934,"out_bytes":81458,"pending":13,"pos":[0.13,-6.69],"reconciles":539,"server_tick":1661,"snaps":542,"teleports":1}
[client] {"a":0,"dup":false,"ev":"game","ms":30018,"predicted":false,"t":7,"tick":1662,"type":"hit"}
[client] {"a":8,"dup":false,"ev":"game","ms":31556,"predicted":false,"t":0,"tick":1754,"type":"hit"}
[client] {"a":9,"dup":false,"ev":"game","ms":31619,"predicted":false,"t":1,"tick":1758,"type":"guard_break"}
[client] {"a":8,"dup":false,"ev":"game","ms":32255,"predicted":false,"t":0,"tick":1796,"type":"hit"}
[client] {"a":9,"dup":false,"ev":"game","ms":32441,"predicted":false,"t":1,"tick":1807,"type":"hit"}
[client] {"a":0,"dup":false,"ev":"game","ms":32995,"predicted":false,"t":8,"tick":1840,"type":"block"}
[client] {"a":7,"dup":false,"ev":"game","ms":33075,"predicted":false,"t":1,"tick":1845,"type":"guard_break"}
[client] {"a":9,"dup":false,"ev":"game","ms":33372,"predicted":false,"t":1,"tick":1863,"type":"hit"}
[client] {"a":0,"dup":false,"ev":"game","ms":33538,"predicted":false,"t":8,"tick":1873,"type":"hit"}
[client] {"a":7,"dup":false,"ev":"game","ms":34503,"predicted":false,"t":4,"tick":1931,"type":"hit"}
[client] {"a":2,"dup":false,"ev":"game","ms":34690,"predicted":false,"t":9,"tick":1942,"type":"hit"}
[client] {"counts":{"blocks_on_me":6,"conf_actions":0,"confirmed_hits":70,"dup_confirmed":0,"hits_on_me":6,"pred_actions":0,"predicted_confirmed":0,"predicted_hits":0,"reconnects":0},"ev":"stats","hp":96.0,"in_bytes":427516,"late":0,"local_entity":1,"match":{"countdown_until":300,"ctrl":-1,"final":false,"next":"","phase":3,"rot":1937,"scores":[0,0],"sd":false,"state":3,"tick":1663,"zone":"B"},"max_err":2.078,"mean_err":0.066,"ms":34937,"out_bytes":96158,"pending":13,"pos":[1.77,-6.71],"reconciles":638,"server_tick":1961,"snaps":641,"teleports":1}
[client] {"a":0,"dup":false,"ev":"game","ms":35158,"predicted":false,"t":7,"tick":1970,"type":"hit"}
[client] {"a":5,"dup":false,"ev":"game","ms":35732,"predicted":false,"t":-1,"tick":2005,"type":"respawn"}
[client] {"a":9,"dup":false,"ev":"game","ms":36449,"predicted":false,"t":0,"tick":2048,"type":"hit"}
[client] {"a":7,"dup":false,"ev":"game","ms":36966,"predicted":false,"t":1,"tick":2079,"type":"guard_break"}
[client] {"a":9,"dup":false,"ev":"game","ms":37070,"predicted":false,"t":2,"tick":2085,"type":"block"}
[client] {"a":9,"dup":false,"ev":"game","ms":37533,"predicted":false,"t":2,"tick":2113,"type":"block"}
[client] {"a":7,"dup":false,"ev":"game","ms":37698,"predicted":false,"t":1,"tick":2123,"type":"hit"}
[client] {"a":8,"dup":false,"ev":"game","ms":37802,"predicted":false,"t":0,"tick":2129,"type":"hit"}
[client] {"a":8,"dup":false,"ev":"game","ms":37802,"predicted":false,"t":2,"tick":2129,"type":"block"}
[client] {"a":8,"dup":false,"ev":"game","ms":38037,"predicted":false,"t":0,"tick":2143,"type":"hit"}
[client] {"a":8,"dup":false,"ev":"game","ms":38050,"predicted":false,"t":2,"tick":2144,"type":"block"}
[client] {"a":9,"dup":false,"ev":"game","ms":38084,"predicted":false,"t":2,"tick":2146,"type":"block"}
[client] {"a":7,"dup":false,"ev":"game","ms":38167,"predicted":false,"t":1,"tick":2151,"type":"guard_break"}
[client] {"a":7,"dup":false,"ev":"game","ms":38188,"predicted":false,"t":0,"tick":2152,"type":"hit"}
[client] {"a":0,"dup":false,"ev":"game","ms":38188,"predicted":false,"t":-1,"tick":2152,"type":"ko"}
[client] {"a":7,"dup":false,"ev":"game","ms":38401,"predicted":false,"t":2,"tick":2165,"type":"hit"}
[client] {"a":7,"dup":false,"ev":"game","ms":38415,"predicted":false,"t":1,"tick":2166,"type":"hit"}
[client] {"a":7,"dup":false,"ev":"game","ms":39016,"predicted":false,"t":1,"tick":2202,"type":"guard_break"}
[client] {"a":7,"dup":false,"ev":"game","ms":39506,"predicted":false,"t":1,"tick":2231,"type":"hit"}
[client] {"a":3,"dup":false,"ev":"game","ms":39768,"predicted":false,"t":7,"tick":2247,"type":"hit"}
[client] {"counts":{"blocks_on_me":6,"conf_actions":0,"confirmed_hits":80,"dup_confirmed":0,"hits_on_me":9,"pred_actions":0,"predicted_confirmed":0,"predicted_hits":0,"reconnects":0},"ev":"stats","hp":40.0,"in_bytes":493465,"late":0,"local_entity":1,"match":{"countdown_until":300,"ctrl":-1,"final":false,"next":"","phase":3,"rot":1637,"scores":[0,0],"sd":false,"state":3,"tick":1963,"zone":"B"},"max_err":2.078,"mean_err":0.0612,"ms":39932,"out_bytes":110858,"pending":13,"pos":[-1.32,-7.35],"reconciles":738,"server_tick":2261,"snaps":741,"teleports":1}
[client] {"a":9,"dup":false,"ev":"game","ms":40472,"predicted":false,"t":1,"tick":2289,"type":"guard_break"}
[client] {"a":3,"dup":false,"ev":"game","ms":40485,"predicted":false,"t":9,"tick":2290,"type":"hit"}
[client] {"a":3,"dup":false,"ev":"game","ms":40920,"predicted":false,"t":9,"tick":2316,"type":"hit"}
[client] {"a":3,"dup":false,"ev":"game","ms":41168,"predicted":false,"t":9,"tick":2331,"type":"hit"}
[client] {"a":3,"dup":false,"ev":"game","ms":41216,"predicted":false,"t":8,"tick":2334,"type":"hit"}
[client] {"a":9,"dup":false,"ev":"game","ms":41817,"predicted":false,"t":1,"tick":2370,"type":"guard_break"}
[client] {"a":3,"dup":false,"ev":"game","ms":41993,"predicted":false,"t":9,"tick":2380,"type":"hit"}
[client] {"a":9,"dup":false,"ev":"game","ms":42318,"predicted":false,"t":3,"tick":2400,"type":"hit"}
[client] {"a":9,"dup":false,"ev":"game","ms":42353,"predicted":false,"t":1,"tick":2402,"type":"hit"}
[client] {"a":9,"dup":false,"ev":"game","ms":42870,"predicted":false,"t":3,"tick":2433,"type":"block"}
[client] {"a":9,"dup":false,"ev":"game","ms":42904,"predicted":false,"t":1,"tick":2435,"type":"guard_break"}
[client] {"a":3,"dup":false,"ev":"game","ms":43837,"predicted":false,"t":9,"tick":2491,"type":"hit"}
[client] {"a":2,"dup":false,"ev":"game","ms":44085,"predicted":false,"t":9,"tick":2506,"type":"hit"}
[client] {"a":8,"dup":false,"ev":"game","ms":44105,"predicted":false,"t":2,"tick":2507,"type":"hit"}
[client] {"a":8,"dup":false,"ev":"game","ms":44920,"predicted":false,"t":3,"tick":2556,"type":"hit"}
[client] {"counts":{"blocks_on_me":6,"conf_actions":0,"confirmed_hits":91,"dup_confirmed":0,"hits_on_me":10,"pred_actions":0,"predicted_confirmed":0,"predicted_hits":0,"reconnects":0},"ev":"stats","hp":22.0,"in_bytes":560502,"late":0,"local_entity":1,"match":{"countdown_until":300,"ctrl":-1,"final":false,"next":"","phase":3,"rot":1337,"scores":[0,0],"sd":false,"state":3,"tick":2263,"zone":"B"},"max_err":2.078,"mean_err":0.0558,"ms":44932,"out_bytes":125558,"pending":13,"pos":[-1.67,-7.59],"reconciles":837,"server_tick":2561,"snaps":840,"teleports":1}
[client] {"a":8,"dup":false,"ev":"game","ms":45369,"predicted":false,"t":3,"tick":2583,"type":"block"}
[client] {"a":8,"dup":false,"ev":"game","ms":45603,"predicted":false,"t":3,"tick":2597,"type":"block"}
[client] {"a":8,"dup":false,"ev":"game","ms":45638,"predicted":false,"t":1,"tick":2599,"type":"guard_break"}
[client] {"a":3,"dup":false,"ev":"game","ms":46520,"predicted":false,"t":8,"tick":2652,"type":"hit"}
[client] {"a":8,"dup":false,"ev":"game","ms":47204,"predicted":false,"t":4,"tick":2693,"type":"hit"}
[client] {"a":3,"dup":false,"ev":"game","ms":47487,"predicted":false,"t":8,"tick":2710,"type":"hit"}
[client] {"a":8,"dup":false,"ev":"game","ms":47935,"predicted":false,"t":4,"tick":2737,"type":"hit"}
[client] {"a":0,"dup":false,"ev":"game","ms":48191,"predicted":false,"t":-1,"tick":2752,"type":"respawn"}
[client] {"a":3,"dup":false,"ev":"game","ms":48240,"predicted":false,"t":8,"tick":2755,"type":"hit"}
[client] {"a":4,"dup":false,"ev":"game","ms":49122,"predicted":false,"t":5,"tick":2808,"type":"hit"}
[client] {"a":3,"dup":false,"ev":"game","ms":49156,"predicted":false,"t":5,"tick":2810,"type":"hit"}
[client] {"a":3,"dup":false,"ev":"game","ms":49405,"predicted":false,"t":5,"tick":2825,"type":"hit"}
[client] {"counts":{"blocks_on_me":6,"conf_actions":0,"confirmed_hits":99,"dup_confirmed":0,"hits_on_me":10,"pred_actions":0,"predicted_confirmed":0,"predicted_hits":0,"reconnects":0},"ev":"stats","hp":55.2999999999998,"in_bytes":622727,"late":0,"local_entity":1,"match":{"countdown_until":300,"ctrl":-1,"final":false,"next":"","phase":3,"rot":1040,"scores":[0,0],"sd":false,"state":3,"tick":2560,"zone":"B"},"max_err":2.078,"mean_err":0.0507,"ms":49935,"out_bytes":140258,"pending":13,"pos":[-1.24,-5.1],"reconciles":935,"server_tick":2861,"snaps":937,"teleports":1}
[client] {"a":4,"dup":false,"ev":"game","ms":50074,"predicted":false,"t":5,"tick":2865,"type":"hit"}
[client] {"a":4,"dup":false,"ev":"game","ms":50737,"predicted":false,"t":5,"tick":2905,"type":"hit"}
[client] {"a":6,"dup":false,"ev":"game","ms":51289,"predicted":false,"t":1,"tick":2938,"type":"guard_break"}
[client] {"a":6,"dup":false,"ev":"game","ms":51593,"predicted":false,"t":1,"tick":2956,"type":"hit"}
[client] {"a":6,"dup":false,"ev":"game","ms":51938,"predicted":false,"t":1,"tick":2977,"type":"guard_break"}
[client] {"a":3,"dup":false,"ev":"game","ms":52006,"predicted":false,"t":6,"tick":2981,"type":"hit"}
[client] {"a":7,"dup":false,"ev":"game","ms":52641,"predicted":false,"t":1,"tick":3019,"type":"hit"}
[client] {"a":4,"dup":false,"ev":"game","ms":52710,"predicted":false,"t":5,"tick":3023,"type":"hit"}
[client] {"a":4,"dup":false,"ev":"game","ms":53490,"predicted":false,"t":6,"tick":3070,"type":"hit"}
[client] {"a":4,"dup":false,"ev":"game","ms":53524,"predicted":false,"t":5,"tick":3072,"type":"hit"}
[client] {"a":7,"dup":false,"ev":"game","ms":53628,"predicted":false,"t":1,"tick":3078,"type":"guard_break"}
[client] {"a":7,"dup":false,"ev":"game","ms":53676,"predicted":false,"t":3,"tick":3081,"type":"hit"}
[client] {"a":7,"dup":false,"ev":"game","ms":53855,"predicted":false,"t":1,"tick":3092,"type":"hit"}
[client] {"a":7,"dup":false,"ev":"game","ms":53855,"predicted":false,"t":3,"tick":3092,"type":"hit"}
[client] {"a":4,"dup":false,"ev":"game","ms":53973,"predicted":false,"t":6,"tick":3099,"type":"block"}
[client] {"a":5,"dup":false,"ev":"game","ms":54373,"predicted":false,"t":4,"tick":3123,"type":"hit"}
[client] {"a":7,"dup":false,"ev":"game","ms":54456,"predicted":false,"t":1,"tick":3128,"type":"guard_break"}
[client] {"a":7,"dup":false,"ev":"game","ms":54456,"predicted":false,"t":3,"tick":3128,"type":"hit"}
[client] {"a":7,"dup":false,"ev":"game","ms":54511,"predicted":false,"t":0,"tick":3131,"type":"hit"}
[client] {"a":0,"dup":false,"ev":"game","ms":54891,"predicted":false,"t":7,"tick":3154,"type":"hit"}
[client] {"counts":{"blocks_on_me":6,"conf_actions":0,"confirmed_hits":114,"dup_confirmed":0,"hits_on_me":13,"pred_actions":0,"predicted_confirmed":0,"predicted_hits":0,"reconnects":0},"ev":"stats","hp":4.49999999999957,"in_bytes":693346,"late":0,"local_entity":1,"match":{"countdown_until":300,"ctrl":-1,"final":false,"next":"A","phase":3,"rot":737,"scores":[0,0],"sd":false,"state":3,"tick":2863,"zone":"B"},"max_err":2.082,"mean_err":0.0506,"ms":54944,"out_bytes":154958,"pending":13,"pos":[-0.39,-6.91],"reconciles":1035,"server_tick":3161,"snaps":1038,"teleports":1}
[client] {"a":1,"dup":false,"ev":"game","ms":55173,"predicted":false,"t":-1,"tick":3176,"type":"ko"}
[client] {"a":7,"dup":false,"ev":"game","ms":55256,"predicted":false,"t":1,"tick":3176,"type":"hit"}
[client] {"a":7,"dup":false,"ev":"game","ms":55311,"predicted":false,"t":0,"tick":3179,"type":"hit"}
[client] {"a":4,"dup":false,"ev":"game","ms":55692,"predicted":false,"t":6,"tick":3202,"type":"block"}
[client] {"a":2,"dup":false,"ev":"game","ms":55960,"predicted":false,"t":7,"tick":3218,"type":"hit"}
[client] {"a":5,"dup":false,"ev":"game","ms":56160,"predicted":false,"t":4,"tick":3230,"type":"hit"}
[client] {"a":6,"dup":false,"ev":"game","ms":56478,"predicted":false,"t":4,"tick":3249,"type":"hit"}
[client] {"a":0,"dup":false,"ev":"game","ms":57340,"predicted":false,"t":9,"tick":3301,"type":"hit"}
[client] {"a":6,"dup":false,"ev":"game","ms":57686,"predicted":false,"t":0,"tick":3322,"type":"hit"}
[client] {"a":6,"dup":false,"ev":"game","ms":58023,"predicted":false,"t":0,"tick":3342,"type":"hit"}
[client] {"a":7,"dup":false,"ev":"game","ms":58920,"predicted":false,"t":0,"tick":3396,"type":"hit"}
[client] {"a":5,"dup":false,"ev":"game","ms":59344,"predicted":false,"t":0,"tick":3421,"type":"hit"}
[client] {"counts":{"blocks_on_me":6,"conf_actions":0,"confirmed_hits":124,"dup_confirmed":0,"hits_on_me":14,"pred_actions":0,"predicted_confirmed":0,"predicted_hits":0,"reconnects":0},"ev":"stats","hp":0.0,"in_bytes":757822,"late":0,"local_entity":1,"match":{"countdown_until":300,"ctrl":-1,"final":false,"next":"A","phase":3,"rot":437,"scores":[0,0],"sd":false,"state":3,"tick":3163,"zone":"B"},"max_err":2.082,"mean_err":0.0462,"ms":59940,"out_bytes":169658,"pending":13,"pos":[-0.39,-6.91],"reconciles":1134,"server_tick":3461,"snaps":1137,"teleports":1}
[client] {"a":0,"dup":false,"ev":"game","ms":60120,"predicted":false,"t":9,"tick":3468,"type":"hit"}
[client] {"a":7,"dup":false,"ev":"game","ms":60142,"predicted":false,"t":2,"tick":3469,"type":"block"}
[client] {"a":5,"dup":false,"ev":"game","ms":60286,"predicted":false,"t":0,"tick":3478,"type":"hit"}
[client] {"a":6,"dup":false,"ev":"game","ms":60355,"predicted":false,"t":2,"tick":3482,"type":"block"}
[client] {"a":8,"dup":false,"ev":"game","ms":60624,"predicted":false,"t":2,"tick":3498,"type":"block"}
[client] {"a":6,"dup":false,"ev":"game","ms":61004,"predicted":false,"t":2,"tick":3521,"type":"block"}
[client] {"a":9,"dup":false,"ev":"game","ms":61074,"predicted":false,"t":0,"tick":3525,"type":"hit"}
[client] {"a":6,"dup":false,"ev":"game","ms":61321,"predicted":false,"t":2,"tick":3540,"type":"hit"}
[client] {"a":0,"dup":false,"ev":"game","ms":61425,"predicted":false,"t":9,"tick":3546,"type":"hit"}
[client] {"a":5,"dup":false,"ev":"game","ms":61521,"predicted":false,"t":2,"tick":3552,"type":"hit"}
[client] {"a":5,"dup":false,"ev":"game","ms":61556,"predicted":false,"t":0,"tick":3554,"type":"hit"}
[client] {"a":6,"dup":false,"ev":"game","ms":61665,"predicted":false,"t":2,"tick":3560,"type":"hit"}
[client] {"a":9,"dup":false,"ev":"game","ms":62557,"predicted":false,"t":0,"tick":3614,"type":"hit"}
[client] {"a":2,"dup":false,"ev":"game","ms":63156,"predicted":false,"t":8,"tick":3650,"type":"hit"}
[client] {"a":9,"dup":false,"ev":"game","ms":63225,"predicted":false,"t":0,"tick":3654,"type":"hit"}
[client] {"a":0,"dup":false,"ev":"game","ms":63225,"predicted":false,"t":-1,"tick":3654,"type":"ko"}
[client] {"a":7,"dup":false,"ev":"game","ms":63571,"predicted":false,"t":2,"tick":3675,"type":"hit"}
[client] {"a":7,"dup":false,"ev":"game","ms":64123,"predicted":false,"t":2,"tick":3708,"type":"block"}
[client] {"counts":{"blocks_on_me":6,"conf_actions":0,"confirmed_hits":136,"dup_confirmed":0,"hits_on_me":14,"pred_actions":0,"predicted_confirmed":0,"predicted_hits":0,"reconnects":0},"ev":"stats","hp":0.0,"in_bytes":826030,"late":0,"local_entity":1,"match":{"countdown_until":300,"ctrl":1,"final":false,"next":"A","phase":3,"rot":137,"scores":[0,0],"sd":false,"state":2,"tick":3463,"zone":"B"},"max_err":2.082,"mean_err":0.0425,"ms":64943,"out_bytes":184358,"pending":13,"pos":[-0.39,-6.91],"reconciles":1234,"server_tick":3762,"snaps":1237,"teleports":1}
[client] {"a":1,"dup":false,"ev":"game","ms":65171,"predicted":false,"t":-1,"tick":3776,"type":"respawn"}
[client] {"a":-1,"dup":false,"ev":"game","ms":67311,"predicted":false,"t":-1,"tick":3899,"type":"zone_rotated"}
[client] {"a":8,"dup":false,"ev":"game","ms":69670,"predicted":false,"t":1,"tick":4041,"type":"block"}
[client] {"counts":{"blocks_on_me":7,"conf_actions":0,"confirmed_hits":136,"dup_confirmed":0,"hits_on_me":14,"pred_actions":0,"predicted_confirmed":0,"predicted_hits":0,"reconnects":0},"ev":"stats","hp":260.0,"in_bytes":885519,"late":0,"local_entity":1,"match":{"countdown_until":300,"ctrl":0,"final":false,"next":"","phase":3,"rot":3437,"scores":[1,2],"sd":false,"state":2,"tick":3763,"zone":"A"},"max_err":2.082,"mean_err":0.04,"ms":69938,"out_bytes":199058,"pending":16,"pos":[1.44,-29.23],"reconciles":1330,"server_tick":4061,"snaps":1334,"teleports":2}
[client] {"a":2,"dup":false,"ev":"game","ms":70402,"predicted":false,"t":9,"tick":4085,"type":"hit"}
[client] {"a":8,"dup":false,"ev":"game","ms":70402,"predicted":false,"t":1,"tick":4085,"type":"block"}
[client] {"a":8,"dup":false,"ev":"game","ms":70657,"predicted":false,"t":1,"tick":4100,"type":"block"}
[client] {"a":2,"dup":false,"ev":"game","ms":71437,"predicted":false,"t":9,"tick":4147,"type":"hit"}
[client] {"a":8,"dup":false,"ev":"game","ms":71638,"predicted":false,"t":1,"tick":4159,"type":"block"}
[client] {"a":9,"dup":false,"ev":"game","ms":71803,"predicted":false,"t":2,"tick":4169,"type":"hit"}
[client] {"a":6,"dup":false,"ev":"game","ms":72120,"predicted":false,"t":4,"tick":4188,"type":"hit"}
[client] {"a":5,"dup":false,"ev":"game","ms":72423,"predicted":false,"t":4,"tick":4206,"type":"hit"}
[client] {"a":7,"dup":false,"ev":"game","ms":72472,"predicted":false,"t":4,"tick":4209,"type":"hit"}
[client] {"a":8,"dup":false,"ev":"game","ms":72823,"predicted":false,"t":1,"tick":4230,"type":"guard_break"}
[client] {"a":7,"dup":false,"ev":"game","ms":72906,"predicted":false,"t":4,"tick":4235,"type":"hit"}
[client] {"a":0,"dup":false,"ev":"game","ms":73224,"predicted":false,"t":-1,"tick":4254,"type":"respawn"}
[client] {"a":4,"dup":false,"ev":"game","ms":73286,"predicted":false,"t":7,"tick":4258,"type":"hit"}
[client] {"a":8,"dup":false,"ev":"game","ms":73624,"predicted":false,"t":1,"tick":4278,"type":"hit"}
[client] {"a":7,"dup":false,"ev":"game","ms":73673,"predicted":false,"t":4,"tick":4281,"type":"block"}
[client] {"a":6,"dup":false,"ev":"game","ms":74156,"predicted":false,"t":4,"tick":4310,"type":"block"}
[client] {"a":8,"dup":false,"ev":"game","ms":74190,"predicted":false,"t":1,"tick":4312,"type":"guard_break"}
[client] {"a":4,"dup":false,"ev":"game","ms":74604,"predicted":false,"t":7,"tick":4337,"type":"hit"}
[client] {"a":8,"dup":false,"ev":"game","ms":74721,"predicted":false,"t":1,"tick":4344,"type":"hit"}
[client] {"counts":{"blocks_on_me":10,"conf_actions":0,"confirmed_hits":147,"dup_confirmed":0,"hits_on_me":16,"pred_actions":0,"predicted_confirmed":0,"predicted_hits":0,"reconnects":0},"ev":"stats","hp":224.0,"in_bytes":955093,"late":0,"local_entity":1,"match":{"countdown_until":300,"ctrl":0,"final":false,"next":"","phase":3,"rot":3137,"scores":[6,2],"sd":false,"state":2,"tick":4063,"zone":"A"},"max_err":2.082,"mean_err":0.0392,"ms":74941,"out_bytes":213758,"pending":13,"pos":[2.53,-27.5],"reconciles":1429,"server_tick":4361,"snaps":1433,"teleports":2}
[client] {"a":8,"dup":false,"ev":"game","ms":75342,"predicted":false,"t":1,"tick":4381,"type":"guard_break"}
[client] {"a":6,"dup":false,"ev":"game","ms":75556,"predicted":false,"t":4,"tick":4394,"type":"hit"}
[client] {"a":8,"dup":false,"ev":"game","ms":76108,"predicted":false,"t":1,"tick":4427,"type":"hit"}
[client] {"a":8,"dup":false,"ev":"game","ms":76592,"predicted":false,"t":1,"tick":4456,"type":"guard_break"}
[client] {"a":0,"dup":false,"ev":"game","ms":76937,"predicted":false,"t":8,"tick":4477,"type":"hit"}
[client] {"a":0,"dup":false,"ev":"game","ms":77150,"predicted":false,"t":8,"tick":4490,"type":"hit"}
[client] {"a":6,"dup":false,"ev":"game","ms":77337,"predicted":false,"t":4,"tick":4501,"type":"hit"}
[client] {"a":0,"dup":false,"ev":"game","ms":77669,"predicted":false,"t":8,"tick":4521,"type":"hit"}
[client] {"a":6,"dup":false,"ev":"game","ms":77751,"predicted":false,"t":4,"tick":4526,"type":"block"}
[client] {"a":6,"dup":false,"ev":"game","ms":78137,"predicted":false,"t":4,"tick":4549,"type":"block"}
[client] {"a":4,"dup":false,"ev":"game","ms":79538,"predicted":false,"t":6,"tick":4633,"type":"hit"}
[client] {"counts":{"blocks_on_me":10,"conf_actions":0,"confirmed_hits":154,"dup_confirmed":0,"hits_on_me":17,"pred_actions":0,"predicted_confirmed":0,"predicted_hits":0,"reconnects":0},"ev":"stats","hp":206.0,"in_bytes":1023880,"late":0,"local_entity":1,"match":{"countdown_until":300,"ctrl":0,"final":false,"next":"","phase":3,"rot":2837,"scores":[8,2],"sd":false,"state":2,"tick":4363,"zone":"A"},"max_err":2.082,"mean_err":0.0371,"ms":79936,"out_bytes":228458,"pending":13,"pos":[-1.63,-20.61],"reconciles":1528,"server_tick":4661,"snaps":1532,"teleports":2}
[client] {"a":4,"dup":false,"ev":"game","ms":80000,"predicted":false,"t":6,"tick":4661,"type":"hit"}
[client] {"counts":{"blocks_on_me":10,"conf_actions":0,"confirmed_hits":155,"dup_confirmed":0,"hits_on_me":17,"pred_actions":0,"predicted_confirmed":0,"predicted_hits":0,"reconnects":0},"ev":"stats","hp":206.0,"in_bytes":1024382,"late":0,"local_entity":1,"match":{"countdown_until":300,"ctrl":0,"final":false,"next":"","phase":3,"rot":2834,"scores":[8,2],"sd":false,"state":2,"tick":4366,"zone":"A"},"max_err":2.082,"mean_err":0.0371,"ms":80019,"out_bytes":228703,"pending":12,"pos":[-1.96,-20.15],"reconciles":1530,"server_tick":4666,"snaps":1533,"teleports":2}
