Godot Engine v4.7.2.stable.official.ed1daf0bf - https://godotengine.org

[client] {"detail":"127.0.0.1:24651","ev":"status","ms":1,"status":"connecting"}
[client] {"detail":"","ev":"status","ms":126,"status":"connected"}
[client] {"ev":"welcome","ms":188,"observer":false,"pid":5}
[client] {"ev":"pick","f":"bruno","ms":188}
[client] {"ev":"lock","f":"bruno","ms":919}
[client] {"ev":"match_setup","fighters":10,"ms":1987,"you":6}
[client] {"counts":{"blocks_on_me":0,"conf_actions":0,"confirmed_hits":0,"dup_confirmed":0,"hits_on_me":0,"pred_actions":0,"predicted_confirmed":0,"predicted_hits":0,"reconnects":0},"ev":"stats","hp":280.0,"in_bytes":56979,"late":0,"local_entity":6,"match":{"countdown_until":300,"ctrl":-1,"final":false,"next":"","phase":2,"rot":3600,"scores":[0,0],"sd":false,"state":1,"tick":0,"zone":""},"max_err":0.61,"mean_err":0.2729,"ms":4955,"out_bytes":8791,"pending":7,"pos":[-3.11,46.19],"reconciles":57,"server_tick":178,"snaps":58,"teleports":1}
[client] {"counts":{"blocks_on_me":0,"conf_actions":0,"confirmed_hits":0,"dup_confirmed":0,"hits_on_me":0,"pred_actions":0,"predicted_confirmed":0,"predicted_hits":0,"reconnects":0},"ev":"stats","hp":280.0,"in_bytes":102238,"late":0,"local_entity":6,"match":{"countdown_until":300,"ctrl":-1,"final":false,"next":"","phase":3,"rot":3422,"scores":[0,0],"sd":false,"state":1,"tick":178,"zone":"B"},"max_err":0.61,"mean_err":0.173,"ms":9958,"out_bytes":23491,"pending":7,"pos":[-2.26,27.04],"reconciles":157,"server_tick":478,"snaps":158,"teleports":1}
[client] {"a":8,"dup":false,"ev":"game","ms":13610,"predicted":false,"t":3,"tick":692,"type":"hit"}
[client] {"a":6,"dup":false,"ev":"game","ms":14362,"predicted":false,"t":3,"tick":742,"type":"block"}
[client] {"a":2,"dup":false,"ev":"game","ms":14480,"predicted":false,"t":6,"tick":744,"type":"hit"}
[client] {"a":5,"dup":false,"ev":"game","ms":14920,"predicted":false,"t":2,"tick":771,"type":"hit"}
[client] {"counts":{"blocks_on_me":0,"conf_actions":1,"confirmed_hits":3,"dup_confirmed":0,"hits_on_me":1,"pred_actions":1,"predicted_confirmed":0,"predicted_hits":0,"reconnects":0},"ev":"stats","hp":254.0,"in_bytes":164126,"late":0,"local_entity":6,"match":{"countdown_until":300,"ctrl":-1,"final":false,"next":"","phase":3,"rot":3122,"scores":[0,0],"sd":false,"state":3,"tick":478,"zone":"B"},"max_err":1.45,"mean_err":0.118,"ms":14953,"out_bytes":38191,"pending":7,"pos":[-3.05,0.57],"reconciles":255,"server_tick":778,"snaps":256,"teleports":1}
[client] {"a":5,"dup":false,"ev":"game","ms":14955,"predicted":false,"t":4,"tick":773,"type":"hit"}
[client] {"a":5,"dup":false,"ev":"game","ms":14968,"predicted":false,"t":3,"tick":774,"type":"block"}
[client] {"a":5,"dup":false,"ev":"game","ms":15239,"predicted":false,"t":2,"tick":790,"type":"block"}
[client] {"a":5,"dup":false,"ev":"game","ms":15272,"predicted":false,"t":3,"tick":792,"type":"block"}
[client] {"a":7,"dup":false,"ev":"game","ms":15452,"predicted":false,"t":2,"tick":803,"type":"hit"}
[client] {"a":9,"dup":false,"ev":"game","ms":15452,"predicted":false,"t":2,"tick":803,"type":"hit"}
[client] {"a":9,"dup":false,"ev":"game","ms":15572,"predicted":false,"t":3,"tick":808,"type":"block"}
[client] {"a":4,"dup":false,"ev":"game","ms":15573,"predicted":false,"t":5,"tick":809,"type":"hit"}
[client] {"a":4,"dup":false,"ev":"game","ms":15574,"predicted":false,"t":9,"tick":810,"type":"hit"}
[client] {"a":4,"dup":false,"ev":"game","ms":15605,"predicted":false,"t":7,"tick":811,"type":"hit"}
[client] {"a":8,"dup":false,"ev":"game","ms":16156,"predicted":false,"t":3,"tick":845,"type":"hit"}
[client] {"a":8,"dup":false,"ev":"game","ms":16906,"predicted":false,"t":4,"tick":890,"type":"hit"}
[client] {"a":3,"dup":false,"ev":"game","ms":16937,"predicted":false,"t":7,"tick":892,"type":"hit"}
[client] {"a":6,"dup":true,"ev":"game","ms":17205,"predicted":false,"t":4,"tick":913,"type":"hit"}
[client] {"a":5,"dup":false,"ev":"game","ms":17371,"predicted":false,"t":1,"tick":918,"type":"block"}
[client] {"a":9,"dup":false,"ev":"game","ms":17386,"predicted":false,"t":4,"tick":919,"type":"hit"}
[client] {"a":6,"dup":true,"ev":"game","ms":17571,"predicted":false,"t":4,"tick":935,"type":"hit"}
[client] {"a":5,"dup":false,"ev":"game","ms":17971,"predicted":false,"t":1,"tick":954,"type":"block"}
[client] {"a":3,"dup":false,"ev":"game","ms":18338,"predicted":false,"t":5,"tick":976,"type":"hit"}
[client] {"a":4,"dup":false,"ev":"game","ms":18558,"predicted":false,"t":8,"tick":989,"type":"hit"}
[client] {"a":4,"dup":false,"ev":"game","ms":18571,"predicted":false,"t":9,"tick":990,"type":"hit"}
[client] {"a":3,"dup":false,"ev":"game","ms":18806,"predicted":false,"t":5,"tick":1004,"type":"hit"}
[client] {"a":6,"dup":true,"ev":"game","ms":18889,"predicted":false,"t":3,"tick":1014,"type":"hit"}
[client] {"a":6,"dup":true,"ev":"game","ms":18924,"predicted":false,"t":2,"tick":1016,"type":"hit"}
[client] {"a":0,"dup":false,"ev":"game","ms":19503,"predicted":false,"t":5,"tick":1046,"type":"hit"}
[client] {"a":5,"dup":false,"ev":"game","ms":19855,"predicted":false,"t":1,"tick":1067,"type":"block"}
[client] {"a":0,"dup":false,"ev":"game","ms":19940,"predicted":false,"t":5,"tick":1072,"type":"hit"}
[client] {"counts":{"blocks_on_me":0,"conf_actions":8,"confirmed_hits":23,"dup_confirmed":0,"hits_on_me":1,"pred_actions":9,"predicted_confirmed":4,"predicted_hits":10,"reconnects":0},"ev":"stats","hp":254.0,"in_bytes":239028,"late":0,"local_entity":6,"match":{"countdown_until":300,"ctrl":-1,"final":false,"next":"","phase":3,"rot":2825,"scores":[0,0],"sd":false,"state":3,"tick":775,"zone":"B"},"max_err":1.45,"mean_err":0.0906,"ms":19957,"out_bytes":52891,"pending":14,"pos":[-2.26,-2.09],"reconciles":353,"server_tick":1078,"snaps":354,"teleports":1}
[client] {"a":9,"dup":false,"ev":"game","ms":20007,"predicted":false,"t":2,"tick":1076,"type":"hit"}
[client] {"a":8,"dup":false,"ev":"game","ms":20076,"predicted":false,"t":4,"tick":1080,"type":"hit"}
[client] {"a":6,"dup":true,"ev":"game","ms":20187,"predicted":false,"t":2,"tick":1092,"type":"hit"}
[client] {"a":9,"dup":false,"ev":"game","ms":20476,"predicted":false,"t":2,"tick":1104,"type":"block"}
[client] {"a":3,"dup":false,"ev":"game","ms":20607,"predicted":false,"t":9,"tick":1112,"type":"hit"}
[client] {"a":8,"dup":false,"ev":"game","ms":20621,"predicted":false,"t":4,"tick":1113,"type":"hit"}
[client] {"a":5,"dup":false,"ev":"game","ms":20643,"predicted":false,"t":0,"tick":1114,"type":"hit"}
[client] {"a":6,"dup":true,"ev":"game","ms":20960,"predicted":false,"t":2,"tick":1138,"type":"hit"}
[client] {"a":4,"dup":false,"ev":"game","ms":21043,"predicted":false,"t":8,"tick":1138,"type":"hit"}
[client] {"a":3,"dup":false,"ev":"game","ms":21091,"predicted":false,"t":6,"tick":1141,"type":"hit"}
[client] {"a":5,"dup":false,"ev":"game","ms":21189,"predicted":false,"t":1,"tick":1147,"type":"block"}
[client] {"a":7,"dup":false,"ev":"game","ms":21276,"predicted":false,"t":4,"tick":1152,"type":"hit"}
[client] {"a":9,"dup":false,"ev":"game","ms":21589,"predicted":false,"t":2,"tick":1171,"type":"block"}
[client] {"a":5,"dup":false,"ev":"game","ms":21608,"predicted":false,"t":1,"tick":1172,"type":"block"}
[client] {"a":3,"dup":false,"ev":"game","ms":21704,"predicted":false,"t":9,"tick":1178,"type":"hit"}
[client] {"a":0,"dup":false,"ev":"game","ms":21773,"predicted":false,"t":5,"tick":1182,"type":"hit"}
[client] {"a":6,"dup":true,"ev":"game","ms":21774,"predicted":false,"t":3,"tick":1187,"type":"hit"}
[client] {"a":7,"dup":false,"ev":"game","ms":21856,"predicted":false,"t":4,"tick":1187,"type":"block"}
[client] {"a":8,"dup":false,"ev":"game","ms":21973,"predicted":false,"t":4,"tick":1194,"type":"hit"}
[client] {"a":8,"dup":false,"ev":"game","ms":22222,"predicted":false,"t":4,"tick":1209,"type":"hit"}
[client] {"a":9,"dup":false,"ev":"game","ms":22373,"predicted":false,"t":2,"tick":1218,"type":"guard_break"}
[client] {"a":5,"dup":false,"ev":"game","ms":22725,"predicted":false,"t":1,"tick":1239,"type":"block"}
[client] {"a":7,"dup":false,"ev":"game","ms":22725,"predicted":false,"t":4,"tick":1239,"type":"hit"}
[client] {"a":5,"dup":false,"ev":"game","ms":23056,"predicted":false,"t":1,"tick":1259,"type":"guard_break"}
[client] {"a":0,"dup":false,"ev":"game","ms":23190,"predicted":false,"t":5,"tick":1267,"type":"hit"}
[client] {"a":3,"dup":false,"ev":"game","ms":23360,"predicted":false,"t":5,"tick":1277,"type":"hit"}
[client] {"a":8,"dup":false,"ev":"game","ms":23540,"predicted":false,"t":2,"tick":1288,"type":"hit"}
[client] {"a":9,"dup":false,"ev":"game","ms":23657,"predicted":false,"t":2,"tick":1295,"type":"hit"}
[client] {"a":5,"dup":false,"ev":"game","ms":23808,"predicted":false,"t":3,"tick":1304,"type":"hit"}
[client] {"a":8,"dup":false,"ev":"game","ms":24044,"predicted":false,"t":2,"tick":1318,"type":"hit"}
[client] {"a":5,"dup":false,"ev":"game","ms":24140,"predicted":false,"t":3,"tick":1324,"type":"block"}
[client] {"a":9,"dup":false,"ev":"game","ms":24161,"predicted":false,"t":2,"tick":1325,"type":"hit"}
[client] {"a":0,"dup":false,"ev":"game","ms":24478,"predicted":false,"t":5,"tick":1344,"type":"hit"}
[client] {"counts":{"blocks_on_me":0,"conf_actions":14,"confirmed_hits":47,"dup_confirmed":0,"hits_on_me":2,"pred_actions":14,"predicted_confirmed":7,"predicted_hits":17,"reconnects":0},"ev":"stats","hp":236.0,"in_bytes":317089,"late":0,"local_entity":6,"match":{"countdown_until":300,"ctrl":-1,"final":false,"next":"","phase":3,"rot":2522,"scores":[0,0],"sd":false,"state":3,"tick":1078,"zone":"B"},"max_err":1.45,"mean_err":0.0744,"ms":24960,"out_bytes":67591,"pending":11,"pos":[-2.93,-0.88],"reconciles":453,"server_tick":1378,"snaps":454,"teleports":1}
[client] {"a":5,"dup":false,"ev":"game","ms":25077,"predicted":false,"t":3,"tick":1380,"type":"block"}
[client] {"a":0,"dup":false,"ev":"game","ms":25485,"predicted":false,"t":5,"tick":1405,"type":"hit"}
[client] {"a":5,"dup":false,"ev":"game","ms":25485,"predicted":false,"t":-1,"tick":1405,"type":"ko"}
[client] {"a":8,"dup":false,"ev":"game","ms":26099,"predicted":false,"t":3,"tick":1442,"type":"block"}
[client] {"a":6,"dup":true,"ev":"game","ms":26335,"predicted":false,"t":0,"tick":1461,"type":"hit"}
[client] {"a":8,"dup":false,"ev":"game","ms":26687,"predicted":false,"t":1,"tick":1477,"type":"guard_break"}
[client] {"a":6,"dup":true,"ev":"game","ms":26872,"predicted":false,"t":1,"tick":1493,"type":"hit"}
[client] {"a":0,"dup":false,"ev":"game","ms":27168,"predicted":false,"t":7,"tick":1506,"type":"hit"}
[client] {"a":0,"dup":false,"ev":"game","ms":27168,"predicted":false,"t":8,"tick":1506,"type":"hit"}
[client] {"a":0,"dup":false,"ev":"game","ms":27354,"predicted":false,"t":7,"tick":1517,"type":"hit"}
[client] {"a":9,"dup":false,"ev":"game","ms":27389,"predicted":false,"t":1,"tick":1519,"type":"guard_break"}
[client] {"a":0,"dup":false,"ev":"game","ms":27402,"predicted":false,"t":8,"tick":1520,"type":"hit"}
[client] {"a":6,"dup":true,"ev":"game","ms":27790,"predicted":false,"t":1,"tick":1548,"type":"hit"}
[client] {"a":0,"dup":false,"ev":"game","ms":28120,"predicted":false,"t":6,"tick":1563,"type":"hit"}
[client] {"a":7,"dup":false,"ev":"game","ms":28203,"predicted":false,"t":0,"tick":1568,"type":"hit"}
[client] {"a":7,"dup":false,"ev":"game","ms":28238,"predicted":false,"t":3,"tick":1570,"type":"hit"}
[client] {"a":7,"dup":false,"ev":"game","ms":29072,"predicted":false,"t":0,"tick":1620,"type":"hit"}
[client] {"a":7,"dup":false,"ev":"game","ms":29087,"predicted":false,"t":1,"tick":1621,"type":"guard_break"}
[client] {"a":0,"dup":false,"ev":"game","ms":29452,"predicted":false,"t":7,"tick":1643,"type":"hit"}
[client] {"a":8,"dup":false,"ev":"game","ms":29487,"predicted":false,"t":1,"tick":1645,"type":"hit"}
[client] {"a":9,"dup":false,"ev":"game","ms":29487,"predicted":false,"t":1,"tick":1645,"type":"hit"}
[client] {"a":0,"dup":false,"ev":"game","ms":29770,"predicted":false,"t":7,"tick":1662,"type":"hit"}
[client] {"counts":{"blocks_on_me":0,"conf_actions":19,"confirmed_hits":63,"dup_confirmed":0,"hits_on_me":3,"pred_actions":19,"predicted_confirmed":10,"predicted_hits":27,"reconnects":0},"ev":"stats","hp":198.0,"in_bytes":388549,"late":0,"local_entity":6,"match":{"countdown_until":300,"ctrl":-1,"final":false,"next":"","phase":3,"rot":2222,"scores":[0,0],"sd":false,"state":3,"tick":1378,"zone":"B"},"max_err":1.964,"mean_err":0.0671,"ms":29954,"out_bytes":82291,"pending":11,"pos":[0.15,-2.78],"reconciles":551,"server_tick":1678,"snaps":552,"teleports":1}
[client] {"a":8,"dup":false,"ev":"game","ms":31308,"predicted":false,"t":0,"tick":1754,"type":"hit"}
[client] {"a":9,"dup":false,"ev":"game","ms":31370,"predicted":false,"t":1,"tick":1758,"type":"guard_break"}
[client] {"a":8,"dup":false,"ev":"game","ms":32005,"predicted":false,"t":0,"tick":1796,"type":"hit"}
[client] {"a":9,"dup":false,"ev":"game","ms":32192,"predicted":false,"t":1,"tick":1807,"type":"hit"}
[client] {"a":0,"dup":false,"ev":"game","ms":32736,"predicted":false,"t":8,"tick":1840,"type":"block"}
[client] {"a":7,"dup":false,"ev":"game","ms":32819,"predicted":false,"t":1,"tick":1845,"type":"guard_break"}
[client] {"a":9,"dup":false,"ev":"game","ms":33123,"predicted":false,"t":1,"tick":1863,"type":"hit"}
[client] {"a":0,"dup":false,"ev":"game","ms":33289,"predicted":false,"t":8,"tick":1873,"type":"hit"}
[client] {"a":7,"dup":false,"ev":"game","ms":34254,"predicted":false,"t":4,"tick":1931,"type":"hit"}
[client] {"a":2,"dup":false,"ev":"game","ms":34441,"predicted":false,"t":9,"tick":1942,"type":"hit"}
[client] {"a":0,"dup":false,"ev":"game","ms":34910,"predicted":false,"t":7,"tick":1970,"type":"hit"}
[client] {"counts":{"blocks_on_me":0,"conf_actions":19,"confirmed_hits":71,"dup_confirmed":0,"hits_on_me":3,"pred_actions":19,"predicted_confirmed":10,"predicted_hits":27,"reconnects":0},"ev":"stats","hp":217.800000000001,"in_bytes":454607,"late":0,"local_entity":6,"match":{"countdown_until":300,"ctrl":-1,"final":false,"next":"","phase":3,"rot":1922,"scores":[0,0],"sd":false,"state":3,"tick":1678,"zone":"B"},"max_err":1.964,"mean_err":0.0569,"ms":34957,"out_bytes":96991,"pending":11,"pos":[0.15,-2.78],"reconciles":650,"server_tick":1978,"snaps":651,"teleports":1}
[client] {"a":5,"dup":false,"ev":"game","ms":35490,"predicted":false,"t":-1,"tick":2005,"type":"respawn"}
[client] {"a":9,"dup":false,"ev":"game","ms":36207,"predicted":false,"t":0,"tick":2048,"type":"hit"}
[client] {"a":7,"dup":false,"ev":"game","ms":36724,"predicted":false,"t":1,"tick":2079,"type":"guard_break"}
[client] {"a":9,"dup":false,"ev":"game","ms":36821,"predicted":false,"t":2,"tick":2085,"type":"block"}
[client] {"a":9,"dup":false,"ev":"game","ms":37290,"predicted":false,"t":2,"tick":2113,"type":"block"}
[client] {"a":7,"dup":false,"ev":"game","ms":37456,"predicted":false,"t":1,"tick":2123,"type":"hit"}
[client] {"a":8,"dup":false,"ev":"game","ms":37560,"predicted":false,"t":0,"tick":2129,"type":"hit"}
[client] {"a":8,"dup":false,"ev":"game","ms":37560,"predicted":false,"t":2,"tick":2129,"type":"block"}
[client] {"a":8,"dup":false,"ev":"game","ms":37794,"predicted":false,"t":0,"tick":2143,"type":"hit"}
[client] {"a":8,"dup":false,"ev":"game","ms":37808,"predicted":false,"t":2,"tick":2144,"type":"block"}
[client] {"a":9,"dup":false,"ev":"game","ms":37843,"predicted":false,"t":2,"tick":2146,"type":"block"}
[client] {"a":7,"dup":false,"ev":"game","ms":37925,"predicted":false,"t":1,"tick":2151,"type":"guard_break"}
[client] {"a":7,"dup":false,"ev":"game","ms":37939,"predicted":false,"t":0,"tick":2152,"type":"hit"}
[client] {"a":0,"dup":false,"ev":"game","ms":37939,"predicted":false,"t":-1,"tick":2152,"type":"ko"}
[client] {"ev":"drop","ms":38007,"token_set":true}
[client] {"counts":{"blocks_on_me":0,"conf_actions":19,"confirmed_hits":76,"dup_confirmed":0,"hits_on_me":3,"pred_actions":19,"predicted_confirmed":10,"predicted_hits":27,"reconnects":0},"ev":"stats","hp":272.700000000003,"in_bytes":497887,"late":0,"local_entity":6,"match":{"countdown_until":300,"ctrl":-1,"final":false,"next":"","phase":3,"rot":1739,"scores":[0,0],"sd":false,"state":3,"tick":1861,"zone":"B"},"max_err":1.964,"mean_err":0.052,"ms":39959,"out_bytes":105958,"pending":11,"pos":[0.15,-2.78],"reconciles":711,"server_tick":2161,"snaps":712,"teleports":1}
[client] {"detail":"127.0.0.1:24651","ev":"status","ms":41008,"status":"connecting"}
[client] {"err":0,"ev":"reconnect_attempt","ms":41009}
[client] {"detail":"","ev":"status","ms":41141,"status":"connected"}
[client] {"ev":"welcome","ms":41196,"observer":false,"pid":5}
[client] {"ev":"match_setup","fighters":10,"ms":41365,"you":6}
[client] {"a":9,"dup":false,"ev":"game","ms":41651,"predicted":false,"t":1,"tick":2370,"type":"guard_break"}
[client] {"a":3,"dup":false,"ev":"game","ms":41789,"predicted":false,"t":9,"tick":2380,"type":"hit"}
[client] {"a":9,"dup":false,"ev":"game","ms":42100,"predicted":false,"t":3,"tick":2400,"type":"hit"}
[client] {"a":9,"dup":false,"ev":"game","ms":42134,"predicted":false,"t":1,"tick":2402,"type":"hit"}
[client] {"a":9,"dup":false,"ev":"game","ms":42638,"predicted":false,"t":3,"tick":2433,"type":"block"}
[client] {"a":9,"dup":false,"ev":"game","ms":42672,"predicted":false,"t":1,"tick":2435,"type":"guard_break"}
[client] {"a":3,"dup":false,"ev":"game","ms":43592,"predicted":false,"t":9,"tick":2491,"type":"hit"}
[client] {"a":2,"dup":false,"ev":"game","ms":43840,"predicted":false,"t":9,"tick":2506,"type":"hit"}
[client] {"a":8,"dup":false,"ev":"game","ms":43852,"predicted":false,"t":2,"tick":2507,"type":"hit"}
[client] {"a":8,"dup":false,"ev":"game","ms":44674,"predicted":false,"t":3,"tick":2556,"type":"hit"}
[client] {"counts":{"blocks_on_me":0,"conf_actions":19,"confirmed_hits":83,"dup_confirmed":0,"hits_on_me":3,"pred_actions":19,"predicted_confirmed":10,"predicted_hits":27,"reconnects":1},"ev":"stats","hp":280.0,"in_bytes":549176,"late":0,"local_entity":6,"match":{"countdown_until":300,"ctrl":-1,"final":false,"next":"","phase":3,"rot":1322,"scores":[0,0],"sd":false,"state":3,"tick":2278,"zone":"B"},"max_err":1.964,"mean_err":0.0479,"ms":44961,"out_bytes":116911,"pending":8,"pos":[-2.26,24.68],"reconciles":784,"server_tick":2578,"snaps":787,"teleports":3}
[client] {"a":8,"dup":false,"ev":"game","ms":45127,"predicted":false,"t":3,"tick":2583,"type":"block"}
[client] {"a":8,"dup":false,"ev":"game","ms":45362,"predicted":false,"t":3,"tick":2597,"type":"block"}
[client] {"a":8,"dup":false,"ev":"game","ms":45397,"predicted":false,"t":1,"tick":2599,"type":"guard_break"}
[client] {"a":3,"dup":false,"ev":"game","ms":46280,"predicted":false,"t":8,"tick":2652,"type":"hit"}
[client] {"a":8,"dup":false,"ev":"game","ms":46963,"predicted":false,"t":4,"tick":2693,"type":"hit"}
[client] {"a":3,"dup":false,"ev":"game","ms":47247,"predicted":false,"t":8,"tick":2710,"type":"hit"}
[client] {"a":8,"dup":false,"ev":"game","ms":47695,"predicted":false,"t":4,"tick":2737,"type":"hit"}
[client] {"a":0,"dup":false,"ev":"game","ms":47943,"predicted":false,"t":-1,"tick":2752,"type":"respawn"}
[client] {"a":3,"dup":false,"ev":"game","ms":47999,"predicted":false,"t":8,"tick":2755,"type":"hit"}
[client] {"a":4,"dup":false,"ev":"game","ms":48881,"predicted":false,"t":5,"tick":2808,"type":"hit"}
[client] {"a":3,"dup":false,"ev":"game","ms":48916,"predicted":false,"t":5,"tick":2810,"type":"hit"}
[client] {"a":3,"dup":false,"ev":"game","ms":49164,"predicted":false,"t":5,"tick":2825,"type":"hit"}
[client] {"a":4,"dup":false,"ev":"game","ms":49819,"predicted":false,"t":5,"tick":2865,"type":"hit"}
[client] {"counts":{"blocks_on_me":0,"conf_actions":21,"confirmed_hits":92,"dup_confirmed":0,"hits_on_me":3,"pred_actions":21,"predicted_confirmed":10,"predicted_hits":27,"reconnects":1},"ev":"stats","hp":280.0,"in_bytes":610644,"late":0,"local_entity":6,"match":{"countdown_until":300,"ctrl":-1,"final":false,"next":"","phase":3,"rot":1022,"scores":[0,0],"sd":false,"state":3,"tick":2578,"zone":"B"},"max_err":1.964,"mean_err":0.0427,"ms":49956,"out_bytes":131611,"pending":8,"pos":[-1.56,-2.7],"reconciles":883,"server_tick":2878,"snaps":886,"teleports":3}
[client] {"a":4,"dup":false,"ev":"game","ms":50489,"predicted":false,"t":5,"tick":2905,"type":"hit"}
[client] {"a":6,"dup":false,"ev":"game","ms":50958,"predicted":false,"t":1,"tick":2938,"type":"guard_break"}
[client] {"a":6,"dup":true,"ev":"game","ms":51242,"predicted":false,"t":1,"tick":2956,"type":"hit"}
[client] {"a":6,"dup":false,"ev":"game","ms":51594,"predicted":false,"t":1,"tick":2977,"type":"guard_break"}
[client] {"a":3,"dup":false,"ev":"game","ms":51759,"predicted":false,"t":6,"tick":2981,"type":"hit"}
[client] {"a":7,"dup":false,"ev":"game","ms":52395,"predicted":false,"t":1,"tick":3019,"type":"hit"}
[client] {"a":4,"dup":false,"ev":"game","ms":52455,"predicted":false,"t":5,"tick":3023,"type":"hit"}
[client] {"a":4,"dup":false,"ev":"game","ms":53242,"predicted":false,"t":6,"tick":3070,"type":"hit"}
[client] {"a":4,"dup":false,"ev":"game","ms":53277,"predicted":false,"t":5,"tick":3072,"type":"hit"}
[client] {"a":7,"dup":false,"ev":"game","ms":53359,"predicted":false,"t":1,"tick":3078,"type":"guard_break"}
[client] {"a":7,"dup":false,"ev":"game","ms":53428,"predicted":false,"t":3,"tick":3081,"type":"hit"}
[client] {"a":7,"dup":false,"ev":"game","ms":53608,"predicted":false,"t":1,"tick":3092,"type":"hit"}
[client] {"a":7,"dup":false,"ev":"game","ms":53608,"predicted":false,"t":3,"tick":3092,"type":"hit"}
[client] {"a":4,"dup":false,"ev":"game","ms":53725,"predicted":false,"t":6,"tick":3099,"type":"block"}
[client] {"a":5,"dup":false,"ev":"game","ms":54125,"predicted":false,"t":4,"tick":3123,"type":"hit"}
[client] {"a":7,"dup":false,"ev":"game","ms":54209,"predicted":false,"t":1,"tick":3128,"type":"guard_break"}
[client] {"a":7,"dup":false,"ev":"game","ms":54209,"predicted":false,"t":3,"tick":3128,"type":"hit"}
[client] {"a":7,"dup":false,"ev":"game","ms":54256,"predicted":false,"t":0,"tick":3131,"type":"hit"}
[client] {"a":0,"dup":false,"ev":"game","ms":54643,"predicted":false,"t":7,"tick":3154,"type":"hit"}
[client] {"counts":{"blocks_on_me":1,"conf_actions":26,"confirmed_hits":106,"dup_confirmed":0,"hits_on_me":5,"pred_actions":26,"predicted_confirmed":11,"predicted_hits":32,"reconnects":1},"ev":"stats","hp":232.0,"in_bytes":685320,"late":0,"local_entity":6,"match":{"countdown_until":300,"ctrl":-1,"final":false,"next":"A","phase":3,"rot":722,"scores":[0,0],"sd":false,"state":3,"tick":2878,"zone":"B"},"max_err":1.964,"mean_err":0.0422,"ms":54959,"out_bytes":146311,"pending":8,"pos":[0.68,-3.0],"reconciles":983,"server_tick":3178,"snaps":986,"teleports":3}
[client] {"a":7,"dup":false,"ev":"game","ms":55008,"predicted":false,"t":1,"tick":3176,"type":"hit"}
[client] {"a":1,"dup":false,"ev":"game","ms":55008,"predicted":false,"t":-1,"tick":3176,"type":"ko"}
[client] {"a":7,"dup":false,"ev":"game","ms":55057,"predicted":false,"t":0,"tick":3179,"type":"hit"}
[client] {"a":4,"dup":false,"ev":"game","ms":55444,"predicted":false,"t":6,"tick":3202,"type":"block"}
[client] {"a":2,"dup":false,"ev":"game","ms":55713,"predicted":false,"t":7,"tick":3218,"type":"hit"}
[client] {"a":5,"dup":false,"ev":"game","ms":55912,"predicted":false,"t":4,"tick":3230,"type":"hit"}
[client] {"a":6,"dup":true,"ev":"game","ms":56140,"predicted":false,"t":4,"tick":3249,"type":"hit"}
[client] {"a":0,"dup":false,"ev":"game","ms":57093,"predicted":false,"t":9,"tick":3301,"type":"hit"}
[client] {"a":6,"dup":true,"ev":"game","ms":57361,"predicted":false,"t":0,"tick":3322,"type":"hit"}
[client] {"a":6,"dup":true,"ev":"game","ms":57694,"predicted":false,"t":0,"tick":3342,"type":"hit"}
[client] {"a":7,"dup":false,"ev":"game","ms":58679,"predicted":false,"t":0,"tick":3396,"type":"hit"}
[client] {"a":5,"dup":false,"ev":"game","ms":59094,"predicted":false,"t":0,"tick":3421,"type":"hit"}
[client] {"a":0,"dup":false,"ev":"game","ms":59873,"predicted":false,"t":9,"tick":3468,"type":"hit"}
[client] {"a":7,"dup":false,"ev":"game","ms":59888,"predicted":false,"t":2,"tick":3469,"type":"block"}
[client] {"counts":{"blocks_on_me":2,"conf_actions":34,"confirmed_hits":117,"dup_confirmed":0,"hits_on_me":5,"pred_actions":34,"predicted_confirmed":14,"predicted_hits":39,"reconnects":1},"ev":"stats","hp":232.0,"in_bytes":752258,"late":0,"local_entity":6,"match":{"countdown_until":300,"ctrl":-1,"final":false,"next":"A","phase":3,"rot":422,"scores":[0,0],"sd":false,"state":3,"tick":3178,"zone":"B"},"max_err":1.964,"mean_err":0.0406,"ms":59954,"out_bytes":161011,"pending":8,"pos":[-0.3,-4.84],"reconciles":1080,"server_tick":3478,"snaps":1083,"teleports":3}
[client] {"a":6,"dup":false,"ev":"game","ms":60024,"predicted":false,"t":2,"tick":3482,"type":"block"}
[client] {"a":5,"dup":false,"ev":"game","ms":60039,"predicted":false,"t":0,"tick":3478,"type":"hit"}
[client] {"a":8,"dup":false,"ev":"game","ms":60370,"predicted":false,"t":2,"tick":3498,"type":"block"}
[client] {"a":6,"dup":false,"ev":"game","ms":60673,"predicted":false,"t":2,"tick":3521,"type":"block"}
[client] {"a":9,"dup":false,"ev":"game","ms":60825,"predicted":false,"t":0,"tick":3525,"type":"hit"}
[client] {"a":6,"dup":true,"ev":"game","ms":60991,"predicted":false,"t":2,"tick":3540,"type":"hit"}
[client] {"a":0,"dup":false,"ev":"game","ms":61171,"predicted":false,"t":9,"tick":3546,"type":"hit"}
[client] {"a":5,"dup":false,"ev":"game","ms":61273,"predicted":false,"t":2,"tick":3552,"type":"hit"}
[client] {"a":5,"dup":false,"ev":"game","ms":61308,"predicted":false,"t":0,"tick":3554,"type":"hit"}
[client] {"a":6,"dup":true,"ev":"game","ms":61322,"predicted":false,"t":2,"tick":3560,"type":"hit"}
[client] {"a":9,"dup":false,"ev":"game","ms":62309,"predicted":false,"t":0,"tick":3614,"type":"hit"}
[client] {"a":2,"dup":false,"ev":"game","ms":62909,"predicted":false,"t":8,"tick":3650,"type":"hit"}
[client] {"a":9,"dup":false,"ev":"game","ms":62971,"predicted":false,"t":0,"tick":3654,"type":"hit"}
[client] {"a":0,"dup":false,"ev":"game","ms":62971,"predicted":false,"t":-1,"tick":3654,"type":"ko"}
[client] {"a":7,"dup":false,"ev":"game","ms":63323,"predicted":false,"t":2,"tick":3675,"type":"hit"}
[client] {"a":7,"dup":false,"ev":"game","ms":63875,"predicted":false,"t":2,"tick":3708,"type":"block"}
[client] {"counts":{"blocks_on_me":2,"conf_actions":37,"confirmed_hits":128,"dup_confirmed":0,"hits_on_me":5,"pred_actions":37,"predicted_confirmed":16,"predicted_hits":43,"reconnects":1},"ev":"stats","hp":232.0,"in_bytes":814538,"late":0,"local_entity":6,"match":{"countdown_until":300,"ctrl":1,"final":false,"next":"A","phase":3,"rot":122,"scores":[0,0],"sd":false,"state":2,"tick":3478,"zone":"B"},"max_err":1.964,"mean_err":0.0387,"ms":64957,"out_bytes":175711,"pending":8,"pos":[-0.55,-2.85],"reconciles":1180,"server_tick":3778,"snaps":1183,"teleports":3}
[client] {"a":1,"dup":false,"ev":"game","ms":65006,"predicted":false,"t":-1,"tick":3776,"type":"respawn"}
[client] {"a":-1,"dup":false,"ev":"game","ms":67063,"predicted":false,"t":-1,"tick":3899,"type":"zone_rotated"}
[client] {"a":8,"dup":false,"ev":"game","ms":69429,"predicted":false,"t":1,"tick":4041,"type":"block"}
[client] {"counts":{"blocks_on_me":2,"conf_actions":37,"confirmed_hits":128,"dup_confirmed":0,"hits_on_me":5,"pred_actions":37,"predicted_confirmed":16,"predicted_hits":43,"reconnects":1},"ev":"stats","hp":280.0,"in_bytes":870113,"late":0,"local_entity":6,"match":{"countdown_until":300,"ctrl":0,"final":false,"next":"","phase":3,"rot":3422,"scores":[1,2],"sd":false,"state":2,"tick":3778,"zone":"A"},"max_err":1.964,"mean_err":0.0359,"ms":69959,"out_bytes":190411,"pending":8,"pos":[-17.89,-9.42],"reconciles":1277,"server_tick":4078,"snaps":1280,"teleports":3}
[client] {"a":2,"dup":false,"ev":"game","ms":70160,"predicted":false,"t":9,"tick":4085,"type":"hit"}
[client] {"a":8,"dup":false,"ev":"game","ms":70160,"predicted":false,"t":1,"tick":4085,"type":"block"}
[client] {"a":8,"dup":false,"ev":"game","ms":70409,"predicted":false,"t":1,"tick":4100,"type":"block"}
[client] {"a":2,"dup":false,"ev":"game","ms":71197,"predicted":false,"t":9,"tick":4147,"type":"hit"}
[client] {"a":8,"dup":false,"ev":"game","ms":71396,"predicted":false,"t":1,"tick":4159,"type":"block"}
[client] {"a":9,"dup":false,"ev":"game","ms":71564,"predicted":false,"t":2,"tick":4169,"type":"hit"}
[client] {"a":6,"dup":true,"ev":"game","ms":71797,"predicted":false,"t":4,"tick":4188,"type":"hit"}
[client] {"a":5,"dup":false,"ev":"game","ms":72175,"predicted":false,"t":4,"tick":4206,"type":"hit"}
[client] {"a":7,"dup":false,"ev":"game","ms":72231,"predicted":false,"t":4,"tick":4209,"type":"hit"}
[client] {"a":8,"dup":false,"ev":"game","ms":72576,"predicted":false,"t":1,"tick":4230,"type":"guard_break"}
[client] {"a":7,"dup":false,"ev":"game","ms":72666,"predicted":false,"t":4,"tick":4235,"type":"hit"}
[client] {"a":0,"dup":false,"ev":"game","ms":72976,"predicted":false,"t":-1,"tick":4254,"type":"respawn"}
[client] {"a":4,"dup":false,"ev":"game","ms":73040,"predicted":false,"t":7,"tick":4258,"type":"hit"}
[client] {"a":8,"dup":false,"ev":"game","ms":73377,"predicted":false,"t":1,"tick":4278,"type":"hit"}
[client] {"a":7,"dup":false,"ev":"game","ms":73425,"predicted":false,"t":4,"tick":4281,"type":"block"}
[client] {"a":6,"dup":false,"ev":"game","ms":73824,"predicted":false,"t":4,"tick":4310,"type":"block"}
[client] {"a":8,"dup":false,"ev":"game","ms":73943,"predicted":false,"t":1,"tick":4312,"type":"guard_break"}
[client] {"a":4,"dup":false,"ev":"game","ms":74356,"predicted":false,"t":7,"tick":4337,"type":"hit"}
[client] {"a":8,"dup":false,"ev":"game","ms":74474,"predicted":false,"t":1,"tick":4344,"type":"hit"}
[client] {"counts":{"blocks_on_me":2,"conf_actions":43,"confirmed_hits":139,"dup_confirmed":0,"hits_on_me":5,"pred_actions":44,"predicted_confirmed":17,"predicted_hits":48,"reconnects":1},"ev":"stats","hp":280.0,"in_bytes":942432,"late":0,"local_entity":6,"match":{"countdown_until":300,"ctrl":0,"final":false,"next":"","phase":3,"rot":3122,"scores":[6,2],"sd":false,"state":2,"tick":4078,"zone":"A"},"max_err":1.964,"mean_err":0.0341,"ms":74951,"out_bytes":205111,"pending":8,"pos":[-29.13,-8.5],"reconciles":1377,"server_tick":4378,"snaps":1380,"teleports":3}
[client] {"a":8,"dup":false,"ev":"game","ms":75085,"predicted":false,"t":1,"tick":4381,"type":"guard_break"}
[client] {"a":6,"dup":true,"ev":"game","ms":75221,"predicted":false,"t":4,"tick":4394,"type":"hit"}
[client] {"a":8,"dup":false,"ev":"game","ms":75856,"predicted":false,"t":1,"tick":4427,"type":"hit"}
[client] {"a":8,"dup":false,"ev":"game","ms":76340,"predicted":false,"t":1,"tick":4456,"type":"guard_break"}
[client] {"a":0,"dup":false,"ev":"game","ms":76685,"predicted":false,"t":8,"tick":4477,"type":"hit"}
[client] {"a":0,"dup":false,"ev":"game","ms":76905,"predicted":false,"t":8,"tick":4490,"type":"hit"}
[client] {"a":6,"dup":true,"ev":"game","ms":77002,"predicted":false,"t":4,"tick":4501,"type":"hit"}
[client] {"a":0,"dup":false,"ev":"game","ms":77423,"predicted":false,"t":8,"tick":4521,"type":"hit"}
[client] {"a":6,"dup":false,"ev":"game","ms":77423,"predicted":false,"t":4,"tick":4526,"type":"block"}
[client] {"a":6,"dup":false,"ev":"game","ms":77802,"predicted":false,"t":4,"tick":4549,"type":"block"}
[client] {"a":4,"dup":false,"ev":"game","ms":79287,"predicted":false,"t":6,"tick":4633,"type":"hit"}
[client] {"a":4,"dup":false,"ev":"game","ms":79755,"predicted":false,"t":6,"tick":4661,"type":"hit"}
[client] {"counts":{"blocks_on_me":2,"conf_actions":51,"confirmed_hits":147,"dup_confirmed":0,"hits_on_me":7,"pred_actions":51,"predicted_confirmed":19,"predicted_hits":57,"reconnects":1},"ev":"stats","hp":244.0,"in_bytes":1016883,"late":0,"local_entity":6,"match":{"countdown_until":300,"ctrl":0,"final":false,"next":"","phase":3,"rot":2822,"scores":[8,2],"sd":false,"state":2,"tick":4378,"zone":"A"},"max_err":1.964,"mean_err":0.0325,"ms":79954,"out_bytes":219811,"pending":8,"pos":[-32.77,-7.41],"reconciles":1477,"server_tick":4678,"snaps":1480,"teleports":3}
[client] {"counts":{"blocks_on_me":2,"conf_actions":51,"confirmed_hits":147,"dup_confirmed":0,"hits_on_me":7,"pred_actions":51,"predicted_confirmed":19,"predicted_hits":57,"reconnects":1},"ev":"stats","hp":244.0,"in_bytes":1019062,"late":0,"local_entity":6,"match":{"countdown_until":300,"ctrl":0,"final":false,"next":"","phase":3,"rot":2819,"scores":[8,2],"sd":false,"state":2,"tick":4381,"zone":"A"},"max_err":1.964,"mean_err":0.0325,"ms":80002,"out_bytes":219958,"pending":8,"pos":[-32.81,-7.41],"reconciles":1478,"server_tick":4681,"snaps":1481,"teleports":3}
