Godot Engine v4.7.2.stable.official.ed1daf0bf - https://godotengine.org

[client] {"detail":"127.0.0.1:24651","ev":"status","ms":0,"status":"connecting"}
[client] {"detail":"","ev":"status","ms":333,"status":"connected"}
[client] {"ev":"welcome","ms":485,"observer":false,"pid":2}
[client] {"ev":"pick","f":"nyx","ms":1126}
[client] {"ev":"notice","ms":1609,"msg":{"code":"taken","for":"pick","t":"error"}}
[client] {"ev":"pick","f":"scrap","ms":2272}
[client] {"ev":"lock","f":"scrap","ms":3272}
[client] {"ev":"match_setup","fighters":10,"ms":4436,"you":0}
[client] {"counts":{"blocks_on_me":0,"conf_actions":0,"confirmed_hits":0,"dup_confirmed":0,"hits_on_me":0,"pred_actions":0,"predicted_confirmed":0,"predicted_hits":0,"reconnects":0},"ev":"stats","hp":260.0,"in_bytes":54307,"late":0,"local_entity":0,"match":{"countdown_until":300,"ctrl":-1,"final":false,"next":"","phase":2,"rot":3600,"scores":[0,0],"sd":false,"state":1,"tick":0,"zone":""},"max_err":0.34,"mean_err":0.1393,"ms":4951,"out_bytes":1595,"pending":17,"pos":[-5.75,-46.59],"reconciles":8,"server_tick":30,"snaps":9,"teleports":1}
[client] {"counts":{"blocks_on_me":0,"conf_actions":0,"confirmed_hits":0,"dup_confirmed":0,"hits_on_me":0,"pred_actions":0,"predicted_confirmed":0,"predicted_hits":0,"reconnects":0},"ev":"stats","hp":260.0,"in_bytes":95667,"late":0,"local_entity":0,"match":{"countdown_until":300,"ctrl":-1,"final":false,"next":"","phase":3,"rot":3569,"scores":[0,0],"sd":false,"state":1,"tick":31,"zone":"B"},"max_err":0.68,"mean_err":0.3031,"ms":9954,"out_bytes":16295,"pending":18,"pos":[-5.18,-43.35],"reconciles":105,"server_tick":330,"snaps":107,"teleports":1}
[client] {"counts":{"blocks_on_me":0,"conf_actions":0,"confirmed_hits":0,"dup_confirmed":0,"hits_on_me":0,"pred_actions":0,"predicted_confirmed":0,"predicted_hits":0,"reconnects":0},"ev":"stats","hp":260.0,"in_bytes":146838,"late":0,"local_entity":0,"match":{"countdown_until":300,"ctrl":-1,"final":false,"next":"","phase":3,"rot":3269,"scores":[0,0],"sd":false,"state":3,"tick":331,"zone":"B"},"max_err":0.68,"mean_err":0.1637,"ms":14956,"out_bytes":30995,"pending":15,"pos":[-0.44,-9.38],"reconciles":200,"server_tick":631,"snaps":201,"teleports":1}
[client] {"a":2,"dup":false,"ev":"game","ms":16393,"predicted":false,"t":8,"tick":711,"type":"hit"}
[client] {"a":3,"dup":false,"ev":"game","ms":16745,"predicted":false,"t":6,"tick":733,"type":"hit"}
[client] {"a":2,"dup":false,"ev":"game","ms":17510,"predicted":false,"t":6,"tick":780,"type":"hit"}
[client] {"a":3,"dup":false,"ev":"game","ms":17656,"predicted":false,"t":6,"tick":789,"type":"hit"}
[client] {"a":3,"dup":false,"ev":"game","ms":17676,"predicted":false,"t":5,"tick":790,"type":"block"}
[client] {"a":3,"dup":false,"ev":"game","ms":17676,"predicted":false,"t":8,"tick":790,"type":"hit"}
[client] {"a":3,"dup":false,"ev":"game","ms":17710,"predicted":false,"t":7,"tick":791,"type":"hit"}
[client] {"a":4,"dup":false,"ev":"game","ms":18221,"predicted":false,"t":7,"tick":822,"type":"hit"}
[client] {"a":4,"dup":false,"ev":"game","ms":18739,"predicted":false,"t":7,"tick":853,"type":"block"}
[client] {"a":6,"dup":false,"ev":"game","ms":18739,"predicted":false,"t":4,"tick":853,"type":"hit"}
[client] {"a":2,"dup":false,"ev":"game","ms":18849,"predicted":false,"t":6,"tick":860,"type":"hit"}
[client] {"a":2,"dup":false,"ev":"game","ms":18870,"predicted":false,"t":5,"tick":861,"type":"hit"}
[client] {"a":2,"dup":false,"ev":"game","ms":18918,"predicted":false,"t":9,"tick":864,"type":"hit"}
[client] {"a":8,"dup":false,"ev":"game","ms":19636,"predicted":false,"t":4,"tick":907,"type":"hit"}
[client] {"a":8,"dup":false,"ev":"game","ms":19905,"predicted":false,"t":4,"tick":923,"type":"hit"}
[client] {"counts":{"blocks_on_me":0,"conf_actions":0,"confirmed_hits":13,"dup_confirmed":0,"hits_on_me":0,"pred_actions":0,"predicted_confirmed":0,"predicted_hits":0,"reconnects":0},"ev":"stats","hp":260.0,"in_bytes":212151,"late":0,"local_entity":0,"match":{"countdown_until":300,"ctrl":-1,"final":false,"next":"","phase":3,"rot":2969,"scores":[0,0],"sd":false,"state":3,"tick":631,"zone":"B"},"max_err":0.68,"mean_err":0.1167,"ms":19952,"out_bytes":45695,"pending":15,"pos":[0.56,-2.94],"reconciles":300,"server_tick":931,"snaps":301,"teleports":1}
[client] {"a":3,"dup":false,"ev":"game","ms":20485,"predicted":false,"t":8,"tick":958,"type":"hit"}
[client] {"a":2,"dup":false,"ev":"game","ms":20637,"predicted":false,"t":9,"tick":967,"type":"hit"}
[client] {"a":6,"dup":false,"ev":"game","ms":20705,"predicted":false,"t":2,"tick":971,"type":"hit"}
[client] {"a":3,"dup":false,"ev":"game","ms":20953,"predicted":false,"t":8,"tick":986,"type":"block"}
[client] {"a":7,"dup":false,"ev":"game","ms":20967,"predicted":false,"t":2,"tick":987,"type":"hit"}
[client] {"a":4,"dup":false,"ev":"game","ms":21154,"predicted":false,"t":8,"tick":998,"type":"hit"}
[client] {"a":6,"dup":false,"ev":"game","ms":21388,"predicted":false,"t":3,"tick":1012,"type":"hit"}
[client] {"a":2,"dup":false,"ev":"game","ms":21719,"predicted":false,"t":7,"tick":1032,"type":"hit"}
[client] {"a":4,"dup":false,"ev":"game","ms":21768,"predicted":false,"t":8,"tick":1035,"type":"hit"}
[client] {"a":9,"dup":false,"ev":"game","ms":21997,"predicted":false,"t":2,"tick":1049,"type":"hit"}
[client] {"a":7,"dup":false,"ev":"game","ms":22453,"predicted":false,"t":2,"tick":1076,"type":"hit"}
[client] {"a":8,"dup":false,"ev":"game","ms":22749,"predicted":false,"t":4,"tick":1094,"type":"hit"}
[client] {"a":7,"dup":false,"ev":"game","ms":22949,"predicted":false,"t":2,"tick":1106,"type":"hit"}
[client] {"a":6,"dup":false,"ev":"game","ms":23232,"predicted":false,"t":3,"tick":1123,"type":"block"}
[client] {"a":6,"dup":false,"ev":"game","ms":23563,"predicted":false,"t":3,"tick":1143,"type":"block"}
[client] {"a":4,"dup":false,"ev":"game","ms":23964,"predicted":false,"t":8,"tick":1167,"type":"hit"}
[client] {"a":4,"dup":false,"ev":"game","ms":23998,"predicted":false,"t":5,"tick":1169,"type":"block"}
[client] {"a":6,"dup":false,"ev":"game","ms":24164,"predicted":false,"t":3,"tick":1179,"type":"block"}
[client] {"a":7,"dup":false,"ev":"game","ms":24185,"predicted":false,"t":2,"tick":1180,"type":"hit"}
[client] {"a":6,"dup":false,"ev":"game","ms":24481,"predicted":false,"t":3,"tick":1198,"type":"block"}
[client] {"a":4,"dup":false,"ev":"game","ms":24764,"predicted":false,"t":6,"tick":1215,"type":"hit"}
[client] {"counts":{"blocks_on_me":0,"conf_actions":0,"confirmed_hits":28,"dup_confirmed":0,"hits_on_me":0,"pred_actions":0,"predicted_confirmed":0,"predicted_hits":0,"reconnects":0},"ev":"stats","hp":260.0,"in_bytes":276847,"late":0,"local_entity":0,"match":{"countdown_until":300,"ctrl":-1,"final":false,"next":"","phase":3,"rot":2669,"scores":[0,0],"sd":false,"state":3,"tick":931,"zone":"B"},"max_err":0.68,"mean_err":0.0887,"ms":24949,"out_bytes":60395,"pending":15,"pos":[0.56,-2.94],"reconciles":396,"server_tick":1230,"snaps":397,"teleports":1}
[client] {"a":7,"dup":false,"ev":"game","ms":25150,"predicted":false,"t":2,"tick":1238,"type":"hit"}
[client] {"a":6,"dup":false,"ev":"game","ms":25185,"predicted":false,"t":3,"tick":1240,"type":"block"}
[client] {"a":4,"dup":false,"ev":"game","ms":25255,"predicted":false,"t":6,"tick":1244,"type":"hit"}
[client] {"a":9,"dup":false,"ev":"game","ms":25635,"predicted":false,"t":4,"tick":1267,"type":"hit"}
[client] {"a":7,"dup":false,"ev":"game","ms":25655,"predicted":false,"t":2,"tick":1268,"type":"block"}
[client] {"a":4,"dup":false,"ev":"game","ms":26187,"predicted":false,"t":6,"tick":1300,"type":"hit"}
[client] {"a":8,"dup":false,"ev":"game","ms":26456,"predicted":false,"t":4,"tick":1316,"type":"hit"}
[client] {"a":7,"dup":false,"ev":"game","ms":26503,"predicted":false,"t":2,"tick":1319,"type":"hit"}
[client] {"a":8,"dup":false,"ev":"game","ms":26903,"predicted":false,"t":4,"tick":1343,"type":"hit"}
[client] {"a":6,"dup":false,"ev":"game","ms":27055,"predicted":false,"t":3,"tick":1352,"type":"hit"}
[client] {"a":6,"dup":false,"ev":"game","ms":27069,"predicted":false,"t":4,"tick":1353,"type":"hit"}
[client] {"a":9,"dup":false,"ev":"game","ms":27069,"predicted":false,"t":3,"tick":1353,"type":"hit"}
[client] {"a":9,"dup":false,"ev":"game","ms":27069,"predicted":false,"t":4,"tick":1353,"type":"hit"}
[client] {"a":3,"dup":false,"ev":"game","ms":27739,"predicted":false,"t":6,"tick":1393,"type":"hit"}
[client] {"a":8,"dup":false,"ev":"game","ms":27904,"predicted":false,"t":4,"tick":1403,"type":"hit"}
[client] {"a":8,"dup":false,"ev":"game","ms":28469,"predicted":false,"t":3,"tick":1437,"type":"hit"}
[client] {"a":6,"dup":false,"ev":"game","ms":28539,"predicted":false,"t":3,"tick":1441,"type":"hit"}
[client] {"a":8,"dup":false,"ev":"game","ms":28883,"predicted":false,"t":3,"tick":1462,"type":"hit"}
[client] {"a":6,"dup":false,"ev":"game","ms":28952,"predicted":false,"t":3,"tick":1466,"type":"hit"}
[client] {"a":9,"dup":false,"ev":"game","ms":29188,"predicted":false,"t":3,"tick":1480,"type":"hit"}
[client] {"a":6,"dup":false,"ev":"game","ms":29305,"predicted":false,"t":3,"tick":1487,"type":"hit"}
[client] {"a":7,"dup":false,"ev":"game","ms":29741,"predicted":false,"t":3,"tick":1513,"type":"block"}
[client] {"counts":{"blocks_on_me":0,"conf_actions":0,"confirmed_hits":47,"dup_confirmed":0,"hits_on_me":0,"pred_actions":0,"predicted_confirmed":0,"predicted_hits":0,"reconnects":0},"ev":"stats","hp":260.0,"in_bytes":340918,"late":0,"local_entity":0,"match":{"countdown_until":300,"ctrl":-1,"final":false,"next":"","phase":3,"rot":2369,"scores":[0,0],"sd":false,"state":3,"tick":1231,"zone":"B"},"max_err":0.68,"mean_err":0.0716,"ms":29952,"out_bytes":75095,"pending":15,"pos":[0.56,-2.94],"reconciles":492,"server_tick":1530,"snaps":493,"teleports":1}
[client] {"a":6,"dup":false,"ev":"game","ms":30037,"predicted":false,"t":3,"tick":1531,"type":"hit"}
[client] {"a":3,"dup":false,"ev":"game","ms":30037,"predicted":false,"t":-1,"tick":1531,"type":"ko"}
[client] {"a":6,"dup":false,"ev":"game","ms":32258,"predicted":false,"t":1,"tick":1664,"type":"hit"}
[client] {"a":0,"dup":false,"ev":"game","ms":32708,"predicted":false,"t":6,"tick":1696,"type":"hit"}
[client] {"a":0,"dup":true,"ev":"game","ms":33023,"predicted":false,"t":6,"tick":1715,"type":"hit"}
[client] {"a":1,"dup":false,"ev":"game","ms":33272,"predicted":false,"t":6,"tick":1725,"type":"hit"}
[client] {"a":0,"dup":true,"ev":"game","ms":33520,"predicted":false,"t":6,"tick":1743,"type":"hit"}
[client] {"a":0,"dup":false,"ev":"game","ms":33542,"predicted":false,"t":7,"tick":1746,"type":"block"}
[client] {"a":1,"dup":false,"ev":"game","ms":33791,"predicted":false,"t":6,"tick":1756,"type":"hit"}
[client] {"a":6,"dup":false,"ev":"game","ms":34287,"predicted":false,"t":0,"tick":1786,"type":"hit"}
[client] {"a":1,"dup":false,"ev":"game","ms":34521,"predicted":false,"t":6,"tick":1800,"type":"hit"}
[client] {"a":6,"dup":false,"ev":"game","ms":34521,"predicted":false,"t":-1,"tick":1800,"type":"ko"}
[client] {"a":7,"dup":false,"ev":"game","ms":34672,"predicted":false,"t":0,"tick":1809,"type":"hit"}
[client] {"a":7,"dup":false,"ev":"game","ms":34707,"predicted":false,"t":1,"tick":1811,"type":"hit"}
[client] {"counts":{"blocks_on_me":0,"conf_actions":5,"confirmed_hits":58,"dup_confirmed":0,"hits_on_me":2,"pred_actions":5,"predicted_confirmed":2,"predicted_hits":12,"reconnects":0},"ev":"stats","hp":204.0,"in_bytes":405498,"late":0,"local_entity":0,"match":{"countdown_until":300,"ctrl":-1,"final":false,"next":"","phase":3,"rot":2069,"scores":[0,0],"sd":false,"state":3,"tick":1531,"zone":"B"},"max_err":2.372,"mean_err":0.0667,"ms":34954,"out_bytes":89795,"pending":15,"pos":[0.51,-2.72],"reconciles":588,"server_tick":1830,"snaps":589,"teleports":1}
[client] {"a":0,"dup":true,"ev":"game","ms":35543,"predicted":false,"t":7,"tick":1866,"type":"hit"}
[client] {"a":1,"dup":false,"ev":"game","ms":35625,"predicted":false,"t":7,"tick":1866,"type":"hit"}
[client] {"a":8,"dup":false,"ev":"game","ms":35722,"predicted":false,"t":0,"tick":1872,"type":"hit"}
[client] {"a":9,"dup":false,"ev":"game","ms":35744,"predicted":false,"t":0,"tick":1873,"type":"hit"}
[client] {"a":8,"dup":false,"ev":"game","ms":35777,"predicted":false,"t":1,"tick":1875,"type":"hit"}
[client] {"a":8,"dup":false,"ev":"game","ms":35993,"predicted":false,"t":0,"tick":1888,"type":"parry"}
[client] {"a":0,"dup":true,"ev":"game","ms":36193,"predicted":false,"t":8,"tick":1905,"type":"hit"}
[client] {"a":0,"dup":true,"ev":"game","ms":36204,"predicted":false,"t":7,"tick":1906,"type":"hit"}
[client] {"a":1,"dup":false,"ev":"game","ms":36544,"predicted":false,"t":7,"tick":1921,"type":"block"}
[client] {"a":0,"dup":false,"ev":"game","ms":36591,"predicted":false,"t":8,"tick":1929,"type":"block"}
[client] {"a":9,"dup":false,"ev":"game","ms":36895,"predicted":false,"t":0,"tick":1942,"type":"hit"}
[client] {"a":9,"dup":false,"ev":"game","ms":36895,"predicted":false,"t":1,"tick":1942,"type":"hit"}
[client] {"a":8,"dup":false,"ev":"game","ms":37698,"predicted":false,"t":0,"tick":1990,"type":"hit"}
[client] {"a":0,"dup":true,"ev":"game","ms":37922,"predicted":false,"t":8,"tick":2009,"type":"hit"}
[client] {"a":0,"dup":false,"ev":"game","ms":37977,"predicted":false,"t":7,"tick":2012,"type":"hit"}
[client] {"a":2,"dup":false,"ev":"game","ms":38026,"predicted":false,"t":7,"tick":2010,"type":"hit"}
[client] {"a":1,"dup":false,"ev":"game","ms":38109,"predicted":false,"t":7,"tick":2015,"type":"hit"}
[client] {"a":0,"dup":true,"ev":"game","ms":38558,"predicted":false,"t":8,"tick":2040,"type":"hit"}
[client] {"a":2,"dup":false,"ev":"game","ms":38758,"predicted":false,"t":5,"tick":2054,"type":"hit"}
[client] {"a":2,"dup":false,"ev":"game","ms":38992,"predicted":false,"t":5,"tick":2068,"type":"hit"}
[client] {"a":1,"dup":false,"ev":"game","ms":39026,"predicted":false,"t":8,"tick":2070,"type":"hit"}
[client] {"a":2,"dup":false,"ev":"game","ms":39599,"predicted":false,"t":5,"tick":2105,"type":"block"}
[client] {"counts":{"blocks_on_me":0,"conf_actions":15,"confirmed_hits":76,"dup_confirmed":0,"hits_on_me":6,"pred_actions":14,"predicted_confirmed":7,"predicted_hits":26,"reconnects":0},"ev":"stats","hp":133.0,"in_bytes":477458,"late":0,"local_entity":0,"match":{"countdown_until":300,"ctrl":-1,"final":false,"next":"","phase":3,"rot":1769,"scores":[0,0],"sd":false,"state":3,"tick":1831,"zone":"B"},"max_err":2.372,"mean_err":0.0648,"ms":39950,"out_bytes":104495,"pending":15,"pos":[1.04,-2.69],"reconciles":684,"server_tick":2131,"snaps":685,"teleports":1}
[client] {"a":3,"dup":false,"ev":"game","ms":40034,"predicted":false,"t":-1,"tick":2131,"type":"respawn"}
[client] {"a":2,"dup":false,"ev":"game","ms":40434,"predicted":false,"t":5,"tick":2155,"type":"block"}
[client] {"a":4,"dup":false,"ev":"game","ms":40717,"predicted":false,"t":5,"tick":2172,"type":"block"}
[client] {"a":1,"dup":false,"ev":"game","ms":41572,"predicted":false,"t":9,"tick":2223,"type":"hit"}
[client] {"a":2,"dup":false,"ev":"game","ms":41703,"predicted":false,"t":5,"tick":2231,"type":"guard_break"}
[client] {"a":1,"dup":false,"ev":"game","ms":41891,"predicted":false,"t":9,"tick":2242,"type":"block"}
[client] {"a":1,"dup":false,"ev":"game","ms":42269,"predicted":false,"t":9,"tick":2265,"type":"block"}
[client] {"a":2,"dup":false,"ev":"game","ms":42504,"predicted":false,"t":5,"tick":2279,"type":"hit"}
[client] {"a":2,"dup":false,"ev":"game","ms":43021,"predicted":false,"t":5,"tick":2310,"type":"guard_break"}
[client] {"a":1,"dup":false,"ev":"game","ms":43119,"predicted":false,"t":9,"tick":2316,"type":"hit"}
[client] {"a":1,"dup":false,"ev":"game","ms":43435,"predicted":false,"t":9,"tick":2335,"type":"hit"}
[client] {"a":4,"dup":false,"ev":"game","ms":43553,"predicted":false,"t":5,"tick":2342,"type":"hit"}
[client] {"a":1,"dup":false,"ev":"game","ms":43753,"predicted":false,"t":9,"tick":2354,"type":"block"}
[client] {"a":4,"dup":false,"ev":"game","ms":44093,"predicted":false,"t":5,"tick":2374,"type":"guard_break"}
[client] {"a":6,"dup":false,"ev":"game","ms":44519,"predicted":false,"t":-1,"tick":2400,"type":"respawn"}
[client] {"a":2,"dup":false,"ev":"game","ms":44637,"predicted":false,"t":5,"tick":2405,"type":"hit"}
[client] {"a":1,"dup":false,"ev":"game","ms":44637,"predicted":false,"t":9,"tick":2406,"type":"hit"}
[client] {"a":1,"dup":false,"ev":"game","ms":44940,"predicted":false,"t":9,"tick":2425,"type":"block"}
[client] {"counts":{"blocks_on_me":0,"conf_actions":21,"confirmed_hits":83,"dup_confirmed":0,"hits_on_me":6,"pred_actions":20,"predicted_confirmed":7,"predicted_hits":26,"reconnects":0},"ev":"stats","hp":133.0,"in_bytes":546728,"late":0,"local_entity":0,"match":{"countdown_until":300,"ctrl":-1,"final":false,"next":"","phase":3,"rot":1469,"scores":[0,0],"sd":false,"state":3,"tick":2131,"zone":"B"},"max_err":2.372,"mean_err":0.058,"ms":44952,"out_bytes":119195,"pending":15,"pos":[-0.1,-2.77],"reconciles":780,"server_tick":2430,"snaps":781,"teleports":1}
[client] {"a":1,"dup":false,"ev":"game","ms":45258,"predicted":false,"t":9,"tick":2444,"type":"guard_break"}
[client] {"a":1,"dup":false,"ev":"game","ms":45837,"predicted":false,"t":9,"tick":2479,"type":"hit"}
[client] {"a":2,"dup":false,"ev":"game","ms":45893,"predicted":false,"t":5,"tick":2482,"type":"guard_break"}
[client] {"a":3,"dup":false,"ev":"game","ms":46223,"predicted":false,"t":9,"tick":2502,"type":"hit"}
[client] {"a":2,"dup":false,"ev":"game","ms":46658,"predicted":false,"t":5,"tick":2528,"type":"hit"}
[client] {"a":1,"dup":false,"ev":"game","ms":46838,"predicted":false,"t":9,"tick":2539,"type":"hit"}
[client] {"a":2,"dup":false,"ev":"game","ms":47189,"predicted":false,"t":5,"tick":2560,"type":"guard_break"}
[client] {"a":2,"dup":false,"ev":"game","ms":47693,"predicted":false,"t":5,"tick":2590,"type":"hit"}
[client] {"a":2,"dup":false,"ev":"game","ms":48355,"predicted":false,"t":5,"tick":2630,"type":"guard_break"}
[client] {"a":2,"dup":false,"ev":"game","ms":48625,"predicted":false,"t":5,"tick":2646,"type":"hit"}
[client] {"a":2,"dup":false,"ev":"game","ms":49356,"predicted":false,"t":5,"tick":2690,"type":"guard_break"}
[client] {"a":3,"dup":false,"ev":"game","ms":49860,"predicted":false,"t":7,"tick":2720,"type":"hit"}
[client] {"counts":{"blocks_on_me":0,"conf_actions":21,"confirmed_hits":90,"dup_confirmed":0,"hits_on_me":6,"pred_actions":20,"predicted_confirmed":7,"predicted_hits":26,"reconnects":0},"ev":"stats","hp":141.1,"in_bytes":610157,"late":0,"local_entity":0,"match":{"countdown_until":300,"ctrl":-1,"final":false,"next":"","phase":3,"rot":1169,"scores":[0,0],"sd":false,"state":3,"tick":2431,"zone":"B"},"max_err":2.372,"mean_err":0.0516,"ms":49955,"out_bytes":133895,"pending":15,"pos":[-0.02,-2.76],"reconciles":878,"server_tick":2730,"snaps":879,"teleports":1}
[client] {"a":7,"dup":false,"ev":"game","ms":50611,"predicted":false,"t":3,"tick":2765,"type":"hit"}
[client] {"a":4,"dup":false,"ev":"game","ms":51122,"predicted":false,"t":5,"tick":2796,"type":"guard_break"}
[client] {"a":7,"dup":false,"ev":"game","ms":51502,"predicted":false,"t":2,"tick":2819,"type":"hit"}
[client] {"a":4,"dup":false,"ev":"game","ms":51902,"predicted":false,"t":5,"tick":2843,"type":"hit"}
[client] {"a":2,"dup":false,"ev":"game","ms":52102,"predicted":false,"t":5,"tick":2855,"type":"hit"}
[client] {"a":7,"dup":false,"ev":"game","ms":52268,"predicted":false,"t":4,"tick":2865,"type":"hit"}
[client] {"a":2,"dup":false,"ev":"game","ms":52619,"predicted":false,"t":5,"tick":2886,"type":"hit"}
[client] {"a":8,"dup":false,"ev":"game","ms":53006,"predicted":false,"t":2,"tick":2909,"type":"hit"}
[client] {"a":3,"dup":false,"ev":"game","ms":53186,"predicted":false,"t":8,"tick":2920,"type":"hit"}
[client] {"a":4,"dup":false,"ev":"game","ms":53386,"predicted":false,"t":7,"tick":2932,"type":"hit"}
[client] {"a":2,"dup":false,"ev":"game","ms":53703,"predicted":false,"t":5,"tick":2951,"type":"guard_break"}
[client] {"a":7,"dup":false,"ev":"game","ms":54020,"predicted":false,"t":3,"tick":2970,"type":"hit"}
[client] {"a":7,"dup":false,"ev":"game","ms":54055,"predicted":false,"t":2,"tick":2972,"type":"hit"}
[client] {"a":4,"dup":false,"ev":"game","ms":54103,"predicted":false,"t":5,"tick":2975,"type":"hit"}
[client] {"a":5,"dup":false,"ev":"game","ms":54103,"predicted":false,"t":-1,"tick":2975,"type":"ko"}
[client] {"a":8,"dup":false,"ev":"game","ms":54607,"predicted":false,"t":3,"tick":3005,"type":"hit"}
[client] {"counts":{"blocks_on_me":0,"conf_actions":21,"confirmed_hits":103,"dup_confirmed":0,"hits_on_me":6,"pred_actions":21,"predicted_confirmed":7,"predicted_hits":26,"reconnects":0},"ev":"stats","hp":227.500000000004,"in_bytes":672208,"late":0,"local_entity":0,"match":{"countdown_until":300,"ctrl":-1,"final":false,"next":"A","phase":3,"rot":872,"scores":[0,0],"sd":false,"state":3,"tick":2728,"zone":"B"},"max_err":2.372,"mean_err":0.0471,"ms":54951,"out_bytes":148595,"pending":18,"pos":[-0.23,-2.75],"reconciles":966,"server_tick":3031,"snaps":967,"teleports":1}
[client] {"a":7,"dup":false,"ev":"game","ms":55172,"predicted":false,"t":3,"tick":3039,"type":"block"}
[client] {"a":1,"dup":false,"ev":"game","ms":55221,"predicted":false,"t":6,"tick":3042,"type":"hit"}
[client] {"a":1,"dup":false,"ev":"game","ms":55608,"predicted":false,"t":6,"tick":3065,"type":"hit"}
[client] {"a":0,"dup":true,"ev":"game","ms":56174,"predicted":false,"t":6,"tick":3104,"type":"hit"}
[client] {"a":1,"dup":false,"ev":"game","ms":56270,"predicted":false,"t":6,"tick":3105,"type":"hit"}
[client] {"a":8,"dup":false,"ev":"game","ms":56635,"predicted":false,"t":4,"tick":3127,"type":"hit"}
[client] {"a":2,"dup":false,"ev":"game","ms":56693,"predicted":false,"t":7,"tick":3130,"type":"hit"}
[client] {"a":8,"dup":false,"ev":"game","ms":57125,"predicted":false,"t":3,"tick":3156,"type":"hit"}
[client] {"a":8,"dup":false,"ev":"game","ms":57140,"predicted":false,"t":4,"tick":3157,"type":"block"}
[client] {"a":2,"dup":false,"ev":"game","ms":57473,"predicted":false,"t":8,"tick":3175,"type":"hit"}
[client] {"a":9,"dup":false,"ev":"game","ms":57572,"predicted":false,"t":3,"tick":3183,"type":"hit"}
[client] {"a":9,"dup":false,"ev":"game","ms":57572,"predicted":false,"t":4,"tick":3183,"type":"hit"}
[client] {"a":2,"dup":false,"ev":"game","ms":57973,"predicted":false,"t":8,"tick":3207,"type":"hit"}
[client] {"a":3,"dup":false,"ev":"game","ms":58139,"predicted":false,"t":8,"tick":3217,"type":"hit"}
[client] {"a":9,"dup":false,"ev":"game","ms":58435,"predicted":false,"t":2,"tick":3235,"type":"hit"}
[client] {"a":6,"dup":false,"ev":"game","ms":58470,"predicted":false,"t":1,"tick":3237,"type":"hit"}
[client] {"a":9,"dup":false,"ev":"game","ms":58471,"predicted":false,"t":3,"tick":3237,"type":"hit"}
[client] {"a":6,"dup":false,"ev":"game","ms":58891,"predicted":false,"t":1,"tick":3262,"type":"hit"}
[client] {"a":6,"dup":false,"ev":"game","ms":59222,"predicted":false,"t":1,"tick":3282,"type":"hit"}
[client] {"counts":{"blocks_on_me":0,"conf_actions":24,"confirmed_hits":120,"dup_confirmed":0,"hits_on_me":6,"pred_actions":23,"predicted_confirmed":8,"predicted_hits":30,"reconnects":0},"ev":"stats","hp":227.500000000004,"in_bytes":739464,"late":0,"local_entity":0,"match":{"countdown_until":300,"ctrl":-1,"final":false,"next":"A","phase":3,"rot":569,"scores":[0,0],"sd":false,"state":3,"tick":3031,"zone":"B"},"max_err":2.372,"mean_err":0.0429,"ms":59956,"out_bytes":163295,"pending":15,"pos":[-0.56,-2.76],"reconciles":1064,"server_tick":3330,"snaps":1065,"teleports":1}
[client] {"a":6,"dup":false,"ev":"game","ms":60022,"predicted":false,"t":1,"tick":3330,"type":"hit"}
[client] {"a":0,"dup":true,"ev":"game","ms":60540,"predicted":false,"t":6,"tick":3366,"type":"hit"}
[client] {"a":0,"dup":false,"ev":"game","ms":61174,"predicted":false,"t":6,"tick":3404,"type":"block"}
[client] {"a":3,"dup":false,"ev":"game","ms":61481,"predicted":false,"t":6,"tick":3409,"type":"block"}
[client] {"a":1,"dup":false,"ev":"game","ms":61632,"predicted":false,"t":6,"tick":3420,"type":"block"}
[client] {"a":3,"dup":false,"ev":"game","ms":61887,"predicted":false,"t":6,"tick":3436,"type":"hit"}
[client] {"a":0,"dup":true,"ev":"game","ms":62374,"predicted":false,"t":6,"tick":3440,"type":"hit"}
[client] {"a":1,"dup":false,"ev":"game","ms":62374,"predicted":false,"t":6,"tick":3440,"type":"hit"}
[client] {"a":6,"dup":false,"ev":"game","ms":62374,"predicted":false,"t":0,"tick":3464,"type":"hit"}
[client] {"a":1,"dup":false,"ev":"game","ms":62418,"predicted":false,"t":6,"tick":3469,"type":"hit"}
[client] {"a":3,"dup":false,"ev":"game","ms":62452,"predicted":false,"t":6,"tick":3471,"type":"hit"}
[client] {"a":6,"dup":false,"ev":"game","ms":62819,"predicted":false,"t":1,"tick":3493,"type":"hit"}
[client] {"a":6,"dup":false,"ev":"game","ms":62867,"predicted":false,"t":0,"tick":3496,"type":"hit"}
[client] {"a":3,"dup":false,"ev":"game","ms":63232,"predicted":false,"t":6,"tick":3508,"type":"hit"}
[client] {"a":1,"dup":false,"ev":"game","ms":63232,"predicted":false,"t":6,"tick":3514,"type":"hit"}
[client] {"a":0,"dup":false,"ev":"game","ms":63515,"predicted":false,"t":6,"tick":3541,"type":"hit"}
[client] {"a":3,"dup":false,"ev":"game","ms":63536,"predicted":false,"t":6,"tick":3537,"type":"hit"}
[client] {"a":6,"dup":false,"ev":"game","ms":63606,"predicted":false,"t":-1,"tick":3541,"type":"ko"}
[client] {"a":5,"dup":false,"ev":"game","ms":64171,"predicted":false,"t":-1,"tick":3575,"type":"respawn"}
[client] {"counts":{"blocks_on_me":0,"conf_actions":32,"confirmed_hits":134,"dup_confirmed":0,"hits_on_me":8,"pred_actions":30,"predicted_confirmed":10,"predicted_hits":40,"reconnects":0},"ev":"stats","hp":191.500000000004,"in_bytes":808597,"late":0,"local_entity":0,"match":{"countdown_until":300,"ctrl":0,"final":false,"next":"A","phase":3,"rot":269,"scores":[1,0],"sd":false,"state":2,"tick":3331,"zone":"B"},"max_err":2.372,"mean_err":0.0412,"ms":65032,"out_bytes":177995,"pending":14,"pos":[0.17,-2.78],"reconciles":1160,"server_tick":3631,"snaps":1163,"teleports":1}
[client] {"a":2,"dup":false,"ev":"game","ms":65054,"predicted":false,"t":9,"tick":3628,"type":"hit"}
[client] {"a":2,"dup":false,"ev":"game","ms":66055,"predicted":false,"t":9,"tick":3688,"type":"hit"}
[client] {"a":9,"dup":false,"ev":"game","ms":66434,"predicted":false,"t":2,"tick":3711,"type":"hit"}
[client] {"a":-1,"dup":false,"ev":"game","ms":69573,"predicted":false,"t":-1,"tick":3899,"type":"zone_rotated"}
[client] {"counts":{"blocks_on_me":0,"conf_actions":32,"confirmed_hits":137,"dup_confirmed":0,"hits_on_me":8,"pred_actions":30,"predicted_confirmed":10,"predicted_hits":40,"reconnects":0},"ev":"stats","hp":201.400000000004,"in_bytes":865589,"late":0,"local_entity":0,"match":{"countdown_until":300,"ctrl":-1,"final":false,"next":"","phase":3,"rot":3569,"scores":[5,0],"sd":false,"state":1,"tick":3631,"zone":"A"},"max_err":2.372,"mean_err":0.0381,"ms":70034,"out_bytes":192695,"pending":14,"pos":[-2.86,-2.26],"reconciles":1256,"server_tick":3931,"snaps":1259,"teleports":1}
[client] {"a":6,"dup":false,"ev":"game","ms":73610,"predicted":false,"t":-1,"tick":4141,"type":"respawn"}
[client] {"counts":{"blocks_on_me":0,"conf_actions":32,"confirmed_hits":137,"dup_confirmed":0,"hits_on_me":8,"pred_actions":30,"predicted_confirmed":10,"predicted_hits":40,"reconnects":0},"ev":"stats","hp":260.0,"in_bytes":923471,"late":0,"local_entity":0,"match":{"countdown_until":300,"ctrl":-1,"final":false,"next":"","phase":3,"rot":3269,"scores":[9,0],"sd":false,"state":3,"tick":3931,"zone":"A"},"max_err":2.372,"mean_err":0.0354,"ms":75037,"out_bytes":207395,"pending":14,"pos":[-32.45,-5.4],"reconciles":1353,"server_tick":4232,"snaps":1356,"teleports":1}
[client] {"a":8,"dup":false,"ev":"game","ms":75073,"predicted":false,"t":4,"tick":4229,"type":"hit"}
[client] {"a":8,"dup":false,"ev":"game","ms":76425,"predicted":false,"t":0,"tick":4310,"type":"hit"}
[client] {"a":8,"dup":false,"ev":"game","ms":76425,"predicted":false,"t":4,"tick":4310,"type":"hit"}
[client] {"a":8,"dup":false,"ev":"game","ms":76447,"predicted":false,"t":1,"tick":4311,"type":"hit"}
[client] {"a":8,"dup":false,"ev":"game","ms":78219,"predicted":false,"t":3,"tick":4418,"type":"hit"}
[client] {"a":1,"dup":false,"ev":"game","ms":78419,"predicted":false,"t":7,"tick":4430,"type":"hit"}
[client] {"a":1,"dup":false,"ev":"game","ms":78751,"predicted":false,"t":7,"tick":4450,"type":"hit"}
[client] {"a":2,"dup":false,"ev":"game","ms":79484,"predicted":false,"t":7,"tick":4494,"type":"hit"}
[client] {"a":1,"dup":false,"ev":"game","ms":79580,"predicted":false,"t":7,"tick":4500,"type":"hit"}
[client] {"a":4,"dup":false,"ev":"game","ms":79649,"predicted":false,"t":8,"tick":4504,"type":"hit"}
[client] {"a":2,"dup":false,"ev":"game","ms":79719,"predicted":false,"t":8,"tick":4508,"type":"hit"}
[client] {"counts":{"blocks_on_me":0,"conf_actions":34,"confirmed_hits":148,"dup_confirmed":0,"hits_on_me":9,"pred_actions":32,"predicted_confirmed":10,"predicted_hits":40,"reconnects":0},"ev":"stats","hp":242.0,"in_bytes":986862,"late":0,"local_entity":0,"match":{"countdown_until":300,"ctrl":-1,"final":false,"next":"","phase":3,"rot":2969,"scores":[9,0],"sd":false,"state":3,"tick":4231,"zone":"A"},"max_err":2.372,"mean_err":0.0337,"ms":80014,"out_bytes":222046,"pending":13,"pos":[-41.83,-0.1],"reconciles":1450,"server_tick":4530,"snaps":1453,"teleports":1}
