Godot Engine v4.7.2.stable.official.ed1daf0bf - https://godotengine.org

[client] {"detail":"127.0.0.1:24651","ev":"status","ms":0,"status":"connecting"}
[client] {"detail":"","ev":"status","ms":319,"status":"connected"}
[client] {"ev":"welcome","ms":479,"observer":false,"pid":3}
[client] {"ev":"pick","f":"nyx","ms":885}
[client] {"ev":"lock","f":"nyx","ms":1941}
[client] {"ev":"match_setup","fighters":10,"ms":4126,"you":5}
[client] {"counts":{"blocks_on_me":0,"conf_actions":0,"confirmed_hits":0,"dup_confirmed":0,"hits_on_me":0,"pred_actions":0,"predicted_confirmed":0,"predicted_hits":0,"reconnects":0},"ev":"stats","hp":220.0,"in_bytes":54926,"late":0,"local_entity":5,"match":{"countdown_until":300,"ctrl":-1,"final":false,"next":"","phase":2,"rot":3600,"scores":[0,0],"sd":false,"state":1,"tick":0,"zone":""},"max_err":0.84,"mean_err":0.248,"ms":4934,"out_bytes":2417,"pending":14,"pos":[-5.8,46.9],"reconciles":15,"server_tick":48,"snaps":16,"teleports":1}
[client] {"counts":{"blocks_on_me":0,"conf_actions":0,"confirmed_hits":0,"dup_confirmed":0,"hits_on_me":0,"pred_actions":0,"predicted_confirmed":0,"predicted_hits":0,"reconnects":0},"ev":"stats","hp":220.0,"in_bytes":95714,"late":0,"local_entity":5,"match":{"countdown_until":300,"ctrl":-1,"final":false,"next":"","phase":3,"rot":3551,"scores":[0,0],"sd":false,"state":1,"tick":49,"zone":"B"},"max_err":0.84,"mean_err":0.307,"ms":9937,"out_bytes":17117,"pending":14,"pos":[-4.75,41.11],"reconciles":111,"server_tick":348,"snaps":112,"teleports":1}
[client] {"counts":{"blocks_on_me":0,"conf_actions":0,"confirmed_hits":0,"dup_confirmed":0,"hits_on_me":0,"pred_actions":0,"predicted_confirmed":0,"predicted_hits":0,"reconnects":0},"ev":"stats","hp":220.0,"in_bytes":150434,"late":0,"local_entity":5,"match":{"countdown_until":300,"ctrl":-1,"final":false,"next":"","phase":3,"rot":3251,"scores":[0,0],"sd":false,"state":3,"tick":349,"zone":"B"},"max_err":0.84,"mean_err":0.1662,"ms":14939,"out_bytes":31817,"pending":14,"pos":[-2.63,6.31],"reconciles":211,"server_tick":648,"snaps":212,"teleports":1}
[client] {"a":3,"dup":false,"ev":"game","ms":16210,"predicted":false,"t":5,"tick":720,"type":"hit"}
[client] {"a":3,"dup":false,"ev":"game","ms":16210,"predicted":false,"t":6,"tick":720,"type":"hit"}
[client] {"a":2,"dup":false,"ev":"game","ms":16734,"predicted":false,"t":6,"tick":752,"type":"hit"}
[client] {"a":8,"dup":false,"ev":"game","ms":16803,"predicted":false,"t":2,"tick":756,"type":"hit"}
[client] {"a":7,"dup":false,"ev":"game","ms":16984,"predicted":false,"t":3,"tick":766,"type":"hit"}
[client] {"a":7,"dup":false,"ev":"game","ms":17052,"predicted":false,"t":4,"tick":770,"type":"hit"}
[client] {"a":9,"dup":false,"ev":"game","ms":17438,"predicted":false,"t":3,"tick":786,"type":"hit"}
[client] {"a":9,"dup":false,"ev":"game","ms":17936,"predicted":false,"t":2,"tick":823,"type":"block"}
[client] {"a":6,"dup":false,"ev":"game","ms":18067,"predicted":false,"t":2,"tick":831,"type":"block"}
[client] {"a":9,"dup":false,"ev":"game","ms":18185,"predicted":false,"t":2,"tick":838,"type":"block"}
[client] {"a":2,"dup":false,"ev":"game","ms":18571,"predicted":false,"t":8,"tick":862,"type":"hit"}
[client] {"a":4,"dup":false,"ev":"game","ms":18688,"predicted":false,"t":7,"tick":869,"type":"hit"}
[client] {"a":2,"dup":false,"ev":"game","ms":19005,"predicted":false,"t":8,"tick":888,"type":"block"}
[client] {"a":2,"dup":false,"ev":"game","ms":19040,"predicted":false,"t":9,"tick":890,"type":"hit"}
[client] {"a":5,"dup":true,"ev":"game","ms":19440,"predicted":false,"t":2,"tick":906,"type":"hit"}
[client] {"a":3,"dup":false,"ev":"game","ms":19725,"predicted":false,"t":8,"tick":931,"type":"hit"}
[client] {"a":4,"dup":false,"ev":"game","ms":19750,"predicted":false,"t":5,"tick":933,"type":"hit"}
[client] {"a":4,"dup":false,"ev":"game","ms":19750,"predicted":false,"t":8,"tick":933,"type":"hit"}
[client] {"a":3,"dup":false,"ev":"game","ms":19785,"predicted":false,"t":6,"tick":935,"type":"hit"}
[client] {"a":9,"dup":false,"ev":"game","ms":19902,"predicted":false,"t":2,"tick":942,"type":"hit"}
[client] {"counts":{"blocks_on_me":0,"conf_actions":5,"confirmed_hits":16,"dup_confirmed":0,"hits_on_me":2,"pred_actions":6,"predicted_confirmed":1,"predicted_hits":6,"reconnects":0},"ev":"stats","hp":152.0,"in_bytes":219448,"late":0,"local_entity":5,"match":{"countdown_until":300,"ctrl":-1,"final":false,"next":"","phase":3,"rot":2951,"scores":[0,0],"sd":false,"state":3,"tick":649,"zone":"B"},"max_err":3.072,"mean_err":0.1412,"ms":19936,"out_bytes":46517,"pending":14,"pos":[-2.76,1.13],"reconciles":306,"server_tick":948,"snaps":308,"teleports":1}
[client] {"a":9,"dup":false,"ev":"game","ms":19951,"predicted":false,"t":3,"tick":945,"type":"hit"}
[client] {"a":6,"dup":false,"ev":"game","ms":20222,"predicted":false,"t":2,"tick":961,"type":"block"}
[client] {"a":9,"dup":false,"ev":"game","ms":20524,"predicted":false,"t":2,"tick":979,"type":"hit"}
[client] {"a":5,"dup":true,"ev":"game","ms":20840,"predicted":false,"t":4,"tick":1003,"type":"hit"}
[client] {"a":7,"dup":false,"ev":"game","ms":20986,"predicted":false,"t":3,"tick":1007,"type":"block"}
[client] {"a":4,"dup":false,"ev":"game","ms":21351,"predicted":false,"t":6,"tick":1029,"type":"hit"}
[client] {"a":4,"dup":false,"ev":"game","ms":21386,"predicted":false,"t":9,"tick":1031,"type":"hit"}
[client] {"a":4,"dup":false,"ev":"game","ms":21407,"predicted":false,"t":8,"tick":1032,"type":"hit"}
[client] {"a":7,"dup":false,"ev":"game","ms":21737,"predicted":false,"t":2,"tick":1052,"type":"hit"}
[client] {"a":4,"dup":false,"ev":"game","ms":22041,"predicted":false,"t":6,"tick":1070,"type":"hit"}
[client] {"a":4,"dup":false,"ev":"game","ms":22539,"predicted":false,"t":6,"tick":1099,"type":"hit"}
[client] {"a":2,"dup":false,"ev":"game","ms":23456,"predicted":false,"t":9,"tick":1154,"type":"block"}
[client] {"a":2,"dup":false,"ev":"game","ms":23691,"predicted":false,"t":9,"tick":1168,"type":"block"}
[client] {"a":6,"dup":false,"ev":"game","ms":23759,"predicted":false,"t":1,"tick":1172,"type":"block"}
[client] {"a":8,"dup":false,"ev":"game","ms":23856,"predicted":false,"t":1,"tick":1178,"type":"block"}
[client] {"a":5,"dup":true,"ev":"game","ms":24106,"predicted":false,"t":3,"tick":1199,"type":"hit"}
[client] {"a":5,"dup":false,"ev":"game","ms":24340,"predicted":false,"t":3,"tick":1213,"type":"hit"}
[client] {"a":9,"dup":false,"ev":"game","ms":24360,"predicted":false,"t":2,"tick":1208,"type":"hit"}
[client] {"a":5,"dup":true,"ev":"game","ms":24843,"predicted":false,"t":3,"tick":1242,"type":"hit"}
[client] {"a":9,"dup":false,"ev":"game","ms":24871,"predicted":false,"t":2,"tick":1239,"type":"block"}
[client] {"a":8,"dup":false,"ev":"game","ms":24891,"predicted":false,"t":1,"tick":1240,"type":"block"}
[client] {"counts":{"blocks_on_me":0,"conf_actions":13,"confirmed_hits":29,"dup_confirmed":0,"hits_on_me":2,"pred_actions":15,"predicted_confirmed":4,"predicted_hits":10,"reconnects":0},"ev":"stats","hp":152.0,"in_bytes":293016,"late":0,"local_entity":5,"match":{"countdown_until":300,"ctrl":-1,"final":false,"next":"","phase":3,"rot":2651,"scores":[0,0],"sd":false,"state":3,"tick":949,"zone":"B"},"max_err":3.072,"mean_err":0.1259,"ms":24938,"out_bytes":61217,"pending":17,"pos":[-4.49,-4.03],"reconciles":402,"server_tick":1248,"snaps":405,"teleports":1}
[client] {"a":7,"dup":false,"ev":"game","ms":25071,"predicted":false,"t":1,"tick":1251,"type":"block"}
[client] {"a":5,"dup":true,"ev":"game","ms":25341,"predicted":false,"t":3,"tick":1272,"type":"hit"}
[client] {"a":9,"dup":false,"ev":"game","ms":25608,"predicted":false,"t":2,"tick":1283,"type":"guard_break"}
[client] {"a":5,"dup":false,"ev":"game","ms":25672,"predicted":false,"t":3,"tick":1293,"type":"block"}
[client] {"a":6,"dup":false,"ev":"game","ms":25892,"predicted":false,"t":3,"tick":1300,"type":"hit"}
[client] {"a":8,"dup":false,"ev":"game","ms":26128,"predicted":false,"t":1,"tick":1314,"type":"guard_break"}
[client] {"a":7,"dup":false,"ev":"game","ms":26244,"predicted":false,"t":1,"tick":1319,"type":"hit"}
[client] {"a":8,"dup":false,"ev":"game","ms":26244,"predicted":false,"t":0,"tick":1319,"type":"hit"}
[client] {"a":5,"dup":true,"ev":"game","ms":26244,"predicted":false,"t":3,"tick":1327,"type":"hit"}
[client] {"a":9,"dup":false,"ev":"game","ms":26388,"predicted":false,"t":2,"tick":1331,"type":"hit"}
[client] {"a":9,"dup":false,"ev":"game","ms":26857,"predicted":false,"t":2,"tick":1358,"type":"guard_break"}
[client] {"a":9,"dup":false,"ev":"game","ms":27087,"predicted":false,"t":2,"tick":1372,"type":"hit"}
[client] {"a":0,"dup":false,"ev":"game","ms":27438,"predicted":false,"t":8,"tick":1393,"type":"hit"}
[client] {"a":0,"dup":false,"ev":"game","ms":27520,"predicted":false,"t":6,"tick":1398,"type":"hit"}
[client] {"a":7,"dup":false,"ev":"game","ms":27554,"predicted":false,"t":4,"tick":1400,"type":"hit"}
[client] {"a":5,"dup":true,"ev":"game","ms":27686,"predicted":false,"t":4,"tick":1413,"type":"hit"}
[client] {"a":2,"dup":false,"ev":"game","ms":27754,"predicted":false,"t":9,"tick":1412,"type":"hit"}
[client] {"a":7,"dup":false,"ev":"game","ms":28168,"predicted":false,"t":4,"tick":1431,"type":"hit"}
[client] {"a":5,"dup":true,"ev":"game","ms":28168,"predicted":false,"t":4,"tick":1432,"type":"hit"}
[client] {"a":5,"dup":false,"ev":"game","ms":28335,"predicted":false,"t":4,"tick":1452,"type":"block"}
[client] {"a":8,"dup":false,"ev":"game","ms":28369,"predicted":false,"t":0,"tick":1449,"type":"hit"}
[client] {"a":5,"dup":false,"ev":"game","ms":28900,"predicted":false,"t":4,"tick":1486,"type":"block"}
[client] {"a":2,"dup":false,"ev":"game","ms":28969,"predicted":false,"t":9,"tick":1485,"type":"hit"}
[client] {"a":2,"dup":false,"ev":"game","ms":29452,"predicted":false,"t":9,"tick":1514,"type":"block"}
[client] {"a":0,"dup":false,"ev":"game","ms":29500,"predicted":false,"t":8,"tick":1517,"type":"hit"}
[client] {"a":5,"dup":false,"ev":"game","ms":29500,"predicted":false,"t":4,"tick":1523,"type":"block"}
[client] {"a":4,"dup":false,"ev":"game","ms":29887,"predicted":false,"t":5,"tick":1541,"type":"hit"}
[client] {"counts":{"blocks_on_me":0,"conf_actions":23,"confirmed_hits":47,"dup_confirmed":0,"hits_on_me":3,"pred_actions":24,"predicted_confirmed":8,"predicted_hits":27,"reconnects":0},"ev":"stats","hp":134.0,"in_bytes":366904,"late":0,"local_entity":5,"match":{"countdown_until":300,"ctrl":-1,"final":false,"next":"","phase":3,"rot":2351,"scores":[0,0],"sd":false,"state":3,"tick":1249,"zone":"B"},"max_err":3.072,"mean_err":0.1028,"ms":29934,"out_bytes":75917,"pending":17,"pos":[-3.7,-5.17],"reconciles":498,"server_tick":1548,"snaps":501,"teleports":1}
[client] {"a":6,"dup":false,"ev":"game","ms":30184,"predicted":false,"t":1,"tick":1558,"type":"guard_break"}
[client] {"a":6,"dup":false,"ev":"game","ms":30204,"predicted":false,"t":0,"tick":1559,"type":"hit"}
[client] {"a":5,"dup":true,"ev":"game","ms":30356,"predicted":false,"t":4,"tick":1574,"type":"hit"}
[client] {"a":7,"dup":false,"ev":"game","ms":30736,"predicted":false,"t":1,"tick":1591,"type":"hit"}
[client] {"a":7,"dup":false,"ev":"game","ms":31474,"predicted":false,"t":0,"tick":1635,"type":"hit"}
[client] {"a":7,"dup":false,"ev":"game","ms":31901,"predicted":false,"t":0,"tick":1661,"type":"hit"}
[client] {"a":6,"dup":false,"ev":"game","ms":32053,"predicted":false,"t":0,"tick":1670,"type":"hit"}
[client] {"a":2,"dup":false,"ev":"game","ms":32122,"predicted":false,"t":9,"tick":1674,"type":"hit"}
[client] {"a":4,"dup":false,"ev":"game","ms":32287,"predicted":false,"t":5,"tick":1684,"type":"hit"}
[client] {"a":4,"dup":false,"ev":"game","ms":32853,"predicted":false,"t":5,"tick":1719,"type":"hit"}
[client] {"a":2,"dup":false,"ev":"game","ms":33020,"predicted":false,"t":9,"tick":1729,"type":"hit"}
[client] {"a":7,"dup":false,"ev":"game","ms":33323,"predicted":false,"t":1,"tick":1746,"type":"guard_break"}
[client] {"a":0,"dup":false,"ev":"game","ms":33371,"predicted":false,"t":7,"tick":1749,"type":"hit"}
[client] {"a":0,"dup":false,"ev":"game","ms":33405,"predicted":false,"t":6,"tick":1752,"type":"hit"}
[client] {"a":8,"dup":false,"ev":"game","ms":33475,"predicted":false,"t":0,"tick":1756,"type":"hit"}
[client] {"a":4,"dup":false,"ev":"game","ms":33502,"predicted":false,"t":5,"tick":1758,"type":"hit"}
[client] {"a":2,"dup":false,"ev":"game","ms":34006,"predicted":false,"t":9,"tick":1787,"type":"hit"}
[client] {"a":7,"dup":false,"ev":"game","ms":34006,"predicted":false,"t":1,"tick":1787,"type":"hit"}
[client] {"a":4,"dup":false,"ev":"game","ms":34076,"predicted":false,"t":5,"tick":1791,"type":"hit"}
[client] {"a":2,"dup":false,"ev":"game","ms":34206,"predicted":false,"t":9,"tick":1800,"type":"hit"}
[client] {"a":8,"dup":false,"ev":"game","ms":34406,"predicted":false,"t":0,"tick":1811,"type":"hit"}
[client] {"a":4,"dup":false,"ev":"game","ms":34558,"predicted":false,"t":5,"tick":1821,"type":"hit"}
[client] {"a":9,"dup":false,"ev":"game","ms":34821,"predicted":false,"t":2,"tick":1836,"type":"hit"}
[client] {"a":8,"dup":false,"ev":"game","ms":34876,"predicted":false,"t":1,"tick":1839,"type":"guard_break"}
[client] {"counts":{"blocks_on_me":0,"conf_actions":28,"confirmed_hits":68,"dup_confirmed":0,"hits_on_me":8,"pred_actions":30,"predicted_confirmed":9,"predicted_hits":37,"reconnects":0},"ev":"stats","hp":48.0,"in_bytes":442198,"late":0,"local_entity":5,"match":{"countdown_until":300,"ctrl":-1,"final":false,"next":"","phase":3,"rot":2051,"scores":[0,0],"sd":false,"state":3,"tick":1549,"zone":"B"},"max_err":3.072,"mean_err":0.1011,"ms":34936,"out_bytes":90617,"pending":14,"pos":[-0.17,-11.33],"reconciles":597,"server_tick":1848,"snaps":599,"teleports":1}
[client] {"a":5,"dup":true,"ev":"game","ms":35006,"predicted":false,"t":4,"tick":1853,"type":"hit"}
[client] {"a":5,"dup":false,"ev":"game","ms":35388,"predicted":false,"t":4,"tick":1875,"type":"block"}
[client] {"a":5,"dup":false,"ev":"game","ms":35703,"predicted":false,"t":4,"tick":1895,"type":"block"}
[client] {"a":7,"dup":false,"ev":"game","ms":35759,"predicted":false,"t":1,"tick":1893,"type":"hit"}
[client] {"a":7,"dup":false,"ev":"game","ms":36242,"predicted":false,"t":0,"tick":1922,"type":"block"}
[client] {"a":7,"dup":false,"ev":"game","ms":36242,"predicted":false,"t":1,"tick":1922,"type":"guard_break"}
[client] {"a":5,"dup":true,"ev":"game","ms":36325,"predicted":false,"t":4,"tick":1932,"type":"hit"}
[client] {"a":7,"dup":false,"ev":"game","ms":36704,"predicted":false,"t":0,"tick":1950,"type":"block"}
[client] {"a":7,"dup":false,"ev":"game","ms":36724,"predicted":false,"t":1,"tick":1951,"type":"hit"}
[client] {"a":5,"dup":true,"ev":"game","ms":36841,"predicted":false,"t":4,"tick":1962,"type":"hit"}
[client] {"a":8,"dup":false,"ev":"game","ms":36939,"predicted":false,"t":0,"tick":1964,"type":"block"}
[client] {"a":5,"dup":false,"ev":"game","ms":37393,"predicted":false,"t":4,"tick":1984,"type":"block"}
[client] {"a":7,"dup":false,"ev":"game","ms":37393,"predicted":false,"t":0,"tick":1989,"type":"block"}
[client] {"a":7,"dup":false,"ev":"game","ms":37844,"predicted":false,"t":0,"tick":2018,"type":"block"}
[client] {"a":8,"dup":false,"ev":"game","ms":37856,"predicted":false,"t":0,"tick":2019,"type":"block"}
[client] {"a":8,"dup":false,"ev":"game","ms":38394,"predicted":false,"t":0,"tick":2051,"type":"hit"}
[client] {"a":7,"dup":false,"ev":"game","ms":38456,"predicted":false,"t":0,"tick":2055,"type":"hit"}
[client] {"a":5,"dup":false,"ev":"game","ms":38595,"predicted":false,"t":3,"tick":2067,"type":"block"}
[client] {"a":0,"dup":false,"ev":"game","ms":38940,"predicted":false,"t":8,"tick":2083,"type":"hit"}
[client] {"a":7,"dup":false,"ev":"game","ms":38974,"predicted":false,"t":0,"tick":2085,"type":"hit"}
[client] {"a":0,"dup":false,"ev":"game","ms":38975,"predicted":false,"t":-1,"tick":2085,"type":"ko"}
[client] {"counts":{"blocks_on_me":0,"conf_actions":37,"confirmed_hits":77,"dup_confirmed":0,"hits_on_me":8,"pred_actions":39,"predicted_confirmed":12,"predicted_hits":50,"reconnects":0},"ev":"stats","hp":48.0,"in_bytes":515171,"late":0,"local_entity":5,"match":{"countdown_until":300,"ctrl":-1,"final":false,"next":"","phase":3,"rot":1751,"scores":[0,0],"sd":false,"state":3,"tick":1849,"zone":"B"},"max_err":3.072,"mean_err":0.0875,"ms":39939,"out_bytes":105317,"pending":17,"pos":[-1.05,-9.61],"reconciles":692,"server_tick":2148,"snaps":695,"teleports":1}
[client] {"a":8,"dup":false,"ev":"game","ms":40706,"predicted":false,"t":1,"tick":2190,"type":"guard_break"}
[client] {"a":8,"dup":false,"ev":"game","ms":41506,"predicted":false,"t":1,"tick":2237,"type":"hit"}
[client] {"a":8,"dup":false,"ev":"game","ms":42023,"predicted":false,"t":1,"tick":2268,"type":"guard_break"}
[client] {"a":9,"dup":false,"ev":"game","ms":42417,"predicted":false,"t":4,"tick":2292,"type":"hit"}
[client] {"a":5,"dup":true,"ev":"game","ms":42438,"predicted":false,"t":3,"tick":2298,"type":"hit"}
[client] {"a":8,"dup":false,"ev":"game","ms":42790,"predicted":false,"t":1,"tick":2314,"type":"hit"}
[client] {"a":5,"dup":false,"ev":"game","ms":42817,"predicted":false,"t":3,"tick":2321,"type":"block"}
[client] {"a":5,"dup":false,"ev":"game","ms":43217,"predicted":false,"t":3,"tick":2346,"type":"block"}
[client] {"a":5,"dup":false,"ev":"game","ms":43804,"predicted":false,"t":3,"tick":2380,"type":"block"}
[client] {"a":8,"dup":false,"ev":"game","ms":44073,"predicted":false,"t":1,"tick":2391,"type":"guard_break"}
[client] {"a":3,"dup":false,"ev":"game","ms":44522,"predicted":false,"t":5,"tick":2418,"type":"hit"}
[client] {"counts":{"blocks_on_me":0,"conf_actions":42,"confirmed_hits":82,"dup_confirmed":0,"hits_on_me":9,"pred_actions":45,"predicted_confirmed":13,"predicted_hits":60,"reconnects":0},"ev":"stats","hp":10.0,"in_bytes":583266,"late":0,"local_entity":5,"match":{"countdown_until":300,"ctrl":-1,"final":false,"next":"","phase":3,"rot":1451,"scores":[0,0],"sd":false,"state":3,"tick":2149,"zone":"B"},"max_err":3.072,"mean_err":0.0793,"ms":44934,"out_bytes":120017,"pending":14,"pos":[-0.03,-3.02],"reconciles":793,"server_tick":2448,"snaps":795,"teleports":1}
[client] {"a":8,"dup":false,"ev":"game","ms":44971,"predicted":false,"t":1,"tick":2439,"type":"hit"}
[client] {"a":2,"dup":false,"ev":"game","ms":45108,"predicted":false,"t":9,"tick":2454,"type":"block"}
[client] {"a":5,"dup":false,"ev":"game","ms":45287,"predicted":false,"t":-1,"tick":2469,"type":"ko"}
[client] {"a":2,"dup":false,"ev":"game","ms":45335,"predicted":false,"t":9,"tick":2468,"type":"block"}
[client] {"a":3,"dup":false,"ev":"game","ms":45356,"predicted":false,"t":5,"tick":2469,"type":"hit"}
[client] {"a":8,"dup":false,"ev":"game","ms":45356,"predicted":false,"t":1,"tick":2469,"type":"guard_break"}
[client] {"a":8,"dup":false,"ev":"game","ms":45874,"predicted":false,"t":1,"tick":2500,"type":"hit"}
[client] {"a":1,"dup":false,"ev":"game","ms":45874,"predicted":false,"t":-1,"tick":2500,"type":"ko"}
[client] {"a":9,"dup":false,"ev":"game","ms":46274,"predicted":false,"t":2,"tick":2523,"type":"hit"}
[client] {"a":8,"dup":false,"ev":"game","ms":47320,"predicted":false,"t":3,"tick":2586,"type":"hit"}
[client] {"a":3,"dup":false,"ev":"game","ms":48120,"predicted":false,"t":8,"tick":2634,"type":"hit"}
[client] {"a":3,"dup":false,"ev":"game","ms":48686,"predicted":false,"t":7,"tick":2662,"type":"block"}
[client] {"a":3,"dup":false,"ev":"game","ms":48686,"predicted":false,"t":8,"tick":2663,"type":"block"}
[client] {"a":0,"dup":false,"ev":"game","ms":49072,"predicted":false,"t":-1,"tick":2685,"type":"respawn"}
[client] {"counts":{"blocks_on_me":0,"conf_actions":43,"confirmed_hits":88,"dup_confirmed":0,"hits_on_me":10,"pred_actions":46,"predicted_confirmed":13,"predicted_hits":61,"reconnects":0},"ev":"stats","hp":0.0,"in_bytes":643015,"late":0,"local_entity":5,"match":{"countdown_until":300,"ctrl":-1,"final":false,"next":"","phase":3,"rot":1151,"scores":[0,0],"sd":false,"state":3,"tick":2449,"zone":"B"},"max_err":3.072,"mean_err":0.071,"ms":49934,"out_bytes":134717,"pending":14,"pos":[-0.03,-3.02],"reconciles":890,"server_tick":2748,"snaps":892,"teleports":1}
[client] {"a":3,"dup":false,"ev":"game","ms":50286,"predicted":false,"t":7,"tick":2765,"type":"hit"}
[client] {"a":3,"dup":false,"ev":"game","ms":52018,"predicted":false,"t":6,"tick":2862,"type":"hit"}
[client] {"a":6,"dup":false,"ev":"game","ms":52322,"predicted":false,"t":3,"tick":2887,"type":"hit"}
[client] {"a":7,"dup":false,"ev":"game","ms":52453,"predicted":false,"t":3,"tick":2895,"type":"hit"}
[client] {"a":8,"dup":false,"ev":"game","ms":52453,"predicted":false,"t":3,"tick":2895,"type":"hit"}
[client] {"a":8,"dup":false,"ev":"game","ms":52971,"predicted":false,"t":3,"tick":2926,"type":"block"}
[client] {"a":6,"dup":false,"ev":"game","ms":53205,"predicted":false,"t":3,"tick":2940,"type":"hit"}
[client] {"a":3,"dup":false,"ev":"game","ms":53205,"predicted":false,"t":-1,"tick":2940,"type":"ko"}
[client] {"counts":{"blocks_on_me":0,"conf_actions":43,"confirmed_hits":94,"dup_confirmed":0,"hits_on_me":10,"pred_actions":46,"predicted_confirmed":13,"predicted_hits":61,"reconnects":0},"ev":"stats","hp":0.0,"in_bytes":704115,"late":0,"local_entity":5,"match":{"countdown_until":300,"ctrl":1,"final":false,"next":"A","phase":3,"rot":851,"scores":[0,1],"sd":false,"state":2,"tick":2749,"zone":"B"},"max_err":3.072,"mean_err":0.0639,"ms":54936,"out_bytes":149417,"pending":14,"pos":[-0.03,-3.02],"reconciles":988,"server_tick":3048,"snaps":990,"teleports":1}
[client] {"a":5,"dup":false,"ev":"game","ms":55289,"predicted":false,"t":-1,"tick":3069,"type":"respawn"}
[client] {"a":9,"dup":false,"ev":"game","ms":55372,"predicted":false,"t":0,"tick":3070,"type":"hit"}
[client] {"a":9,"dup":false,"ev":"game","ms":55373,"predicted":false,"t":4,"tick":3070,"type":"hit"}
[client] {"a":1,"dup":false,"ev":"game","ms":55876,"predicted":false,"t":-1,"tick":3100,"type":"respawn"}
[client] {"a":4,"dup":false,"ev":"game","ms":56310,"predicted":false,"t":8,"tick":3126,"type":"block"}
[client] {"a":9,"dup":false,"ev":"game","ms":56510,"predicted":false,"t":0,"tick":3138,"type":"hit"}
[client] {"a":9,"dup":false,"ev":"game","ms":56510,"predicted":false,"t":4,"tick":3138,"type":"hit"}
[client] {"a":7,"dup":false,"ev":"game","ms":56710,"predicted":false,"t":0,"tick":3150,"type":"hit"}
[client] {"a":9,"dup":false,"ev":"game","ms":57007,"predicted":false,"t":0,"tick":3168,"type":"hit"}
[client] {"a":9,"dup":false,"ev":"game","ms":57042,"predicted":false,"t":4,"tick":3170,"type":"hit"}
[client] {"a":8,"dup":false,"ev":"game","ms":57335,"predicted":false,"t":0,"tick":3188,"type":"hit"}
[client] {"a":9,"dup":false,"ev":"game","ms":57586,"predicted":false,"t":0,"tick":3203,"type":"hit"}
[client] {"a":2,"dup":false,"ev":"game","ms":57822,"predicted":false,"t":9,"tick":3217,"type":"hit"}
[client] {"a":8,"dup":false,"ev":"game","ms":57904,"predicted":false,"t":0,"tick":3222,"type":"hit"}
[client] {"a":0,"dup":false,"ev":"game","ms":58368,"predicted":false,"t":8,"tick":3250,"type":"hit"}
[client] {"a":2,"dup":false,"ev":"game","ms":58567,"predicted":false,"t":7,"tick":3262,"type":"hit"}
[client] {"counts":{"blocks_on_me":0,"conf_actions":43,"confirmed_hits":107,"dup_confirmed":0,"hits_on_me":10,"pred_actions":46,"predicted_confirmed":13,"predicted_hits":61,"reconnects":0},"ev":"stats","hp":220.0,"in_bytes":765794,"late":0,"local_entity":5,"match":{"countdown_until":300,"ctrl":-1,"final":false,"next":"A","phase":3,"rot":551,"scores":[0,6],"sd":false,"state":3,"tick":3049,"zone":"B"},"max_err":3.072,"mean_err":0.0584,"ms":59932,"out_bytes":164117,"pending":17,"pos":[-2.34,18.06],"reconciles":1082,"server_tick":3348,"snaps":1086,"teleports":2}
[client] {"a":2,"dup":false,"ev":"game","ms":60486,"predicted":false,"t":7,"tick":3376,"type":"hit"}
[client] {"a":7,"dup":false,"ev":"game","ms":60851,"predicted":false,"t":0,"tick":3398,"type":"block"}
[client] {"a":7,"dup":false,"ev":"game","ms":60851,"predicted":false,"t":2,"tick":3398,"type":"hit"}
[client] {"a":7,"dup":false,"ev":"game","ms":60886,"predicted":false,"t":4,"tick":3400,"type":"hit"}
[client] {"a":4,"dup":false,"ev":"game","ms":61837,"predicted":false,"t":7,"tick":3457,"type":"hit"}
[client] {"a":0,"dup":false,"ev":"game","ms":62003,"predicted":false,"t":7,"tick":3467,"type":"hit"}
[client] {"a":2,"dup":false,"ev":"game","ms":62106,"predicted":false,"t":7,"tick":3473,"type":"hit"}
[client] {"a":3,"dup":false,"ev":"game","ms":63204,"predicted":false,"t":-1,"tick":3540,"type":"respawn"}
[client] {"a":2,"dup":false,"ev":"game","ms":64025,"predicted":false,"t":6,"tick":3588,"type":"parry"}
[client] {"a":5,"dup":true,"ev":"game","ms":64039,"predicted":false,"t":0,"tick":3594,"type":"hit"}
[client] {"a":0,"dup":false,"ev":"game","ms":64107,"predicted":false,"t":6,"tick":3593,"type":"hit"}
[client] {"a":5,"dup":true,"ev":"game","ms":64238,"predicted":false,"t":0,"tick":3607,"type":"hit"}
[client] {"a":4,"dup":false,"ev":"game","ms":64369,"predicted":false,"t":5,"tick":3609,"type":"hit"}
[client] {"a":4,"dup":false,"ev":"game","ms":64404,"predicted":false,"t":6,"tick":3611,"type":"hit"}
[client] {"a":6,"dup":false,"ev":"game","ms":64756,"predicted":false,"t":4,"tick":3632,"type":"hit"}
[client] {"counts":{"blocks_on_me":0,"conf_actions":45,"confirmed_hits":119,"dup_confirmed":0,"hits_on_me":11,"pred_actions":47,"predicted_confirmed":15,"predicted_hits":65,"reconnects":0},"ev":"stats","hp":202.0,"in_bytes":829404,"late":0,"local_entity":5,"match":{"countdown_until":300,"ctrl":-1,"final":false,"next":"A","phase":3,"rot":251,"scores":[0,6],"sd":false,"state":3,"tick":3349,"zone":"B"},"max_err":3.072,"mean_err":0.0543,"ms":64941,"out_bytes":178817,"pending":20,"pos":[5.53,-4.39],"reconciles":1177,"server_tick":3648,"snaps":1181,"teleports":2}
[client] {"a":2,"dup":false,"ev":"game","ms":64969,"predicted":false,"t":5,"tick":3645,"type":"hit"}
[client] {"a":0,"dup":false,"ev":"game","ms":65052,"predicted":false,"t":5,"tick":3650,"type":"hit"}
[client] {"a":6,"dup":false,"ev":"game","ms":65073,"predicted":false,"t":4,"tick":3651,"type":"block"}
[client] {"a":0,"dup":false,"ev":"game","ms":65370,"predicted":false,"t":6,"tick":3669,"type":"hit"}
[client] {"a":0,"dup":false,"ev":"game","ms":65793,"predicted":false,"t":6,"tick":3694,"type":"hit"}
[client] {"a":6,"dup":false,"ev":"game","ms":66144,"predicted":false,"t":0,"tick":3715,"type":"hit"}
[client] {"a":2,"dup":false,"ev":"game","ms":66344,"predicted":false,"t":6,"tick":3727,"type":"hit"}
[client] {"a":0,"dup":false,"ev":"game","ms":66571,"predicted":false,"t":6,"tick":3741,"type":"hit"}
[client] {"a":2,"dup":false,"ev":"game","ms":66922,"predicted":false,"t":6,"tick":3762,"type":"hit"}
[client] {"a":0,"dup":false,"ev":"game","ms":67157,"predicted":false,"t":6,"tick":3776,"type":"hit"}
[client] {"a":5,"dup":true,"ev":"game","ms":67157,"predicted":false,"t":0,"tick":3782,"type":"hit"}
[client] {"a":6,"dup":false,"ev":"game","ms":67773,"predicted":false,"t":2,"tick":3813,"type":"hit"}
[client] {"a":5,"dup":true,"ev":"game","ms":68027,"predicted":false,"t":2,"tick":3834,"type":"hit"}
[client] {"a":0,"dup":false,"ev":"game","ms":68206,"predicted":false,"t":5,"tick":3840,"type":"hit"}
[client] {"a":2,"dup":false,"ev":"game","ms":69062,"predicted":false,"t":6,"tick":3891,"type":"hit"}
[client] {"a":-1,"dup":false,"ev":"game","ms":69192,"predicted":false,"t":-1,"tick":3899,"type":"zone_rotated"}
[client] {"a":6,"dup":false,"ev":"game","ms":69565,"predicted":false,"t":2,"tick":3922,"type":"block"}
[client] {"a":6,"dup":false,"ev":"game","ms":69870,"predicted":false,"t":2,"tick":3940,"type":"hit"}
[client] {"counts":{"blocks_on_me":0,"conf_actions":54,"confirmed_hits":134,"dup_confirmed":0,"hits_on_me":14,"pred_actions":57,"predicted_confirmed":17,"predicted_hits":74,"reconnects":0},"ev":"stats","hp":128.0,"in_bytes":897102,"late":0,"local_entity":5,"match":{"countdown_until":300,"ctrl":-1,"final":false,"next":"","phase":3,"rot":3551,"scores":[0,6],"sd":false,"state":1,"tick":3649,"zone":"A"},"max_err":3.072,"mean_err":0.0554,"ms":69937,"out_bytes":193517,"pending":14,"pos":[0.23,-4.61],"reconciles":1274,"server_tick":3948,"snaps":1277,"teleports":2}
[client] {"a":5,"dup":true,"ev":"game","ms":70366,"predicted":false,"t":2,"tick":3974,"type":"hit"}
[client] {"a":5,"dup":false,"ev":"game","ms":70401,"predicted":false,"t":1,"tick":3976,"type":"block"}
[client] {"a":6,"dup":false,"ev":"game","ms":71236,"predicted":false,"t":2,"tick":4015,"type":"hit"}
[client] {"a":5,"dup":false,"ev":"game","ms":71236,"predicted":false,"t":1,"tick":4023,"type":"block"}
[client] {"a":5,"dup":false,"ev":"game","ms":71505,"predicted":false,"t":1,"tick":4042,"type":"block"}
[client] {"a":5,"dup":true,"ev":"game","ms":71505,"predicted":false,"t":2,"tick":4042,"type":"hit"}
[client] {"a":2,"dup":false,"ev":"game","ms":71588,"predicted":false,"t":-1,"tick":4042,"type":"ko"}
[client] {"a":5,"dup":false,"ev":"game","ms":71989,"predicted":false,"t":1,"tick":4072,"type":"block"}
[client] {"a":5,"dup":false,"ev":"game","ms":72657,"predicted":false,"t":1,"tick":4112,"type":"block"}
[client] {"a":5,"dup":false,"ev":"game","ms":73270,"predicted":false,"t":1,"tick":4148,"type":"guard_break"}
[client] {"a":5,"dup":true,"ev":"game","ms":73622,"predicted":false,"t":1,"tick":4167,"type":"hit"}
[client] {"a":5,"dup":false,"ev":"game","ms":73954,"predicted":false,"t":1,"tick":4190,"type":"guard_break"}
[client] {"a":5,"dup":true,"ev":"game","ms":74389,"predicted":false,"t":1,"tick":4204,"type":"hit"}
[client] {"a":5,"dup":false,"ev":"game","ms":74768,"predicted":false,"t":1,"tick":4239,"type":"guard_break"}
[client] {"counts":{"blocks_on_me":0,"conf_actions":62,"confirmed_hits":139,"dup_confirmed":0,"hits_on_me":14,"pred_actions":66,"predicted_confirmed":21,"predicted_hits":94,"reconnects":0},"ev":"stats","hp":128.0,"in_bytes":964965,"late":0,"local_entity":5,"match":{"countdown_until":300,"ctrl":0,"final":false,"next":"","phase":3,"rot":3251,"scores":[2,6],"sd":false,"state":2,"tick":3949,"zone":"A"},"max_err":3.072,"mean_err":0.0518,"ms":74939,"out_bytes":208217,"pending":14,"pos":[3.43,-7.06],"reconciles":1372,"server_tick":4248,"snaps":1375,"teleports":2}
[client] {"a":5,"dup":true,"ev":"game","ms":75140,"predicted":false,"t":1,"tick":4257,"type":"hit"}
[client] {"a":9,"dup":false,"ev":"game","ms":76459,"predicted":false,"t":1,"tick":4335,"type":"guard_break"}
[client] {"a":3,"dup":false,"ev":"game","ms":77176,"predicted":false,"t":7,"tick":4378,"type":"hit"}
[client] {"a":9,"dup":false,"ev":"game","ms":77742,"predicted":false,"t":1,"tick":4412,"type":"guard_break"}
[client] {"a":8,"dup":false,"ev":"game","ms":77887,"predicted":false,"t":0,"tick":4421,"type":"hit"}
[client] {"a":0,"dup":false,"ev":"game","ms":78474,"predicted":false,"t":8,"tick":4448,"type":"hit"}
[client] {"a":3,"dup":false,"ev":"game","ms":78474,"predicted":false,"t":8,"tick":4454,"type":"hit"}
[client] {"a":9,"dup":false,"ev":"game","ms":78487,"predicted":false,"t":1,"tick":4457,"type":"hit"}
[client] {"a":0,"dup":false,"ev":"game","ms":78659,"predicted":false,"t":8,"tick":4467,"type":"hit"}
[client] {"a":3,"dup":false,"ev":"game","ms":78922,"predicted":false,"t":8,"tick":4483,"type":"hit"}
[client] {"a":7,"dup":false,"ev":"game","ms":79190,"predicted":false,"t":3,"tick":4499,"type":"hit"}
[client] {"a":9,"dup":false,"ev":"game","ms":79460,"predicted":false,"t":1,"tick":4515,"type":"guard_break"}
[client] {"a":0,"dup":false,"ev":"game","ms":79556,"predicted":false,"t":8,"tick":4521,"type":"hit"}
[client] {"a":9,"dup":false,"ev":"game","ms":79688,"predicted":false,"t":1,"tick":4529,"type":"hit"}
[client] {"counts":{"blocks_on_me":0,"conf_actions":64,"confirmed_hits":150,"dup_confirmed":0,"hits_on_me":14,"pred_actions":67,"predicted_confirmed":22,"predicted_hits":94,"reconnects":0},"ev":"stats","hp":128.0,"in_bytes":1032284,"late":0,"local_entity":5,"match":{"countdown_until":300,"ctrl":-1,"final":false,"next":"","phase":3,"rot":2951,"scores":[3,6],"sd":false,"state":3,"tick":4249,"zone":"A"},"max_err":3.072,"mean_err":0.0539,"ms":79942,"out_bytes":222917,"pending":14,"pos":[-17.9,-10.81],"reconciles":1469,"server_tick":4548,"snaps":1472,"teleports":2}
[client] {"counts":{"blocks_on_me":0,"conf_actions":64,"confirmed_hits":150,"dup_confirmed":0,"hits_on_me":14,"pred_actions":67,"predicted_confirmed":22,"predicted_hits":94,"reconnects":0},"ev":"stats","hp":128.0,"in_bytes":1032799,"late":0,"local_entity":5,"match":{"countdown_until":300,"ctrl":-1,"final":false,"next":"","phase":3,"rot":2948,"scores":[3,6],"sd":false,"state":3,"tick":4252,"zone":"A"},"max_err":3.072,"mean_err":0.0539,"ms":80004,"out_bytes":223113,"pending":15,"pos":[-18.38,-10.83],"reconciles":1470,"server_tick":4552,"snaps":1473,"teleports":2}
