Godot Engine v4.7.2.stable.official.ed1daf0bf - https://godotengine.org

[client] {"detail":"127.0.0.1:24651","ev":"status","ms":1,"status":"connecting"}
[client] {"detail":"","ev":"status","ms":320,"status":"connected"}
[client] {"ev":"welcome","ms":478,"observer":false,"pid":4}
[client] {"ev":"pick","f":"bruno","ms":906}
[client] {"ev":"notice","ms":1065,"msg":{"code":"taken","for":"pick","t":"error"}}
[client] {"ev":"pick","f":"vex","ms":1631}
[client] {"ev":"lock","f":"vex","ms":2624}
[client] {"ev":"match_setup","fighters":10,"ms":3804,"you":1}
[client] {"counts":{"blocks_on_me":0,"conf_actions":0,"confirmed_hits":0,"dup_confirmed":0,"hits_on_me":0,"pred_actions":0,"predicted_confirmed":0,"predicted_hits":0,"reconnects":0},"ev":"stats","hp":220.0,"in_bytes":56985,"late":0,"local_entity":1,"match":{"countdown_until":300,"ctrl":-1,"final":false,"next":"","phase":2,"rot":3600,"scores":[0,0],"sd":false,"state":1,"tick":0,"zone":""},"max_err":0.817,"mean_err":0.2778,"ms":4959,"out_bytes":3506,"pending":16,"pos":[-3.45,-45.23],"reconciles":21,"server_tick":69,"snaps":23,"teleports":1}
[client] {"counts":{"blocks_on_me":0,"conf_actions":0,"confirmed_hits":0,"dup_confirmed":0,"hits_on_me":0,"pred_actions":0,"predicted_confirmed":0,"predicted_hits":0,"reconnects":0},"ev":"stats","hp":220.0,"in_bytes":99628,"late":0,"local_entity":1,"match":{"countdown_until":300,"ctrl":-1,"final":false,"next":"","phase":3,"rot":3530,"scores":[0,0],"sd":false,"state":1,"tick":70,"zone":"B"},"max_err":0.817,"mean_err":0.2784,"ms":9961,"out_bytes":18206,"pending":14,"pos":[-3.63,-37.62],"reconciles":119,"server_tick":369,"snaps":120,"teleports":1}
[client] {"counts":{"blocks_on_me":0,"conf_actions":0,"confirmed_hits":0,"dup_confirmed":0,"hits_on_me":0,"pred_actions":0,"predicted_confirmed":0,"predicted_hits":0,"reconnects":0},"ev":"stats","hp":220.0,"in_bytes":151360,"late":0,"local_entity":1,"match":{"countdown_until":300,"ctrl":-1,"final":false,"next":"","phase":3,"rot":3230,"scores":[0,0],"sd":false,"state":3,"tick":370,"zone":"B"},"max_err":0.817,"mean_err":0.1541,"ms":14964,"out_bytes":32906,"pending":14,"pos":[-0.04,-2.95],"reconciles":215,"server_tick":669,"snaps":216,"teleports":1}
[client] {"a":3,"dup":false,"ev":"game","ms":15903,"predicted":false,"t":5,"tick":720,"type":"hit"}
[client] {"a":3,"dup":false,"ev":"game","ms":15903,"predicted":false,"t":6,"tick":720,"type":"hit"}
[client] {"a":2,"dup":false,"ev":"game","ms":16427,"predicted":false,"t":6,"tick":752,"type":"hit"}
[client] {"a":8,"dup":false,"ev":"game","ms":16497,"predicted":false,"t":2,"tick":756,"type":"hit"}
[client] {"a":7,"dup":false,"ev":"game","ms":16664,"predicted":false,"t":3,"tick":766,"type":"hit"}
[client] {"a":7,"dup":false,"ev":"game","ms":16724,"predicted":false,"t":4,"tick":770,"type":"hit"}
[client] {"a":9,"dup":false,"ev":"game","ms":16994,"predicted":false,"t":3,"tick":786,"type":"hit"}
[client] {"a":9,"dup":false,"ev":"game","ms":17623,"predicted":false,"t":2,"tick":823,"type":"block"}
[client] {"a":6,"dup":false,"ev":"game","ms":17788,"predicted":false,"t":2,"tick":831,"type":"block"}
[client] {"a":9,"dup":false,"ev":"game","ms":17872,"predicted":false,"t":2,"tick":838,"type":"block"}
[client] {"a":2,"dup":false,"ev":"game","ms":18264,"predicted":false,"t":8,"tick":862,"type":"hit"}
[client] {"a":4,"dup":false,"ev":"game","ms":18381,"predicted":false,"t":7,"tick":869,"type":"hit"}
[client] {"a":2,"dup":false,"ev":"game","ms":18699,"predicted":false,"t":8,"tick":888,"type":"block"}
[client] {"a":2,"dup":false,"ev":"game","ms":18726,"predicted":false,"t":9,"tick":890,"type":"hit"}
[client] {"a":5,"dup":false,"ev":"game","ms":18996,"predicted":false,"t":2,"tick":906,"type":"hit"}
[client] {"a":3,"dup":false,"ev":"game","ms":19417,"predicted":false,"t":8,"tick":931,"type":"hit"}
[client] {"a":4,"dup":false,"ev":"game","ms":19444,"predicted":false,"t":5,"tick":933,"type":"hit"}
[client] {"a":4,"dup":false,"ev":"game","ms":19444,"predicted":false,"t":8,"tick":933,"type":"hit"}
[client] {"a":3,"dup":false,"ev":"game","ms":19478,"predicted":false,"t":6,"tick":935,"type":"hit"}
[client] {"a":9,"dup":false,"ev":"game","ms":19597,"predicted":false,"t":2,"tick":942,"type":"hit"}
[client] {"a":9,"dup":false,"ev":"game","ms":19630,"predicted":false,"t":3,"tick":945,"type":"hit"}
[client] {"a":6,"dup":false,"ev":"game","ms":19899,"predicted":false,"t":2,"tick":961,"type":"block"}
[client] {"counts":{"blocks_on_me":0,"conf_actions":0,"confirmed_hits":17,"dup_confirmed":0,"hits_on_me":0,"pred_actions":0,"predicted_confirmed":0,"predicted_hits":0,"reconnects":0},"ev":"stats","hp":220.0,"in_bytes":218123,"late":0,"local_entity":1,"match":{"countdown_until":300,"ctrl":-1,"final":false,"next":"","phase":3,"rot":2933,"scores":[0,0],"sd":false,"state":3,"tick":667,"zone":"B"},"max_err":0.817,"mean_err":0.1081,"ms":19960,"out_bytes":47606,"pending":17,"pos":[-2.19,-1.68],"reconciles":309,"server_tick":969,"snaps":312,"teleports":1}
[client] {"a":9,"dup":false,"ev":"game","ms":20196,"predicted":false,"t":2,"tick":979,"type":"hit"}
[client] {"a":5,"dup":false,"ev":"game","ms":20597,"predicted":false,"t":4,"tick":1003,"type":"hit"}
[client] {"a":7,"dup":false,"ev":"game","ms":20665,"predicted":false,"t":3,"tick":1007,"type":"block"}
[client] {"a":4,"dup":false,"ev":"game","ms":21032,"predicted":false,"t":6,"tick":1029,"type":"hit"}
[client] {"a":4,"dup":false,"ev":"game","ms":21066,"predicted":false,"t":9,"tick":1031,"type":"hit"}
[client] {"a":4,"dup":false,"ev":"game","ms":21079,"predicted":false,"t":8,"tick":1032,"type":"hit"}
[client] {"a":7,"dup":false,"ev":"game","ms":21418,"predicted":false,"t":2,"tick":1052,"type":"hit"}
[client] {"a":4,"dup":false,"ev":"game","ms":21735,"predicted":false,"t":6,"tick":1070,"type":"hit"}
[client] {"a":4,"dup":false,"ev":"game","ms":22218,"predicted":false,"t":6,"tick":1099,"type":"hit"}
[client] {"a":2,"dup":false,"ev":"game","ms":23135,"predicted":false,"t":9,"tick":1154,"type":"block"}
[client] {"a":2,"dup":false,"ev":"game","ms":23364,"predicted":false,"t":9,"tick":1168,"type":"block"}
[client] {"a":6,"dup":false,"ev":"game","ms":23432,"predicted":false,"t":1,"tick":1172,"type":"block"}
[client] {"a":8,"dup":false,"ev":"game","ms":23535,"predicted":false,"t":1,"tick":1178,"type":"block"}
[client] {"a":5,"dup":false,"ev":"game","ms":23880,"predicted":false,"t":3,"tick":1199,"type":"hit"}
[client] {"a":9,"dup":false,"ev":"game","ms":24032,"predicted":false,"t":2,"tick":1208,"type":"hit"}
[client] {"a":5,"dup":false,"ev":"game","ms":24115,"predicted":false,"t":3,"tick":1213,"type":"hit"}
[client] {"a":9,"dup":false,"ev":"game","ms":24550,"predicted":false,"t":2,"tick":1239,"type":"block"}
[client] {"a":8,"dup":false,"ev":"game","ms":24563,"predicted":false,"t":1,"tick":1240,"type":"block"}
[client] {"a":5,"dup":false,"ev":"game","ms":24598,"predicted":false,"t":3,"tick":1242,"type":"hit"}
[client] {"a":7,"dup":false,"ev":"game","ms":24750,"predicted":false,"t":1,"tick":1251,"type":"block"}
[client] {"counts":{"blocks_on_me":4,"conf_actions":0,"confirmed_hits":29,"dup_confirmed":0,"hits_on_me":0,"pred_actions":0,"predicted_confirmed":0,"predicted_hits":0,"reconnects":0},"ev":"stats","hp":220.0,"in_bytes":283812,"late":0,"local_entity":1,"match":{"countdown_until":300,"ctrl":-1,"final":false,"next":"","phase":3,"rot":2630,"scores":[0,0],"sd":false,"state":3,"tick":970,"zone":"B"},"max_err":0.817,"mean_err":0.0896,"ms":24963,"out_bytes":62306,"pending":17,"pos":[-0.81,-2.61],"reconciles":407,"server_tick":1269,"snaps":411,"teleports":1}
[client] {"a":5,"dup":false,"ev":"game","ms":25102,"predicted":false,"t":3,"tick":1272,"type":"hit"}
[client] {"a":9,"dup":false,"ev":"game","ms":25384,"predicted":false,"t":2,"tick":1283,"type":"guard_break"}
[client] {"a":5,"dup":false,"ev":"game","ms":25447,"predicted":false,"t":3,"tick":1293,"type":"block"}
[client] {"a":6,"dup":false,"ev":"game","ms":25566,"predicted":false,"t":3,"tick":1300,"type":"hit"}
[client] {"a":8,"dup":false,"ev":"game","ms":25799,"predicted":false,"t":1,"tick":1314,"type":"guard_break"}
[client] {"a":7,"dup":false,"ev":"game","ms":25881,"predicted":false,"t":1,"tick":1319,"type":"hit"}
[client] {"a":8,"dup":false,"ev":"game","ms":25881,"predicted":false,"t":0,"tick":1319,"type":"hit"}
[client] {"a":5,"dup":false,"ev":"game","ms":26020,"predicted":false,"t":3,"tick":1327,"type":"hit"}
[client] {"a":9,"dup":false,"ev":"game","ms":26082,"predicted":false,"t":2,"tick":1331,"type":"hit"}
[client] {"a":9,"dup":false,"ev":"game","ms":26538,"predicted":false,"t":2,"tick":1358,"type":"guard_break"}
[client] {"a":9,"dup":false,"ev":"game","ms":26869,"predicted":false,"t":2,"tick":1372,"type":"hit"}
[client] {"a":0,"dup":false,"ev":"game","ms":27116,"predicted":false,"t":8,"tick":1393,"type":"hit"}
[client] {"a":0,"dup":false,"ev":"game","ms":27199,"predicted":false,"t":6,"tick":1398,"type":"hit"}
[client] {"a":7,"dup":false,"ev":"game","ms":27234,"predicted":false,"t":4,"tick":1400,"type":"hit"}
[client] {"a":2,"dup":false,"ev":"game","ms":27434,"predicted":false,"t":9,"tick":1412,"type":"hit"}
[client] {"a":5,"dup":false,"ev":"game","ms":27448,"predicted":false,"t":4,"tick":1413,"type":"hit"}
[client] {"a":7,"dup":false,"ev":"game","ms":27751,"predicted":false,"t":4,"tick":1431,"type":"hit"}
[client] {"a":5,"dup":false,"ev":"game","ms":27766,"predicted":false,"t":4,"tick":1432,"type":"hit"}
[client] {"a":8,"dup":false,"ev":"game","ms":28048,"predicted":false,"t":0,"tick":1449,"type":"hit"}
[client] {"a":5,"dup":false,"ev":"game","ms":28104,"predicted":false,"t":4,"tick":1452,"type":"block"}
[client] {"a":2,"dup":false,"ev":"game","ms":28655,"predicted":false,"t":9,"tick":1485,"type":"hit"}
[client] {"a":5,"dup":false,"ev":"game","ms":28669,"predicted":false,"t":4,"tick":1486,"type":"block"}
[client] {"a":2,"dup":false,"ev":"game","ms":29120,"predicted":false,"t":9,"tick":1514,"type":"block"}
[client] {"a":0,"dup":false,"ev":"game","ms":29166,"predicted":false,"t":8,"tick":1517,"type":"hit"}
[client] {"a":5,"dup":false,"ev":"game","ms":29270,"predicted":false,"t":4,"tick":1523,"type":"block"}
[client] {"a":4,"dup":false,"ev":"game","ms":29566,"predicted":false,"t":5,"tick":1541,"type":"hit"}
[client] {"a":6,"dup":false,"ev":"game","ms":29857,"predicted":false,"t":1,"tick":1558,"type":"guard_break"}
[client] {"a":6,"dup":false,"ev":"game","ms":29870,"predicted":false,"t":0,"tick":1559,"type":"hit"}
[client] {"counts":{"blocks_on_me":4,"conf_actions":0,"confirmed_hits":48,"dup_confirmed":0,"hits_on_me":1,"pred_actions":0,"predicted_confirmed":0,"predicted_hits":0,"reconnects":0},"ev":"stats","hp":182.0,"in_bytes":354784,"late":0,"local_entity":1,"match":{"countdown_until":300,"ctrl":-1,"final":false,"next":"","phase":3,"rot":2330,"scores":[0,0],"sd":false,"state":3,"tick":1270,"zone":"B"},"max_err":1.91,"mean_err":0.0792,"ms":29965,"out_bytes":77006,"pending":14,"pos":[1.16,-2.73],"reconciles":507,"server_tick":1569,"snaps":510,"teleports":1}
[client] {"a":5,"dup":false,"ev":"game","ms":30118,"predicted":false,"t":4,"tick":1574,"type":"hit"}
[client] {"a":7,"dup":false,"ev":"game","ms":30402,"predicted":false,"t":1,"tick":1591,"type":"hit"}
[client] {"a":7,"dup":false,"ev":"game","ms":31132,"predicted":false,"t":0,"tick":1635,"type":"hit"}
[client] {"a":7,"dup":false,"ev":"game","ms":31581,"predicted":false,"t":0,"tick":1661,"type":"hit"}
[client] {"a":6,"dup":false,"ev":"game","ms":31733,"predicted":false,"t":0,"tick":1670,"type":"hit"}
[client] {"a":2,"dup":false,"ev":"game","ms":31795,"predicted":false,"t":9,"tick":1674,"type":"hit"}
[client] {"a":4,"dup":false,"ev":"game","ms":31960,"predicted":false,"t":5,"tick":1684,"type":"hit"}
[client] {"a":4,"dup":false,"ev":"game","ms":32547,"predicted":false,"t":5,"tick":1719,"type":"hit"}
[client] {"a":2,"dup":false,"ev":"game","ms":32712,"predicted":false,"t":9,"tick":1729,"type":"hit"}
[client] {"a":7,"dup":false,"ev":"game","ms":32995,"predicted":false,"t":1,"tick":1746,"type":"guard_break"}
[client] {"a":0,"dup":false,"ev":"game","ms":33050,"predicted":false,"t":7,"tick":1749,"type":"hit"}
[client] {"a":0,"dup":false,"ev":"game","ms":33099,"predicted":false,"t":6,"tick":1752,"type":"hit"}
[client] {"a":8,"dup":false,"ev":"game","ms":33161,"predicted":false,"t":0,"tick":1756,"type":"hit"}
[client] {"a":4,"dup":false,"ev":"game","ms":33195,"predicted":false,"t":5,"tick":1758,"type":"hit"}
[client] {"a":2,"dup":false,"ev":"game","ms":33782,"predicted":false,"t":9,"tick":1787,"type":"hit"}
[client] {"a":7,"dup":false,"ev":"game","ms":33782,"predicted":false,"t":1,"tick":1787,"type":"hit"}
[client] {"a":4,"dup":false,"ev":"game","ms":33782,"predicted":false,"t":5,"tick":1791,"type":"hit"}
[client] {"a":2,"dup":false,"ev":"game","ms":33900,"predicted":false,"t":9,"tick":1800,"type":"hit"}
[client] {"a":8,"dup":false,"ev":"game","ms":34078,"predicted":false,"t":0,"tick":1811,"type":"hit"}
[client] {"a":4,"dup":false,"ev":"game","ms":34251,"predicted":false,"t":5,"tick":1821,"type":"hit"}
[client] {"a":9,"dup":false,"ev":"game","ms":34500,"predicted":false,"t":2,"tick":1836,"type":"hit"}
[client] {"a":8,"dup":false,"ev":"game","ms":34548,"predicted":false,"t":1,"tick":1839,"type":"guard_break"}
[client] {"a":5,"dup":false,"ev":"game","ms":34783,"predicted":false,"t":4,"tick":1853,"type":"hit"}
[client] {"counts":{"blocks_on_me":4,"conf_actions":0,"confirmed_hits":69,"dup_confirmed":0,"hits_on_me":3,"pred_actions":0,"predicted_confirmed":0,"predicted_hits":0,"reconnects":0},"ev":"stats","hp":124.0,"in_bytes":423948,"late":0,"local_entity":1,"match":{"countdown_until":300,"ctrl":-1,"final":false,"next":"","phase":3,"rot":2030,"scores":[0,0],"sd":false,"state":3,"tick":1570,"zone":"B"},"max_err":2.143,"mean_err":0.075,"ms":34961,"out_bytes":91706,"pending":17,"pos":[4.76,-2.16],"reconciles":604,"server_tick":1869,"snaps":608,"teleports":1}
[client] {"a":5,"dup":false,"ev":"game","ms":35148,"predicted":false,"t":4,"tick":1875,"type":"block"}
[client] {"a":7,"dup":false,"ev":"game","ms":35452,"predicted":false,"t":1,"tick":1893,"type":"hit"}
[client] {"a":5,"dup":false,"ev":"game","ms":35479,"predicted":false,"t":4,"tick":1895,"type":"block"}
[client] {"a":7,"dup":false,"ev":"game","ms":35997,"predicted":false,"t":0,"tick":1922,"type":"block"}
[client] {"a":7,"dup":false,"ev":"game","ms":35997,"predicted":false,"t":1,"tick":1922,"type":"guard_break"}
[client] {"a":5,"dup":false,"ev":"game","ms":36101,"predicted":false,"t":4,"tick":1932,"type":"hit"}
[client] {"a":7,"dup":false,"ev":"game","ms":36397,"predicted":false,"t":0,"tick":1950,"type":"block"}
[client] {"a":7,"dup":false,"ev":"game","ms":36418,"predicted":false,"t":1,"tick":1951,"type":"hit"}
[client] {"a":5,"dup":false,"ev":"game","ms":36597,"predicted":false,"t":4,"tick":1962,"type":"hit"}
[client] {"a":8,"dup":false,"ev":"game","ms":36632,"predicted":false,"t":0,"tick":1964,"type":"block"}
[client] {"a":5,"dup":false,"ev":"game","ms":36970,"predicted":false,"t":4,"tick":1984,"type":"block"}
[client] {"a":7,"dup":false,"ev":"game","ms":37052,"predicted":false,"t":0,"tick":1989,"type":"block"}
[client] {"a":7,"dup":false,"ev":"game","ms":37536,"predicted":false,"t":0,"tick":2018,"type":"block"}
[client] {"a":8,"dup":false,"ev":"game","ms":37549,"predicted":false,"t":0,"tick":2019,"type":"block"}
[client] {"a":8,"dup":false,"ev":"game","ms":38080,"predicted":false,"t":0,"tick":2051,"type":"hit"}
[client] {"a":7,"dup":false,"ev":"game","ms":38150,"predicted":false,"t":0,"tick":2055,"type":"hit"}
[client] {"a":5,"dup":false,"ev":"game","ms":38350,"predicted":false,"t":3,"tick":2067,"type":"block"}
[client] {"a":0,"dup":false,"ev":"game","ms":38619,"predicted":false,"t":8,"tick":2083,"type":"hit"}
[client] {"a":7,"dup":false,"ev":"game","ms":38653,"predicted":false,"t":0,"tick":2085,"type":"hit"}
[client] {"a":0,"dup":false,"ev":"game","ms":38653,"predicted":false,"t":-1,"tick":2085,"type":"ko"}
[client] {"counts":{"blocks_on_me":4,"conf_actions":0,"confirmed_hits":77,"dup_confirmed":0,"hits_on_me":5,"pred_actions":0,"predicted_confirmed":0,"predicted_hits":0,"reconnects":0},"ev":"stats","hp":88.0,"in_bytes":491803,"late":0,"local_entity":1,"match":{"countdown_until":300,"ctrl":-1,"final":false,"next":"","phase":3,"rot":1730,"scores":[0,0],"sd":false,"state":3,"tick":1870,"zone":"B"},"max_err":2.143,"mean_err":0.0672,"ms":39970,"out_bytes":106406,"pending":17,"pos":[5.12,-3.63],"reconciles":701,"server_tick":2169,"snaps":705,"teleports":1}
[client] {"a":8,"dup":false,"ev":"game","ms":40399,"predicted":false,"t":1,"tick":2190,"type":"guard_break"}
[client] {"a":8,"dup":false,"ev":"game","ms":41185,"predicted":false,"t":1,"tick":2237,"type":"hit"}
[client] {"a":8,"dup":false,"ev":"game","ms":41704,"predicted":false,"t":1,"tick":2268,"type":"guard_break"}
[client] {"a":9,"dup":false,"ev":"game","ms":42104,"predicted":false,"t":4,"tick":2292,"type":"hit"}
[client] {"a":5,"dup":false,"ev":"game","ms":42193,"predicted":false,"t":3,"tick":2298,"type":"hit"}
[client] {"a":8,"dup":false,"ev":"game","ms":42463,"predicted":false,"t":1,"tick":2314,"type":"hit"}
[client] {"a":5,"dup":false,"ev":"game","ms":42579,"predicted":false,"t":3,"tick":2321,"type":"block"}
[client] {"a":5,"dup":false,"ev":"game","ms":42993,"predicted":false,"t":3,"tick":2346,"type":"block"}
[client] {"a":5,"dup":false,"ev":"game","ms":43567,"predicted":false,"t":3,"tick":2380,"type":"block"}
[client] {"a":8,"dup":false,"ev":"game","ms":43745,"predicted":false,"t":1,"tick":2391,"type":"guard_break"}
[client] {"a":3,"dup":false,"ev":"game","ms":44194,"predicted":false,"t":5,"tick":2418,"type":"hit"}
[client] {"a":8,"dup":false,"ev":"game","ms":44546,"predicted":false,"t":1,"tick":2439,"type":"hit"}
[client] {"a":2,"dup":false,"ev":"game","ms":44794,"predicted":false,"t":9,"tick":2454,"type":"block"}
[client] {"counts":{"blocks_on_me":4,"conf_actions":0,"confirmed_hits":83,"dup_confirmed":0,"hits_on_me":8,"pred_actions":0,"predicted_confirmed":0,"predicted_hits":0,"reconnects":0},"ev":"stats","hp":14.0,"in_bytes":556035,"late":0,"local_entity":1,"match":{"countdown_until":300,"ctrl":-1,"final":false,"next":"","phase":3,"rot":1430,"scores":[0,0],"sd":false,"state":3,"tick":2170,"zone":"B"},"max_err":2.143,"mean_err":0.0651,"ms":44966,"out_bytes":121106,"pending":17,"pos":[4.94,-7.97],"reconciles":798,"server_tick":2469,"snaps":802,"teleports":1}
[client] {"a":2,"dup":false,"ev":"game","ms":45029,"predicted":false,"t":9,"tick":2468,"type":"block"}
[client] {"a":3,"dup":false,"ev":"game","ms":45051,"predicted":false,"t":5,"tick":2469,"type":"hit"}
[client] {"a":8,"dup":false,"ev":"game","ms":45051,"predicted":false,"t":1,"tick":2469,"type":"guard_break"}
[client] {"a":5,"dup":false,"ev":"game","ms":45051,"predicted":false,"t":-1,"tick":2469,"type":"ko"}
[client] {"a":1,"dup":false,"ev":"game","ms":45485,"predicted":false,"t":-1,"tick":2500,"type":"ko"}
[client] {"a":8,"dup":false,"ev":"game","ms":45567,"predicted":false,"t":1,"tick":2500,"type":"hit"}
[client] {"a":9,"dup":false,"ev":"game","ms":45946,"predicted":false,"t":2,"tick":2523,"type":"hit"}
[client] {"a":8,"dup":false,"ev":"game","ms":46996,"predicted":false,"t":3,"tick":2586,"type":"hit"}
[client] {"a":3,"dup":false,"ev":"game","ms":47796,"predicted":false,"t":8,"tick":2634,"type":"hit"}
[client] {"a":3,"dup":false,"ev":"game","ms":48382,"predicted":false,"t":7,"tick":2662,"type":"block"}
[client] {"a":3,"dup":false,"ev":"game","ms":48382,"predicted":false,"t":8,"tick":2663,"type":"block"}
[client] {"a":0,"dup":false,"ev":"game","ms":48651,"predicted":false,"t":-1,"tick":2685,"type":"respawn"}
[client] {"counts":{"blocks_on_me":4,"conf_actions":0,"confirmed_hits":88,"dup_confirmed":0,"hits_on_me":9,"pred_actions":0,"predicted_confirmed":0,"predicted_hits":0,"reconnects":0},"ev":"stats","hp":0.0,"in_bytes":613736,"late":0,"local_entity":1,"match":{"countdown_until":300,"ctrl":-1,"final":false,"next":"","phase":3,"rot":1130,"scores":[0,0],"sd":false,"state":3,"tick":2470,"zone":"B"},"max_err":2.143,"mean_err":0.0583,"ms":49968,"out_bytes":135806,"pending":14,"pos":[4.94,-8.11],"reconciles":893,"server_tick":2769,"snaps":896,"teleports":1}
[client] {"a":3,"dup":false,"ev":"game","ms":50087,"predicted":false,"t":7,"tick":2765,"type":"hit"}
[client] {"a":3,"dup":false,"ev":"game","ms":51598,"predicted":false,"t":6,"tick":2862,"type":"hit"}
[client] {"a":6,"dup":false,"ev":"game","ms":52012,"predicted":false,"t":3,"tick":2887,"type":"hit"}
[client] {"a":7,"dup":false,"ev":"game","ms":52143,"predicted":false,"t":3,"tick":2895,"type":"hit"}
[client] {"a":8,"dup":false,"ev":"game","ms":52143,"predicted":false,"t":3,"tick":2895,"type":"hit"}
[client] {"a":8,"dup":false,"ev":"game","ms":52660,"predicted":false,"t":3,"tick":2926,"type":"block"}
[client] {"a":6,"dup":false,"ev":"game","ms":52881,"predicted":false,"t":3,"tick":2940,"type":"hit"}
[client] {"a":3,"dup":false,"ev":"game","ms":52881,"predicted":false,"t":-1,"tick":2940,"type":"ko"}
[client] {"counts":{"blocks_on_me":4,"conf_actions":0,"confirmed_hits":94,"dup_confirmed":0,"hits_on_me":9,"pred_actions":0,"predicted_confirmed":0,"predicted_hits":0,"reconnects":0},"ev":"stats","hp":0.0,"in_bytes":673427,"late":0,"local_entity":1,"match":{"countdown_until":300,"ctrl":1,"final":false,"next":"A","phase":3,"rot":830,"scores":[0,2],"sd":false,"state":2,"tick":2770,"zone":"B"},"max_err":2.143,"mean_err":0.0526,"ms":54964,"out_bytes":150506,"pending":17,"pos":[4.94,-8.11],"reconciles":991,"server_tick":3069,"snaps":995,"teleports":1}
[client] {"a":5,"dup":false,"ev":"game","ms":55144,"predicted":false,"t":-1,"tick":3069,"type":"respawn"}
[client] {"a":9,"dup":false,"ev":"game","ms":55144,"predicted":false,"t":0,"tick":3070,"type":"hit"}
[client] {"a":9,"dup":false,"ev":"game","ms":55144,"predicted":false,"t":4,"tick":3070,"type":"hit"}
[client] {"a":1,"dup":false,"ev":"game","ms":55482,"predicted":false,"t":-1,"tick":3100,"type":"respawn"}
[client] {"a":4,"dup":false,"ev":"game","ms":56000,"predicted":false,"t":8,"tick":3126,"type":"block"}
[client] {"a":9,"dup":false,"ev":"game","ms":56201,"predicted":false,"t":0,"tick":3138,"type":"hit"}
[client] {"a":9,"dup":false,"ev":"game","ms":56201,"predicted":false,"t":4,"tick":3138,"type":"hit"}
[client] {"a":7,"dup":false,"ev":"game","ms":56401,"predicted":false,"t":0,"tick":3150,"type":"hit"}
[client] {"a":9,"dup":false,"ev":"game","ms":56697,"predicted":false,"t":0,"tick":3168,"type":"hit"}
[client] {"a":9,"dup":false,"ev":"game","ms":56731,"predicted":false,"t":4,"tick":3170,"type":"hit"}
[client] {"a":8,"dup":false,"ev":"game","ms":57028,"predicted":false,"t":0,"tick":3188,"type":"hit"}
[client] {"a":9,"dup":false,"ev":"game","ms":57283,"predicted":false,"t":0,"tick":3203,"type":"hit"}
[client] {"a":2,"dup":false,"ev":"game","ms":57519,"predicted":false,"t":9,"tick":3217,"type":"hit"}
[client] {"a":8,"dup":false,"ev":"game","ms":57600,"predicted":false,"t":0,"tick":3222,"type":"hit"}
[client] {"a":0,"dup":false,"ev":"game","ms":58064,"predicted":false,"t":8,"tick":3250,"type":"hit"}
[client] {"a":2,"dup":false,"ev":"game","ms":58367,"predicted":false,"t":7,"tick":3262,"type":"hit"}
[client] {"counts":{"blocks_on_me":4,"conf_actions":0,"confirmed_hits":107,"dup_confirmed":0,"hits_on_me":9,"pred_actions":0,"predicted_confirmed":0,"predicted_hits":0,"reconnects":0},"ev":"stats","hp":220.0,"in_bytes":740312,"late":0,"local_entity":1,"match":{"countdown_until":300,"ctrl":-1,"final":false,"next":"A","phase":3,"rot":530,"scores":[0,6],"sd":false,"state":3,"tick":3070,"zone":"B"},"max_err":2.143,"mean_err":0.0479,"ms":59966,"out_bytes":165206,"pending":17,"pos":[-1.13,-18.27],"reconciles":1088,"server_tick":3369,"snaps":1093,"teleports":2}
[client] {"a":2,"dup":false,"ev":"game","ms":60170,"predicted":false,"t":7,"tick":3376,"type":"hit"}
[client] {"a":7,"dup":false,"ev":"game","ms":60533,"predicted":false,"t":0,"tick":3398,"type":"block"}
[client] {"a":7,"dup":false,"ev":"game","ms":60533,"predicted":false,"t":2,"tick":3398,"type":"hit"}
[client] {"a":7,"dup":false,"ev":"game","ms":60569,"predicted":false,"t":4,"tick":3400,"type":"hit"}
[client] {"a":4,"dup":false,"ev":"game","ms":61521,"predicted":false,"t":7,"tick":3457,"type":"hit"}
[client] {"a":0,"dup":false,"ev":"game","ms":61685,"predicted":false,"t":7,"tick":3467,"type":"hit"}
[client] {"a":2,"dup":false,"ev":"game","ms":61782,"predicted":false,"t":7,"tick":3473,"type":"hit"}
[client] {"a":3,"dup":false,"ev":"game","ms":62900,"predicted":false,"t":-1,"tick":3540,"type":"respawn"}
[client] {"a":2,"dup":false,"ev":"game","ms":63693,"predicted":false,"t":6,"tick":3588,"type":"parry"}
[client] {"a":0,"dup":false,"ev":"game","ms":63777,"predicted":false,"t":6,"tick":3593,"type":"hit"}
[client] {"a":5,"dup":false,"ev":"game","ms":63797,"predicted":false,"t":0,"tick":3594,"type":"hit"}
[client] {"a":5,"dup":false,"ev":"game","ms":64011,"predicted":false,"t":0,"tick":3607,"type":"hit"}
[client] {"a":4,"dup":false,"ev":"game","ms":64045,"predicted":false,"t":5,"tick":3609,"type":"hit"}
[client] {"a":4,"dup":false,"ev":"game","ms":64080,"predicted":false,"t":6,"tick":3611,"type":"hit"}
[client] {"a":6,"dup":false,"ev":"game","ms":64432,"predicted":false,"t":4,"tick":3632,"type":"hit"}
[client] {"a":2,"dup":false,"ev":"game","ms":64645,"predicted":false,"t":5,"tick":3645,"type":"hit"}
[client] {"a":0,"dup":false,"ev":"game","ms":64728,"predicted":false,"t":5,"tick":3650,"type":"hit"}
[client] {"a":6,"dup":false,"ev":"game","ms":64742,"predicted":false,"t":4,"tick":3651,"type":"block"}
[client] {"counts":{"blocks_on_me":4,"conf_actions":0,"confirmed_hits":121,"dup_confirmed":0,"hits_on_me":9,"pred_actions":0,"predicted_confirmed":0,"predicted_hits":0,"reconnects":0},"ev":"stats","hp":220.0,"in_bytes":806680,"late":0,"local_entity":1,"match":{"countdown_until":300,"ctrl":-1,"final":false,"next":"A","phase":3,"rot":230,"scores":[0,6],"sd":false,"state":3,"tick":3370,"zone":"B"},"max_err":2.143,"mean_err":0.0439,"ms":64962,"out_bytes":179906,"pending":17,"pos":[0.05,-6.73],"reconciles":1186,"server_tick":3668,"snaps":1191,"teleports":2}
[client] {"a":0,"dup":false,"ev":"game","ms":65046,"predicted":false,"t":6,"tick":3669,"type":"hit"}
[client] {"a":0,"dup":false,"ev":"game","ms":65461,"predicted":false,"t":6,"tick":3694,"type":"hit"}
[client] {"a":6,"dup":false,"ev":"game","ms":65812,"predicted":false,"t":0,"tick":3715,"type":"hit"}
[client] {"a":2,"dup":false,"ev":"game","ms":66012,"predicted":false,"t":6,"tick":3727,"type":"hit"}
[client] {"a":0,"dup":false,"ev":"game","ms":66247,"predicted":false,"t":6,"tick":3741,"type":"hit"}
[client] {"a":2,"dup":false,"ev":"game","ms":66598,"predicted":false,"t":6,"tick":3762,"type":"hit"}
[client] {"a":0,"dup":false,"ev":"game","ms":66833,"predicted":false,"t":6,"tick":3776,"type":"hit"}
[client] {"a":5,"dup":false,"ev":"game","ms":66929,"predicted":false,"t":0,"tick":3782,"type":"hit"}
[client] {"a":6,"dup":false,"ev":"game","ms":67447,"predicted":false,"t":2,"tick":3813,"type":"hit"}
[client] {"a":5,"dup":false,"ev":"game","ms":67799,"predicted":false,"t":2,"tick":3834,"type":"hit"}
[client] {"a":0,"dup":false,"ev":"game","ms":67896,"predicted":false,"t":5,"tick":3840,"type":"hit"}
[client] {"a":2,"dup":false,"ev":"game","ms":68834,"predicted":false,"t":6,"tick":3891,"type":"hit"}
[client] {"a":-1,"dup":false,"ev":"game","ms":68882,"predicted":false,"t":-1,"tick":3899,"type":"zone_rotated"}
[client] {"a":6,"dup":false,"ev":"game","ms":69262,"predicted":false,"t":2,"tick":3922,"type":"block"}
[client] {"a":6,"dup":false,"ev":"game","ms":69566,"predicted":false,"t":2,"tick":3940,"type":"hit"}
[client] {"counts":{"blocks_on_me":4,"conf_actions":0,"confirmed_hits":134,"dup_confirmed":0,"hits_on_me":9,"pred_actions":0,"predicted_confirmed":0,"predicted_hits":0,"reconnects":0},"ev":"stats","hp":220.0,"in_bytes":872789,"late":0,"local_entity":1,"match":{"countdown_until":300,"ctrl":-1,"final":false,"next":"","phase":3,"rot":3530,"scores":[0,6],"sd":false,"state":1,"tick":3670,"zone":"A"},"max_err":2.143,"mean_err":0.0408,"ms":69964,"out_bytes":194606,"pending":17,"pos":[1.4,-4.54],"reconciles":1282,"server_tick":3969,"snaps":1287,"teleports":2}
[client] {"a":5,"dup":false,"ev":"game","ms":70131,"predicted":false,"t":2,"tick":3974,"type":"hit"}
[client] {"a":5,"dup":false,"ev":"game","ms":70166,"predicted":false,"t":1,"tick":3976,"type":"block"}
[client] {"a":6,"dup":false,"ev":"game","ms":70814,"predicted":false,"t":2,"tick":4015,"type":"hit"}
[client] {"a":5,"dup":false,"ev":"game","ms":70945,"predicted":false,"t":1,"tick":4023,"type":"block"}
[client] {"a":5,"dup":false,"ev":"game","ms":71264,"predicted":false,"t":1,"tick":4042,"type":"block"}
[client] {"a":5,"dup":false,"ev":"game","ms":71264,"predicted":false,"t":2,"tick":4042,"type":"hit"}
[client] {"a":2,"dup":false,"ev":"game","ms":71264,"predicted":false,"t":-1,"tick":4042,"type":"ko"}
[client] {"a":5,"dup":false,"ev":"game","ms":71766,"predicted":false,"t":1,"tick":4072,"type":"block"}
[client] {"a":5,"dup":false,"ev":"game","ms":72415,"predicted":false,"t":1,"tick":4112,"type":"block"}
[client] {"a":5,"dup":false,"ev":"game","ms":73036,"predicted":false,"t":1,"tick":4148,"type":"guard_break"}
[client] {"a":5,"dup":false,"ev":"game","ms":73354,"predicted":false,"t":1,"tick":4167,"type":"hit"}
[client] {"a":5,"dup":false,"ev":"game","ms":73733,"predicted":false,"t":1,"tick":4190,"type":"guard_break"}
[client] {"a":5,"dup":false,"ev":"game","ms":73967,"predicted":false,"t":1,"tick":4204,"type":"hit"}
[client] {"a":5,"dup":false,"ev":"game","ms":74533,"predicted":false,"t":1,"tick":4239,"type":"guard_break"}
[client] {"a":5,"dup":false,"ev":"game","ms":74837,"predicted":false,"t":1,"tick":4257,"type":"hit"}
[client] {"counts":{"blocks_on_me":9,"conf_actions":0,"confirmed_hits":140,"dup_confirmed":0,"hits_on_me":12,"pred_actions":0,"predicted_confirmed":0,"predicted_hits":0,"reconnects":0},"ev":"stats","hp":164.0,"in_bytes":938077,"late":0,"local_entity":1,"match":{"countdown_until":300,"ctrl":0,"final":false,"next":"","phase":3,"rot":3230,"scores":[3,6],"sd":false,"state":2,"tick":3970,"zone":"A"},"max_err":2.143,"mean_err":0.0412,"ms":74967,"out_bytes":209306,"pending":14,"pos":[4.08,-8.0],"reconciles":1383,"server_tick":4269,"snaps":1387,"teleports":2}
[client] {"a":9,"dup":false,"ev":"game","ms":76135,"predicted":false,"t":1,"tick":4335,"type":"guard_break"}
[client] {"a":3,"dup":false,"ev":"game","ms":76853,"predicted":false,"t":7,"tick":4378,"type":"hit"}
[client] {"a":9,"dup":false,"ev":"game","ms":77431,"predicted":false,"t":1,"tick":4412,"type":"guard_break"}
[client] {"a":8,"dup":false,"ev":"game","ms":77576,"predicted":false,"t":0,"tick":4421,"type":"hit"}
[client] {"a":0,"dup":false,"ev":"game","ms":78032,"predicted":false,"t":8,"tick":4448,"type":"hit"}
[client] {"a":3,"dup":false,"ev":"game","ms":78128,"predicted":false,"t":8,"tick":4454,"type":"hit"}
[client] {"a":9,"dup":false,"ev":"game","ms":78176,"predicted":false,"t":1,"tick":4457,"type":"hit"}
[client] {"a":0,"dup":false,"ev":"game","ms":78349,"predicted":false,"t":8,"tick":4467,"type":"hit"}
[client] {"a":3,"dup":false,"ev":"game","ms":78612,"predicted":false,"t":8,"tick":4483,"type":"hit"}
[client] {"a":7,"dup":false,"ev":"game","ms":78977,"predicted":false,"t":3,"tick":4499,"type":"hit"}
[client] {"a":9,"dup":false,"ev":"game","ms":79149,"predicted":false,"t":1,"tick":4515,"type":"guard_break"}
[client] {"a":0,"dup":false,"ev":"game","ms":79246,"predicted":false,"t":8,"tick":4521,"type":"hit"}
[client] {"a":9,"dup":false,"ev":"game","ms":79377,"predicted":false,"t":1,"tick":4529,"type":"hit"}
[client] {"counts":{"blocks_on_me":9,"conf_actions":0,"confirmed_hits":150,"dup_confirmed":0,"hits_on_me":14,"pred_actions":0,"predicted_confirmed":0,"predicted_hits":0,"reconnects":0},"ev":"stats","hp":107.0,"in_bytes":1008687,"late":0,"local_entity":1,"match":{"countdown_until":300,"ctrl":-1,"final":false,"next":"","phase":3,"rot":2930,"scores":[3,6],"sd":false,"state":3,"tick":4270,"zone":"A"},"max_err":2.143,"mean_err":0.0418,"ms":79963,"out_bytes":224006,"pending":17,"pos":[5.72,-10.93],"reconciles":1479,"server_tick":4569,"snaps":1484,"teleports":2}
[client] {"counts":{"blocks_on_me":9,"conf_actions":0,"confirmed_hits":150,"dup_confirmed":0,"hits_on_me":14,"pred_actions":0,"predicted_confirmed":0,"predicted_hits":0,"reconnects":0},"ev":"stats","hp":107.0,"in_bytes":1009186,"late":0,"local_entity":1,"match":{"countdown_until":300,"ctrl":-1,"final":false,"next":"","phase":3,"rot":2927,"scores":[3,6],"sd":false,"state":3,"tick":4273,"zone":"A"},"max_err":2.143,"mean_err":0.0417,"ms":80011,"out_bytes":224153,"pending":14,"pos":[5.72,-10.93],"reconciles":1481,"server_tick":4572,"snaps":1485,"teleports":2}
