Godot Engine v4.7.2.stable.official.ed1daf0bf - https://godotengine.org

[client] {"detail":"127.0.0.1:24651","ev":"status","ms":0,"status":"connecting"}
[client] {"detail":"","ev":"status","ms":319,"status":"connected"}
[client] {"ev":"welcome","ms":477,"observer":false,"pid":5}
[client] {"ev":"pick","f":"nyx","ms":478}
[client] {"ev":"notice","ms":643,"msg":{"code":"taken","for":"pick","t":"error"}}
[client] {"ev":"pick","f":"bruno","ms":1485}
[client] {"ev":"lock","f":"bruno","ms":2486}
[client] {"ev":"match_setup","fighters":10,"ms":3654,"you":6}
[client] {"counts":{"blocks_on_me":0,"conf_actions":0,"confirmed_hits":0,"dup_confirmed":0,"hits_on_me":0,"pred_actions":0,"predicted_confirmed":0,"predicted_hits":0,"reconnects":0},"ev":"stats","hp":280.0,"in_bytes":54815,"late":0,"local_entity":6,"match":{"countdown_until":300,"ctrl":-1,"final":false,"next":"","phase":2,"rot":3600,"scores":[0,0],"sd":false,"state":1,"tick":0,"zone":""},"max_err":0.66,"mean_err":0.268,"ms":4945,"out_bytes":3898,"pending":14,"pos":[-3.38,45.49],"reconciles":25,"server_tick":78,"snaps":26,"teleports":1}
[client] {"counts":{"blocks_on_me":0,"conf_actions":0,"confirmed_hits":0,"dup_confirmed":0,"hits_on_me":0,"pred_actions":0,"predicted_confirmed":0,"predicted_hits":0,"reconnects":0},"ev":"stats","hp":280.0,"in_bytes":97288,"late":0,"local_entity":6,"match":{"countdown_until":300,"ctrl":-1,"final":false,"next":"","phase":3,"rot":3521,"scores":[0,0],"sd":false,"state":1,"tick":79,"zone":"B"},"max_err":0.77,"mean_err":0.2563,"ms":9948,"out_bytes":18598,"pending":17,"pos":[-3.39,37.18],"reconciles":121,"server_tick":378,"snaps":123,"teleports":1}
[client] {"counts":{"blocks_on_me":0,"conf_actions":0,"confirmed_hits":0,"dup_confirmed":0,"hits_on_me":0,"pred_actions":0,"predicted_confirmed":0,"predicted_hits":0,"reconnects":0},"ev":"stats","hp":280.0,"in_bytes":151703,"late":0,"local_entity":6,"match":{"countdown_until":300,"ctrl":-1,"final":false,"next":"","phase":3,"rot":3221,"scores":[0,0],"sd":false,"state":3,"tick":379,"zone":"B"},"max_err":0.77,"mean_err":0.1478,"ms":14950,"out_bytes":33298,"pending":14,"pos":[-2.71,2.88],"reconciles":220,"server_tick":678,"snaps":221,"teleports":1}
[client] {"a":2,"dup":false,"ev":"game","ms":15565,"predicted":false,"t":8,"tick":711,"type":"hit"}
[client] {"a":3,"dup":false,"ev":"game","ms":15946,"predicted":false,"t":6,"tick":733,"type":"hit"}
[client] {"a":2,"dup":false,"ev":"game","ms":16728,"predicted":false,"t":6,"tick":780,"type":"hit"}
[client] {"a":3,"dup":false,"ev":"game","ms":16880,"predicted":false,"t":6,"tick":789,"type":"hit"}
[client] {"a":3,"dup":false,"ev":"game","ms":16895,"predicted":false,"t":5,"tick":790,"type":"block"}
[client] {"a":3,"dup":false,"ev":"game","ms":16896,"predicted":false,"t":8,"tick":790,"type":"hit"}
[client] {"a":3,"dup":false,"ev":"game","ms":16908,"predicted":false,"t":7,"tick":791,"type":"hit"}
[client] {"a":4,"dup":false,"ev":"game","ms":17426,"predicted":false,"t":7,"tick":822,"type":"hit"}
[client] {"a":6,"dup":true,"ev":"game","ms":17861,"predicted":false,"t":4,"tick":853,"type":"hit"}
[client] {"a":4,"dup":false,"ev":"game","ms":17944,"predicted":false,"t":7,"tick":853,"type":"block"}
[client] {"a":2,"dup":false,"ev":"game","ms":18060,"predicted":false,"t":6,"tick":860,"type":"hit"}
[client] {"a":2,"dup":false,"ev":"game","ms":18081,"predicted":false,"t":5,"tick":861,"type":"hit"}
[client] {"a":2,"dup":false,"ev":"game","ms":18129,"predicted":false,"t":9,"tick":864,"type":"hit"}
[client] {"a":8,"dup":false,"ev":"game","ms":18848,"predicted":false,"t":4,"tick":907,"type":"hit"}
[client] {"a":8,"dup":false,"ev":"game","ms":19109,"predicted":false,"t":4,"tick":923,"type":"hit"}
[client] {"a":3,"dup":false,"ev":"game","ms":19802,"predicted":false,"t":8,"tick":958,"type":"hit"}
[client] {"a":6,"dup":true,"ev":"game","ms":19827,"predicted":false,"t":2,"tick":971,"type":"hit"}
[client] {"a":2,"dup":false,"ev":"game","ms":19849,"predicted":false,"t":9,"tick":967,"type":"hit"}
[client] {"counts":{"blocks_on_me":0,"conf_actions":7,"confirmed_hits":16,"dup_confirmed":0,"hits_on_me":4,"pred_actions":10,"predicted_confirmed":2,"predicted_hits":12,"reconnects":0},"ev":"stats","hp":179.0,"in_bytes":224539,"late":0,"local_entity":6,"match":{"countdown_until":300,"ctrl":-1,"final":false,"next":"","phase":3,"rot":2921,"scores":[0,0],"sd":false,"state":3,"tick":679,"zone":"B"},"max_err":1.986,"mean_err":0.1356,"ms":19943,"out_bytes":47998,"pending":16,"pos":[-2.33,2.14],"reconciles":316,"server_tick":977,"snaps":318,"teleports":1}
[client] {"a":3,"dup":false,"ev":"game","ms":20165,"predicted":false,"t":8,"tick":986,"type":"block"}
[client] {"a":7,"dup":false,"ev":"game","ms":20282,"predicted":false,"t":2,"tick":987,"type":"hit"}
[client] {"a":4,"dup":false,"ev":"game","ms":20365,"predicted":false,"t":8,"tick":998,"type":"hit"}
[client] {"a":6,"dup":true,"ev":"game","ms":20511,"predicted":false,"t":3,"tick":1012,"type":"hit"}
[client] {"a":2,"dup":false,"ev":"game","ms":20931,"predicted":false,"t":7,"tick":1032,"type":"hit"}
[client] {"a":4,"dup":false,"ev":"game","ms":20979,"predicted":false,"t":8,"tick":1035,"type":"hit"}
[client] {"a":9,"dup":false,"ev":"game","ms":21213,"predicted":false,"t":2,"tick":1049,"type":"hit"}
[client] {"a":7,"dup":false,"ev":"game","ms":21662,"predicted":false,"t":2,"tick":1076,"type":"hit"}
[client] {"a":8,"dup":false,"ev":"game","ms":21967,"predicted":false,"t":4,"tick":1094,"type":"hit"}
[client] {"a":7,"dup":false,"ev":"game","ms":22166,"predicted":false,"t":2,"tick":1106,"type":"hit"}
[client] {"a":6,"dup":false,"ev":"game","ms":22367,"predicted":false,"t":3,"tick":1123,"type":"block"}
[client] {"a":6,"dup":false,"ev":"game","ms":22899,"predicted":false,"t":3,"tick":1143,"type":"block"}
[client] {"a":4,"dup":false,"ev":"game","ms":23180,"predicted":false,"t":8,"tick":1167,"type":"hit"}
[client] {"a":4,"dup":false,"ev":"game","ms":23214,"predicted":false,"t":5,"tick":1169,"type":"block"}
[client] {"a":6,"dup":false,"ev":"game","ms":23298,"predicted":false,"t":3,"tick":1179,"type":"block"}
[client] {"a":7,"dup":false,"ev":"game","ms":23402,"predicted":false,"t":2,"tick":1180,"type":"hit"}
[client] {"a":6,"dup":false,"ev":"game","ms":23614,"predicted":false,"t":3,"tick":1198,"type":"block"}
[client] {"a":4,"dup":false,"ev":"game","ms":23980,"predicted":false,"t":6,"tick":1215,"type":"hit"}
[client] {"a":7,"dup":false,"ev":"game","ms":24484,"predicted":false,"t":2,"tick":1238,"type":"hit"}
[client] {"a":6,"dup":false,"ev":"game","ms":24484,"predicted":false,"t":3,"tick":1240,"type":"block"}
[client] {"a":4,"dup":false,"ev":"game","ms":24484,"predicted":false,"t":6,"tick":1244,"type":"hit"}
[client] {"a":9,"dup":false,"ev":"game","ms":24850,"predicted":false,"t":4,"tick":1267,"type":"hit"}
[client] {"a":7,"dup":false,"ev":"game","ms":24864,"predicted":false,"t":2,"tick":1268,"type":"block"}
[client] {"counts":{"blocks_on_me":0,"conf_actions":16,"confirmed_hits":31,"dup_confirmed":0,"hits_on_me":6,"pred_actions":19,"predicted_confirmed":3,"predicted_hits":24,"reconnects":0},"ev":"stats","hp":143.0,"in_bytes":296816,"late":0,"local_entity":6,"match":{"countdown_until":300,"ctrl":-1,"final":false,"next":"","phase":3,"rot":2621,"scores":[0,0],"sd":false,"state":3,"tick":979,"zone":"B"},"max_err":1.986,"mean_err":0.1058,"ms":24945,"out_bytes":62698,"pending":16,"pos":[-5.35,3.2],"reconciles":412,"server_tick":1277,"snaps":414,"teleports":1}
[client] {"a":4,"dup":false,"ev":"game","ms":25396,"predicted":false,"t":6,"tick":1300,"type":"hit"}
[client] {"a":8,"dup":false,"ev":"game","ms":25658,"predicted":false,"t":4,"tick":1316,"type":"hit"}
[client] {"a":7,"dup":false,"ev":"game","ms":25715,"predicted":false,"t":2,"tick":1319,"type":"hit"}
[client] {"a":8,"dup":false,"ev":"game","ms":26115,"predicted":false,"t":4,"tick":1343,"type":"hit"}
[client] {"a":6,"dup":true,"ev":"game","ms":26198,"predicted":false,"t":3,"tick":1352,"type":"hit"}
[client] {"a":6,"dup":true,"ev":"game","ms":26198,"predicted":false,"t":4,"tick":1353,"type":"hit"}
[client] {"a":9,"dup":false,"ev":"game","ms":26279,"predicted":false,"t":3,"tick":1353,"type":"hit"}
[client] {"a":9,"dup":false,"ev":"game","ms":26280,"predicted":false,"t":4,"tick":1353,"type":"hit"}
[client] {"a":3,"dup":false,"ev":"game","ms":26942,"predicted":false,"t":6,"tick":1393,"type":"hit"}
[client] {"a":8,"dup":false,"ev":"game","ms":27114,"predicted":false,"t":4,"tick":1403,"type":"hit"}
[client] {"a":6,"dup":true,"ev":"game","ms":27660,"predicted":false,"t":3,"tick":1441,"type":"hit"}
[client] {"a":8,"dup":false,"ev":"game","ms":27680,"predicted":false,"t":3,"tick":1437,"type":"hit"}
[client] {"a":6,"dup":true,"ev":"game","ms":28081,"predicted":false,"t":3,"tick":1466,"type":"hit"}
[client] {"a":8,"dup":false,"ev":"game","ms":28094,"predicted":false,"t":3,"tick":1462,"type":"hit"}
[client] {"a":9,"dup":false,"ev":"game","ms":28398,"predicted":false,"t":3,"tick":1480,"type":"hit"}
[client] {"a":6,"dup":true,"ev":"game","ms":28432,"predicted":false,"t":3,"tick":1487,"type":"hit"}
[client] {"a":7,"dup":false,"ev":"game","ms":28944,"predicted":false,"t":3,"tick":1513,"type":"block"}
[client] {"a":6,"dup":true,"ev":"game","ms":29165,"predicted":false,"t":3,"tick":1531,"type":"hit"}
[client] {"a":3,"dup":false,"ev":"game","ms":29248,"predicted":false,"t":-1,"tick":1531,"type":"ko"}
[client] {"counts":{"blocks_on_me":0,"conf_actions":24,"confirmed_hits":48,"dup_confirmed":0,"hits_on_me":8,"pred_actions":25,"predicted_confirmed":9,"predicted_hits":40,"reconnects":0},"ev":"stats","hp":107.0,"in_bytes":367854,"late":0,"local_entity":6,"match":{"countdown_until":300,"ctrl":-1,"final":false,"next":"","phase":3,"rot":2321,"scores":[0,0],"sd":false,"state":3,"tick":1279,"zone":"B"},"max_err":1.986,"mean_err":0.0914,"ms":29942,"out_bytes":77398,"pending":16,"pos":[-5.12,1.3],"reconciles":506,"server_tick":1577,"snaps":508,"teleports":1}
[client] {"a":6,"dup":true,"ev":"game","ms":31401,"predicted":false,"t":1,"tick":1664,"type":"hit"}
[client] {"a":0,"dup":false,"ev":"game","ms":32001,"predicted":false,"t":6,"tick":1696,"type":"hit"}
[client] {"a":0,"dup":false,"ev":"game","ms":32413,"predicted":false,"t":6,"tick":1715,"type":"hit"}
[client] {"a":1,"dup":false,"ev":"game","ms":32483,"predicted":false,"t":6,"tick":1725,"type":"hit"}
[client] {"a":0,"dup":false,"ev":"game","ms":32779,"predicted":false,"t":6,"tick":1743,"type":"hit"}
[client] {"a":0,"dup":false,"ev":"game","ms":32835,"predicted":false,"t":7,"tick":1746,"type":"block"}
[client] {"a":1,"dup":false,"ev":"game","ms":33001,"predicted":false,"t":6,"tick":1756,"type":"hit"}
[client] {"a":6,"dup":true,"ev":"game","ms":33435,"predicted":false,"t":0,"tick":1786,"type":"hit"}
[client] {"a":6,"dup":false,"ev":"game","ms":33649,"predicted":false,"t":-1,"tick":1800,"type":"ko"}
[client] {"a":1,"dup":false,"ev":"game","ms":33731,"predicted":false,"t":6,"tick":1800,"type":"hit"}
[client] {"a":7,"dup":false,"ev":"game","ms":33883,"predicted":false,"t":0,"tick":1809,"type":"hit"}
[client] {"a":7,"dup":false,"ev":"game","ms":33918,"predicted":false,"t":1,"tick":1811,"type":"hit"}
[client] {"a":0,"dup":false,"ev":"game","ms":34835,"predicted":false,"t":7,"tick":1866,"type":"hit"}
[client] {"a":1,"dup":false,"ev":"game","ms":34836,"predicted":false,"t":7,"tick":1866,"type":"hit"}
[client] {"a":8,"dup":false,"ev":"game","ms":34932,"predicted":false,"t":0,"tick":1872,"type":"hit"}
[client] {"counts":{"blocks_on_me":0,"conf_actions":30,"confirmed_hits":61,"dup_confirmed":0,"hits_on_me":14,"pred_actions":32,"predicted_confirmed":11,"predicted_hits":57,"reconnects":0},"ev":"stats","hp":0.0,"in_bytes":434628,"late":0,"local_entity":6,"match":{"countdown_until":300,"ctrl":-1,"final":false,"next":"","phase":3,"rot":2021,"scores":[0,0],"sd":false,"state":3,"tick":1579,"zone":"B"},"max_err":1.986,"mean_err":0.0842,"ms":34945,"out_bytes":92098,"pending":16,"pos":[-1.17,-2.91],"reconciles":606,"server_tick":1877,"snaps":608,"teleports":1}
[client] {"a":9,"dup":false,"ev":"game","ms":34946,"predicted":false,"t":0,"tick":1873,"type":"hit"}
[client] {"a":8,"dup":false,"ev":"game","ms":34980,"predicted":false,"t":1,"tick":1875,"type":"hit"}
[client] {"a":8,"dup":false,"ev":"game","ms":35201,"predicted":false,"t":0,"tick":1888,"type":"parry"}
[client] {"a":0,"dup":false,"ev":"game","ms":35484,"predicted":false,"t":8,"tick":1905,"type":"hit"}
[client] {"a":0,"dup":false,"ev":"game","ms":35498,"predicted":false,"t":7,"tick":1906,"type":"hit"}
[client] {"a":1,"dup":false,"ev":"game","ms":35754,"predicted":false,"t":7,"tick":1921,"type":"block"}
[client] {"a":0,"dup":false,"ev":"game","ms":35884,"predicted":false,"t":8,"tick":1929,"type":"block"}
[client] {"a":9,"dup":false,"ev":"game","ms":36098,"predicted":false,"t":0,"tick":1942,"type":"hit"}
[client] {"a":9,"dup":false,"ev":"game","ms":36098,"predicted":false,"t":1,"tick":1942,"type":"hit"}
[client] {"a":8,"dup":false,"ev":"game","ms":36898,"predicted":false,"t":0,"tick":1990,"type":"hit"}
[client] {"a":0,"dup":false,"ev":"game","ms":37216,"predicted":false,"t":8,"tick":2009,"type":"hit"}
[client] {"a":2,"dup":false,"ev":"game","ms":37236,"predicted":false,"t":7,"tick":2010,"type":"hit"}
[client] {"a":0,"dup":false,"ev":"game","ms":37264,"predicted":false,"t":7,"tick":2012,"type":"hit"}
[client] {"a":1,"dup":false,"ev":"game","ms":37319,"predicted":false,"t":7,"tick":2015,"type":"hit"}
[client] {"a":0,"dup":false,"ev":"game","ms":37734,"predicted":false,"t":8,"tick":2040,"type":"hit"}
[client] {"a":2,"dup":false,"ev":"game","ms":37968,"predicted":false,"t":5,"tick":2054,"type":"hit"}
[client] {"ev":"drop","ms":38001,"token_set":true}
[client] {"counts":{"blocks_on_me":0,"conf_actions":30,"confirmed_hits":74,"dup_confirmed":0,"hits_on_me":14,"pred_actions":32,"predicted_confirmed":11,"predicted_hits":57,"reconnects":0},"ev":"stats","hp":0.0,"in_bytes":477392,"late":0,"local_entity":6,"match":{"countdown_until":300,"ctrl":-1,"final":false,"next":"","phase":3,"rot":1838,"scores":[0,0],"sd":false,"state":3,"tick":1762,"zone":"B"},"max_err":1.986,"mean_err":0.0766,"ms":39954,"out_bytes":101065,"pending":13,"pos":[-1.17,-2.91],"reconciles":666,"server_tick":2061,"snaps":667,"teleports":1}
[client] {"detail":"127.0.0.1:24651","ev":"status","ms":41003,"status":"connecting"}
[client] {"err":0,"ev":"reconnect_attempt","ms":41003}
[client] {"detail":"","ev":"status","ms":41321,"status":"connected"}
[client] {"ev":"welcome","ms":41472,"observer":false,"pid":5}
[client] {"ev":"match_setup","fighters":10,"ms":41486,"you":6}
[client] {"a":2,"dup":false,"ev":"game","ms":41716,"predicted":false,"t":5,"tick":2279,"type":"hit"}
[client] {"a":2,"dup":false,"ev":"game","ms":42233,"predicted":false,"t":5,"tick":2310,"type":"guard_break"}
[client] {"a":1,"dup":false,"ev":"game","ms":42330,"predicted":false,"t":9,"tick":2316,"type":"hit"}
[client] {"a":1,"dup":false,"ev":"game","ms":42648,"predicted":false,"t":9,"tick":2335,"type":"hit"}
[client] {"a":4,"dup":false,"ev":"game","ms":42765,"predicted":false,"t":5,"tick":2342,"type":"hit"}
[client] {"a":1,"dup":false,"ev":"game","ms":42965,"predicted":false,"t":9,"tick":2354,"type":"block"}
[client] {"a":4,"dup":false,"ev":"game","ms":43296,"predicted":false,"t":5,"tick":2374,"type":"guard_break"}
[client] {"a":6,"dup":false,"ev":"game","ms":43650,"predicted":false,"t":-1,"tick":2400,"type":"respawn"}
[client] {"a":2,"dup":false,"ev":"game","ms":43814,"predicted":false,"t":5,"tick":2405,"type":"hit"}
[client] {"a":1,"dup":false,"ev":"game","ms":43835,"predicted":false,"t":9,"tick":2406,"type":"hit"}
[client] {"a":1,"dup":false,"ev":"game","ms":44154,"predicted":false,"t":9,"tick":2425,"type":"block"}
[client] {"a":1,"dup":false,"ev":"game","ms":44471,"predicted":false,"t":9,"tick":2444,"type":"guard_break"}
[client] {"counts":{"blocks_on_me":0,"conf_actions":31,"confirmed_hits":80,"dup_confirmed":0,"hits_on_me":14,"pred_actions":33,"predicted_confirmed":11,"predicted_hits":57,"reconnects":1},"ev":"stats","hp":280.0,"in_bytes":531569,"late":0,"local_entity":6,"match":{"countdown_until":300,"ctrl":-1,"final":false,"next":"","phase":3,"rot":1421,"scores":[0,0],"sd":false,"state":3,"tick":2179,"zone":"B"},"max_err":2.341,"mean_err":0.0729,"ms":44951,"out_bytes":111185,"pending":15,"pos":[4.61,39.15],"reconciles":732,"server_tick":2477,"snaps":735,"teleports":2}
[client] {"a":1,"dup":false,"ev":"game","ms":45049,"predicted":false,"t":9,"tick":2479,"type":"hit"}
[client] {"a":2,"dup":false,"ev":"game","ms":45098,"predicted":false,"t":5,"tick":2482,"type":"guard_break"}
[client] {"a":3,"dup":false,"ev":"game","ms":45435,"predicted":false,"t":9,"tick":2502,"type":"hit"}
[client] {"a":2,"dup":false,"ev":"game","ms":45872,"predicted":false,"t":5,"tick":2528,"type":"hit"}
[client] {"a":1,"dup":false,"ev":"game","ms":46051,"predicted":false,"t":9,"tick":2539,"type":"hit"}
[client] {"a":2,"dup":false,"ev":"game","ms":46402,"predicted":false,"t":5,"tick":2560,"type":"guard_break"}
[client] {"a":2,"dup":false,"ev":"game","ms":46899,"predicted":false,"t":5,"tick":2590,"type":"hit"}
[client] {"a":2,"dup":false,"ev":"game","ms":47569,"predicted":false,"t":5,"tick":2630,"type":"guard_break"}
[client] {"a":2,"dup":false,"ev":"game","ms":47836,"predicted":false,"t":5,"tick":2646,"type":"hit"}
[client] {"a":2,"dup":false,"ev":"game","ms":48569,"predicted":false,"t":5,"tick":2690,"type":"guard_break"}
[client] {"a":3,"dup":false,"ev":"game","ms":49071,"predicted":false,"t":7,"tick":2720,"type":"hit"}
[client] {"a":7,"dup":false,"ev":"game","ms":49817,"predicted":false,"t":3,"tick":2765,"type":"hit"}
[client] {"counts":{"blocks_on_me":0,"conf_actions":31,"confirmed_hits":88,"dup_confirmed":0,"hits_on_me":14,"pred_actions":33,"predicted_confirmed":11,"predicted_hits":57,"reconnects":1},"ev":"stats","hp":280.0,"in_bytes":597623,"late":0,"local_entity":6,"match":{"countdown_until":300,"ctrl":-1,"final":false,"next":"","phase":3,"rot":1121,"scores":[0,0],"sd":false,"state":3,"tick":2479,"zone":"B"},"max_err":2.341,"mean_err":0.0643,"ms":49954,"out_bytes":125885,"pending":15,"pos":[-1.62,8.59],"reconciles":830,"server_tick":2778,"snaps":833,"teleports":2}
[client] {"a":4,"dup":false,"ev":"game","ms":50334,"predicted":false,"t":5,"tick":2796,"type":"guard_break"}
[client] {"a":7,"dup":false,"ev":"game","ms":50715,"predicted":false,"t":2,"tick":2819,"type":"hit"}
[client] {"a":4,"dup":false,"ev":"game","ms":51114,"predicted":false,"t":5,"tick":2843,"type":"hit"}
[client] {"a":2,"dup":false,"ev":"game","ms":51316,"predicted":false,"t":5,"tick":2855,"type":"hit"}
[client] {"a":7,"dup":false,"ev":"game","ms":51480,"predicted":false,"t":4,"tick":2865,"type":"hit"}
[client] {"a":2,"dup":false,"ev":"game","ms":51949,"predicted":false,"t":5,"tick":2886,"type":"hit"}
[client] {"a":8,"dup":false,"ev":"game","ms":52212,"predicted":false,"t":2,"tick":2909,"type":"hit"}
[client] {"a":3,"dup":false,"ev":"game","ms":52398,"predicted":false,"t":8,"tick":2920,"type":"hit"}
[client] {"a":4,"dup":false,"ev":"game","ms":52598,"predicted":false,"t":7,"tick":2932,"type":"hit"}
[client] {"a":2,"dup":false,"ev":"game","ms":52917,"predicted":false,"t":5,"tick":2951,"type":"guard_break"}
[client] {"a":7,"dup":false,"ev":"game","ms":53232,"predicted":false,"t":3,"tick":2970,"type":"hit"}
[client] {"a":7,"dup":false,"ev":"game","ms":53267,"predicted":false,"t":2,"tick":2972,"type":"hit"}
[client] {"a":4,"dup":false,"ev":"game","ms":53315,"predicted":false,"t":5,"tick":2975,"type":"hit"}
[client] {"a":5,"dup":false,"ev":"game","ms":53316,"predicted":false,"t":-1,"tick":2975,"type":"ko"}
[client] {"a":8,"dup":false,"ev":"game","ms":53812,"predicted":false,"t":3,"tick":3005,"type":"hit"}
[client] {"a":7,"dup":false,"ev":"game","ms":54385,"predicted":false,"t":3,"tick":3039,"type":"block"}
[client] {"a":1,"dup":false,"ev":"game","ms":54433,"predicted":false,"t":6,"tick":3042,"type":"hit"}
[client] {"a":1,"dup":false,"ev":"game","ms":54930,"predicted":false,"t":6,"tick":3065,"type":"hit"}
[client] {"counts":{"blocks_on_me":0,"conf_actions":36,"confirmed_hits":102,"dup_confirmed":0,"hits_on_me":16,"pred_actions":39,"predicted_confirmed":11,"predicted_hits":59,"reconnects":1},"ev":"stats","hp":244.0,"in_bytes":666590,"late":0,"local_entity":6,"match":{"countdown_until":300,"ctrl":-1,"final":false,"next":"A","phase":3,"rot":821,"scores":[0,0],"sd":false,"state":3,"tick":2779,"zone":"B"},"max_err":2.341,"mean_err":0.0588,"ms":54949,"out_bytes":140585,"pending":16,"pos":[-2.14,-2.02],"reconciles":928,"server_tick":3078,"snaps":931,"teleports":2}
[client] {"a":0,"dup":false,"ev":"game","ms":55469,"predicted":false,"t":6,"tick":3104,"type":"hit"}
[client] {"a":1,"dup":false,"ev":"game","ms":55482,"predicted":false,"t":6,"tick":3105,"type":"hit"}
[client] {"a":8,"dup":false,"ev":"game","ms":55854,"predicted":false,"t":4,"tick":3127,"type":"hit"}
[client] {"a":2,"dup":false,"ev":"game","ms":55896,"predicted":false,"t":7,"tick":3130,"type":"hit"}
[client] {"a":8,"dup":false,"ev":"game","ms":56331,"predicted":false,"t":3,"tick":3156,"type":"hit"}
[client] {"a":8,"dup":false,"ev":"game","ms":56353,"predicted":false,"t":4,"tick":3157,"type":"block"}
[client] {"a":2,"dup":false,"ev":"game","ms":56649,"predicted":false,"t":8,"tick":3175,"type":"hit"}
[client] {"a":9,"dup":false,"ev":"game","ms":56786,"predicted":false,"t":3,"tick":3183,"type":"hit"}
[client] {"a":9,"dup":false,"ev":"game","ms":56786,"predicted":false,"t":4,"tick":3183,"type":"hit"}
[client] {"a":2,"dup":false,"ev":"game","ms":57187,"predicted":false,"t":8,"tick":3207,"type":"hit"}
[client] {"a":3,"dup":false,"ev":"game","ms":57353,"predicted":false,"t":8,"tick":3217,"type":"hit"}
[client] {"a":6,"dup":true,"ev":"game","ms":57588,"predicted":false,"t":1,"tick":3237,"type":"hit"}
[client] {"a":9,"dup":false,"ev":"game","ms":57649,"predicted":false,"t":2,"tick":3235,"type":"hit"}
[client] {"a":9,"dup":false,"ev":"game","ms":57683,"predicted":false,"t":3,"tick":3237,"type":"hit"}
[client] {"a":6,"dup":true,"ev":"game","ms":58008,"predicted":false,"t":1,"tick":3262,"type":"hit"}
[client] {"a":6,"dup":true,"ev":"game","ms":58346,"predicted":false,"t":1,"tick":3282,"type":"hit"}
[client] {"a":6,"dup":true,"ev":"game","ms":59325,"predicted":false,"t":1,"tick":3330,"type":"hit"}
[client] {"a":0,"dup":false,"ev":"game","ms":59829,"predicted":false,"t":6,"tick":3366,"type":"hit"}
[client] {"counts":{"blocks_on_me":0,"conf_actions":45,"confirmed_hits":119,"dup_confirmed":0,"hits_on_me":19,"pred_actions":47,"predicted_confirmed":15,"predicted_hits":72,"reconnects":1},"ev":"stats","hp":150.0,"in_bytes":736582,"late":0,"local_entity":6,"match":{"countdown_until":300,"ctrl":-1,"final":false,"next":"A","phase":3,"rot":521,"scores":[0,0],"sd":false,"state":3,"tick":3079,"zone":"B"},"max_err":2.482,"mean_err":0.0565,"ms":59945,"out_bytes":155285,"pending":16,"pos":[-2.02,-3.2],"reconciles":1020,"server_tick":3377,"snaps":1023,"teleports":2}
[client] {"a":0,"dup":false,"ev":"game","ms":60648,"predicted":false,"t":6,"tick":3404,"type":"block"}
[client] {"a":3,"dup":false,"ev":"game","ms":60655,"predicted":false,"t":6,"tick":3409,"type":"block"}
[client] {"a":1,"dup":false,"ev":"game","ms":60827,"predicted":false,"t":6,"tick":3420,"type":"block"}
[client] {"a":3,"dup":false,"ev":"game","ms":61040,"predicted":false,"t":6,"tick":3436,"type":"hit"}
[client] {"a":0,"dup":false,"ev":"game","ms":61113,"predicted":false,"t":6,"tick":3440,"type":"hit"}
[client] {"a":1,"dup":false,"ev":"game","ms":61113,"predicted":false,"t":6,"tick":3440,"type":"hit"}
[client] {"a":6,"dup":true,"ev":"game","ms":61444,"predicted":false,"t":0,"tick":3464,"type":"hit"}
[client] {"a":1,"dup":false,"ev":"game","ms":61615,"predicted":false,"t":6,"tick":3469,"type":"hit"}
[client] {"a":3,"dup":false,"ev":"game","ms":61642,"predicted":false,"t":6,"tick":3471,"type":"hit"}
[client] {"a":6,"dup":true,"ev":"game","ms":61945,"predicted":false,"t":1,"tick":3493,"type":"hit"}
[client] {"a":6,"dup":true,"ev":"game","ms":61981,"predicted":false,"t":0,"tick":3496,"type":"hit"}
[client] {"a":3,"dup":false,"ev":"game","ms":62263,"predicted":false,"t":6,"tick":3508,"type":"hit"}
[client] {"a":1,"dup":false,"ev":"game","ms":62359,"predicted":false,"t":6,"tick":3514,"type":"hit"}
[client] {"a":3,"dup":false,"ev":"game","ms":62745,"predicted":false,"t":6,"tick":3537,"type":"hit"}
[client] {"a":6,"dup":false,"ev":"game","ms":62745,"predicted":false,"t":-1,"tick":3541,"type":"ko"}
[client] {"a":0,"dup":false,"ev":"game","ms":62814,"predicted":false,"t":6,"tick":3541,"type":"hit"}
[client] {"a":5,"dup":false,"ev":"game","ms":63380,"predicted":false,"t":-1,"tick":3575,"type":"respawn"}
[client] {"a":2,"dup":false,"ev":"game","ms":64263,"predicted":false,"t":9,"tick":3628,"type":"hit"}
[client] {"counts":{"blocks_on_me":3,"conf_actions":50,"confirmed_hits":132,"dup_confirmed":0,"hits_on_me":28,"pred_actions":54,"predicted_confirmed":18,"predicted_hits":82,"reconnects":1},"ev":"stats","hp":0.0,"in_bytes":802089,"late":0,"local_entity":6,"match":{"countdown_until":300,"ctrl":0,"final":false,"next":"A","phase":3,"rot":227,"scores":[2,0],"sd":false,"state":2,"tick":3373,"zone":"B"},"max_err":2.482,"mean_err":0.0546,"ms":64945,"out_bytes":169985,"pending":13,"pos":[-2.23,-4.07],"reconciles":1114,"server_tick":3673,"snaps":1117,"teleports":2}
[client] {"a":2,"dup":false,"ev":"game","ms":65381,"predicted":false,"t":9,"tick":3688,"type":"hit"}
[client] {"a":9,"dup":false,"ev":"game","ms":65643,"predicted":false,"t":2,"tick":3711,"type":"hit"}
[client] {"a":-1,"dup":false,"ev":"game","ms":68783,"predicted":false,"t":-1,"tick":3899,"type":"zone_rotated"}
[client] {"counts":{"blocks_on_me":3,"conf_actions":50,"confirmed_hits":134,"dup_confirmed":0,"hits_on_me":28,"pred_actions":54,"predicted_confirmed":18,"predicted_hits":82,"reconnects":1},"ev":"stats","hp":0.0,"in_bytes":862485,"late":0,"local_entity":6,"match":{"countdown_until":300,"ctrl":0,"final":false,"next":"","phase":3,"rot":3527,"scores":[5,0],"sd":false,"state":2,"tick":3673,"zone":"A"},"max_err":2.482,"mean_err":0.0503,"ms":69948,"out_bytes":184685,"pending":14,"pos":[-2.23,-4.07],"reconciles":1210,"server_tick":3973,"snaps":1213,"teleports":2}
[client] {"a":6,"dup":false,"ev":"game","ms":72736,"predicted":false,"t":-1,"tick":4141,"type":"respawn"}
[client] {"a":8,"dup":false,"ev":"game","ms":74282,"predicted":false,"t":4,"tick":4229,"type":"hit"}
[client] {"counts":{"blocks_on_me":3,"conf_actions":51,"confirmed_hits":135,"dup_confirmed":0,"hits_on_me":28,"pred_actions":54,"predicted_confirmed":18,"predicted_hits":82,"reconnects":1},"ev":"stats","hp":280.0,"in_bytes":925756,"late":0,"local_entity":6,"match":{"countdown_until":300,"ctrl":-1,"final":false,"next":"","phase":3,"rot":3227,"scores":[9,0],"sd":false,"state":3,"tick":3973,"zone":"A"},"max_err":2.482,"mean_err":0.0465,"ms":74950,"out_bytes":199385,"pending":14,"pos":[3.28,36.33],"reconciles":1308,"server_tick":4274,"snaps":1312,"teleports":3}
[client] {"a":8,"dup":false,"ev":"game","ms":75634,"predicted":false,"t":0,"tick":4310,"type":"hit"}
[client] {"a":8,"dup":false,"ev":"game","ms":75634,"predicted":false,"t":4,"tick":4310,"type":"hit"}
[client] {"a":8,"dup":false,"ev":"game","ms":75656,"predicted":false,"t":1,"tick":4311,"type":"hit"}
[client] {"a":8,"dup":false,"ev":"game","ms":77428,"predicted":false,"t":3,"tick":4418,"type":"hit"}
[client] {"a":1,"dup":false,"ev":"game","ms":77629,"predicted":false,"t":7,"tick":4430,"type":"hit"}
[client] {"a":1,"dup":false,"ev":"game","ms":77960,"predicted":false,"t":7,"tick":4450,"type":"hit"}
[client] {"a":2,"dup":false,"ev":"game","ms":78698,"predicted":false,"t":7,"tick":4494,"type":"hit"}
[client] {"a":1,"dup":false,"ev":"game","ms":78794,"predicted":false,"t":7,"tick":4500,"type":"hit"}
[client] {"a":4,"dup":false,"ev":"game","ms":78864,"predicted":false,"t":8,"tick":4504,"type":"hit"}
[client] {"a":2,"dup":false,"ev":"game","ms":78933,"predicted":false,"t":8,"tick":4508,"type":"hit"}
[client] {"a":3,"dup":false,"ev":"game","ms":79298,"predicted":false,"t":8,"tick":4530,"type":"hit"}
[client] {"a":1,"dup":false,"ev":"game","ms":79450,"predicted":false,"t":8,"tick":4539,"type":"hit"}
[client] {"a":7,"dup":false,"ev":"game","ms":79630,"predicted":false,"t":3,"tick":4550,"type":"hit"}
[client] {"counts":{"blocks_on_me":3,"conf_actions":51,"confirmed_hits":148,"dup_confirmed":0,"hits_on_me":28,"pred_actions":54,"predicted_confirmed":18,"predicted_hits":82,"reconnects":1},"ev":"stats","hp":280.0,"in_bytes":996184,"late":0,"local_entity":6,"match":{"countdown_until":300,"ctrl":-1,"final":false,"next":"","phase":3,"rot":2927,"scores":[9,0],"sd":false,"state":3,"tick":4273,"zone":"A"},"max_err":2.482,"mean_err":0.0433,"ms":79946,"out_bytes":214085,"pending":14,"pos":[-17.08,15.21],"reconciles":1404,"server_tick":4573,"snaps":1408,"teleports":3}
[client] {"counts":{"blocks_on_me":3,"conf_actions":51,"confirmed_hits":148,"dup_confirmed":0,"hits_on_me":28,"pred_actions":54,"predicted_confirmed":18,"predicted_hits":82,"reconnects":1},"ev":"stats","hp":280.0,"in_bytes":999540,"late":0,"local_entity":6,"match":{"countdown_until":300,"ctrl":-1,"final":false,"next":"","phase":3,"rot":2921,"scores":[9,0],"sd":false,"state":3,"tick":4279,"zone":"A"},"max_err":2.482,"mean_err":0.0433,"ms":80015,"out_bytes":214281,"pending":15,"pos":[-17.46,14.99],"reconciles":1405,"server_tick":4577,"snaps":1410,"teleports":3}
