Godot Engine v4.7.2.stable.official.ed1daf0bf - https://godotengine.org

[client] {"detail":"127.0.0.1:24700","ev":"status","ms":0,"status":"connecting"}
[client] {"detail":"","ev":"status","ms":15,"status":"connected"}
[client] {"ev":"welcome","ms":22,"observer":true,"pid":-1}
[client] {"ev":"match_setup","fighters":10,"ms":36,"you":-1}
[client] {"counts":{"blocks_on_me":0,"conf_actions":0,"confirmed_hits":0,"dup_confirmed":0,"hits_on_me":0,"pred_actions":0,"predicted_confirmed":0,"predicted_hits":0,"reconnects":0},"ev":"stats","hp":-1,"in_bytes":45480,"late":0,"local_entity":-1,"match":{},"max_err":0.0,"mean_err":0.0,"ms":4951,"out_bytes":0,"pending":0,"pos":[],"reconciles":0,"server_tick":365,"snaps":0,"teleports":0}
[client] {"counts":{"blocks_on_me":0,"conf_actions":0,"confirmed_hits":0,"dup_confirmed":0,"hits_on_me":0,"pred_actions":0,"predicted_confirmed":0,"predicted_hits":0,"reconnects":0},"ev":"stats","hp":-1,"in_bytes":85832,"late":0,"local_entity":-1,"match":{},"max_err":0.0,"mean_err":0.0,"ms":9954,"out_bytes":0,"pending":0,"pos":[],"reconciles":0,"server_tick":665,"snaps":0,"teleports":0}
[client] {"a":3,"dup":false,"ev":"game","ms":11492,"predicted":false,"t":8,"tick":757,"type":"hit"}
[client] {"a":6,"dup":false,"ev":"game","ms":11575,"predicted":false,"t":3,"tick":762,"type":"hit"}
[client] {"a":2,"dup":false,"ev":"game","ms":11720,"predicted":false,"t":6,"tick":771,"type":"hit"}
[client] {"a":2,"dup":false,"ev":"game","ms":11720,"predicted":false,"t":7,"tick":771,"type":"hit"}
[client] {"a":2,"dup":false,"ev":"game","ms":12576,"predicted":false,"t":6,"tick":823,"type":"hit"}
[client] {"a":0,"dup":false,"ev":"game","ms":13024,"predicted":false,"t":6,"tick":850,"type":"hit"}
[client] {"a":9,"dup":false,"ev":"game","ms":13576,"predicted":false,"t":4,"tick":883,"type":"hit"}
[client] {"a":0,"dup":false,"ev":"game","ms":13624,"predicted":false,"t":6,"tick":886,"type":"block"}
[client] {"a":2,"dup":false,"ev":"game","ms":13693,"predicted":false,"t":6,"tick":889,"type":"hit"}
[client] {"a":7,"dup":false,"ev":"game","ms":13776,"predicted":false,"t":3,"tick":894,"type":"hit"}
[client] {"a":7,"dup":false,"ev":"game","ms":13776,"predicted":false,"t":2,"tick":895,"type":"hit"}
[client] {"a":4,"dup":false,"ev":"game","ms":14107,"predicted":false,"t":9,"tick":915,"type":"hit"}
[client] {"a":4,"dup":false,"ev":"game","ms":14659,"predicted":false,"t":9,"tick":947,"type":"block"}
[client] {"a":8,"dup":false,"ev":"game","ms":14708,"predicted":false,"t":2,"tick":951,"type":"hit"}
[client] {"a":0,"dup":false,"ev":"game","ms":14942,"predicted":false,"t":8,"tick":965,"type":"hit"}
[client] {"counts":{"blocks_on_me":0,"conf_actions":0,"confirmed_hits":13,"dup_confirmed":0,"hits_on_me":0,"pred_actions":0,"predicted_confirmed":0,"predicted_hits":0,"reconnects":0},"ev":"stats","hp":-1,"in_bytes":135548,"late":0,"local_entity":-1,"match":{},"max_err":0.0,"mean_err":0.0,"ms":14956,"out_bytes":0,"pending":0,"pos":[],"reconciles":0,"server_tick":965,"snaps":0,"teleports":0}
[client] {"a":3,"dup":false,"ev":"game","ms":15011,"predicted":false,"t":6,"tick":968,"type":"hit"}
[client] {"a":3,"dup":false,"ev":"game","ms":15012,"predicted":false,"t":8,"tick":969,"type":"hit"}
[client] {"a":0,"dup":false,"ev":"game","ms":15294,"predicted":false,"t":7,"tick":985,"type":"block"}
[client] {"a":6,"dup":false,"ev":"game","ms":15411,"predicted":false,"t":3,"tick":992,"type":"hit"}
[client] {"a":0,"dup":false,"ev":"game","ms":15625,"predicted":false,"t":7,"tick":1005,"type":"block"}
[client] {"a":6,"dup":false,"ev":"game","ms":15894,"predicted":false,"t":3,"tick":1022,"type":"block"}
[client] {"a":0,"dup":false,"ev":"game","ms":16260,"predicted":false,"t":8,"tick":1044,"type":"hit"}
[client] {"a":4,"dup":false,"ev":"game","ms":16378,"predicted":false,"t":9,"tick":1051,"type":"hit"}
[client] {"a":6,"dup":false,"ev":"game","ms":16861,"predicted":false,"t":3,"tick":1080,"type":"hit"}
[client] {"a":6,"dup":false,"ev":"game","ms":16895,"predicted":false,"t":2,"tick":1082,"type":"hit"}
[client] {"a":0,"dup":false,"ev":"game","ms":17178,"predicted":false,"t":6,"tick":1098,"type":"hit"}
[client] {"a":8,"dup":false,"ev":"game","ms":17343,"predicted":false,"t":0,"tick":1109,"type":"hit"}
[client] {"a":8,"dup":false,"ev":"game","ms":18178,"predicted":false,"t":2,"tick":1159,"type":"hit"}
[client] {"a":2,"dup":false,"ev":"game","ms":18530,"predicted":false,"t":6,"tick":1180,"type":"block"}
[client] {"a":3,"dup":false,"ev":"game","ms":18579,"predicted":false,"t":8,"tick":1183,"type":"hit"}
[client] {"a":9,"dup":false,"ev":"game","ms":18613,"predicted":false,"t":4,"tick":1184,"type":"hit"}
[client] {"a":2,"dup":false,"ev":"game","ms":19027,"predicted":false,"t":6,"tick":1210,"type":"block"}
[client] {"a":9,"dup":false,"ev":"game","ms":19296,"predicted":false,"t":4,"tick":1225,"type":"block"}
[client] {"a":7,"dup":false,"ev":"game","ms":19372,"predicted":false,"t":2,"tick":1230,"type":"hit"}
[client] {"a":4,"dup":false,"ev":"game","ms":19586,"predicted":false,"t":9,"tick":1243,"type":"hit"}
[client] {"a":2,"dup":false,"ev":"game","ms":19738,"predicted":false,"t":6,"tick":1252,"type":"hit"}
[client] {"a":8,"dup":false,"ev":"game","ms":19807,"predicted":false,"t":3,"tick":1256,"type":"hit"}
[client] {"counts":{"blocks_on_me":0,"conf_actions":0,"confirmed_hits":29,"dup_confirmed":0,"hits_on_me":0,"pred_actions":0,"predicted_confirmed":0,"predicted_hits":0,"reconnects":0},"ev":"stats","hp":-1,"in_bytes":183872,"late":0,"local_entity":-1,"match":{},"max_err":0.0,"mean_err":0.0,"ms":19952,"out_bytes":0,"pending":0,"pos":[],"reconciles":0,"server_tick":1265,"snaps":0,"teleports":0}
[client] {"a":4,"dup":false,"ev":"game","ms":20055,"predicted":false,"t":9,"tick":1271,"type":"block"}
[client] {"a":7,"dup":false,"ev":"game","ms":20124,"predicted":false,"t":2,"tick":1275,"type":"hit"}
[client] {"a":2,"dup":false,"ev":"game","ms":21152,"predicted":false,"t":8,"tick":1337,"type":"hit"}
[client] {"a":8,"dup":false,"ev":"game","ms":21525,"predicted":false,"t":2,"tick":1359,"type":"hit"}
[client] {"a":4,"dup":false,"ev":"game","ms":21608,"predicted":false,"t":9,"tick":1364,"type":"hit"}
[client] {"a":7,"dup":false,"ev":"game","ms":21739,"predicted":false,"t":2,"tick":1372,"type":"block"}
[client] {"a":9,"dup":false,"ev":"game","ms":23091,"predicted":false,"t":4,"tick":1453,"type":"hit"}
[client] {"a":2,"dup":false,"ev":"game","ms":23422,"predicted":false,"t":8,"tick":1473,"type":"hit"}
[client] {"a":4,"dup":false,"ev":"game","ms":23809,"predicted":false,"t":9,"tick":1497,"type":"hit"}
[client] {"a":6,"dup":false,"ev":"game","ms":23857,"predicted":false,"t":3,"tick":1499,"type":"hit"}
[client] {"a":6,"dup":false,"ev":"game","ms":23857,"predicted":false,"t":2,"tick":1500,"type":"hit"}
[client] {"a":9,"dup":false,"ev":"game","ms":24223,"predicted":false,"t":4,"tick":1522,"type":"block"}
[client] {"a":3,"dup":false,"ev":"game","ms":24692,"predicted":false,"t":8,"tick":1549,"type":"hit"}
[client] {"a":6,"dup":false,"ev":"game","ms":24692,"predicted":false,"t":2,"tick":1549,"type":"hit"}
[client] {"a":9,"dup":false,"ev":"game","ms":24692,"predicted":false,"t":4,"tick":1549,"type":"block"}
[client] {"a":9,"dup":false,"ev":"game","ms":24927,"predicted":false,"t":4,"tick":1563,"type":"block"}
[client] {"counts":{"blocks_on_me":0,"conf_actions":0,"confirmed_hits":40,"dup_confirmed":0,"hits_on_me":0,"pred_actions":0,"predicted_confirmed":0,"predicted_hits":0,"reconnects":0},"ev":"stats","hp":-1,"in_bytes":232976,"late":0,"local_entity":-1,"match":{},"max_err":0.0,"mean_err":0.0,"ms":24954,"out_bytes":0,"pending":0,"pos":[],"reconciles":0,"server_tick":1565,"snaps":0,"teleports":0}
[client] {"a":6,"dup":false,"ev":"game","ms":25210,"predicted":false,"t":3,"tick":1580,"type":"hit"}
[client] {"a":4,"dup":false,"ev":"game","ms":25844,"predicted":false,"t":9,"tick":1619,"type":"hit"}
[client] {"a":3,"dup":false,"ev":"game","ms":26645,"predicted":false,"t":7,"tick":1666,"type":"hit"}
[client] {"a":9,"dup":false,"ev":"game","ms":26776,"predicted":false,"t":4,"tick":1674,"type":"hit"}
[client] {"a":3,"dup":false,"ev":"game","ms":27142,"predicted":false,"t":7,"tick":1697,"type":"hit"}
[client] {"a":4,"dup":false,"ev":"game","ms":27556,"predicted":false,"t":9,"tick":1721,"type":"hit"}
[client] {"a":3,"dup":false,"ev":"game","ms":27645,"predicted":false,"t":6,"tick":1727,"type":"hit"}
[client] {"a":4,"dup":false,"ev":"game","ms":28045,"predicted":false,"t":9,"tick":1750,"type":"block"}
[client] {"a":6,"dup":false,"ev":"game","ms":28846,"predicted":false,"t":3,"tick":1799,"type":"hit"}
[client] {"counts":{"blocks_on_me":0,"conf_actions":0,"confirmed_hits":48,"dup_confirmed":0,"hits_on_me":0,"pred_actions":0,"predicted_confirmed":0,"predicted_hits":0,"reconnects":0},"ev":"stats","hp":-1,"in_bytes":277240,"late":0,"local_entity":-1,"match":{},"max_err":0.0,"mean_err":0.0,"ms":29957,"out_bytes":0,"pending":0,"pos":[],"reconciles":0,"server_tick":1865,"snaps":0,"teleports":0}
[client] {"a":6,"dup":false,"ev":"game","ms":30978,"predicted":false,"t":1,"tick":1926,"type":"hit"}
[client] {"a":9,"dup":false,"ev":"game","ms":31012,"predicted":false,"t":4,"tick":1929,"type":"hit"}
[client] {"a":1,"dup":false,"ev":"game","ms":31413,"predicted":false,"t":6,"tick":1953,"type":"hit"}
[client] {"a":1,"dup":false,"ev":"game","ms":31771,"predicted":false,"t":6,"tick":1974,"type":"block"}
[client] {"a":9,"dup":false,"ev":"game","ms":31771,"predicted":false,"t":4,"tick":1974,"type":"hit"}
[client] {"a":1,"dup":false,"ev":"game","ms":31985,"predicted":false,"t":6,"tick":1987,"type":"block"}
[client] {"a":9,"dup":false,"ev":"game","ms":32006,"predicted":false,"t":4,"tick":1988,"type":"hit"}
[client] {"a":0,"dup":false,"ev":"game","ms":32241,"predicted":false,"t":7,"tick":2002,"type":"hit"}
[client] {"a":1,"dup":false,"ev":"game","ms":32454,"predicted":false,"t":6,"tick":2015,"type":"hit"}
[client] {"a":0,"dup":false,"ev":"game","ms":32468,"predicted":false,"t":7,"tick":2016,"type":"hit"}
[client] {"a":9,"dup":false,"ev":"game","ms":32620,"predicted":false,"t":4,"tick":2025,"type":"hit"}
[client] {"a":1,"dup":false,"ev":"game","ms":32772,"predicted":false,"t":6,"tick":2034,"type":"block"}
[client] {"a":7,"dup":false,"ev":"game","ms":33338,"predicted":false,"t":0,"tick":2068,"type":"hit"}
[client] {"a":0,"dup":false,"ev":"game","ms":34338,"predicted":false,"t":7,"tick":2128,"type":"hit"}
[client] {"a":0,"dup":false,"ev":"game","ms":34890,"predicted":false,"t":7,"tick":2161,"type":"block"}
[client] {"counts":{"blocks_on_me":0,"conf_actions":0,"confirmed_hits":59,"dup_confirmed":0,"hits_on_me":0,"pred_actions":0,"predicted_confirmed":0,"predicted_hits":0,"reconnects":0},"ev":"stats","hp":-1,"in_bytes":324772,"late":0,"local_entity":-1,"match":{},"max_err":0.0,"mean_err":0.0,"ms":34959,"out_bytes":0,"pending":0,"pos":[],"reconciles":0,"server_tick":2165,"snaps":0,"teleports":0}
[client] {"a":1,"dup":false,"ev":"game","ms":35421,"predicted":false,"t":7,"tick":2193,"type":"hit"}
[client] {"a":0,"dup":false,"ev":"game","ms":35525,"predicted":false,"t":7,"tick":2199,"type":"hit"}
[client] {"a":2,"dup":false,"ev":"game","ms":36188,"predicted":false,"t":7,"tick":2239,"type":"hit"}
[client] {"a":6,"dup":false,"ev":"game","ms":36739,"predicted":false,"t":1,"tick":2272,"type":"hit"}
[client] {"a":0,"dup":false,"ev":"game","ms":36988,"predicted":false,"t":9,"tick":2287,"type":"hit"}
[client] {"a":1,"dup":false,"ev":"game","ms":37160,"predicted":false,"t":9,"tick":2297,"type":"hit"}
[client] {"a":6,"dup":false,"ev":"game","ms":37222,"predicted":false,"t":1,"tick":2301,"type":"hit"}
[client] {"a":0,"dup":false,"ev":"game","ms":37326,"predicted":false,"t":9,"tick":2307,"type":"hit"}
[client] {"a":0,"dup":false,"ev":"game","ms":37940,"predicted":false,"t":6,"tick":2344,"type":"hit"}
[client] {"a":1,"dup":false,"ev":"game","ms":38009,"predicted":false,"t":6,"tick":2348,"type":"hit"}
[client] {"a":1,"dup":false,"ev":"game","ms":38671,"predicted":false,"t":6,"tick":2388,"type":"block"}
[client] {"counts":{"blocks_on_me":0,"conf_actions":0,"confirmed_hits":69,"dup_confirmed":0,"hits_on_me":0,"pred_actions":0,"predicted_confirmed":0,"predicted_hits":0,"reconnects":0},"ev":"stats","hp":-1,"in_bytes":368790,"late":0,"local_entity":-1,"match":{},"max_err":0.0,"mean_err":0.0,"ms":39962,"out_bytes":0,"pending":0,"pos":[],"reconciles":0,"server_tick":2465,"snaps":0,"teleports":0}
[client] {"a":8,"dup":false,"ev":"game","ms":39976,"predicted":false,"t":2,"tick":2466,"type":"hit"}
[client] {"counts":{"blocks_on_me":0,"conf_actions":0,"confirmed_hits":70,"dup_confirmed":0,"hits_on_me":0,"pred_actions":0,"predicted_confirmed":0,"predicted_hits":0,"reconnects":0},"ev":"stats","hp":-1,"in_bytes":369576,"late":0,"local_entity":-1,"match":{},"max_err":0.0,"mean_err":0.0,"ms":40010,"out_bytes":0,"pending":0,"pos":[],"reconciles":0,"server_tick":2468,"snaps":0,"teleports":0}
