Godot Engine v4.7.2.stable.official.ed1daf0bf - https://godotengine.org

[client] {"detail":"127.0.0.1:24700","ev":"status","ms":1,"status":"connecting"}
[client] {"detail":"","ev":"status","ms":16,"status":"connected"}
[client] {"ev":"welcome","ms":23,"observer":false,"pid":4}
[client] {"ev":"pick","f":"nyx","ms":37}
[client] {"ev":"lock","f":"nyx","ms":1051}
[client] {"ev":"match_setup","fighters":10,"ms":2967,"you":1}
[client] {"counts":{"blocks_on_me":0,"conf_actions":0,"confirmed_hits":0,"dup_confirmed":0,"hits_on_me":0,"pred_actions":0,"predicted_confirmed":0,"predicted_hits":0,"reconnects":0},"ev":"stats","hp":220.0,"in_bytes":101667,"late":0,"local_entity":1,"match":{"countdown_until":300,"ctrl":-1,"final":false,"next":"","phase":2,"rot":3600,"scores":[0,0],"sd":false,"state":1,"tick":0,"zone":""},"max_err":0.35,"mean_err":0.222,"ms":4956,"out_bytes":5896,"pending":7,"pos":[-3.11,-46.19],"reconciles":38,"server_tick":119,"snaps":39,"teleports":1}
[client] {"counts":{"blocks_on_me":0,"conf_actions":0,"confirmed_hits":0,"dup_confirmed":0,"hits_on_me":0,"pred_actions":0,"predicted_confirmed":0,"predicted_hits":0,"reconnects":0},"ev":"stats","hp":220.0,"in_bytes":145289,"late":0,"local_entity":1,"match":{"countdown_until":300,"ctrl":-1,"final":false,"next":"","phase":3,"rot":3482,"scores":[0,0],"sd":false,"state":1,"tick":118,"zone":"B"},"max_err":0.35,"mean_err":0.1651,"ms":9959,"out_bytes":20596,"pending":7,"pos":[-2.17,-32.71],"reconciles":138,"server_tick":419,"snaps":139,"teleports":1}
[client] {"counts":{"blocks_on_me":0,"conf_actions":0,"confirmed_hits":0,"dup_confirmed":0,"hits_on_me":0,"pred_actions":0,"predicted_confirmed":0,"predicted_hits":0,"reconnects":0},"ev":"stats","hp":220.0,"in_bytes":198630,"late":0,"local_entity":1,"match":{"countdown_until":300,"ctrl":-1,"final":false,"next":"","phase":3,"rot":3182,"scores":[0,0],"sd":false,"state":3,"tick":418,"zone":"B"},"max_err":0.35,"mean_err":0.0992,"ms":14961,"out_bytes":35296,"pending":7,"pos":[-0.03,-2.72],"reconciles":238,"server_tick":719,"snaps":239,"teleports":1}
[client] {"a":3,"dup":false,"ev":"game","ms":15680,"predicted":false,"t":8,"tick":757,"type":"hit"}
[client] {"a":6,"dup":false,"ev":"game","ms":15763,"predicted":false,"t":3,"tick":762,"type":"hit"}
[client] {"a":2,"dup":false,"ev":"game","ms":15915,"predicted":false,"t":6,"tick":771,"type":"hit"}
[client] {"a":2,"dup":false,"ev":"game","ms":15915,"predicted":false,"t":7,"tick":771,"type":"hit"}
[client] {"a":2,"dup":false,"ev":"game","ms":16764,"predicted":false,"t":6,"tick":823,"type":"hit"}
[client] {"a":0,"dup":false,"ev":"game","ms":17219,"predicted":false,"t":6,"tick":850,"type":"hit"}
[client] {"a":9,"dup":false,"ev":"game","ms":17757,"predicted":false,"t":4,"tick":883,"type":"hit"}
[client] {"a":0,"dup":false,"ev":"game","ms":17814,"predicted":false,"t":6,"tick":886,"type":"block"}
[client] {"a":2,"dup":false,"ev":"game","ms":17860,"predicted":false,"t":6,"tick":889,"type":"hit"}
[client] {"a":7,"dup":false,"ev":"game","ms":17943,"predicted":false,"t":3,"tick":894,"type":"hit"}
[client] {"a":7,"dup":false,"ev":"game","ms":17957,"predicted":false,"t":2,"tick":895,"type":"hit"}
[client] {"a":4,"dup":false,"ev":"game","ms":18309,"predicted":false,"t":9,"tick":915,"type":"hit"}
[client] {"a":4,"dup":false,"ev":"game","ms":18840,"predicted":false,"t":9,"tick":947,"type":"block"}
[client] {"a":8,"dup":false,"ev":"game","ms":18910,"predicted":false,"t":2,"tick":951,"type":"hit"}
[client] {"a":0,"dup":false,"ev":"game","ms":19144,"predicted":false,"t":8,"tick":965,"type":"hit"}
[client] {"a":3,"dup":false,"ev":"game","ms":19192,"predicted":false,"t":6,"tick":968,"type":"hit"}
[client] {"a":3,"dup":false,"ev":"game","ms":19213,"predicted":false,"t":8,"tick":969,"type":"hit"}
[client] {"a":0,"dup":false,"ev":"game","ms":19476,"predicted":false,"t":7,"tick":985,"type":"block"}
[client] {"a":6,"dup":false,"ev":"game","ms":19593,"predicted":false,"t":3,"tick":992,"type":"hit"}
[client] {"a":0,"dup":false,"ev":"game","ms":19814,"predicted":false,"t":7,"tick":1005,"type":"block"}
[client] {"counts":{"blocks_on_me":0,"conf_actions":1,"confirmed_hits":16,"dup_confirmed":0,"hits_on_me":0,"pred_actions":1,"predicted_confirmed":0,"predicted_hits":0,"reconnects":0},"ev":"stats","hp":220.0,"in_bytes":265217,"late":0,"local_entity":1,"match":{"countdown_until":300,"ctrl":-1,"final":false,"next":"","phase":3,"rot":2882,"scores":[0,0],"sd":false,"state":3,"tick":718,"zone":"B"},"max_err":0.35,"mean_err":0.0701,"ms":19957,"out_bytes":49996,"pending":7,"pos":[-0.38,-2.7],"reconciles":338,"server_tick":1019,"snaps":339,"teleports":1}
[client] {"a":6,"dup":false,"ev":"game","ms":20096,"predicted":false,"t":3,"tick":1022,"type":"block"}
[client] {"a":0,"dup":false,"ev":"game","ms":20462,"predicted":false,"t":8,"tick":1044,"type":"hit"}
[client] {"a":4,"dup":false,"ev":"game","ms":20579,"predicted":false,"t":9,"tick":1051,"type":"hit"}
[client] {"a":6,"dup":false,"ev":"game","ms":21062,"predicted":false,"t":3,"tick":1080,"type":"hit"}
[client] {"a":6,"dup":false,"ev":"game","ms":21097,"predicted":false,"t":2,"tick":1082,"type":"hit"}
[client] {"a":0,"dup":false,"ev":"game","ms":21359,"predicted":false,"t":6,"tick":1098,"type":"hit"}
[client] {"a":8,"dup":false,"ev":"game","ms":21545,"predicted":false,"t":0,"tick":1109,"type":"hit"}
[client] {"a":8,"dup":false,"ev":"game","ms":22380,"predicted":false,"t":2,"tick":1159,"type":"hit"}
[client] {"a":2,"dup":false,"ev":"game","ms":22732,"predicted":false,"t":6,"tick":1180,"type":"block"}
[client] {"a":3,"dup":false,"ev":"game","ms":22781,"predicted":false,"t":8,"tick":1183,"type":"hit"}
[client] {"a":9,"dup":false,"ev":"game","ms":22794,"predicted":false,"t":4,"tick":1184,"type":"hit"}
[client] {"a":2,"dup":false,"ev":"game","ms":23229,"predicted":false,"t":6,"tick":1210,"type":"block"}
[client] {"a":9,"dup":false,"ev":"game","ms":23478,"predicted":false,"t":4,"tick":1225,"type":"block"}
[client] {"a":7,"dup":false,"ev":"game","ms":23560,"predicted":false,"t":2,"tick":1230,"type":"hit"}
[client] {"a":4,"dup":false,"ev":"game","ms":23781,"predicted":false,"t":9,"tick":1243,"type":"hit"}
[client] {"a":2,"dup":false,"ev":"game","ms":23933,"predicted":false,"t":6,"tick":1252,"type":"hit"}
[client] {"a":8,"dup":false,"ev":"game","ms":23995,"predicted":false,"t":3,"tick":1256,"type":"hit"}
[client] {"a":4,"dup":false,"ev":"game","ms":24250,"predicted":false,"t":9,"tick":1271,"type":"block"}
[client] {"a":7,"dup":false,"ev":"game","ms":24312,"predicted":false,"t":2,"tick":1275,"type":"hit"}
[client] {"counts":{"blocks_on_me":0,"conf_actions":1,"confirmed_hits":30,"dup_confirmed":0,"hits_on_me":0,"pred_actions":1,"predicted_confirmed":0,"predicted_hits":0,"reconnects":0},"ev":"stats","hp":220.0,"in_bytes":329777,"late":0,"local_entity":1,"match":{"countdown_until":300,"ctrl":-1,"final":false,"next":"","phase":3,"rot":2582,"scores":[0,0],"sd":false,"state":3,"tick":1018,"zone":"B"},"max_err":0.35,"mean_err":0.0541,"ms":24960,"out_bytes":64696,"pending":7,"pos":[-0.39,-2.69],"reconciles":438,"server_tick":1319,"snaps":439,"teleports":1}
[client] {"a":2,"dup":false,"ev":"game","ms":25347,"predicted":false,"t":8,"tick":1337,"type":"hit"}
[client] {"a":8,"dup":false,"ev":"game","ms":25712,"predicted":false,"t":2,"tick":1359,"type":"hit"}
[client] {"a":4,"dup":false,"ev":"game","ms":25795,"predicted":false,"t":9,"tick":1364,"type":"hit"}
[client] {"a":7,"dup":false,"ev":"game","ms":25934,"predicted":false,"t":2,"tick":1372,"type":"block"}
[client] {"a":9,"dup":false,"ev":"game","ms":27280,"predicted":false,"t":4,"tick":1453,"type":"hit"}
[client] {"a":2,"dup":false,"ev":"game","ms":27617,"predicted":false,"t":8,"tick":1473,"type":"hit"}
[client] {"a":4,"dup":false,"ev":"game","ms":27996,"predicted":false,"t":9,"tick":1497,"type":"hit"}
[client] {"a":6,"dup":false,"ev":"game","ms":28031,"predicted":false,"t":3,"tick":1499,"type":"hit"}
[client] {"a":6,"dup":false,"ev":"game","ms":28052,"predicted":false,"t":2,"tick":1500,"type":"hit"}
[client] {"a":9,"dup":false,"ev":"game","ms":28418,"predicted":false,"t":4,"tick":1522,"type":"block"}
[client] {"a":3,"dup":false,"ev":"game","ms":28859,"predicted":false,"t":8,"tick":1549,"type":"hit"}
[client] {"a":6,"dup":false,"ev":"game","ms":28859,"predicted":false,"t":2,"tick":1549,"type":"hit"}
[client] {"a":9,"dup":false,"ev":"game","ms":28859,"predicted":false,"t":4,"tick":1549,"type":"block"}
[client] {"a":9,"dup":false,"ev":"game","ms":29108,"predicted":false,"t":4,"tick":1563,"type":"block"}
[client] {"a":6,"dup":false,"ev":"game","ms":29391,"predicted":false,"t":3,"tick":1580,"type":"hit"}
[client] {"counts":{"blocks_on_me":0,"conf_actions":1,"confirmed_hits":41,"dup_confirmed":0,"hits_on_me":0,"pred_actions":1,"predicted_confirmed":0,"predicted_hits":0,"reconnects":0},"ev":"stats","hp":220.0,"in_bytes":394645,"late":0,"local_entity":1,"match":{"countdown_until":300,"ctrl":-1,"final":false,"next":"","phase":3,"rot":2282,"scores":[0,0],"sd":false,"state":3,"tick":1318,"zone":"B"},"max_err":0.35,"mean_err":0.0442,"ms":29955,"out_bytes":79396,"pending":7,"pos":[-0.39,-2.69],"reconciles":537,"server_tick":1619,"snaps":538,"teleports":1}
[client] {"a":4,"dup":false,"ev":"game","ms":30046,"predicted":false,"t":9,"tick":1619,"type":"hit"}
[client] {"a":3,"dup":false,"ev":"game","ms":30826,"predicted":false,"t":7,"tick":1666,"type":"hit"}
[client] {"a":9,"dup":false,"ev":"game","ms":30956,"predicted":false,"t":4,"tick":1674,"type":"hit"}
[client] {"a":3,"dup":false,"ev":"game","ms":31344,"predicted":false,"t":7,"tick":1697,"type":"hit"}
[client] {"a":4,"dup":false,"ev":"game","ms":31743,"predicted":false,"t":9,"tick":1721,"type":"hit"}
[client] {"a":3,"dup":false,"ev":"game","ms":31847,"predicted":false,"t":6,"tick":1727,"type":"hit"}
[client] {"a":4,"dup":false,"ev":"game","ms":32227,"predicted":false,"t":9,"tick":1750,"type":"block"}
[client] {"a":6,"dup":false,"ev":"game","ms":33047,"predicted":false,"t":3,"tick":1799,"type":"hit"}
[client] {"counts":{"blocks_on_me":0,"conf_actions":1,"confirmed_hits":48,"dup_confirmed":0,"hits_on_me":0,"pred_actions":1,"predicted_confirmed":0,"predicted_hits":0,"reconnects":0},"ev":"stats","hp":220.0,"in_bytes":456506,"late":0,"local_entity":1,"match":{"countdown_until":300,"ctrl":-1,"final":false,"next":"","phase":3,"rot":1979,"scores":[0,0],"sd":false,"state":3,"tick":1621,"zone":"B"},"max_err":0.35,"mean_err":0.0372,"ms":34965,"out_bytes":94096,"pending":7,"pos":[-0.54,-2.68],"reconciles":637,"server_tick":1919,"snaps":639,"teleports":1}
[client] {"a":6,"dup":false,"ev":"game","ms":35166,"predicted":false,"t":1,"tick":1926,"type":"hit"}
[client] {"a":9,"dup":false,"ev":"game","ms":35214,"predicted":false,"t":4,"tick":1929,"type":"hit"}
[client] {"a":1,"dup":true,"ev":"game","ms":35511,"predicted":false,"t":6,"tick":1953,"type":"hit"}
[client] {"a":1,"dup":false,"ev":"game","ms":35863,"predicted":false,"t":6,"tick":1974,"type":"block"}
[client] {"a":9,"dup":false,"ev":"game","ms":35945,"predicted":false,"t":4,"tick":1974,"type":"hit"}
[client] {"a":1,"dup":false,"ev":"game","ms":36077,"predicted":false,"t":6,"tick":1987,"type":"block"}
[client] {"a":9,"dup":false,"ev":"game","ms":36180,"predicted":false,"t":4,"tick":1988,"type":"hit"}
[client] {"a":0,"dup":false,"ev":"game","ms":36415,"predicted":false,"t":7,"tick":2002,"type":"hit"}
[client] {"a":1,"dup":true,"ev":"game","ms":36546,"predicted":false,"t":6,"tick":2015,"type":"hit"}
[client] {"a":0,"dup":false,"ev":"game","ms":36649,"predicted":false,"t":7,"tick":2016,"type":"hit"}
[client] {"a":9,"dup":false,"ev":"game","ms":36794,"predicted":false,"t":4,"tick":2025,"type":"hit"}
[client] {"a":1,"dup":false,"ev":"game","ms":36863,"predicted":false,"t":6,"tick":2034,"type":"block"}
[client] {"a":7,"dup":false,"ev":"game","ms":37513,"predicted":false,"t":0,"tick":2068,"type":"hit"}
[client] {"a":0,"dup":false,"ev":"game","ms":38513,"predicted":false,"t":7,"tick":2128,"type":"hit"}
[client] {"a":0,"dup":false,"ev":"game","ms":39064,"predicted":false,"t":7,"tick":2161,"type":"block"}
[client] {"a":1,"dup":true,"ev":"game","ms":39514,"predicted":false,"t":7,"tick":2193,"type":"hit"}
[client] {"a":0,"dup":false,"ev":"game","ms":39699,"predicted":false,"t":7,"tick":2199,"type":"hit"}
[client] {"counts":{"blocks_on_me":0,"conf_actions":9,"confirmed_hits":61,"dup_confirmed":0,"hits_on_me":1,"pred_actions":11,"predicted_confirmed":3,"predicted_hits":14,"reconnects":0},"ev":"stats","hp":202.0,"in_bytes":525076,"late":0,"local_entity":1,"match":{"countdown_until":300,"ctrl":-1,"final":false,"next":"","phase":3,"rot":1679,"scores":[0,0],"sd":false,"state":3,"tick":1921,"zone":"B"},"max_err":0.403,"mean_err":0.0331,"ms":39967,"out_bytes":108796,"pending":7,"pos":[-0.97,-4.03],"reconciles":737,"server_tick":2219,"snaps":739,"teleports":1}
[client] {"a":2,"dup":false,"ev":"game","ms":40369,"predicted":false,"t":7,"tick":2239,"type":"hit"}
[client] {"a":6,"dup":false,"ev":"game","ms":40914,"predicted":false,"t":1,"tick":2272,"type":"hit"}
[client] {"a":0,"dup":false,"ev":"game","ms":41170,"predicted":false,"t":9,"tick":2287,"type":"hit"}
[client] {"a":1,"dup":true,"ev":"game","ms":41252,"predicted":false,"t":9,"tick":2297,"type":"hit"}
[client] {"a":6,"dup":false,"ev":"game","ms":41390,"predicted":false,"t":1,"tick":2301,"type":"hit"}
[client] {"a":0,"dup":false,"ev":"game","ms":41494,"predicted":false,"t":9,"tick":2307,"type":"hit"}
[client] {"a":1,"dup":true,"ev":"game","ms":42107,"predicted":false,"t":6,"tick":2348,"type":"hit"}
[client] {"a":0,"dup":false,"ev":"game","ms":42128,"predicted":false,"t":6,"tick":2344,"type":"hit"}
[client] {"a":1,"dup":false,"ev":"game","ms":42765,"predicted":false,"t":6,"tick":2388,"type":"block"}
[client] {"a":8,"dup":false,"ev":"game","ms":44164,"predicted":false,"t":2,"tick":2466,"type":"hit"}
[client] {"a":3,"dup":false,"ev":"game","ms":44309,"predicted":false,"t":8,"tick":2475,"type":"hit"}
[client] {"counts":{"blocks_on_me":0,"conf_actions":14,"confirmed_hits":71,"dup_confirmed":0,"hits_on_me":3,"pred_actions":16,"predicted_confirmed":5,"predicted_hits":21,"reconnects":0},"ev":"stats","hp":166.0,"in_bytes":589518,"late":0,"local_entity":1,"match":{"countdown_until":300,"ctrl":-1,"final":false,"next":"","phase":3,"rot":1382,"scores":[0,0],"sd":false,"state":3,"tick":2218,"zone":"B"},"max_err":0.721,"mean_err":0.031,"ms":44963,"out_bytes":123496,"pending":7,"pos":[0.14,-2.75],"reconciles":837,"server_tick":2519,"snaps":838,"teleports":1}
[client] {"a":3,"dup":false,"ev":"game","ms":45082,"predicted":false,"t":8,"tick":2521,"type":"parry"}
[client] {"a":8,"dup":false,"ev":"game","ms":45827,"predicted":false,"t":2,"tick":2566,"type":"hit"}
[client] {"a":2,"dup":false,"ev":"game","ms":46413,"predicted":false,"t":8,"tick":2601,"type":"hit"}
[client] {"a":8,"dup":false,"ev":"game","ms":48465,"predicted":false,"t":2,"tick":2725,"type":"hit"}
[client] {"a":8,"dup":false,"ev":"game","ms":48980,"predicted":false,"t":2,"tick":2756,"type":"block"}
[client] {"a":4,"dup":false,"ev":"game","ms":49132,"predicted":false,"t":8,"tick":2765,"type":"hit"}
[client] {"a":8,"dup":false,"ev":"game","ms":49864,"predicted":false,"t":2,"tick":2809,"type":"hit"}
[client] {"a":8,"dup":false,"ev":"game","ms":49864,"predicted":false,"t":3,"tick":2809,"type":"hit"}
[client] {"counts":{"blocks_on_me":0,"conf_actions":14,"confirmed_hits":77,"dup_confirmed":0,"hits_on_me":3,"pred_actions":16,"predicted_confirmed":5,"predicted_hits":21,"reconnects":0},"ev":"stats","hp":197.500000000001,"in_bytes":652981,"late":0,"local_entity":1,"match":{"countdown_until":300,"ctrl":-1,"final":false,"next":"","phase":3,"rot":1079,"scores":[0,0],"sd":false,"state":3,"tick":2521,"zone":"B"},"max_err":0.721,"mean_err":0.0277,"ms":49966,"out_bytes":138196,"pending":7,"pos":[0.14,-2.75],"reconciles":937,"server_tick":2819,"snaps":939,"teleports":1}
[client] {"a":8,"dup":false,"ev":"game","ms":50601,"predicted":false,"t":4,"tick":2853,"type":"hit"}
[client] {"a":7,"dup":false,"ev":"game","ms":51002,"predicted":false,"t":4,"tick":2877,"type":"hit"}
[client] {"a":7,"dup":false,"ev":"game","ms":51727,"predicted":false,"t":4,"tick":2920,"type":"block"}
[client] {"a":8,"dup":false,"ev":"game","ms":52645,"predicted":false,"t":4,"tick":2975,"type":"hit"}
[client] {"a":6,"dup":false,"ev":"game","ms":53411,"predicted":false,"t":3,"tick":3021,"type":"hit"}
[client] {"a":3,"dup":false,"ev":"game","ms":54293,"predicted":false,"t":8,"tick":3074,"type":"hit"}
[client] {"a":3,"dup":false,"ev":"game","ms":54294,"predicted":false,"t":9,"tick":3074,"type":"hit"}
[client] {"a":3,"dup":false,"ev":"game","ms":54811,"predicted":false,"t":8,"tick":3105,"type":"hit"}
[client] {"counts":{"blocks_on_me":0,"conf_actions":14,"confirmed_hits":84,"dup_confirmed":0,"hits_on_me":3,"pred_actions":16,"predicted_confirmed":5,"predicted_hits":21,"reconnects":0},"ev":"stats","hp":220.0,"in_bytes":715470,"late":0,"local_entity":1,"match":{"countdown_until":300,"ctrl":-1,"final":false,"next":"A","phase":3,"rot":782,"scores":[0,0],"sd":false,"state":3,"tick":2818,"zone":"B"},"max_err":0.721,"mean_err":0.025,"ms":54962,"out_bytes":152896,"pending":8,"pos":[0.14,-2.75],"reconciles":1036,"server_tick":3119,"snaps":1038,"teleports":1}
[client] {"a":3,"dup":false,"ev":"game","ms":55294,"predicted":false,"t":9,"tick":3134,"type":"hit"}
[client] {"a":3,"dup":false,"ev":"game","ms":56094,"predicted":false,"t":6,"tick":3182,"type":"block"}
[client] {"a":9,"dup":false,"ev":"game","ms":56212,"predicted":false,"t":3,"tick":3189,"type":"hit"}
[client] {"a":6,"dup":false,"ev":"game","ms":58496,"predicted":false,"t":0,"tick":3326,"type":"hit"}
[client] {"a":0,"dup":false,"ev":"game","ms":58882,"predicted":false,"t":6,"tick":3349,"type":"hit"}
[client] {"a":0,"dup":false,"ev":"game","ms":58931,"predicted":false,"t":7,"tick":3352,"type":"hit"}
[client] {"a":1,"dup":true,"ev":"game","ms":59180,"predicted":false,"t":6,"tick":3372,"type":"hit"}
[client] {"a":0,"dup":false,"ev":"game","ms":59545,"predicted":false,"t":6,"tick":3389,"type":"hit"}
[client] {"counts":{"blocks_on_me":0,"conf_actions":17,"confirmed_hits":91,"dup_confirmed":0,"hits_on_me":3,"pred_actions":19,"predicted_confirmed":6,"predicted_hits":26,"reconnects":0},"ev":"stats","hp":220.0,"in_bytes":779726,"late":0,"local_entity":1,"match":{"countdown_until":300,"ctrl":-1,"final":false,"next":"A","phase":3,"rot":482,"scores":[0,0],"sd":false,"state":3,"tick":3118,"zone":"B"},"max_err":0.721,"mean_err":0.0232,"ms":59964,"out_bytes":167596,"pending":8,"pos":[-0.49,-2.68],"reconciles":1136,"server_tick":3419,"snaps":1138,"teleports":1}
[client] {"a":0,"dup":false,"ev":"game","ms":60897,"predicted":false,"t":7,"tick":3470,"type":"hit"}
[client] {"a":7,"dup":false,"ev":"game","ms":61284,"predicted":false,"t":0,"tick":3493,"type":"hit"}
[client] {"a":7,"dup":false,"ev":"game","ms":61746,"predicted":false,"t":0,"tick":3521,"type":"hit"}
[client] {"a":0,"dup":false,"ev":"game","ms":62215,"predicted":false,"t":7,"tick":3549,"type":"hit"}
[client] {"a":0,"dup":false,"ev":"game","ms":62546,"predicted":false,"t":7,"tick":3569,"type":"block"}
[client] {"a":0,"dup":false,"ev":"game","ms":62886,"predicted":false,"t":7,"tick":3589,"type":"block"}
[client] {"counts":{"blocks_on_me":0,"conf_actions":24,"confirmed_hits":95,"dup_confirmed":0,"hits_on_me":3,"pred_actions":26,"predicted_confirmed":6,"predicted_hits":27,"reconnects":0},"ev":"stats","hp":220.0,"in_bytes":845135,"late":0,"local_entity":1,"match":{"countdown_until":300,"ctrl":-1,"final":false,"next":"A","phase":3,"rot":182,"scores":[0,0],"sd":false,"state":3,"tick":3418,"zone":"B"},"max_err":0.721,"mean_err":0.0217,"ms":64960,"out_bytes":182296,"pending":8,"pos":[-0.35,-2.77],"reconciles":1236,"server_tick":3719,"snaps":1238,"teleports":1}
[client] {"a":1,"dup":true,"ev":"game","ms":65009,"predicted":false,"t":7,"tick":3722,"type":"hit"}
[client] {"a":0,"dup":false,"ev":"game","ms":65396,"predicted":false,"t":7,"tick":3740,"type":"hit"}
[client] {"a":0,"dup":false,"ev":"game","ms":65727,"predicted":false,"t":7,"tick":3760,"type":"hit"}
[client] {"a":0,"dup":false,"ev":"game","ms":66058,"predicted":false,"t":7,"tick":3780,"type":"hit"}
[client] {"a":7,"dup":false,"ev":"game","ms":66058,"predicted":false,"t":-1,"tick":3780,"type":"ko"}
[client] {"a":3,"dup":false,"ev":"game","ms":67881,"predicted":false,"t":8,"tick":3889,"type":"hit"}
[client] {"a":-1,"dup":false,"ev":"game","ms":68046,"predicted":false,"t":-1,"tick":3899,"type":"zone_rotated"}
[client] {"a":3,"dup":false,"ev":"game","ms":68916,"predicted":false,"t":8,"tick":3951,"type":"hit"}
[client] {"a":9,"dup":false,"ev":"game","ms":68929,"predicted":false,"t":2,"tick":3952,"type":"hit"}
[client] {"counts":{"blocks_on_me":0,"conf_actions":30,"confirmed_hits":102,"dup_confirmed":0,"hits_on_me":3,"pred_actions":32,"predicted_confirmed":7,"predicted_hits":32,"reconnects":0},"ev":"stats","hp":220.0,"in_bytes":914590,"late":0,"local_entity":1,"match":{"countdown_until":300,"ctrl":-1,"final":false,"next":"","phase":3,"rot":3479,"scores":[0,0],"sd":false,"state":3,"tick":3721,"zone":"A"},"max_err":0.721,"mean_err":0.0212,"ms":69962,"out_bytes":196996,"pending":8,"pos":[-3.24,-1.27],"reconciles":1336,"server_tick":4019,"snaps":1339,"teleports":1}
[client] {"counts":{"blocks_on_me":0,"conf_actions":30,"confirmed_hits":102,"dup_confirmed":0,"hits_on_me":3,"pred_actions":32,"predicted_confirmed":7,"predicted_hits":32,"reconnects":0},"ev":"stats","hp":220.0,"in_bytes":917505,"late":0,"local_entity":1,"match":{"countdown_until":300,"ctrl":-1,"final":false,"next":"","phase":3,"rot":3476,"scores":[0,0],"sd":false,"state":3,"tick":3724,"zone":"A"},"max_err":0.721,"mean_err":0.0212,"ms":70011,"out_bytes":197143,"pending":8,"pos":[-3.25,-1.27],"reconciles":1337,"server_tick":4022,"snaps":1340,"teleports":1}
