Godot Engine v4.7.2.stable.official.ed1daf0bf - https://godotengine.org

[client] {"detail":"127.0.0.1:24700","ev":"status","ms":1,"status":"connecting"}
[client] {"detail":"","ev":"status","ms":15,"status":"connected"}
[client] {"ev":"welcome","ms":22,"observer":false,"pid":4}
[client] {"ev":"pick","f":"nyx","ms":29}
[client] {"ev":"lock","f":"nyx","ms":912}
[client] {"ev":"match_setup","fighters":10,"ms":2919,"you":1}
[client] {"counts":{"blocks_on_me":0,"conf_actions":0,"confirmed_hits":0,"dup_confirmed":0,"hits_on_me":0,"pred_actions":0,"predicted_confirmed":0,"predicted_hits":0,"reconnects":0},"ev":"stats","hp":220.0,"in_bytes":101379,"late":0,"local_entity":1,"match":{"countdown_until":300,"ctrl":-1,"final":false,"next":"","phase":2,"rot":3600,"scores":[0,0],"sd":false,"state":1,"tick":0,"zone":""},"max_err":0.303,"mean_err":0.2096,"ms":4956,"out_bytes":5994,"pending":6,"pos":[-3.08,-46.27],"reconciles":39,"server_tick":122,"snaps":40,"teleports":1}
[client] {"counts":{"blocks_on_me":0,"conf_actions":0,"confirmed_hits":0,"dup_confirmed":0,"hits_on_me":0,"pred_actions":0,"predicted_confirmed":0,"predicted_hits":0,"reconnects":0},"ev":"stats","hp":220.0,"in_bytes":143307,"late":0,"local_entity":1,"match":{"countdown_until":300,"ctrl":-1,"final":false,"next":"","phase":3,"rot":3479,"scores":[0,0],"sd":false,"state":1,"tick":121,"zone":"B"},"max_err":0.303,"mean_err":0.149,"ms":9959,"out_bytes":20694,"pending":6,"pos":[-2.16,-32.47],"reconciles":139,"server_tick":422,"snaps":140,"teleports":1}
[client] {"counts":{"blocks_on_me":0,"conf_actions":0,"confirmed_hits":0,"dup_confirmed":0,"hits_on_me":0,"pred_actions":0,"predicted_confirmed":0,"predicted_hits":0,"reconnects":0},"ev":"stats","hp":220.0,"in_bytes":199349,"late":0,"local_entity":1,"match":{"countdown_until":300,"ctrl":-1,"final":false,"next":"","phase":3,"rot":3179,"scores":[0,0],"sd":false,"state":3,"tick":421,"zone":"B"},"max_err":0.303,"mean_err":0.0901,"ms":14961,"out_bytes":35394,"pending":6,"pos":[-0.03,-2.72],"reconciles":239,"server_tick":722,"snaps":240,"teleports":1}
[client] {"a":3,"dup":false,"ev":"game","ms":15432,"predicted":false,"t":8,"tick":745,"type":"hit"}
[client] {"a":4,"dup":false,"ev":"game","ms":15701,"predicted":false,"t":9,"tick":761,"type":"hit"}
[client] {"a":3,"dup":false,"ev":"game","ms":15901,"predicted":false,"t":7,"tick":773,"type":"hit"}
[client] {"a":2,"dup":false,"ev":"game","ms":17550,"predicted":false,"t":7,"tick":873,"type":"hit"}
[client] {"a":8,"dup":false,"ev":"game","ms":17750,"predicted":false,"t":3,"tick":885,"type":"hit"}
[client] {"a":3,"dup":false,"ev":"game","ms":18214,"predicted":false,"t":8,"tick":913,"type":"hit"}
[client] {"a":2,"dup":false,"ev":"game","ms":18378,"predicted":false,"t":8,"tick":922,"type":"hit"}
[client] {"a":8,"dup":false,"ev":"game","ms":18758,"predicted":false,"t":3,"tick":945,"type":"block"}
[client] {"a":8,"dup":false,"ev":"game","ms":18778,"predicted":false,"t":4,"tick":946,"type":"hit"}
[client] {"a":8,"dup":false,"ev":"game","ms":19001,"predicted":false,"t":3,"tick":959,"type":"block"}
[client] {"a":8,"dup":false,"ev":"game","ms":19013,"predicted":false,"t":4,"tick":960,"type":"hit"}
[client] {"a":9,"dup":false,"ev":"game","ms":19275,"predicted":false,"t":2,"tick":976,"type":"hit"}
[client] {"a":6,"dup":false,"ev":"game","ms":19616,"predicted":false,"t":2,"tick":996,"type":"hit"}
[client] {"a":3,"dup":false,"ev":"game","ms":19661,"predicted":false,"t":8,"tick":999,"type":"hit"}
[client] {"a":9,"dup":false,"ev":"game","ms":19730,"predicted":false,"t":3,"tick":1003,"type":"hit"}
[client] {"counts":{"blocks_on_me":0,"conf_actions":0,"confirmed_hits":13,"dup_confirmed":0,"hits_on_me":0,"pred_actions":0,"predicted_confirmed":0,"predicted_hits":0,"reconnects":0},"ev":"stats","hp":220.0,"in_bytes":262319,"late":0,"local_entity":1,"match":{"countdown_until":300,"ctrl":-1,"final":false,"next":"","phase":3,"rot":2879,"scores":[0,0],"sd":false,"state":3,"tick":721,"zone":"B"},"max_err":0.303,"mean_err":0.0639,"ms":19957,"out_bytes":50094,"pending":6,"pos":[0.04,-2.72],"reconciles":339,"server_tick":1022,"snaps":340,"teleports":1}
[client] {"a":7,"dup":false,"ev":"game","ms":19958,"predicted":false,"t":2,"tick":1017,"type":"hit"}
[client] {"a":4,"dup":false,"ev":"game","ms":20027,"predicted":false,"t":8,"tick":1021,"type":"block"}
[client] {"a":9,"dup":false,"ev":"game","ms":20241,"predicted":false,"t":4,"tick":1034,"type":"hit"}
[client] {"a":7,"dup":false,"ev":"game","ms":20475,"predicted":false,"t":2,"tick":1048,"type":"block"}
[client] {"a":9,"dup":false,"ev":"game","ms":20827,"predicted":false,"t":4,"tick":1069,"type":"block"}
[client] {"a":0,"dup":false,"ev":"game","ms":20862,"predicted":false,"t":7,"tick":1071,"type":"hit"}
[client] {"a":6,"dup":false,"ev":"game","ms":21428,"predicted":false,"t":4,"tick":1105,"type":"block"}
[client] {"a":9,"dup":false,"ev":"game","ms":21614,"predicted":false,"t":4,"tick":1116,"type":"hit"}
[client] {"a":3,"dup":false,"ev":"game","ms":21794,"predicted":false,"t":7,"tick":1127,"type":"hit"}
[client] {"a":7,"dup":false,"ev":"game","ms":22180,"predicted":false,"t":4,"tick":1150,"type":"block"}
[client] {"a":6,"dup":false,"ev":"game","ms":22497,"predicted":false,"t":3,"tick":1170,"type":"hit"}
[client] {"a":4,"dup":false,"ev":"game","ms":23905,"predicted":false,"t":8,"tick":1254,"type":"hit"}
[client] {"a":6,"dup":false,"ev":"game","ms":23905,"predicted":false,"t":3,"tick":1254,"type":"hit"}
[client] {"a":7,"dup":false,"ev":"game","ms":24071,"predicted":false,"t":3,"tick":1264,"type":"hit"}
[client] {"a":2,"dup":false,"ev":"game","ms":24105,"predicted":false,"t":8,"tick":1266,"type":"hit"}
[client] {"a":4,"dup":false,"ev":"game","ms":24374,"predicted":false,"t":8,"tick":1282,"type":"hit"}
[client] {"a":3,"dup":false,"ev":"game","ms":24457,"predicted":false,"t":6,"tick":1287,"type":"hit"}
[client] {"a":7,"dup":false,"ev":"game","ms":24540,"predicted":false,"t":3,"tick":1292,"type":"hit"}
[client] {"a":9,"dup":false,"ev":"game","ms":24540,"predicted":false,"t":3,"tick":1292,"type":"hit"}
[client] {"a":2,"dup":false,"ev":"game","ms":24657,"predicted":false,"t":8,"tick":1299,"type":"hit"}
[client] {"counts":{"blocks_on_me":0,"conf_actions":0,"confirmed_hits":28,"dup_confirmed":0,"hits_on_me":0,"pred_actions":0,"predicted_confirmed":0,"predicted_hits":0,"reconnects":0},"ev":"stats","hp":220.0,"in_bytes":324873,"late":0,"local_entity":1,"match":{"countdown_until":300,"ctrl":-1,"final":false,"next":"","phase":3,"rot":2579,"scores":[0,0],"sd":false,"state":3,"tick":1021,"zone":"B"},"max_err":0.303,"mean_err":0.0498,"ms":24953,"out_bytes":64794,"pending":6,"pos":[0.24,-2.71],"reconciles":439,"server_tick":1322,"snaps":440,"teleports":1}
[client] {"a":9,"dup":false,"ev":"game","ms":25009,"predicted":false,"t":3,"tick":1320,"type":"hit"}
[client] {"a":7,"dup":false,"ev":"game","ms":25037,"predicted":false,"t":3,"tick":1322,"type":"hit"}
[client] {"a":8,"dup":false,"ev":"game","ms":25072,"predicted":false,"t":4,"tick":1324,"type":"block"}
[client] {"a":8,"dup":false,"ev":"game","ms":25092,"predicted":false,"t":2,"tick":1325,"type":"block"}
[client] {"a":6,"dup":false,"ev":"game","ms":25424,"predicted":false,"t":3,"tick":1345,"type":"block"}
[client] {"a":7,"dup":false,"ev":"game","ms":25671,"predicted":false,"t":3,"tick":1360,"type":"block"}
[client] {"a":8,"dup":false,"ev":"game","ms":25954,"predicted":false,"t":2,"tick":1377,"type":"hit"}
[client] {"a":8,"dup":false,"ev":"game","ms":25954,"predicted":false,"t":4,"tick":1377,"type":"guard_break"}
[client] {"a":6,"dup":false,"ev":"game","ms":26375,"predicted":false,"t":3,"tick":1402,"type":"hit"}
[client] {"a":8,"dup":false,"ev":"game","ms":26741,"predicted":false,"t":4,"tick":1424,"type":"hit"}
[client] {"a":3,"dup":false,"ev":"game","ms":26755,"predicted":false,"t":6,"tick":1425,"type":"hit"}
[client] {"a":3,"dup":false,"ev":"game","ms":26810,"predicted":false,"t":7,"tick":1428,"type":"hit"}
[client] {"a":3,"dup":false,"ev":"game","ms":27272,"predicted":false,"t":6,"tick":1456,"type":"block"}
[client] {"a":4,"dup":false,"ev":"game","ms":27658,"predicted":false,"t":8,"tick":1479,"type":"hit"}
[client] {"a":9,"dup":false,"ev":"game","ms":27672,"predicted":false,"t":3,"tick":1480,"type":"hit"}
[client] {"a":2,"dup":false,"ev":"game","ms":28045,"predicted":false,"t":7,"tick":1502,"type":"hit"}
[client] {"a":7,"dup":false,"ev":"game","ms":28459,"predicted":false,"t":3,"tick":1527,"type":"hit"}
[client] {"counts":{"blocks_on_me":0,"conf_actions":0,"confirmed_hits":39,"dup_confirmed":0,"hits_on_me":0,"pred_actions":0,"predicted_confirmed":0,"predicted_hits":0,"reconnects":0},"ev":"stats","hp":220.0,"in_bytes":385831,"late":0,"local_entity":1,"match":{"countdown_until":300,"ctrl":-1,"final":false,"next":"","phase":3,"rot":2279,"scores":[0,0],"sd":false,"state":3,"tick":1321,"zone":"B"},"max_err":0.303,"mean_err":0.0406,"ms":29955,"out_bytes":79494,"pending":6,"pos":[0.24,-2.71],"reconciles":539,"server_tick":1622,"snaps":540,"teleports":1}
[client] {"a":2,"dup":false,"ev":"game","ms":30378,"predicted":false,"t":7,"tick":1642,"type":"hit"}
[client] {"a":2,"dup":false,"ev":"game","ms":30378,"predicted":false,"t":9,"tick":1642,"type":"hit"}
[client] {"a":6,"dup":false,"ev":"game","ms":30578,"predicted":false,"t":2,"tick":1654,"type":"hit"}
[client] {"a":7,"dup":false,"ev":"game","ms":30743,"predicted":false,"t":2,"tick":1664,"type":"hit"}
[client] {"a":6,"dup":false,"ev":"game","ms":31094,"predicted":false,"t":2,"tick":1685,"type":"hit"}
[client] {"a":6,"dup":false,"ev":"game","ms":31612,"predicted":false,"t":2,"tick":1716,"type":"hit"}
[client] {"a":7,"dup":false,"ev":"game","ms":32412,"predicted":false,"t":0,"tick":1764,"type":"hit"}
[client] {"a":9,"dup":false,"ev":"game","ms":32813,"predicted":false,"t":0,"tick":1788,"type":"hit"}
[client] {"a":7,"dup":false,"ev":"game","ms":32978,"predicted":false,"t":0,"tick":1798,"type":"hit"}
[client] {"a":1,"dup":true,"ev":"game","ms":33247,"predicted":false,"t":7,"tick":1819,"type":"hit"}
[client] {"a":1,"dup":false,"ev":"game","ms":33261,"predicted":false,"t":9,"tick":1820,"type":"block"}
[client] {"a":0,"dup":false,"ev":"game","ms":33358,"predicted":false,"t":7,"tick":1821,"type":"hit"}
[client] {"a":6,"dup":false,"ev":"game","ms":33613,"predicted":false,"t":0,"tick":1836,"type":"hit"}
[client] {"a":4,"dup":false,"ev":"game","ms":33965,"predicted":false,"t":7,"tick":1857,"type":"hit"}
[client] {"a":0,"dup":false,"ev":"game","ms":34110,"predicted":false,"t":6,"tick":1866,"type":"hit"}
[client] {"a":0,"dup":false,"ev":"game","ms":34429,"predicted":false,"t":6,"tick":1885,"type":"hit"}
[client] {"a":4,"dup":false,"ev":"game","ms":34429,"predicted":false,"t":7,"tick":1885,"type":"hit"}
[client] {"a":1,"dup":false,"ev":"game","ms":34696,"predicted":false,"t":6,"tick":1906,"type":"block"}
[client] {"counts":{"blocks_on_me":0,"conf_actions":5,"confirmed_hits":55,"dup_confirmed":0,"hits_on_me":0,"pred_actions":5,"predicted_confirmed":1,"predicted_hits":9,"reconnects":0},"ev":"stats","hp":220.0,"in_bytes":452165,"late":0,"local_entity":1,"match":{"countdown_until":300,"ctrl":-1,"final":false,"next":"","phase":3,"rot":1979,"scores":[0,0],"sd":false,"state":3,"tick":1621,"zone":"B"},"max_err":0.303,"mean_err":0.0352,"ms":34964,"out_bytes":94194,"pending":6,"pos":[-1.45,-3.25],"reconciles":639,"server_tick":1922,"snaps":640,"teleports":1}
[client] {"a":1,"dup":false,"ev":"game","ms":34993,"predicted":false,"t":6,"tick":1924,"type":"block"}
[client] {"a":0,"dup":false,"ev":"game","ms":35332,"predicted":false,"t":6,"tick":1939,"type":"hit"}
[client] {"a":1,"dup":true,"ev":"game","ms":35649,"predicted":false,"t":6,"tick":1963,"type":"hit"}
[client] {"a":0,"dup":false,"ev":"game","ms":35662,"predicted":false,"t":6,"tick":1959,"type":"hit"}
[client] {"a":4,"dup":false,"ev":"game","ms":35662,"predicted":false,"t":6,"tick":1959,"type":"hit"}
[client] {"a":4,"dup":false,"ev":"game","ms":36677,"predicted":false,"t":6,"tick":2020,"type":"hit"}
[client] {"a":9,"dup":false,"ev":"game","ms":37028,"predicted":false,"t":0,"tick":2042,"type":"hit"}
[client] {"a":9,"dup":false,"ev":"game","ms":37063,"predicted":false,"t":1,"tick":2044,"type":"hit"}
[client] {"a":4,"dup":false,"ev":"game","ms":37312,"predicted":false,"t":6,"tick":2059,"type":"block"}
[client] {"a":4,"dup":false,"ev":"game","ms":38829,"predicted":false,"t":9,"tick":2150,"type":"hit"}
[client] {"a":6,"dup":false,"ev":"game","ms":39016,"predicted":false,"t":2,"tick":2161,"type":"hit"}
[client] {"a":4,"dup":false,"ev":"game","ms":39464,"predicted":false,"t":6,"tick":2188,"type":"block"}
[client] {"a":4,"dup":false,"ev":"game","ms":39499,"predicted":false,"t":9,"tick":2190,"type":"hit"}
[client] {"counts":{"blocks_on_me":0,"conf_actions":11,"confirmed_hits":65,"dup_confirmed":0,"hits_on_me":1,"pred_actions":11,"predicted_confirmed":2,"predicted_hits":12,"reconnects":0},"ev":"stats","hp":200.0,"in_bytes":519593,"late":0,"local_entity":1,"match":{"countdown_until":300,"ctrl":-1,"final":false,"next":"","phase":3,"rot":1676,"scores":[0,0],"sd":false,"state":3,"tick":1924,"zone":"B"},"max_err":1.15,"mean_err":0.0326,"ms":39967,"out_bytes":108894,"pending":6,"pos":[-0.31,-2.7],"reconciles":739,"server_tick":2222,"snaps":741,"teleports":1}
[client] {"a":3,"dup":false,"ev":"game","ms":40148,"predicted":false,"t":9,"tick":2229,"type":"hit"}
[client] {"a":4,"dup":false,"ev":"game","ms":40300,"predicted":false,"t":6,"tick":2237,"type":"block"}
[client] {"a":4,"dup":false,"ev":"game","ms":40734,"predicted":false,"t":8,"tick":2263,"type":"hit"}
[client] {"a":8,"dup":false,"ev":"game","ms":41100,"predicted":false,"t":4,"tick":2285,"type":"hit"}
[client] {"a":8,"dup":false,"ev":"game","ms":41349,"predicted":false,"t":4,"tick":2300,"type":"hit"}
[client] {"a":9,"dup":false,"ev":"game","ms":41769,"predicted":false,"t":3,"tick":2326,"type":"hit"}
[client] {"a":8,"dup":false,"ev":"game","ms":42914,"predicted":false,"t":4,"tick":2394,"type":"block"}
[client] {"a":3,"dup":false,"ev":"game","ms":43018,"predicted":false,"t":9,"tick":2400,"type":"hit"}
[client] {"a":3,"dup":false,"ev":"game","ms":43549,"predicted":false,"t":9,"tick":2432,"type":"block"}
[client] {"a":6,"dup":false,"ev":"game","ms":43632,"predicted":false,"t":4,"tick":2438,"type":"hit"}
[client] {"a":8,"dup":false,"ev":"game","ms":43894,"predicted":false,"t":1,"tick":2453,"type":"hit"}
[client] {"a":0,"dup":false,"ev":"game","ms":44025,"predicted":false,"t":8,"tick":2461,"type":"hit"}
[client] {"a":0,"dup":false,"ev":"game","ms":44364,"predicted":false,"t":6,"tick":2481,"type":"hit"}
[client] {"a":8,"dup":false,"ev":"game","ms":44509,"predicted":false,"t":1,"tick":2490,"type":"hit"}
[client] {"a":8,"dup":false,"ev":"game","ms":44530,"predicted":false,"t":0,"tick":2491,"type":"hit"}
[client] {"counts":{"blocks_on_me":0,"conf_actions":14,"confirmed_hits":77,"dup_confirmed":0,"hits_on_me":3,"pred_actions":14,"predicted_confirmed":2,"predicted_hits":13,"reconnects":0},"ev":"stats","hp":164.0,"in_bytes":586871,"late":0,"local_entity":1,"match":{"countdown_until":300,"ctrl":-1,"final":false,"next":"","phase":3,"rot":1379,"scores":[0,0],"sd":false,"state":3,"tick":2221,"zone":"B"},"max_err":1.15,"mean_err":0.0325,"ms":44964,"out_bytes":123594,"pending":6,"pos":[-0.91,-3.11],"reconciles":839,"server_tick":2522,"snaps":840,"teleports":1}
[client] {"a":9,"dup":false,"ev":"game","ms":45545,"predicted":false,"t":3,"tick":2552,"type":"hit"}
[client] {"a":1,"dup":true,"ev":"game","ms":46898,"predicted":false,"t":7,"tick":2638,"type":"hit"}
[client] {"a":6,"dup":false,"ev":"game","ms":47180,"predicted":false,"t":1,"tick":2650,"type":"hit"}
[client] {"a":9,"dup":false,"ev":"game","ms":47560,"predicted":false,"t":1,"tick":2673,"type":"hit"}
[client] {"a":9,"dup":false,"ev":"game","ms":47622,"predicted":false,"t":0,"tick":2677,"type":"hit"}
[client] {"a":9,"dup":false,"ev":"game","ms":48727,"predicted":false,"t":0,"tick":2743,"type":"hit"}
[client] {"a":1,"dup":true,"ev":"game","ms":48740,"predicted":false,"t":8,"tick":2749,"type":"hit"}
[client] {"a":0,"dup":false,"ev":"game","ms":49106,"predicted":false,"t":9,"tick":2766,"type":"hit"}
[client] {"a":8,"dup":false,"ev":"game","ms":49209,"predicted":false,"t":1,"tick":2772,"type":"hit"}
[client] {"a":0,"dup":false,"ev":"game","ms":49457,"predicted":false,"t":9,"tick":2787,"type":"hit"}
[client] {"a":8,"dup":false,"ev":"game","ms":49457,"predicted":false,"t":1,"tick":2787,"type":"hit"}
[client] {"a":0,"dup":false,"ev":"game","ms":49506,"predicted":false,"t":6,"tick":2790,"type":"hit"}
[client] {"a":0,"dup":false,"ev":"game","ms":49506,"predicted":false,"t":7,"tick":2790,"type":"hit"}
[client] {"a":0,"dup":false,"ev":"game","ms":49706,"predicted":false,"t":9,"tick":2802,"type":"hit"}
[client] {"a":0,"dup":false,"ev":"game","ms":49761,"predicted":false,"t":6,"tick":2805,"type":"hit"}
[client] {"a":0,"dup":false,"ev":"game","ms":49775,"predicted":false,"t":7,"tick":2806,"type":"hit"}
[client] {"counts":{"blocks_on_me":0,"conf_actions":21,"confirmed_hits":93,"dup_confirmed":0,"hits_on_me":7,"pred_actions":21,"predicted_confirmed":4,"predicted_hits":18,"reconnects":0},"ev":"stats","hp":84.0,"in_bytes":654535,"late":0,"local_entity":1,"match":{"countdown_until":300,"ctrl":-1,"final":false,"next":"","phase":3,"rot":1079,"scores":[0,0],"sd":false,"state":3,"tick":2521,"zone":"B"},"max_err":1.15,"mean_err":0.0316,"ms":49960,"out_bytes":138294,"pending":6,"pos":[0.44,-5.16],"reconciles":939,"server_tick":2822,"snaps":940,"teleports":1}
[client] {"a":8,"dup":false,"ev":"game","ms":50258,"predicted":false,"t":1,"tick":2835,"type":"hit"}
[client] {"a":1,"dup":true,"ev":"game","ms":50528,"predicted":false,"t":8,"tick":2856,"type":"hit"}
[client] {"a":0,"dup":false,"ev":"game","ms":50562,"predicted":false,"t":7,"tick":2853,"type":"block"}
[client] {"a":1,"dup":false,"ev":"game","ms":50859,"predicted":false,"t":8,"tick":2876,"type":"block"}
[client] {"a":2,"dup":false,"ev":"game","ms":51162,"predicted":false,"t":8,"tick":2889,"type":"hit"}
[client] {"a":1,"dup":true,"ev":"game","ms":51162,"predicted":false,"t":8,"tick":2894,"type":"hit"}
[client] {"a":0,"dup":false,"ev":"game","ms":51279,"predicted":false,"t":7,"tick":2896,"type":"hit"}
[client] {"counts":{"blocks_on_me":0,"conf_actions":25,"confirmed_hits":98,"dup_confirmed":0,"hits_on_me":8,"pred_actions":25,"predicted_confirmed":6,"predicted_hits":23,"reconnects":0},"ev":"stats","hp":66.0,"in_bytes":719080,"late":0,"local_entity":1,"match":{"countdown_until":300,"ctrl":0,"final":false,"next":"A","phase":3,"rot":779,"scores":[1,0],"sd":false,"state":2,"tick":2821,"zone":"B"},"max_err":1.15,"mean_err":0.0293,"ms":54963,"out_bytes":152994,"pending":6,"pos":[0.34,-2.76],"reconciles":1039,"server_tick":3122,"snaps":1040,"teleports":1}
[client] {"a":6,"dup":false,"ev":"game","ms":59531,"predicted":false,"t":2,"tick":3391,"type":"hit"}
[client] {"counts":{"blocks_on_me":0,"conf_actions":25,"confirmed_hits":99,"dup_confirmed":0,"hits_on_me":8,"pred_actions":25,"predicted_confirmed":6,"predicted_hits":23,"reconnects":0},"ev":"stats","hp":110.1,"in_bytes":778613,"late":0,"local_entity":1,"match":{"countdown_until":300,"ctrl":0,"final":false,"next":"A","phase":3,"rot":479,"scores":[6,0],"sd":false,"state":2,"tick":3121,"zone":"B"},"max_err":1.15,"mean_err":0.0267,"ms":59965,"out_bytes":167694,"pending":6,"pos":[0.34,-2.76],"reconciles":1139,"server_tick":3422,"snaps":1140,"teleports":1}
[client] {"a":6,"dup":false,"ev":"game","ms":60166,"predicted":false,"t":2,"tick":3429,"type":"hit"}
[client] {"a":9,"dup":false,"ev":"game","ms":60318,"predicted":false,"t":2,"tick":3438,"type":"hit"}
[client] {"a":2,"dup":false,"ev":"game","ms":60966,"predicted":false,"t":9,"tick":3477,"type":"hit"}
[client] {"a":2,"dup":false,"ev":"game","ms":60980,"predicted":false,"t":6,"tick":3478,"type":"hit"}
[client] {"a":2,"dup":false,"ev":"game","ms":61464,"predicted":false,"t":9,"tick":3507,"type":"hit"}
[client] {"a":9,"dup":false,"ev":"game","ms":61864,"predicted":false,"t":2,"tick":3531,"type":"hit"}
[client] {"a":2,"dup":false,"ev":"game","ms":62423,"predicted":false,"t":9,"tick":3565,"type":"block"}
[client] {"a":2,"dup":false,"ev":"game","ms":63057,"predicted":false,"t":9,"tick":3603,"type":"block"}
[client] {"a":7,"dup":false,"ev":"game","ms":63326,"predicted":false,"t":2,"tick":3619,"type":"hit"}
[client] {"a":6,"dup":false,"ev":"game","ms":63340,"predicted":false,"t":2,"tick":3620,"type":"hit"}
[client] {"a":6,"dup":false,"ev":"game","ms":63913,"predicted":false,"t":2,"tick":3654,"type":"hit"}
[client] {"a":9,"dup":false,"ev":"game","ms":63961,"predicted":false,"t":2,"tick":3657,"type":"hit"}
[client] {"counts":{"blocks_on_me":0,"conf_actions":25,"confirmed_hits":109,"dup_confirmed":0,"hits_on_me":8,"pred_actions":25,"predicted_confirmed":6,"predicted_hits":23,"reconnects":0},"ev":"stats","hp":200.100000000002,"in_bytes":844227,"late":0,"local_entity":1,"match":{"countdown_until":300,"ctrl":0,"final":false,"next":"A","phase":3,"rot":179,"scores":[11,0],"sd":false,"state":2,"tick":3421,"zone":"B"},"max_err":1.15,"mean_err":0.0245,"ms":64961,"out_bytes":182394,"pending":6,"pos":[0.34,-2.76],"reconciles":1239,"server_tick":3722,"snaps":1240,"teleports":1}
[client] {"a":4,"dup":false,"ev":"game","ms":66880,"predicted":false,"t":8,"tick":3832,"type":"hit"}
[client] {"a":4,"dup":false,"ev":"game","ms":67377,"predicted":false,"t":8,"tick":3862,"type":"block"}
[client] {"a":-1,"dup":false,"ev":"game","ms":67998,"predicted":false,"t":-1,"tick":3899,"type":"zone_rotated"}
[client] {"a":1,"dup":true,"ev":"game","ms":68564,"predicted":false,"t":7,"tick":3938,"type":"hit"}
[client] {"a":0,"dup":false,"ev":"game","ms":68633,"predicted":false,"t":7,"tick":3937,"type":"hit"}
[client] {"a":0,"dup":false,"ev":"game","ms":69295,"predicted":false,"t":7,"tick":3977,"type":"hit"}
[client] {"a":8,"dup":false,"ev":"game","ms":69895,"predicted":false,"t":3,"tick":4013,"type":"hit"}
[client] {"a":1,"dup":true,"ev":"game","ms":69916,"predicted":false,"t":7,"tick":4020,"type":"hit"}
[client] {"counts":{"blocks_on_me":0,"conf_actions":28,"confirmed_hits":115,"dup_confirmed":0,"hits_on_me":8,"pred_actions":28,"predicted_confirmed":8,"predicted_hits":26,"reconnects":0},"ev":"stats","hp":220.0,"in_bytes":914439,"late":0,"local_entity":1,"match":{"countdown_until":300,"ctrl":-1,"final":false,"next":"","phase":3,"rot":3476,"scores":[12,0],"sd":false,"state":3,"tick":3724,"zone":"A"},"max_err":1.15,"mean_err":0.0229,"ms":69963,"out_bytes":197094,"pending":6,"pos":[-1.74,-4.87],"reconciles":1339,"server_tick":4022,"snaps":1341,"teleports":1}
[client] {"counts":{"blocks_on_me":0,"conf_actions":28,"confirmed_hits":115,"dup_confirmed":0,"hits_on_me":8,"pred_actions":28,"predicted_confirmed":8,"predicted_hits":26,"reconnects":0},"ev":"stats","hp":220.0,"in_bytes":915021,"late":0,"local_entity":1,"match":{"countdown_until":300,"ctrl":-1,"final":false,"next":"","phase":3,"rot":3473,"scores":[12,0],"sd":false,"state":3,"tick":3727,"zone":"A"},"max_err":1.15,"mean_err":0.0229,"ms":70011,"out_bytes":197241,"pending":6,"pos":[-1.74,-4.87],"reconciles":1340,"server_tick":4025,"snaps":1342,"teleports":1}
