Godot Engine v4.7.2.stable.official.ed1daf0bf - https://godotengine.org

[server] {"bots_allowed":true,"build":"wildrush-1.0.0","ev":"server_started","match_id":"local-1790676906","mode":"private","port":24700,"protocol":3,"t":0}
[server] {"ev":"joined","observer":false,"peer":1560342664,"pid":2,"t":84}
[server] {"ev":"joined","observer":false,"peer":2067126665,"pid":3,"t":85}
[server] {"ev":"select","players":10,"t":87}
[server] {"ev":"joined","observer":false,"peer":483286979,"pid":4,"t":87}
[server] {"count":1,"ev":"violation","kind":"bad_msg","peer":483286979,"t":203}
[server] {"count":11,"ev":"violation","kind":"rate_msg","peer":483286979,"t":203}
[server] {"count":21,"ev":"violation","kind":"rate_msg","peer":483286979,"t":204}
[server] {"count":31,"ev":"violation","kind":"rate_msg","peer":483286979,"t":204}
[server] {"count":41,"ev":"violation","kind":"rate_msg","peer":483286979,"t":204}
[server] {"count":51,"ev":"violation","kind":"rate_msg","peer":483286979,"t":204}
[server] {"ev":"kick_abuse","peer":483286979,"t":204}
[server] {"count":61,"ev":"violation","kind":"rate_msg","peer":483286979,"t":204}
[server] {"count":71,"ev":"violation","kind":"rate_msg","peer":483286979,"t":204}
[server] {"count":81,"ev":"violation","kind":"rate_msg","peer":483286979,"t":204}
[server] {"bots":7,"ev":"match_start","fighters":10,"t":210}
[server] {"ev":"joined","observer":true,"peer":618268132,"pid":-1,"t":325}
[server] {"ev":"auth_reject","peer":356601380,"reason":"password","t":331}
[server] {"ev":"auth_reject","peer":1493713442,"reason":"tickets_not_accepted","t":334}
[server] {"ev":"auth_reject","peer":1059932673,"reason":"observer","t":335}
[server] {"ev":"left","peer":618268132,"pid":-1,"t":2724}
[server] {"ev":"afk","pid":4,"t":3810}
[server] {"ev":"bot_takeover","pid":4,"reason":"afk","t":3810}
[server] {"ev":"left","peer":1560342664,"pid":2,"t":4284}
[server] {"ev":"left","peer":2067126665,"pid":3,"t":4285}
