Godot Engine v4.7.2.stable.official.ed1daf0bf - https://godotengine.org

[   0% ] [90m[1mfirst_scan_filesystem[22m | Started Project initialization (5 steps)[39m[0m
[   0% ] [90m[1mfirst_scan_filesystem[22m | Scanning file structure...[39m[0m
[  16% ] [90m[1mfirst_scan_filesystem[22m | Loading global class names...[39m[0m
[  33% ] [90m[1mfirst_scan_filesystem[22m | Verifying GDExtensions...[39m[0m
[  50% ] [90m[1mfirst_scan_filesystem[22m | Creating autoload scripts...[39m[0m
[  66% ] [90m[1mfirst_scan_filesystem[22m | Initializing plugins...[39m[0m
[  83% ] [90m[1mfirst_scan_filesystem[22m | Starting file scan...[39m[0m
[92m[ DONE ][39m [1mfirst_scan_filesystem[22m
[0m
[   0% ] [90m[1m_update_scan_actions[22m | Started Scanning actions... (20 steps)[39m[0m
[   0% ] [90m[1m_update_scan_actions[22m | bruno.glb[39m[0m
[   4% ] [90m[1m_update_scan_actions[22m | bruno_cloth_detail.png[39m[0m
[   9% ] [90m[1m_update_scan_actions[22m | bruno_cloth_mask.png[39m[0m
[  14% ] [90m[1m_update_scan_actions[22m | bruno_cloth_normal.png[39m[0m
[  19% ] [90m[1m_update_scan_actions[22m | hops.glb[39m[0m
[  23% ] [90m[1m_update_scan_actions[22m | hops_cloth_detail.png[39m[0m
[  28% ] [90m[1m_update_scan_actions[22m | hops_cloth_mask.png[39m[0m
[  33% ] [90m[1m_update_scan_actions[22m | hops_cloth_normal.png[39m[0m
[  38% ] [90m[1m_update_scan_actions[22m | nyx.glb[39m[0m
[  42% ] [90m[1m_update_scan_actions[22m | nyx_cloth_detail.png[39m[0m
[  47% ] [90m[1m_update_scan_actions[22m | nyx_cloth_mask.png[39m[0m
[  52% ] [90m[1m_update_scan_actions[22m | nyx_cloth_normal.png[39m[0m
[  57% ] [90m[1m_update_scan_actions[22m | scrap.glb[39m[0m
[  61% ] [90m[1m_update_scan_actions[22m | scrap_cloth_detail.png[39m[0m
[  66% ] [90m[1m_update_scan_actions[22m | scrap_cloth_mask.png[39m[0m
[  71% ] [90m[1m_update_scan_actions[22m | scrap_cloth_normal.png[39m[0m
[  76% ] [90m[1m_update_scan_actions[22m | vex.glb[39m[0m
[  80% ] [90m[1m_update_scan_actions[22m | vex_cloth_detail.png[39m[0m
[  85% ] [90m[1m_update_scan_actions[22m | vex_cloth_mask.png[39m[0m
[  90% ] [90m[1m_update_scan_actions[22m | vex_cloth_normal.png[39m[0m
[92m[ DONE ][39m [1m_update_scan_actions[22m
[0m
[   0% ] [90m[1mreimport[22m | Started (Re)Importing Assets (20 steps)[39m[0m
[   0% ] [90m[1mreimport[22m | Preparing files to reimport...[39m[0m
[   4% ] [90m[1mreimport[22m | Preparing files to reimport...[39m[0m
[   9% ] [90m[1mreimport[22m | Preparing files to reimport...[39m[0m
[  14% ] [90m[1mreimport[22m | Preparing files to reimport...[39m[0m
[  19% ] [90m[1mreimport[22m | Preparing files to reimport...[39m[0m
[  23% ] [90m[1mreimport[22m | Preparing files to reimport...[39m[0m
[  28% ] [90m[1mreimport[22m | Preparing files to reimport...[39m[0m
[  33% ] [90m[1mreimport[22m | Preparing files to reimport...[39m[0m
[  38% ] [90m[1mreimport[22m | Preparing files to reimport...[39m[0m
[  42% ] [90m[1mreimport[22m | Preparing files to reimport...[39m[0m
[  47% ] [90m[1mreimport[22m | Preparing files to reimport...[39m[0m
[  52% ] [90m[1mreimport[22m | Preparing files to reimport...[39m[0m
[  57% ] [90m[1mreimport[22m | Preparing files to reimport...[39m[0m
[  61% ] [90m[1mreimport[22m | Preparing files to reimport...[39m[0m
[  66% ] [90m[1mreimport[22m | Preparing files to reimport...[39m[0m
[  71% ] [90m[1mreimport[22m | Preparing files to reimport...[39m[0m
[  76% ] [90m[1mreimport[22m | Preparing files to reimport...[39m[0m
[  80% ] [90m[1mreimport[22m | Preparing files to reimport...[39m[0m
[  85% ] [90m[1mreimport[22m | Preparing files to reimport...[39m[0m
[  90% ] [90m[1mreimport[22m | Preparing files to reimport...[39m[0m
[   0% ] [90m[1mreimport[22m | Executing pre-reimport operations...[39m[0m
[   0% ] [90m[1mpreload_reimporting_scene[22m | Started Preparing scenes for reload (1 steps)[39m[0m
[   0% ] [90m[1mpreload_reimporting_scene[22m | Analyzing scene [empty][39m[0m
[  50% ] [90m[1mpreload_reimporting_scene[22m | Preparation done.[39m[0m
[92m[ DONE ][39m [1mpreload_reimporting_scene[22m
[0m
[   0% ] [90m[1mreimport[22m | scrap.glb[39m[0m
[   0% ] [90m[1mimport[22m | Started Import Scene (104 steps)[39m[0m
[   0% ] [90m[1mimport[22m | Importing Scene...[39m[0m
[   1% ] [90m[1mimport[22m | Running Custom Script...[39m[0m
[  99% ] [90m[1mimport[22m | Saving...[39m[0m
[92m[ DONE ][39m [1mimport[22m
[0m
[   4% ] [90m[1mreimport[22m | scrap.glb[39m[0m
[   9% ] [90m[1mreimport[22m | vex_cloth_normal.png[39m[0m
[  14% ] [90m[1mreimport[22m | vex_cloth_mask.png[39m[0m
[  19% ] [90m[1mreimport[22m | vex_cloth_detail.png[39m[0m
[  23% ] [90m[1mreimport[22m | scrap_cloth_normal.png[39m[0m
[  28% ] [90m[1mreimport[22m | scrap_cloth_mask.png[39m[0m
[  33% ] [90m[1mreimport[22m | scrap_cloth_detail.png[39m[0m
[  38% ] [90m[1mreimport[22m | nyx_cloth_normal.png[39m[0m
[  42% ] [90m[1mreimport[22m | nyx_cloth_mask.png[39m[0m
[  47% ] [90m[1mreimport[22m | nyx_cloth_detail.png[39m[0m
[  52% ] [90m[1mreimport[22m | hops_cloth_normal.png[39m[0m
[  57% ] [90m[1mreimport[22m | hops_cloth_mask.png[39m[0m
[  61% ] [90m[1mreimport[22m | hops_cloth_detail.png[39m[0m
[  66% ] [90m[1mreimport[22m | bruno_cloth_normal.png[39m[0m
[  71% ] [90m[1mreimport[22m | bruno_cloth_mask.png[39m[0m
[  76% ] [90m[1mreimport[22m | nyx.glb[39m[0m
[   0% ] [90m[1mimport[22m | Started Import Scene (104 steps)[39m[0m
[   0% ] [90m[1mimport[22m | Importing Scene...[39m[0m
[   1% ] [90m[1mimport[22m | Running Custom Script...[39m[0m
[  99% ] [90m[1mimport[22m | Saving...[39m[0m
[92m[ DONE ][39m [1mimport[22m
[0m
[  80% ] [90m[1mreimport[22m | hops.glb[39m[0m
[   0% ] [90m[1mimport[22m | Started Import Scene (104 steps)[39m[0m
[   0% ] [90m[1mimport[22m | Importing Scene...[39m[0m
[   1% ] [90m[1mimport[22m | Running Custom Script...[39m[0m
[  99% ] [90m[1mimport[22m | Saving...[39m[0m
[92m[ DONE ][39m [1mimport[22m
[0m
[  85% ] [90m[1mreimport[22m | vex.glb[39m[0m
[   0% ] [90m[1mimport[22m | Started Import Scene (104 steps)[39m[0m
[   0% ] [90m[1mimport[22m | Importing Scene...[39m[0m
[   1% ] [90m[1mimport[22m | Running Custom Script...[39m[0m
[  99% ] [90m[1mimport[22m | Saving...[39m[0m
[92m[ DONE ][39m [1mimport[22m
[0m
[  90% ] [90m[1mreimport[22m | bruno.glb[39m[0m
[   0% ] [90m[1mimport[22m | Started Import Scene (104 steps)[39m[0m
[   0% ] [90m[1mimport[22m | Importing Scene...[39m[0m
[   1% ] [90m[1mimport[22m | Running Custom Script...[39m[0m
[  99% ] [90m[1mimport[22m | Saving...[39m[0m
[92m[ DONE ][39m [1mimport[22m
[0m
[  95% ] [90m[1mreimport[22m | Finalizing Asset Import...[39m[0m
[92m[ DONE ][39m [1mreimport[22m
[0m
[   0% ] [90m[1mreimport[22m | Started (Re)Importing Assets (20 steps)[39m[0m
[   0% ] [90m[1mreimport[22m | Executing post-reimport operations...[39m[0m
[92m[ DONE ][39m [1mreimport[22m
[0m
[   0% ] [90m[1mloading_editor_layout[22m | Started Loading editor (5 steps)[39m[0m
[   0% ] [90m[1mloading_editor_layout[22m | Loading editor layout...[39m[0m
[  16% ] [90m[1mloading_editor_layout[22m | Loading docks...[39m[0m
[92m[ DONE ][39m [1mloading_editor_layout[22m
[0m
