Godot Engine v4.7.2.stable.official.ed1daf0bf - https://godotengine.org

[client] {"detail":"127.0.0.1:24651","ev":"status","ms":0,"status":"connecting"}
[client] {"detail":"","ev":"status","ms":22,"status":"connected"}
[client] {"ev":"welcome","ms":36,"observer":false,"pid":2}
[client] {"ev":"pick","f":"bruno","ms":1465}
[client] {"ev":"notice","ms":1478,"msg":{"code":"taken","for":"pick","t":"error"}}
[client] {"ev":"pick","f":"hops","ms":2286}
[client] {"ev":"lock","f":"hops","ms":3286}
[client] {"ev":"match_setup","fighters":10,"ms":4314,"you":0}
[client] {"counts":{"blocks_on_me":0,"conf_actions":0,"confirmed_hits":0,"dup_confirmed":0,"hits_on_me":0,"pred_actions":0,"predicted_confirmed":0,"predicted_hits":0,"reconnects":0},"ev":"stats","hp":230.0,"in_bytes":49986,"late":0,"local_entity":0,"match":{"countdown_until":300,"ctrl":-1,"final":false,"next":"","phase":2,"rot":3600,"scores":[0,0],"sd":false,"state":1,"tick":0,"zone":""},"max_err":1.909,"mean_err":0.3255,"ms":4930,"out_bytes":1889,"pending":5,"pos":[-5.97,-47.83],"reconciles":9,"server_tick":37,"snaps":10,"teleports":1}
[client] {"counts":{"blocks_on_me":0,"conf_actions":0,"confirmed_hits":0,"dup_confirmed":0,"hits_on_me":0,"pred_actions":0,"predicted_confirmed":0,"predicted_hits":0,"reconnects":0},"ev":"stats","hp":230.0,"in_bytes":88142,"late":0,"local_entity":0,"match":{"countdown_until":300,"ctrl":-1,"final":false,"next":"","phase":3,"rot":3563,"scores":[0,0],"sd":false,"state":1,"tick":37,"zone":"B"},"max_err":2.425,"mean_err":0.2316,"ms":9931,"out_bytes":16589,"pending":5,"pos":[-5.18,-43.38],"reconciles":108,"server_tick":337,"snaps":109,"teleports":1}
[client] {"counts":{"blocks_on_me":0,"conf_actions":0,"confirmed_hits":0,"dup_confirmed":0,"hits_on_me":0,"pred_actions":0,"predicted_confirmed":0,"predicted_hits":0,"reconnects":0},"ev":"stats","hp":230.0,"in_bytes":137332,"late":0,"local_entity":0,"match":{"countdown_until":300,"ctrl":-1,"final":false,"next":"","phase":3,"rot":3263,"scores":[0,0],"sd":false,"state":3,"tick":337,"zone":"B"},"max_err":2.425,"mean_err":0.1322,"ms":14932,"out_bytes":31289,"pending":6,"pos":[-0.55,-8.12],"reconciles":208,"server_tick":637,"snaps":209,"teleports":1}
[client] {"a":4,"dup":false,"ev":"game","ms":16933,"predicted":false,"t":6,"tick":752,"type":"hit"}
[client] {"a":2,"dup":false,"ev":"game","ms":16981,"predicted":false,"t":7,"tick":755,"type":"hit"}
[client] {"a":2,"dup":false,"ev":"game","ms":17016,"predicted":false,"t":5,"tick":757,"type":"block"}
[client] {"a":1,"dup":false,"ev":"game","ms":18085,"predicted":false,"t":9,"tick":821,"type":"hit"}
[client] {"a":9,"dup":false,"ev":"game","ms":18417,"predicted":false,"t":1,"tick":841,"type":"hit"}
[client] {"a":0,"dup":true,"ev":"game","ms":18721,"predicted":false,"t":9,"tick":864,"type":"hit"}
[client] {"a":2,"dup":false,"ev":"game","ms":18734,"predicted":false,"t":6,"tick":860,"type":"hit"}
[client] {"a":4,"dup":false,"ev":"game","ms":18734,"predicted":false,"t":6,"tick":860,"type":"hit"}
[client] {"a":7,"dup":false,"ev":"game","ms":19767,"predicted":false,"t":4,"tick":922,"type":"hit"}
[client] {"a":0,"dup":true,"ev":"game","ms":19767,"predicted":false,"t":9,"tick":927,"type":"hit"}
[client] {"a":7,"dup":false,"ev":"game","ms":19811,"predicted":false,"t":3,"tick":925,"type":"hit"}
[client] {"a":6,"dup":false,"ev":"game","ms":19893,"predicted":false,"t":2,"tick":930,"type":"hit"}
[client] {"counts":{"blocks_on_me":0,"conf_actions":6,"confirmed_hits":11,"dup_confirmed":0,"hits_on_me":0,"pred_actions":6,"predicted_confirmed":2,"predicted_hits":3,"reconnects":0},"ev":"stats","hp":230.0,"in_bytes":202527,"late":0,"local_entity":0,"match":{"countdown_until":300,"ctrl":-1,"final":false,"next":"","phase":3,"rot":2963,"scores":[0,0],"sd":false,"state":3,"tick":637,"zone":"B"},"max_err":2.425,"mean_err":0.0929,"ms":19927,"out_bytes":45989,"pending":6,"pos":[0.95,-2.57],"reconciles":308,"server_tick":937,"snaps":309,"teleports":1}
[client] {"a":7,"dup":false,"ev":"game","ms":20031,"predicted":false,"t":2,"tick":938,"type":"hit"}
[client] {"a":7,"dup":false,"ev":"game","ms":20031,"predicted":false,"t":4,"tick":938,"type":"hit"}
[client] {"a":6,"dup":false,"ev":"game","ms":20494,"predicted":false,"t":3,"tick":966,"type":"hit"}
[client] {"a":7,"dup":false,"ev":"game","ms":20713,"predicted":false,"t":2,"tick":979,"type":"hit"}
[client] {"a":6,"dup":false,"ev":"game","ms":20809,"predicted":false,"t":3,"tick":985,"type":"parry"}
[client] {"a":8,"dup":false,"ev":"game","ms":21362,"predicted":false,"t":4,"tick":1018,"type":"hit"}
[client] {"a":7,"dup":false,"ev":"game","ms":21459,"predicted":false,"t":4,"tick":1024,"type":"hit"}
[client] {"a":7,"dup":false,"ev":"game","ms":21479,"predicted":false,"t":3,"tick":1025,"type":"hit"}
[client] {"a":3,"dup":false,"ev":"game","ms":22031,"predicted":false,"t":8,"tick":1058,"type":"hit"}
[client] {"a":4,"dup":false,"ev":"game","ms":22141,"predicted":false,"t":8,"tick":1065,"type":"hit"}
[client] {"a":4,"dup":false,"ev":"game","ms":22328,"predicted":false,"t":8,"tick":1076,"type":"hit"}
[client] {"a":2,"dup":false,"ev":"game","ms":22445,"predicted":false,"t":8,"tick":1083,"type":"hit"}
[client] {"a":3,"dup":false,"ev":"game","ms":22514,"predicted":false,"t":8,"tick":1087,"type":"hit"}
[client] {"a":2,"dup":false,"ev":"game","ms":22861,"predicted":false,"t":8,"tick":1108,"type":"hit"}
[client] {"a":6,"dup":false,"ev":"game","ms":22882,"predicted":false,"t":2,"tick":1109,"type":"hit"}
[client] {"a":9,"dup":false,"ev":"game","ms":22882,"predicted":false,"t":1,"tick":1109,"type":"hit"}
[client] {"a":4,"dup":false,"ev":"game","ms":22916,"predicted":false,"t":8,"tick":1111,"type":"hit"}
[client] {"a":3,"dup":false,"ev":"game","ms":23116,"predicted":false,"t":7,"tick":1124,"type":"block"}
[client] {"a":3,"dup":false,"ev":"game","ms":23116,"predicted":false,"t":8,"tick":1124,"type":"block"}
[client] {"a":1,"dup":false,"ev":"game","ms":23248,"predicted":false,"t":9,"tick":1132,"type":"hit"}
[client] {"a":4,"dup":false,"ev":"game","ms":23351,"predicted":false,"t":8,"tick":1138,"type":"block"}
[client] {"a":4,"dup":false,"ev":"game","ms":23381,"predicted":false,"t":7,"tick":1140,"type":"block"}
[client] {"a":6,"dup":false,"ev":"game","ms":23496,"predicted":false,"t":2,"tick":1147,"type":"hit"}
[client] {"a":1,"dup":false,"ev":"game","ms":23634,"predicted":false,"t":9,"tick":1155,"type":"parry"}
[client] {"a":6,"dup":false,"ev":"game","ms":24083,"predicted":false,"t":4,"tick":1182,"type":"hit"}
[client] {"a":3,"dup":false,"ev":"game","ms":24131,"predicted":false,"t":8,"tick":1184,"type":"block"}
[client] {"a":6,"dup":false,"ev":"game","ms":24131,"predicted":false,"t":3,"tick":1184,"type":"hit"}
[client] {"a":4,"dup":false,"ev":"game","ms":24477,"predicted":false,"t":5,"tick":1205,"type":"block"}
[client] {"a":4,"dup":false,"ev":"game","ms":24477,"predicted":false,"t":8,"tick":1205,"type":"block"}
[client] {"a":1,"dup":false,"ev":"game","ms":24560,"predicted":false,"t":9,"tick":1210,"type":"hit"}
[client] {"a":2,"dup":false,"ev":"game","ms":24594,"predicted":false,"t":6,"tick":1212,"type":"hit"}
[client] {"a":0,"dup":true,"ev":"game","ms":24891,"predicted":false,"t":9,"tick":1235,"type":"hit"}
[client] {"counts":{"blocks_on_me":0,"conf_actions":9,"confirmed_hits":34,"dup_confirmed":0,"hits_on_me":0,"pred_actions":9,"predicted_confirmed":3,"predicted_hits":5,"reconnects":0},"ev":"stats","hp":230.0,"in_bytes":273860,"late":0,"local_entity":0,"match":{"countdown_until":300,"ctrl":-1,"final":false,"next":"","phase":3,"rot":2663,"scores":[0,0],"sd":false,"state":3,"tick":937,"zone":"B"},"max_err":2.425,"mean_err":0.0728,"ms":24925,"out_bytes":60689,"pending":6,"pos":[3.54,-2.81],"reconciles":408,"server_tick":1237,"snaps":409,"teleports":1}
[client] {"a":4,"dup":false,"ev":"game","ms":25146,"predicted":false,"t":8,"tick":1245,"type":"block"}
[client] {"a":7,"dup":false,"ev":"game","ms":25609,"predicted":false,"t":4,"tick":1273,"type":"hit"}
[client] {"a":3,"dup":false,"ev":"game","ms":25843,"predicted":false,"t":5,"tick":1287,"type":"block"}
[client] {"a":3,"dup":false,"ev":"game","ms":25857,"predicted":false,"t":7,"tick":1288,"type":"hit"}
[client] {"a":2,"dup":false,"ev":"game","ms":25974,"predicted":false,"t":8,"tick":1295,"type":"hit"}
[client] {"a":4,"dup":false,"ev":"game","ms":26010,"predicted":false,"t":8,"tick":1297,"type":"hit"}
[client] {"a":0,"dup":true,"ev":"game","ms":26361,"predicted":false,"t":6,"tick":1323,"type":"hit"}
[client] {"a":1,"dup":false,"ev":"game","ms":26443,"predicted":false,"t":6,"tick":1323,"type":"hit"}
[client] {"a":4,"dup":false,"ev":"game","ms":26609,"predicted":false,"t":8,"tick":1333,"type":"block"}
[client] {"a":7,"dup":false,"ev":"game","ms":26765,"predicted":false,"t":3,"tick":1342,"type":"hit"}
[client] {"a":8,"dup":false,"ev":"game","ms":26930,"predicted":false,"t":4,"tick":1352,"type":"hit"}
[client] {"a":3,"dup":false,"ev":"game","ms":27433,"predicted":false,"t":5,"tick":1382,"type":"block"}
[client] {"a":3,"dup":false,"ev":"game","ms":27434,"predicted":false,"t":8,"tick":1382,"type":"hit"}
[client] {"a":0,"dup":true,"ev":"game","ms":27565,"predicted":false,"t":9,"tick":1395,"type":"hit"}
[client] {"a":0,"dup":false,"ev":"game","ms":27896,"predicted":false,"t":9,"tick":1415,"type":"block"}
[client] {"a":7,"dup":false,"ev":"game","ms":27999,"predicted":false,"t":4,"tick":1416,"type":"hit"}
[client] {"a":8,"dup":false,"ev":"game","ms":28096,"predicted":false,"t":3,"tick":1422,"type":"hit"}
[client] {"a":2,"dup":false,"ev":"game","ms":28165,"predicted":false,"t":5,"tick":1426,"type":"guard_break"}
[client] {"a":0,"dup":false,"ev":"game","ms":28234,"predicted":false,"t":9,"tick":1435,"type":"block"}
[client] {"a":6,"dup":false,"ev":"game","ms":28497,"predicted":false,"t":3,"tick":1446,"type":"block"}
[client] {"a":0,"dup":false,"ev":"game","ms":28497,"predicted":false,"t":9,"tick":1451,"type":"block"}
[client] {"a":8,"dup":false,"ev":"game","ms":28648,"predicted":false,"t":3,"tick":1455,"type":"block"}
[client] {"a":7,"dup":false,"ev":"game","ms":28883,"predicted":false,"t":2,"tick":1469,"type":"hit"}
[client] {"a":6,"dup":false,"ev":"game","ms":28966,"predicted":false,"t":4,"tick":1474,"type":"hit"}
[client] {"a":0,"dup":true,"ev":"game","ms":29062,"predicted":false,"t":9,"tick":1485,"type":"hit"}
[client] {"a":0,"dup":false,"ev":"game","ms":29448,"predicted":false,"t":9,"tick":1508,"type":"parry"}
[client] {"a":6,"dup":false,"ev":"game","ms":29635,"predicted":false,"t":3,"tick":1514,"type":"hit"}
[client] {"counts":{"blocks_on_me":0,"conf_actions":17,"confirmed_hits":50,"dup_confirmed":0,"hits_on_me":0,"pred_actions":17,"predicted_confirmed":6,"predicted_hits":17,"reconnects":0},"ev":"stats","hp":230.0,"in_bytes":346418,"late":0,"local_entity":0,"match":{"countdown_until":300,"ctrl":-1,"final":false,"next":"","phase":3,"rot":2363,"scores":[0,0],"sd":false,"state":3,"tick":1237,"zone":"B"},"max_err":2.425,"mean_err":0.061,"ms":29931,"out_bytes":75389,"pending":6,"pos":[3.12,-2.62],"reconciles":508,"server_tick":1537,"snaps":509,"teleports":1}
[client] {"a":3,"dup":false,"ev":"game","ms":30000,"predicted":false,"t":6,"tick":1536,"type":"hit"}
[client] {"a":8,"dup":false,"ev":"game","ms":30180,"predicted":false,"t":3,"tick":1547,"type":"hit"}
[client] {"a":7,"dup":false,"ev":"game","ms":30235,"predicted":false,"t":3,"tick":1550,"type":"hit"}
[client] {"a":2,"dup":false,"ev":"game","ms":30270,"predicted":false,"t":7,"tick":1552,"type":"hit"}
[client] {"a":0,"dup":true,"ev":"game","ms":30353,"predicted":false,"t":9,"tick":1563,"type":"hit"}
[client] {"a":6,"dup":false,"ev":"game","ms":30470,"predicted":false,"t":3,"tick":1564,"type":"hit"}
[client] {"a":0,"dup":false,"ev":"game","ms":30718,"predicted":false,"t":9,"tick":1585,"type":"block"}
[client] {"a":8,"dup":false,"ev":"game","ms":30966,"predicted":false,"t":3,"tick":1594,"type":"guard_break"}
[client] {"a":6,"dup":false,"ev":"game","ms":31049,"predicted":false,"t":3,"tick":1599,"type":"hit"}
[client] {"a":2,"dup":false,"ev":"game","ms":31167,"predicted":false,"t":5,"tick":1606,"type":"guard_break"}
[client] {"a":0,"dup":false,"ev":"game","ms":31215,"predicted":false,"t":9,"tick":1614,"type":"block"}
[client] {"a":2,"dup":false,"ev":"game","ms":31649,"predicted":false,"t":5,"tick":1635,"type":"hit"}
[client] {"a":8,"dup":false,"ev":"game","ms":31684,"predicted":false,"t":2,"tick":1637,"type":"hit"}
[client] {"a":6,"dup":false,"ev":"game","ms":32450,"predicted":false,"t":2,"tick":1683,"type":"hit"}
[client] {"a":6,"dup":false,"ev":"game","ms":32767,"predicted":false,"t":2,"tick":1702,"type":"block"}
[client] {"a":0,"dup":true,"ev":"game","ms":33581,"predicted":false,"t":9,"tick":1756,"type":"hit"}
[client] {"a":6,"dup":false,"ev":"game","ms":34699,"predicted":false,"t":1,"tick":1818,"type":"hit"}
[client] {"counts":{"blocks_on_me":0,"conf_actions":22,"confirmed_hits":62,"dup_confirmed":0,"hits_on_me":0,"pred_actions":22,"predicted_confirmed":8,"predicted_hits":25,"reconnects":0},"ev":"stats","hp":230.0,"in_bytes":413448,"late":0,"local_entity":0,"match":{"countdown_until":300,"ctrl":-1,"final":false,"next":"","phase":3,"rot":2063,"scores":[0,0],"sd":false,"state":3,"tick":1537,"zone":"B"},"max_err":2.425,"mean_err":0.0542,"ms":34933,"out_bytes":90089,"pending":6,"pos":[0.11,-2.73],"reconciles":608,"server_tick":1837,"snaps":609,"teleports":1}
[client] {"a":1,"dup":false,"ev":"game","ms":35072,"predicted":false,"t":6,"tick":1840,"type":"hit"}
[client] {"a":6,"dup":false,"ev":"game","ms":35073,"predicted":false,"t":-1,"tick":1840,"type":"ko"}
[client] {"a":1,"dup":false,"ev":"game","ms":35652,"predicted":false,"t":5,"tick":1875,"type":"guard_break"}
[client] {"a":0,"dup":true,"ev":"game","ms":35900,"predicted":false,"t":5,"tick":1895,"type":"hit"}
[client] {"a":1,"dup":false,"ev":"game","ms":36162,"predicted":false,"t":5,"tick":1906,"type":"hit"}
[client] {"a":1,"dup":false,"ev":"game","ms":36645,"predicted":false,"t":5,"tick":1935,"type":"guard_break"}
[client] {"a":1,"dup":false,"ev":"game","ms":37089,"predicted":false,"t":5,"tick":1962,"type":"hit"}
[client] {"a":1,"dup":false,"ev":"game","ms":37441,"predicted":false,"t":5,"tick":1983,"type":"guard_break"}
[client] {"a":8,"dup":false,"ev":"game","ms":37713,"predicted":false,"t":0,"tick":1999,"type":"hit"}
[client] {"a":1,"dup":false,"ev":"game","ms":37995,"predicted":false,"t":5,"tick":2016,"type":"hit"}
[client] {"a":1,"dup":false,"ev":"game","ms":38623,"predicted":false,"t":5,"tick":2054,"type":"guard_break"}
[client] {"a":1,"dup":false,"ev":"game","ms":39233,"predicted":false,"t":5,"tick":2090,"type":"hit"}
[client] {"a":7,"dup":false,"ev":"game","ms":39605,"predicted":false,"t":4,"tick":2112,"type":"hit"}
[client] {"a":1,"dup":false,"ev":"game","ms":39619,"predicted":false,"t":5,"tick":2113,"type":"guard_break"}
[client] {"counts":{"blocks_on_me":0,"conf_actions":31,"confirmed_hits":70,"dup_confirmed":0,"hits_on_me":1,"pred_actions":31,"predicted_confirmed":9,"predicted_hits":27,"reconnects":0},"ev":"stats","hp":192.0,"in_bytes":481514,"late":0,"local_entity":0,"match":{"countdown_until":300,"ctrl":-1,"final":false,"next":"","phase":3,"rot":1763,"scores":[0,0],"sd":false,"state":3,"tick":1837,"zone":"B"},"max_err":2.425,"mean_err":0.0509,"ms":39936,"out_bytes":104789,"pending":6,"pos":[-10.12,0.27],"reconciles":708,"server_tick":2137,"snaps":709,"teleports":1}
[client] {"a":1,"dup":false,"ev":"game","ms":39950,"predicted":false,"t":5,"tick":2133,"type":"hit"}
[client] {"a":8,"dup":false,"ev":"game","ms":40903,"predicted":false,"t":1,"tick":2190,"type":"hit"}
[client] {"a":7,"dup":false,"ev":"game","ms":41186,"predicted":false,"t":3,"tick":2207,"type":"hit"}
[client] {"a":1,"dup":false,"ev":"game","ms":41814,"predicted":false,"t":5,"tick":2245,"type":"guard_break"}
[client] {"a":7,"dup":false,"ev":"game","ms":41944,"predicted":false,"t":3,"tick":2253,"type":"hit"}
[client] {"a":1,"dup":false,"ev":"game","ms":42463,"predicted":false,"t":5,"tick":2284,"type":"hit"}
[client] {"a":1,"dup":false,"ev":"game","ms":42483,"predicted":false,"t":8,"tick":2285,"type":"block"}
[client] {"a":0,"dup":false,"ev":"game","ms":42800,"predicted":false,"t":8,"tick":2310,"type":"block"}
[client] {"a":0,"dup":false,"ev":"game","ms":43048,"predicted":false,"t":8,"tick":2324,"type":"block"}
[client] {"a":1,"dup":false,"ev":"game","ms":43166,"predicted":false,"t":8,"tick":2326,"type":"block"}
[client] {"a":0,"dup":true,"ev":"game","ms":43663,"predicted":false,"t":8,"tick":2361,"type":"hit"}
[client] {"a":8,"dup":false,"ev":"game","ms":43684,"predicted":false,"t":1,"tick":2357,"type":"hit"}
[client] {"a":2,"dup":false,"ev":"game","ms":44215,"predicted":false,"t":7,"tick":2389,"type":"hit"}
[client] {"a":1,"dup":false,"ev":"game","ms":44346,"predicted":false,"t":5,"tick":2397,"type":"guard_break"}
[client] {"a":2,"dup":false,"ev":"game","ms":44746,"predicted":false,"t":7,"tick":2421,"type":"block"}
[client] {"counts":{"blocks_on_me":0,"conf_actions":38,"confirmed_hits":78,"dup_confirmed":0,"hits_on_me":1,"pred_actions":38,"predicted_confirmed":10,"predicted_hits":34,"reconnects":0},"ev":"stats","hp":192.0,"in_bytes":551011,"late":0,"local_entity":0,"match":{"countdown_until":300,"ctrl":-1,"final":false,"next":"","phase":3,"rot":1463,"scores":[0,0],"sd":false,"state":3,"tick":2137,"zone":"B"},"max_err":2.425,"mean_err":0.0462,"ms":44931,"out_bytes":119489,"pending":6,"pos":[-2.72,-2.86],"reconciles":808,"server_tick":2437,"snaps":809,"teleports":1}
[client] {"a":6,"dup":false,"ev":"game","ms":45063,"predicted":false,"t":-1,"tick":2440,"type":"respawn"}
[client] {"a":1,"dup":false,"ev":"game","ms":45264,"predicted":false,"t":5,"tick":2452,"type":"guard_break"}
[client] {"a":1,"dup":false,"ev":"game","ms":46133,"predicted":false,"t":5,"tick":2504,"type":"hit"}
[client] {"a":9,"dup":false,"ev":"game","ms":46168,"predicted":false,"t":1,"tick":2506,"type":"hit"}
[client] {"a":7,"dup":false,"ev":"game","ms":46519,"predicted":false,"t":2,"tick":2527,"type":"hit"}
[client] {"a":1,"dup":false,"ev":"game","ms":47113,"predicted":false,"t":5,"tick":2563,"type":"guard_break"}
[client] {"a":1,"dup":false,"ev":"game","ms":47513,"predicted":false,"t":5,"tick":2587,"type":"hit"}
[client] {"a":9,"dup":false,"ev":"game","ms":47644,"predicted":false,"t":1,"tick":2595,"type":"hit"}
[client] {"a":2,"dup":false,"ev":"game","ms":47727,"predicted":false,"t":7,"tick":2600,"type":"hit"}
[client] {"a":1,"dup":false,"ev":"game","ms":48030,"predicted":false,"t":9,"tick":2618,"type":"hit"}
[client] {"a":7,"dup":false,"ev":"game","ms":48431,"predicted":false,"t":2,"tick":2642,"type":"hit"}
[client] {"a":4,"dup":false,"ev":"game","ms":48679,"predicted":false,"t":7,"tick":2657,"type":"hit"}
[client] {"a":9,"dup":false,"ev":"game","ms":49576,"predicted":false,"t":1,"tick":2711,"type":"block"}
[client] {"a":7,"dup":false,"ev":"game","ms":49714,"predicted":false,"t":4,"tick":2719,"type":"hit"}
[client] {"counts":{"blocks_on_me":0,"conf_actions":38,"confirmed_hits":88,"dup_confirmed":0,"hits_on_me":1,"pred_actions":38,"predicted_confirmed":10,"predicted_hits":34,"reconnects":0},"ev":"stats","hp":195.6,"in_bytes":613539,"late":0,"local_entity":0,"match":{"countdown_until":300,"ctrl":-1,"final":false,"next":"","phase":3,"rot":1163,"scores":[0,0],"sd":false,"state":3,"tick":2437,"zone":"B"},"max_err":2.425,"mean_err":0.0411,"ms":49927,"out_bytes":134189,"pending":6,"pos":[-0.1,-2.75],"reconciles":908,"server_tick":2737,"snaps":909,"teleports":1}
[client] {"a":7,"dup":false,"ev":"game","ms":49963,"predicted":false,"t":4,"tick":2734,"type":"hit"}
[client] {"a":9,"dup":false,"ev":"game","ms":50114,"predicted":false,"t":1,"tick":2743,"type":"hit"}
[client] {"a":9,"dup":false,"ev":"game","ms":51328,"predicted":false,"t":1,"tick":2816,"type":"hit"}
[client] {"a":1,"dup":false,"ev":"game","ms":51729,"predicted":false,"t":5,"tick":2840,"type":"guard_break"}
[client] {"a":3,"dup":false,"ev":"game","ms":52212,"predicted":false,"t":7,"tick":2870,"type":"hit"}
[client] {"a":9,"dup":false,"ev":"game","ms":52212,"predicted":false,"t":1,"tick":2870,"type":"hit"}
[client] {"a":1,"dup":false,"ev":"game","ms":52577,"predicted":false,"t":5,"tick":2892,"type":"hit"}
[client] {"a":1,"dup":false,"ev":"game","ms":52577,"predicted":false,"t":9,"tick":2892,"type":"hit"}
[client] {"a":1,"dup":false,"ev":"game","ms":52948,"predicted":false,"t":5,"tick":2912,"type":"guard_break"}
[client] {"a":1,"dup":false,"ev":"game","ms":52948,"predicted":false,"t":9,"tick":2912,"type":"parry"}
[client] {"a":1,"dup":false,"ev":"game","ms":53349,"predicted":false,"t":5,"tick":2937,"type":"hit"}
[client] {"a":5,"dup":false,"ev":"game","ms":53349,"predicted":false,"t":-1,"tick":2937,"type":"ko"}
[client] {"a":9,"dup":false,"ev":"game","ms":53845,"predicted":false,"t":1,"tick":2967,"type":"hit"}
[client] {"a":0,"dup":true,"ev":"game","ms":54232,"predicted":false,"t":6,"tick":2995,"type":"hit"}
[client] {"a":9,"dup":false,"ev":"game","ms":54293,"predicted":false,"t":1,"tick":2994,"type":"hit"}
[client] {"a":0,"dup":true,"ev":"game","ms":54598,"predicted":false,"t":6,"tick":3017,"type":"hit"}
[client] {"a":1,"dup":false,"ev":"game","ms":54680,"predicted":false,"t":9,"tick":3017,"type":"hit"}
[client] {"a":0,"dup":true,"ev":"game","ms":54918,"predicted":false,"t":6,"tick":3037,"type":"hit"}
[client] {"counts":{"blocks_on_me":0,"conf_actions":41,"confirmed_hits":102,"dup_confirmed":0,"hits_on_me":1,"pred_actions":41,"predicted_confirmed":13,"predicted_hits":39,"reconnects":0},"ev":"stats","hp":230.0,"in_bytes":678838,"late":0,"local_entity":0,"match":{"countdown_until":300,"ctrl":-1,"final":false,"next":"A","phase":3,"rot":863,"scores":[0,0],"sd":false,"state":3,"tick":2737,"zone":"B"},"max_err":2.425,"mean_err":0.037,"ms":54928,"out_bytes":148889,"pending":6,"pos":[-0.75,-2.63],"reconciles":1008,"server_tick":3037,"snaps":1009,"teleports":1}
[client] {"a":1,"dup":false,"ev":"game","ms":55011,"predicted":false,"t":9,"tick":3038,"type":"block"}
[client] {"a":0,"dup":true,"ev":"game","ms":55462,"predicted":false,"t":6,"tick":3069,"type":"hit"}
[client] {"a":8,"dup":false,"ev":"game","ms":55633,"predicted":false,"t":1,"tick":3075,"type":"hit"}
[client] {"a":6,"dup":false,"ev":"game","ms":56534,"predicted":false,"t":0,"tick":3129,"type":"hit"}
[client] {"a":1,"dup":false,"ev":"game","ms":56887,"predicted":false,"t":9,"tick":3150,"type":"hit"}
[client] {"a":8,"dup":false,"ev":"game","ms":57521,"predicted":false,"t":1,"tick":3188,"type":"hit"}
[client] {"a":6,"dup":false,"ev":"game","ms":57873,"predicted":false,"t":0,"tick":3209,"type":"hit"}
[client] {"a":8,"dup":false,"ev":"game","ms":58039,"predicted":false,"t":1,"tick":3219,"type":"hit"}
[client] {"a":0,"dup":true,"ev":"game","ms":58198,"predicted":false,"t":6,"tick":3234,"type":"hit"}
[client] {"a":1,"dup":false,"ev":"game","ms":58446,"predicted":false,"t":8,"tick":3244,"type":"hit"}
[client] {"a":0,"dup":false,"ev":"game","ms":58633,"predicted":false,"t":6,"tick":3259,"type":"hit"}
[client] {"a":1,"dup":false,"ev":"game","ms":58777,"predicted":false,"t":8,"tick":3264,"type":"hit"}
[client] {"a":6,"dup":false,"ev":"game","ms":59081,"predicted":false,"t":0,"tick":3282,"type":"hit"}
[client] {"a":0,"dup":true,"ev":"game","ms":59398,"predicted":false,"t":6,"tick":3305,"type":"hit"}
[client] {"a":6,"dup":false,"ev":"game","ms":59841,"predicted":false,"t":0,"tick":3327,"type":"hit"}
[client] {"counts":{"blocks_on_me":0,"conf_actions":49,"confirmed_hits":116,"dup_confirmed":0,"hits_on_me":5,"pred_actions":50,"predicted_confirmed":16,"predicted_hits":45,"reconnects":0},"ev":"stats","hp":156.0,"in_bytes":745004,"late":0,"local_entity":0,"match":{"countdown_until":300,"ctrl":-1,"final":false,"next":"A","phase":3,"rot":563,"scores":[0,0],"sd":false,"state":3,"tick":3037,"zone":"B"},"max_err":2.425,"mean_err":0.037,"ms":59923,"out_bytes":163589,"pending":6,"pos":[0.52,-3.04],"reconciles":1108,"server_tick":3337,"snaps":1109,"teleports":1}
[client] {"a":0,"dup":true,"ev":"game","ms":60863,"predicted":false,"t":6,"tick":3393,"type":"hit"}
[client] {"a":1,"dup":false,"ev":"game","ms":61159,"predicted":false,"t":8,"tick":3406,"type":"hit"}
[client] {"a":1,"dup":false,"ev":"game","ms":61925,"predicted":false,"t":6,"tick":3452,"type":"hit"}
[client] {"a":7,"dup":false,"ev":"game","ms":62242,"predicted":false,"t":0,"tick":3471,"type":"hit"}
[client] {"a":2,"dup":false,"ev":"game","ms":62263,"predicted":false,"t":6,"tick":3472,"type":"hit"}
[client] {"a":6,"dup":false,"ev":"game","ms":62263,"predicted":false,"t":-1,"tick":3472,"type":"ko"}
[client] {"a":3,"dup":false,"ev":"game","ms":62573,"predicted":false,"t":7,"tick":3491,"type":"hit"}
[client] {"a":5,"dup":false,"ev":"game","ms":63346,"predicted":false,"t":-1,"tick":3537,"type":"respawn"}
[client] {"a":2,"dup":false,"ev":"game","ms":64112,"predicted":false,"t":8,"tick":3583,"type":"block"}
[client] {"a":4,"dup":false,"ev":"game","ms":64126,"predicted":false,"t":8,"tick":3584,"type":"block"}
[client] {"a":2,"dup":false,"ev":"game","ms":64595,"predicted":false,"t":8,"tick":3612,"type":"hit"}
[client] {"a":4,"dup":false,"ev":"game","ms":64595,"predicted":false,"t":8,"tick":3612,"type":"hit"}
[client] {"counts":{"blocks_on_me":0,"conf_actions":53,"confirmed_hits":124,"dup_confirmed":0,"hits_on_me":6,"pred_actions":53,"predicted_confirmed":17,"predicted_hits":47,"reconnects":0},"ev":"stats","hp":118.0,"in_bytes":806112,"late":0,"local_entity":0,"match":{"countdown_until":300,"ctrl":-1,"final":false,"next":"A","phase":3,"rot":263,"scores":[0,0],"sd":false,"state":3,"tick":3337,"zone":"B"},"max_err":2.425,"mean_err":0.0364,"ms":64925,"out_bytes":178289,"pending":6,"pos":[-0.58,-2.9],"reconciles":1208,"server_tick":3637,"snaps":1209,"teleports":1}
[client] {"a":3,"dup":false,"ev":"game","ms":68045,"predicted":false,"t":5,"tick":3819,"type":"hit"}
[client] {"a":3,"dup":false,"ev":"game","ms":68576,"predicted":false,"t":5,"tick":3851,"type":"block"}
[client] {"a":-1,"dup":false,"ev":"game","ms":69379,"predicted":false,"t":-1,"tick":3899,"type":"zone_rotated"}
[client] {"a":3,"dup":false,"ev":"game","ms":69400,"predicted":false,"t":5,"tick":3900,"type":"block"}
[client] {"counts":{"blocks_on_me":0,"conf_actions":53,"confirmed_hits":125,"dup_confirmed":0,"hits_on_me":6,"pred_actions":53,"predicted_confirmed":17,"predicted_hits":47,"reconnects":0},"ev":"stats","hp":136.9,"in_bytes":863882,"late":0,"local_entity":0,"match":{"countdown_until":300,"ctrl":-1,"final":false,"next":"","phase":3,"rot":3563,"scores":[2,0],"sd":false,"state":1,"tick":3637,"zone":"A"},"max_err":2.425,"mean_err":0.0337,"ms":69930,"out_bytes":192989,"pending":6,"pos":[-4.43,-2.12],"reconciles":1307,"server_tick":3937,"snaps":1309,"teleports":1}
[client] {"a":4,"dup":false,"ev":"game","ms":70227,"predicted":false,"t":5,"tick":3950,"type":"block"}
[client] {"a":3,"dup":false,"ev":"game","ms":70545,"predicted":false,"t":5,"tick":3969,"type":"block"}
[client] {"a":4,"dup":false,"ev":"game","ms":71014,"predicted":false,"t":5,"tick":3997,"type":"guard_break"}
[client] {"a":4,"dup":false,"ev":"game","ms":71228,"predicted":false,"t":5,"tick":4010,"type":"hit"}
[client] {"a":4,"dup":false,"ev":"game","ms":71814,"predicted":false,"t":5,"tick":4045,"type":"guard_break"}
[client] {"a":6,"dup":false,"ev":"game","ms":72263,"predicted":false,"t":-1,"tick":4072,"type":"respawn"}
[client] {"a":4,"dup":false,"ev":"game","ms":72332,"predicted":false,"t":5,"tick":4076,"type":"hit"}
[client] {"a":4,"dup":false,"ev":"game","ms":72802,"predicted":false,"t":5,"tick":4104,"type":"guard_break"}
[client] {"a":8,"dup":false,"ev":"game","ms":73063,"predicted":false,"t":3,"tick":4120,"type":"hit"}
[client] {"a":4,"dup":false,"ev":"game","ms":73402,"predicted":false,"t":5,"tick":4140,"type":"hit"}
[client] {"a":3,"dup":false,"ev":"game","ms":74485,"predicted":false,"t":5,"tick":4205,"type":"guard_break"}
[client] {"a":4,"dup":false,"ev":"game","ms":74747,"predicted":false,"t":5,"tick":4221,"type":"hit"}
[client] {"counts":{"blocks_on_me":0,"conf_actions":53,"confirmed_hits":130,"dup_confirmed":0,"hits_on_me":6,"pred_actions":53,"predicted_confirmed":17,"predicted_hits":47,"reconnects":0},"ev":"stats","hp":226.900000000004,"in_bytes":925938,"late":0,"local_entity":0,"match":{"countdown_until":300,"ctrl":-1,"final":false,"next":"","phase":3,"rot":3263,"scores":[2,1],"sd":false,"state":3,"tick":3937,"zone":"A"},"max_err":2.425,"mean_err":0.0313,"ms":74933,"out_bytes":207689,"pending":6,"pos":[-38.07,-2.22],"reconciles":1407,"server_tick":4237,"snaps":1409,"teleports":1}
[client] {"a":8,"dup":false,"ev":"game","ms":75333,"predicted":false,"t":4,"tick":4256,"type":"hit"}
[client] {"a":8,"dup":false,"ev":"game","ms":75865,"predicted":false,"t":3,"tick":4288,"type":"hit"}
[client] {"a":4,"dup":false,"ev":"game","ms":75969,"predicted":false,"t":5,"tick":4294,"type":"guard_break"}
[client] {"a":9,"dup":false,"ev":"game","ms":76216,"predicted":false,"t":2,"tick":4309,"type":"hit"}
[client] {"a":7,"dup":false,"ev":"game","ms":76431,"predicted":false,"t":3,"tick":4322,"type":"hit"}
[client] {"a":4,"dup":false,"ev":"game","ms":76465,"predicted":false,"t":5,"tick":4324,"type":"hit"}
[client] {"a":2,"dup":false,"ev":"game","ms":76603,"predicted":false,"t":9,"tick":4332,"type":"hit"}
[client] {"a":4,"dup":false,"ev":"game","ms":76948,"predicted":false,"t":5,"tick":4353,"type":"hit"}
[client] {"a":3,"dup":false,"ev":"game","ms":77003,"predicted":false,"t":5,"tick":4356,"type":"hit"}
[client] {"a":2,"dup":false,"ev":"game","ms":77148,"predicted":false,"t":9,"tick":4365,"type":"block"}
[client] {"a":7,"dup":false,"ev":"game","ms":77369,"predicted":false,"t":3,"tick":4378,"type":"hit"}
[client] {"a":4,"dup":false,"ev":"game","ms":77383,"predicted":false,"t":5,"tick":4379,"type":"guard_break"}
[client] {"a":3,"dup":false,"ev":"game","ms":77852,"predicted":false,"t":5,"tick":4407,"type":"hit"}
[client] {"a":7,"dup":false,"ev":"game","ms":77900,"predicted":false,"t":3,"tick":4410,"type":"hit"}
[client] {"a":4,"dup":false,"ev":"game","ms":77983,"predicted":false,"t":5,"tick":4415,"type":"hit"}
[client] {"a":2,"dup":false,"ev":"game","ms":78004,"predicted":false,"t":9,"tick":4416,"type":"hit"}
[client] {"a":7,"dup":false,"ev":"game","ms":78149,"predicted":false,"t":3,"tick":4425,"type":"hit"}
[client] {"a":4,"dup":false,"ev":"game","ms":78652,"predicted":false,"t":5,"tick":4455,"type":"hit"}
[client] {"a":2,"dup":false,"ev":"game","ms":78887,"predicted":false,"t":9,"tick":4469,"type":"hit"}
[client] {"a":4,"dup":false,"ev":"game","ms":78887,"predicted":false,"t":5,"tick":4469,"type":"hit"}
[client] {"a":5,"dup":false,"ev":"game","ms":78887,"predicted":false,"t":-1,"tick":4469,"type":"ko"}
[client] {"a":2,"dup":false,"ev":"game","ms":79349,"predicted":false,"t":9,"tick":4497,"type":"block"}
[client] {"counts":{"blocks_on_me":0,"conf_actions":53,"confirmed_hits":147,"dup_confirmed":0,"hits_on_me":6,"pred_actions":53,"predicted_confirmed":17,"predicted_hits":47,"reconnects":0},"ev":"stats","hp":230.0,"in_bytes":990498,"late":0,"local_entity":0,"match":{"countdown_until":300,"ctrl":0,"final":false,"next":"","phase":3,"rot":2963,"scores":[2,1],"sd":false,"state":2,"tick":4237,"zone":"A"},"max_err":2.425,"mean_err":0.0294,"ms":79935,"out_bytes":222389,"pending":6,"pos":[-42.15,0.08],"reconciles":1507,"server_tick":4537,"snaps":1509,"teleports":1}
[client] {"counts":{"blocks_on_me":0,"conf_actions":53,"confirmed_hits":147,"dup_confirmed":0,"hits_on_me":6,"pred_actions":53,"predicted_confirmed":17,"predicted_hits":47,"reconnects":0},"ev":"stats","hp":230.0,"in_bytes":991604,"late":0,"local_entity":0,"match":{"countdown_until":300,"ctrl":0,"final":false,"next":"","phase":3,"rot":2957,"scores":[2,1],"sd":false,"state":2,"tick":4243,"zone":"A"},"max_err":2.425,"mean_err":0.0294,"ms":80004,"out_bytes":222585,"pending":7,"pos":[-42.15,0.08],"reconciles":1508,"server_tick":4541,"snaps":1511,"teleports":1}
