Godot Engine v4.7.2.stable.official.ed1daf0bf - https://godotengine.org

[client] {"detail":"127.0.0.1:24651","ev":"status","ms":1,"status":"connecting"}
[client] {"detail":"","ev":"status","ms":246,"status":"connected"}
[client] {"ev":"welcome","ms":253,"observer":false,"pid":4}
[client] {"ev":"pick","f":"bruno","ms":1047}
[client] {"ev":"lock","f":"bruno","ms":1868}
[client] {"ev":"match_setup","fighters":10,"ms":3893,"you":1}
[client] {"counts":{"blocks_on_me":0,"conf_actions":0,"confirmed_hits":0,"dup_confirmed":0,"hits_on_me":0,"pred_actions":0,"predicted_confirmed":0,"predicted_hits":0,"reconnects":0},"ev":"stats","hp":280.0,"in_bytes":53805,"late":0,"local_entity":1,"match":{"countdown_until":300,"ctrl":-1,"final":false,"next":"","phase":2,"rot":3600,"scores":[0,0],"sd":false,"state":1,"tick":0,"zone":""},"max_err":0.105,"mean_err":0.1028,"ms":5093,"out_bytes":3548,"pending":4,"pos":[-3.04,-46.39],"reconciles":22,"server_tick":72,"snaps":24,"teleports":1}
[client] {"counts":{"blocks_on_me":0,"conf_actions":0,"confirmed_hits":0,"dup_confirmed":0,"hits_on_me":0,"pred_actions":0,"predicted_confirmed":0,"predicted_hits":0,"reconnects":0},"ev":"stats","hp":280.0,"in_bytes":92322,"late":0,"local_entity":1,"match":{"countdown_until":300,"ctrl":-1,"final":false,"next":"","phase":3,"rot":3527,"scores":[0,0],"sd":false,"state":1,"tick":73,"zone":"B"},"max_err":0.308,"mean_err":0.149,"ms":10091,"out_bytes":18248,"pending":9,"pos":[-3.93,-38.47],"reconciles":122,"server_tick":371,"snaps":124,"teleports":1}
[client] {"counts":{"blocks_on_me":0,"conf_actions":0,"confirmed_hits":0,"dup_confirmed":0,"hits_on_me":0,"pred_actions":0,"predicted_confirmed":0,"predicted_hits":0,"reconnects":0},"ev":"stats","hp":280.0,"in_bytes":143313,"late":0,"local_entity":1,"match":{"countdown_until":300,"ctrl":-1,"final":false,"next":"","phase":3,"rot":3227,"scores":[0,0],"sd":false,"state":3,"tick":373,"zone":"B"},"max_err":0.308,"mean_err":0.0936,"ms":15098,"out_bytes":32948,"pending":9,"pos":[0.03,-3.41],"reconciles":222,"server_tick":672,"snaps":224,"teleports":1}
[client] {"a":4,"dup":false,"ev":"game","ms":16511,"predicted":false,"t":6,"tick":752,"type":"hit"}
[client] {"a":2,"dup":false,"ev":"game","ms":16560,"predicted":false,"t":7,"tick":755,"type":"hit"}
[client] {"a":2,"dup":false,"ev":"game","ms":16594,"predicted":false,"t":5,"tick":757,"type":"block"}
[client] {"a":1,"dup":true,"ev":"game","ms":17581,"predicted":false,"t":9,"tick":821,"type":"hit"}
[client] {"a":9,"dup":false,"ev":"game","ms":17995,"predicted":false,"t":1,"tick":841,"type":"hit"}
[client] {"a":2,"dup":false,"ev":"game","ms":18313,"predicted":false,"t":6,"tick":860,"type":"hit"}
[client] {"a":4,"dup":false,"ev":"game","ms":18313,"predicted":false,"t":6,"tick":860,"type":"hit"}
[client] {"a":0,"dup":false,"ev":"game","ms":18382,"predicted":false,"t":9,"tick":864,"type":"hit"}
[client] {"a":7,"dup":false,"ev":"game","ms":19356,"predicted":false,"t":4,"tick":922,"type":"hit"}
[client] {"a":7,"dup":false,"ev":"game","ms":19396,"predicted":false,"t":3,"tick":925,"type":"hit"}
[client] {"a":0,"dup":false,"ev":"game","ms":19427,"predicted":false,"t":9,"tick":927,"type":"hit"}
[client] {"a":6,"dup":false,"ev":"game","ms":19474,"predicted":false,"t":2,"tick":930,"type":"hit"}
[client] {"a":7,"dup":false,"ev":"game","ms":19612,"predicted":false,"t":2,"tick":938,"type":"hit"}
[client] {"a":7,"dup":false,"ev":"game","ms":19612,"predicted":false,"t":4,"tick":938,"type":"hit"}
[client] {"a":6,"dup":false,"ev":"game","ms":20074,"predicted":false,"t":3,"tick":966,"type":"hit"}
[client] {"counts":{"blocks_on_me":0,"conf_actions":4,"confirmed_hits":14,"dup_confirmed":0,"hits_on_me":1,"pred_actions":5,"predicted_confirmed":1,"predicted_hits":3,"reconnects":0},"ev":"stats","hp":262.0,"in_bytes":208896,"late":0,"local_entity":1,"match":{"countdown_until":300,"ctrl":-1,"final":false,"next":"","phase":3,"rot":2927,"scores":[0,0],"sd":false,"state":3,"tick":673,"zone":"B"},"max_err":0.308,"mean_err":0.0687,"ms":20094,"out_bytes":47648,"pending":9,"pos":[2.37,-2.68],"reconciles":322,"server_tick":971,"snaps":324,"teleports":1}
[client] {"a":7,"dup":false,"ev":"game","ms":20295,"predicted":false,"t":2,"tick":979,"type":"hit"}
[client] {"a":6,"dup":false,"ev":"game","ms":20392,"predicted":false,"t":3,"tick":985,"type":"parry"}
[client] {"a":8,"dup":false,"ev":"game","ms":20944,"predicted":false,"t":4,"tick":1018,"type":"hit"}
[client] {"a":7,"dup":false,"ev":"game","ms":21040,"predicted":false,"t":4,"tick":1024,"type":"hit"}
[client] {"a":7,"dup":false,"ev":"game","ms":21061,"predicted":false,"t":3,"tick":1025,"type":"hit"}
[client] {"a":3,"dup":false,"ev":"game","ms":21614,"predicted":false,"t":8,"tick":1058,"type":"hit"}
[client] {"a":4,"dup":false,"ev":"game","ms":21724,"predicted":false,"t":8,"tick":1065,"type":"hit"}
[client] {"a":4,"dup":false,"ev":"game","ms":21910,"predicted":false,"t":8,"tick":1076,"type":"hit"}
[client] {"a":2,"dup":false,"ev":"game","ms":22027,"predicted":false,"t":8,"tick":1083,"type":"hit"}
[client] {"a":3,"dup":false,"ev":"game","ms":22097,"predicted":false,"t":8,"tick":1087,"type":"hit"}
[client] {"a":2,"dup":false,"ev":"game","ms":22441,"predicted":false,"t":8,"tick":1108,"type":"hit"}
[client] {"a":6,"dup":false,"ev":"game","ms":22462,"predicted":false,"t":2,"tick":1109,"type":"hit"}
[client] {"a":9,"dup":false,"ev":"game","ms":22462,"predicted":false,"t":1,"tick":1109,"type":"hit"}
[client] {"a":4,"dup":false,"ev":"game","ms":22497,"predicted":false,"t":8,"tick":1111,"type":"hit"}
[client] {"a":3,"dup":false,"ev":"game","ms":22710,"predicted":false,"t":7,"tick":1124,"type":"block"}
[client] {"a":3,"dup":false,"ev":"game","ms":22710,"predicted":false,"t":8,"tick":1124,"type":"block"}
[client] {"a":1,"dup":true,"ev":"game","ms":22758,"predicted":false,"t":9,"tick":1132,"type":"hit"}
[client] {"a":4,"dup":false,"ev":"game","ms":22945,"predicted":false,"t":8,"tick":1138,"type":"block"}
[client] {"a":4,"dup":false,"ev":"game","ms":22979,"predicted":false,"t":7,"tick":1140,"type":"block"}
[client] {"a":6,"dup":false,"ev":"game","ms":23105,"predicted":false,"t":2,"tick":1147,"type":"hit"}
[client] {"a":1,"dup":false,"ev":"game","ms":23153,"predicted":false,"t":9,"tick":1155,"type":"parry"}
[client] {"a":6,"dup":false,"ev":"game","ms":23684,"predicted":false,"t":4,"tick":1182,"type":"hit"}
[client] {"a":3,"dup":false,"ev":"game","ms":23718,"predicted":false,"t":8,"tick":1184,"type":"block"}
[client] {"a":6,"dup":false,"ev":"game","ms":23718,"predicted":false,"t":3,"tick":1184,"type":"hit"}
[client] {"a":4,"dup":false,"ev":"game","ms":24070,"predicted":false,"t":5,"tick":1205,"type":"block"}
[client] {"a":4,"dup":false,"ev":"game","ms":24070,"predicted":false,"t":8,"tick":1205,"type":"block"}
[client] {"a":1,"dup":true,"ev":"game","ms":24070,"predicted":false,"t":9,"tick":1210,"type":"hit"}
[client] {"a":2,"dup":false,"ev":"game","ms":24181,"predicted":false,"t":6,"tick":1212,"type":"hit"}
[client] {"a":0,"dup":false,"ev":"game","ms":24561,"predicted":false,"t":9,"tick":1235,"type":"hit"}
[client] {"a":4,"dup":false,"ev":"game","ms":24726,"predicted":false,"t":8,"tick":1245,"type":"block"}
[client] {"counts":{"blocks_on_me":0,"conf_actions":8,"confirmed_hits":34,"dup_confirmed":0,"hits_on_me":2,"pred_actions":10,"predicted_confirmed":3,"predicted_hits":8,"reconnects":0},"ev":"stats","hp":244.0,"in_bytes":279676,"late":0,"local_entity":1,"match":{"countdown_until":300,"ctrl":-1,"final":false,"next":"","phase":3,"rot":2627,"scores":[0,0],"sd":false,"state":3,"tick":973,"zone":"B"},"max_err":1.016,"mean_err":0.0615,"ms":25091,"out_bytes":62348,"pending":9,"pos":[2.07,-3.13],"reconciles":422,"server_tick":1272,"snaps":424,"teleports":1}
[client] {"a":7,"dup":false,"ev":"game","ms":25196,"predicted":false,"t":4,"tick":1273,"type":"hit"}
[client] {"a":3,"dup":false,"ev":"game","ms":25431,"predicted":false,"t":5,"tick":1287,"type":"block"}
[client] {"a":3,"dup":false,"ev":"game","ms":25444,"predicted":false,"t":7,"tick":1288,"type":"hit"}
[client] {"a":2,"dup":false,"ev":"game","ms":25561,"predicted":false,"t":8,"tick":1295,"type":"hit"}
[client] {"a":4,"dup":false,"ev":"game","ms":25596,"predicted":false,"t":8,"tick":1297,"type":"hit"}
[client] {"a":1,"dup":true,"ev":"game","ms":25948,"predicted":false,"t":6,"tick":1323,"type":"hit"}
[client] {"a":0,"dup":false,"ev":"game","ms":26030,"predicted":false,"t":6,"tick":1323,"type":"hit"}
[client] {"a":4,"dup":false,"ev":"game","ms":26196,"predicted":false,"t":8,"tick":1333,"type":"block"}
[client] {"a":7,"dup":false,"ev":"game","ms":26344,"predicted":false,"t":3,"tick":1342,"type":"hit"}
[client] {"a":8,"dup":false,"ev":"game","ms":26509,"predicted":false,"t":4,"tick":1352,"type":"hit"}
[client] {"a":3,"dup":false,"ev":"game","ms":27027,"predicted":false,"t":5,"tick":1382,"type":"block"}
[client] {"a":3,"dup":false,"ev":"game","ms":27027,"predicted":false,"t":8,"tick":1382,"type":"hit"}
[client] {"a":0,"dup":false,"ev":"game","ms":27241,"predicted":false,"t":9,"tick":1395,"type":"hit"}
[client] {"a":0,"dup":false,"ev":"game","ms":27578,"predicted":false,"t":9,"tick":1415,"type":"block"}
[client] {"a":7,"dup":false,"ev":"game","ms":27592,"predicted":false,"t":4,"tick":1416,"type":"hit"}
[client] {"a":8,"dup":false,"ev":"game","ms":27689,"predicted":false,"t":3,"tick":1422,"type":"hit"}
[client] {"a":2,"dup":false,"ev":"game","ms":27758,"predicted":false,"t":5,"tick":1426,"type":"guard_break"}
[client] {"a":0,"dup":false,"ev":"game","ms":27910,"predicted":false,"t":9,"tick":1435,"type":"block"}
[client] {"a":6,"dup":false,"ev":"game","ms":28089,"predicted":false,"t":3,"tick":1446,"type":"block"}
[client] {"a":0,"dup":false,"ev":"game","ms":28179,"predicted":false,"t":9,"tick":1451,"type":"block"}
[client] {"a":8,"dup":false,"ev":"game","ms":28241,"predicted":false,"t":3,"tick":1455,"type":"block"}
[client] {"a":7,"dup":false,"ev":"game","ms":28476,"predicted":false,"t":2,"tick":1469,"type":"hit"}
[client] {"a":6,"dup":false,"ev":"game","ms":28558,"predicted":false,"t":4,"tick":1474,"type":"hit"}
[client] {"a":0,"dup":false,"ev":"game","ms":28745,"predicted":false,"t":9,"tick":1485,"type":"hit"}
[client] {"a":0,"dup":false,"ev":"game","ms":29124,"predicted":false,"t":9,"tick":1508,"type":"parry"}
[client] {"a":6,"dup":false,"ev":"game","ms":29228,"predicted":false,"t":3,"tick":1514,"type":"hit"}
[client] {"a":3,"dup":false,"ev":"game","ms":29593,"predicted":false,"t":6,"tick":1536,"type":"hit"}
[client] {"a":8,"dup":false,"ev":"game","ms":29780,"predicted":false,"t":3,"tick":1547,"type":"hit"}
[client] {"a":7,"dup":false,"ev":"game","ms":29828,"predicted":false,"t":3,"tick":1550,"type":"hit"}
[client] {"a":2,"dup":false,"ev":"game","ms":29863,"predicted":false,"t":7,"tick":1552,"type":"hit"}
[client] {"a":0,"dup":false,"ev":"game","ms":30028,"predicted":false,"t":9,"tick":1563,"type":"hit"}
[client] {"a":6,"dup":false,"ev":"game","ms":30042,"predicted":false,"t":3,"tick":1564,"type":"hit"}
[client] {"counts":{"blocks_on_me":0,"conf_actions":9,"confirmed_hits":56,"dup_confirmed":0,"hits_on_me":2,"pred_actions":11,"predicted_confirmed":4,"predicted_hits":10,"reconnects":0},"ev":"stats","hp":244.0,"in_bytes":350509,"late":0,"local_entity":1,"match":{"countdown_until":300,"ctrl":-1,"final":false,"next":"","phase":3,"rot":2327,"scores":[0,0],"sd":false,"state":3,"tick":1273,"zone":"B"},"max_err":1.016,"mean_err":0.0502,"ms":30096,"out_bytes":77048,"pending":9,"pos":[0.18,-2.78],"reconciles":522,"server_tick":1571,"snaps":524,"teleports":1}
[client] {"a":0,"dup":false,"ev":"game","ms":30394,"predicted":false,"t":9,"tick":1585,"type":"block"}
[client] {"a":8,"dup":false,"ev":"game","ms":30546,"predicted":false,"t":3,"tick":1594,"type":"guard_break"}
[client] {"a":6,"dup":false,"ev":"game","ms":30628,"predicted":false,"t":3,"tick":1599,"type":"hit"}
[client] {"a":2,"dup":false,"ev":"game","ms":30746,"predicted":false,"t":5,"tick":1606,"type":"guard_break"}
[client] {"a":0,"dup":false,"ev":"game","ms":30877,"predicted":false,"t":9,"tick":1614,"type":"block"}
[client] {"a":2,"dup":false,"ev":"game","ms":31229,"predicted":false,"t":5,"tick":1635,"type":"hit"}
[client] {"a":8,"dup":false,"ev":"game","ms":31263,"predicted":false,"t":2,"tick":1637,"type":"hit"}
[client] {"a":6,"dup":false,"ev":"game","ms":32029,"predicted":false,"t":2,"tick":1683,"type":"hit"}
[client] {"a":6,"dup":false,"ev":"game","ms":32347,"predicted":false,"t":2,"tick":1702,"type":"block"}
[client] {"a":0,"dup":false,"ev":"game","ms":33244,"predicted":false,"t":9,"tick":1756,"type":"hit"}
[client] {"a":6,"dup":false,"ev":"game","ms":34278,"predicted":false,"t":1,"tick":1818,"type":"hit"}
[client] {"a":1,"dup":true,"ev":"game","ms":34561,"predicted":false,"t":6,"tick":1840,"type":"hit"}
[client] {"a":6,"dup":false,"ev":"game","ms":34645,"predicted":false,"t":-1,"tick":1840,"type":"ko"}
[client] {"counts":{"blocks_on_me":0,"conf_actions":11,"confirmed_hits":63,"dup_confirmed":0,"hits_on_me":3,"pred_actions":13,"predicted_confirmed":5,"predicted_hits":14,"reconnects":0},"ev":"stats","hp":262.0,"in_bytes":413843,"late":0,"local_entity":1,"match":{"countdown_until":300,"ctrl":-1,"final":false,"next":"","phase":3,"rot":2027,"scores":[0,0],"sd":false,"state":3,"tick":1573,"zone":"B"},"max_err":1.26,"mean_err":0.046,"ms":35099,"out_bytes":91748,"pending":9,"pos":[-2.13,-1.96],"reconciles":622,"server_tick":1871,"snaps":624,"teleports":1}
[client] {"a":1,"dup":false,"ev":"game","ms":35149,"predicted":false,"t":5,"tick":1875,"type":"guard_break"}
[client] {"a":0,"dup":false,"ev":"game","ms":35562,"predicted":false,"t":5,"tick":1895,"type":"hit"}
[client] {"a":1,"dup":true,"ev":"game","ms":35665,"predicted":false,"t":5,"tick":1906,"type":"hit"}
[client] {"a":1,"dup":false,"ev":"game","ms":36149,"predicted":false,"t":5,"tick":1935,"type":"guard_break"}
[client] {"a":1,"dup":true,"ev":"game","ms":36634,"predicted":false,"t":5,"tick":1962,"type":"hit"}
[client] {"a":1,"dup":false,"ev":"game","ms":36945,"predicted":false,"t":5,"tick":1983,"type":"guard_break"}
[client] {"a":8,"dup":false,"ev":"game","ms":37311,"predicted":false,"t":0,"tick":1999,"type":"hit"}
[client] {"a":1,"dup":true,"ev":"game","ms":37512,"predicted":false,"t":5,"tick":2016,"type":"hit"}
[client] {"a":1,"dup":false,"ev":"game","ms":38139,"predicted":false,"t":5,"tick":2054,"type":"guard_break"}
[client] {"a":1,"dup":true,"ev":"game","ms":38741,"predicted":false,"t":5,"tick":2090,"type":"hit"}
[client] {"a":1,"dup":false,"ev":"game","ms":39113,"predicted":false,"t":5,"tick":2113,"type":"guard_break"}
[client] {"a":7,"dup":false,"ev":"game","ms":39195,"predicted":false,"t":4,"tick":2112,"type":"hit"}
[client] {"a":1,"dup":true,"ev":"game","ms":39443,"predicted":false,"t":5,"tick":2133,"type":"hit"}
[client] {"counts":{"blocks_on_me":0,"conf_actions":21,"confirmed_hits":71,"dup_confirmed":0,"hits_on_me":3,"pred_actions":23,"predicted_confirmed":10,"predicted_hits":31,"reconnects":0},"ev":"stats","hp":262.0,"in_bytes":481502,"late":0,"local_entity":1,"match":{"countdown_until":300,"ctrl":-1,"final":false,"next":"","phase":3,"rot":1730,"scores":[0,0],"sd":false,"state":3,"tick":1870,"zone":"B"},"max_err":1.26,"mean_err":0.0413,"ms":40091,"out_bytes":106448,"pending":9,"pos":[-6.39,-1.34],"reconciles":722,"server_tick":2171,"snaps":723,"teleports":1}
[client] {"a":8,"dup":false,"ev":"game","ms":40492,"predicted":false,"t":1,"tick":2190,"type":"hit"}
[client] {"a":7,"dup":false,"ev":"game","ms":40775,"predicted":false,"t":3,"tick":2207,"type":"hit"}
[client] {"a":1,"dup":false,"ev":"game","ms":41313,"predicted":false,"t":5,"tick":2245,"type":"guard_break"}
[client] {"a":7,"dup":false,"ev":"game","ms":41527,"predicted":false,"t":3,"tick":2253,"type":"hit"}
[client] {"a":1,"dup":true,"ev":"game","ms":41963,"predicted":false,"t":5,"tick":2284,"type":"hit"}
[client] {"a":1,"dup":false,"ev":"game","ms":41976,"predicted":false,"t":8,"tick":2285,"type":"block"}
[client] {"a":0,"dup":false,"ev":"game","ms":42479,"predicted":false,"t":8,"tick":2310,"type":"block"}
[client] {"a":1,"dup":false,"ev":"game","ms":42658,"predicted":false,"t":8,"tick":2326,"type":"block"}
[client] {"a":0,"dup":false,"ev":"game","ms":42714,"predicted":false,"t":8,"tick":2324,"type":"block"}
[client] {"a":8,"dup":false,"ev":"game","ms":43259,"predicted":false,"t":1,"tick":2357,"type":"hit"}
[client] {"a":0,"dup":false,"ev":"game","ms":43328,"predicted":false,"t":8,"tick":2361,"type":"hit"}
[client] {"a":2,"dup":false,"ev":"game","ms":43797,"predicted":false,"t":7,"tick":2389,"type":"hit"}
[client] {"a":1,"dup":false,"ev":"game","ms":43845,"predicted":false,"t":5,"tick":2397,"type":"guard_break"}
[client] {"a":2,"dup":false,"ev":"game","ms":44328,"predicted":false,"t":7,"tick":2421,"type":"block"}
[client] {"a":6,"dup":false,"ev":"game","ms":44646,"predicted":false,"t":-1,"tick":2440,"type":"respawn"}
[client] {"a":1,"dup":false,"ev":"game","ms":44763,"predicted":false,"t":5,"tick":2452,"type":"guard_break"}
[client] {"counts":{"blocks_on_me":0,"conf_actions":28,"confirmed_hits":78,"dup_confirmed":0,"hits_on_me":5,"pred_actions":30,"predicted_confirmed":11,"predicted_hits":43,"reconnects":0},"ev":"stats","hp":206.0,"in_bytes":550022,"late":0,"local_entity":1,"match":{"countdown_until":300,"ctrl":-1,"final":false,"next":"","phase":3,"rot":1427,"scores":[0,0],"sd":false,"state":3,"tick":2173,"zone":"B"},"max_err":1.327,"mean_err":0.0391,"ms":45093,"out_bytes":121148,"pending":9,"pos":[-6.62,-2.04],"reconciles":822,"server_tick":2471,"snaps":824,"teleports":1}
[client] {"a":1,"dup":true,"ev":"game","ms":45632,"predicted":false,"t":5,"tick":2504,"type":"hit"}
[client] {"a":9,"dup":false,"ev":"game","ms":45743,"predicted":false,"t":1,"tick":2506,"type":"hit"}
[client] {"a":7,"dup":false,"ev":"game","ms":46097,"predicted":false,"t":2,"tick":2527,"type":"hit"}
[client] {"a":1,"dup":false,"ev":"game","ms":46612,"predicted":false,"t":5,"tick":2563,"type":"guard_break"}
[client] {"a":1,"dup":true,"ev":"game","ms":47012,"predicted":false,"t":5,"tick":2587,"type":"hit"}
[client] {"a":9,"dup":false,"ev":"game","ms":47234,"predicted":false,"t":1,"tick":2595,"type":"hit"}
[client] {"a":2,"dup":false,"ev":"game","ms":47316,"predicted":false,"t":7,"tick":2600,"type":"hit"}
[client] {"a":1,"dup":true,"ev":"game","ms":47530,"predicted":false,"t":9,"tick":2618,"type":"hit"}
[client] {"a":7,"dup":false,"ev":"game","ms":48013,"predicted":false,"t":2,"tick":2642,"type":"hit"}
[client] {"a":4,"dup":false,"ev":"game","ms":48261,"predicted":false,"t":7,"tick":2657,"type":"hit"}
[client] {"a":9,"dup":false,"ev":"game","ms":49165,"predicted":false,"t":1,"tick":2711,"type":"block"}
[client] {"a":7,"dup":false,"ev":"game","ms":49297,"predicted":false,"t":4,"tick":2719,"type":"hit"}
[client] {"a":7,"dup":false,"ev":"game","ms":49552,"predicted":false,"t":4,"tick":2734,"type":"hit"}
[client] {"a":9,"dup":false,"ev":"game","ms":49696,"predicted":false,"t":1,"tick":2743,"type":"hit"}
[client] {"counts":{"blocks_on_me":1,"conf_actions":34,"confirmed_hits":90,"dup_confirmed":0,"hits_on_me":8,"pred_actions":38,"predicted_confirmed":14,"predicted_hits":50,"reconnects":0},"ev":"stats","hp":136.0,"in_bytes":615087,"late":0,"local_entity":1,"match":{"countdown_until":300,"ctrl":-1,"final":false,"next":"","phase":3,"rot":1127,"scores":[0,0],"sd":false,"state":3,"tick":2473,"zone":"B"},"max_err":1.707,"mean_err":0.0378,"ms":50096,"out_bytes":135848,"pending":9,"pos":[-5.09,-3.66],"reconciles":921,"server_tick":2771,"snaps":923,"teleports":1}
[client] {"a":9,"dup":false,"ev":"game","ms":50918,"predicted":false,"t":1,"tick":2816,"type":"hit"}
[client] {"a":1,"dup":false,"ev":"game","ms":51235,"predicted":false,"t":5,"tick":2840,"type":"guard_break"}
[client] {"a":3,"dup":false,"ev":"game","ms":51815,"predicted":false,"t":7,"tick":2870,"type":"hit"}
[client] {"a":9,"dup":false,"ev":"game","ms":51815,"predicted":false,"t":1,"tick":2870,"type":"hit"}
[client] {"a":1,"dup":true,"ev":"game","ms":52098,"predicted":false,"t":5,"tick":2892,"type":"hit"}
[client] {"a":1,"dup":true,"ev":"game","ms":52098,"predicted":false,"t":9,"tick":2892,"type":"hit"}
[client] {"a":1,"dup":false,"ev":"game","ms":52436,"predicted":false,"t":5,"tick":2912,"type":"guard_break"}
[client] {"a":1,"dup":false,"ev":"game","ms":52436,"predicted":false,"t":9,"tick":2912,"type":"parry"}
[client] {"a":1,"dup":true,"ev":"game","ms":52845,"predicted":false,"t":5,"tick":2937,"type":"hit"}
[client] {"a":5,"dup":false,"ev":"game","ms":52927,"predicted":false,"t":-1,"tick":2937,"type":"ko"}
[client] {"a":9,"dup":false,"ev":"game","ms":53431,"predicted":false,"t":1,"tick":2967,"type":"hit"}
[client] {"a":9,"dup":false,"ev":"game","ms":53880,"predicted":false,"t":1,"tick":2994,"type":"hit"}
[client] {"a":0,"dup":false,"ev":"game","ms":53894,"predicted":false,"t":6,"tick":2995,"type":"hit"}
[client] {"a":1,"dup":true,"ev":"game","ms":54177,"predicted":false,"t":9,"tick":3017,"type":"hit"}
[client] {"a":0,"dup":false,"ev":"game","ms":54259,"predicted":false,"t":6,"tick":3017,"type":"hit"}
[client] {"a":1,"dup":false,"ev":"game","ms":54528,"predicted":false,"t":9,"tick":3038,"type":"block"}
[client] {"a":0,"dup":false,"ev":"game","ms":54598,"predicted":false,"t":6,"tick":3037,"type":"hit"}
[client] {"counts":{"blocks_on_me":1,"conf_actions":43,"confirmed_hits":102,"dup_confirmed":0,"hits_on_me":12,"pred_actions":49,"predicted_confirmed":18,"predicted_hits":65,"reconnects":0},"ev":"stats","hp":64.0,"in_bytes":682376,"late":0,"local_entity":1,"match":{"countdown_until":300,"ctrl":-1,"final":false,"next":"A","phase":3,"rot":827,"scores":[0,0],"sd":false,"state":3,"tick":2773,"zone":"B"},"max_err":1.707,"mean_err":0.0366,"ms":55093,"out_bytes":150548,"pending":9,"pos":[-5.26,-2.2],"reconciles":1020,"server_tick":3071,"snaps":1022,"teleports":1}
[client] {"a":0,"dup":false,"ev":"game","ms":55129,"predicted":false,"t":6,"tick":3069,"type":"hit"}
[client] {"a":8,"dup":false,"ev":"game","ms":55233,"predicted":false,"t":1,"tick":3075,"type":"hit"}
[client] {"a":6,"dup":false,"ev":"game","ms":56124,"predicted":false,"t":0,"tick":3129,"type":"hit"}
[client] {"a":1,"dup":true,"ev":"game","ms":56394,"predicted":false,"t":9,"tick":3150,"type":"hit"}
[client] {"a":8,"dup":false,"ev":"game","ms":57110,"predicted":false,"t":1,"tick":3188,"type":"hit"}
[client] {"a":6,"dup":false,"ev":"game","ms":57463,"predicted":false,"t":0,"tick":3209,"type":"hit"}
[client] {"a":8,"dup":false,"ev":"game","ms":57628,"predicted":false,"t":1,"tick":3219,"type":"hit"}
[client] {"a":0,"dup":false,"ev":"game","ms":57876,"predicted":false,"t":6,"tick":3234,"type":"hit"}
[client] {"a":1,"dup":true,"ev":"game","ms":57959,"predicted":false,"t":8,"tick":3244,"type":"hit"}
[client] {"a":0,"dup":false,"ev":"game","ms":58290,"predicted":false,"t":6,"tick":3259,"type":"hit"}
[client] {"a":1,"dup":true,"ev":"game","ms":58290,"predicted":false,"t":8,"tick":3264,"type":"hit"}
[client] {"a":6,"dup":false,"ev":"game","ms":58677,"predicted":false,"t":0,"tick":3282,"type":"hit"}
[client] {"a":0,"dup":false,"ev":"game","ms":59064,"predicted":false,"t":6,"tick":3305,"type":"hit"}
[client] {"a":6,"dup":false,"ev":"game","ms":59428,"predicted":false,"t":0,"tick":3327,"type":"hit"}
[client] {"counts":{"blocks_on_me":1,"conf_actions":51,"confirmed_hits":116,"dup_confirmed":0,"hits_on_me":15,"pred_actions":56,"predicted_confirmed":21,"predicted_hits":76,"reconnects":0},"ev":"stats","hp":2.0,"in_bytes":747465,"late":0,"local_entity":1,"match":{"countdown_until":300,"ctrl":-1,"final":false,"next":"A","phase":3,"rot":527,"scores":[0,0],"sd":false,"state":3,"tick":3073,"zone":"B"},"max_err":1.707,"mean_err":0.0365,"ms":60090,"out_bytes":165248,"pending":9,"pos":[-3.27,-2.28],"reconciles":1120,"server_tick":3371,"snaps":1122,"teleports":1}
[client] {"a":0,"dup":false,"ev":"game","ms":60525,"predicted":false,"t":6,"tick":3393,"type":"hit"}
[client] {"a":1,"dup":true,"ev":"game","ms":60663,"predicted":false,"t":8,"tick":3406,"type":"hit"}
[client] {"a":1,"dup":true,"ev":"game","ms":61429,"predicted":false,"t":6,"tick":3452,"type":"hit"}
[client] {"a":7,"dup":false,"ev":"game","ms":61831,"predicted":false,"t":0,"tick":3471,"type":"hit"}
[client] {"a":2,"dup":false,"ev":"game","ms":61843,"predicted":false,"t":6,"tick":3472,"type":"hit"}
[client] {"a":6,"dup":false,"ev":"game","ms":61843,"predicted":false,"t":-1,"tick":3472,"type":"ko"}
[client] {"a":3,"dup":false,"ev":"game","ms":62160,"predicted":false,"t":7,"tick":3491,"type":"hit"}
[client] {"a":5,"dup":false,"ev":"game","ms":62926,"predicted":false,"t":-1,"tick":3537,"type":"respawn"}
[client] {"a":2,"dup":false,"ev":"game","ms":63693,"predicted":false,"t":8,"tick":3583,"type":"block"}
[client] {"a":4,"dup":false,"ev":"game","ms":63713,"predicted":false,"t":8,"tick":3584,"type":"block"}
[client] {"a":2,"dup":false,"ev":"game","ms":64182,"predicted":false,"t":8,"tick":3612,"type":"hit"}
[client] {"a":4,"dup":false,"ev":"game","ms":64182,"predicted":false,"t":8,"tick":3612,"type":"hit"}
[client] {"counts":{"blocks_on_me":1,"conf_actions":54,"confirmed_hits":124,"dup_confirmed":0,"hits_on_me":15,"pred_actions":59,"predicted_confirmed":23,"predicted_hits":81,"reconnects":0},"ev":"stats","hp":2.0,"in_bytes":807681,"late":0,"local_entity":1,"match":{"countdown_until":300,"ctrl":-1,"final":false,"next":"A","phase":3,"rot":227,"scores":[0,0],"sd":false,"state":3,"tick":3373,"zone":"B"},"max_err":1.707,"mean_err":0.034,"ms":65092,"out_bytes":179948,"pending":9,"pos":[0.12,-2.78],"reconciles":1220,"server_tick":3671,"snaps":1222,"teleports":1}
[client] {"a":3,"dup":false,"ev":"game","ms":67624,"predicted":false,"t":5,"tick":3819,"type":"hit"}
[client] {"a":3,"dup":false,"ev":"game","ms":68156,"predicted":false,"t":5,"tick":3851,"type":"block"}
[client] {"a":-1,"dup":false,"ev":"game","ms":68956,"predicted":false,"t":-1,"tick":3899,"type":"zone_rotated"}
[client] {"a":3,"dup":false,"ev":"game","ms":68977,"predicted":false,"t":5,"tick":3900,"type":"block"}
[client] {"a":4,"dup":false,"ev":"game","ms":69805,"predicted":false,"t":5,"tick":3950,"type":"block"}
[client] {"counts":{"blocks_on_me":1,"conf_actions":54,"confirmed_hits":125,"dup_confirmed":0,"hits_on_me":15,"pred_actions":59,"predicted_confirmed":23,"predicted_hits":81,"reconnects":0},"ev":"stats","hp":29.0,"in_bytes":864697,"late":0,"local_entity":1,"match":{"countdown_until":300,"ctrl":-1,"final":false,"next":"","phase":3,"rot":3527,"scores":[2,0],"sd":false,"state":1,"tick":3673,"zone":"A"},"max_err":1.707,"mean_err":0.0315,"ms":70087,"out_bytes":194648,"pending":9,"pos":[-6.92,-1.73],"reconciles":1319,"server_tick":3971,"snaps":1322,"teleports":1}
[client] {"a":3,"dup":false,"ev":"game","ms":70122,"predicted":false,"t":5,"tick":3969,"type":"block"}
[client] {"a":4,"dup":false,"ev":"game","ms":70591,"predicted":false,"t":5,"tick":3997,"type":"guard_break"}
[client] {"a":4,"dup":false,"ev":"game","ms":70807,"predicted":false,"t":5,"tick":4010,"type":"hit"}
[client] {"a":4,"dup":false,"ev":"game","ms":71392,"predicted":false,"t":5,"tick":4045,"type":"guard_break"}
[client] {"a":6,"dup":false,"ev":"game","ms":71841,"predicted":false,"t":-1,"tick":4072,"type":"respawn"}
[client] {"a":4,"dup":false,"ev":"game","ms":71909,"predicted":false,"t":5,"tick":4076,"type":"hit"}
[client] {"a":4,"dup":false,"ev":"game","ms":72378,"predicted":false,"t":5,"tick":4104,"type":"guard_break"}
[client] {"a":8,"dup":false,"ev":"game","ms":72641,"predicted":false,"t":3,"tick":4120,"type":"hit"}
[client] {"a":4,"dup":false,"ev":"game","ms":72979,"predicted":false,"t":5,"tick":4140,"type":"hit"}
[client] {"a":3,"dup":false,"ev":"game","ms":74076,"predicted":false,"t":5,"tick":4205,"type":"guard_break"}
[client] {"a":4,"dup":false,"ev":"game","ms":74345,"predicted":false,"t":5,"tick":4221,"type":"hit"}
[client] {"a":8,"dup":false,"ev":"game","ms":74924,"predicted":false,"t":4,"tick":4256,"type":"hit"}
[client] {"counts":{"blocks_on_me":1,"conf_actions":54,"confirmed_hits":131,"dup_confirmed":0,"hits_on_me":15,"pred_actions":59,"predicted_confirmed":23,"predicted_hits":81,"reconnects":0},"ev":"stats","hp":118.999999999999,"in_bytes":925684,"late":0,"local_entity":1,"match":{"countdown_until":300,"ctrl":-1,"final":false,"next":"","phase":3,"rot":3230,"scores":[2,1],"sd":false,"state":3,"tick":3970,"zone":"A"},"max_err":1.707,"mean_err":0.0293,"ms":75089,"out_bytes":209348,"pending":9,"pos":[-35.46,-3.7],"reconciles":1419,"server_tick":4271,"snaps":1421,"teleports":1}
[client] {"a":8,"dup":false,"ev":"game","ms":75442,"predicted":false,"t":3,"tick":4288,"type":"hit"}
[client] {"a":4,"dup":false,"ev":"game","ms":75559,"predicted":false,"t":5,"tick":4294,"type":"guard_break"}
[client] {"a":9,"dup":false,"ev":"game","ms":75794,"predicted":false,"t":2,"tick":4309,"type":"hit"}
[client] {"a":7,"dup":false,"ev":"game","ms":76008,"predicted":false,"t":3,"tick":4322,"type":"hit"}
[client] {"a":4,"dup":false,"ev":"game","ms":76042,"predicted":false,"t":5,"tick":4324,"type":"hit"}
[client] {"a":2,"dup":false,"ev":"game","ms":76180,"predicted":false,"t":9,"tick":4332,"type":"hit"}
[client] {"a":4,"dup":false,"ev":"game","ms":76525,"predicted":false,"t":5,"tick":4353,"type":"hit"}
[client] {"a":3,"dup":false,"ev":"game","ms":76581,"predicted":false,"t":5,"tick":4356,"type":"hit"}
[client] {"a":2,"dup":false,"ev":"game","ms":76725,"predicted":false,"t":9,"tick":4365,"type":"block"}
[client] {"a":7,"dup":false,"ev":"game","ms":76946,"predicted":false,"t":3,"tick":4378,"type":"hit"}
[client] {"a":4,"dup":false,"ev":"game","ms":76960,"predicted":false,"t":5,"tick":4379,"type":"guard_break"}
[client] {"a":3,"dup":false,"ev":"game","ms":77429,"predicted":false,"t":5,"tick":4407,"type":"hit"}
[client] {"a":7,"dup":false,"ev":"game","ms":77478,"predicted":false,"t":3,"tick":4410,"type":"hit"}
[client] {"a":4,"dup":false,"ev":"game","ms":77561,"predicted":false,"t":5,"tick":4415,"type":"hit"}
[client] {"a":2,"dup":false,"ev":"game","ms":77581,"predicted":false,"t":9,"tick":4416,"type":"hit"}
[client] {"a":7,"dup":false,"ev":"game","ms":77726,"predicted":false,"t":3,"tick":4425,"type":"hit"}
[client] {"a":4,"dup":false,"ev":"game","ms":78230,"predicted":false,"t":5,"tick":4455,"type":"hit"}
[client] {"a":2,"dup":false,"ev":"game","ms":78465,"predicted":false,"t":9,"tick":4469,"type":"hit"}
[client] {"a":4,"dup":false,"ev":"game","ms":78465,"predicted":false,"t":5,"tick":4469,"type":"hit"}
[client] {"a":5,"dup":false,"ev":"game","ms":78465,"predicted":false,"t":-1,"tick":4469,"type":"ko"}
[client] {"a":2,"dup":false,"ev":"game","ms":78927,"predicted":false,"t":9,"tick":4497,"type":"block"}
[client] {"counts":{"blocks_on_me":1,"conf_actions":54,"confirmed_hits":147,"dup_confirmed":0,"hits_on_me":15,"pred_actions":59,"predicted_confirmed":23,"predicted_hits":81,"reconnects":0},"ev":"stats","hp":207.500000000002,"in_bytes":991994,"late":0,"local_entity":1,"match":{"countdown_until":300,"ctrl":0,"final":false,"next":"","phase":3,"rot":2933,"scores":[3,1],"sd":false,"state":2,"tick":4267,"zone":"A"},"max_err":1.707,"mean_err":0.0275,"ms":80009,"out_bytes":223803,"pending":7,"pos":[-41.53,-0.26],"reconciles":1518,"server_tick":4566,"snaps":1520,"teleports":1}
