Godot Engine v4.7.2.stable.official.ed1daf0bf - https://godotengine.org

[client] {"detail":"127.0.0.1:24651","ev":"status","ms":1,"status":"connecting"}
[client] {"detail":"","ev":"status","ms":16,"status":"connected"}
[client] {"ev":"welcome","ms":23,"observer":false,"pid":4}
[client] {"ev":"pick","f":"bruno","ms":278}
[client] {"ev":"notice","ms":285,"msg":{"code":"taken","for":"pick","t":"error"}}
[client] {"ev":"pick","f":"vex","ms":1230}
[client] {"ev":"lock","f":"vex","ms":2224}
[client] {"ev":"match_setup","fighters":10,"ms":3243,"you":1}
[client] {"counts":{"blocks_on_me":0,"conf_actions":0,"confirmed_hits":0,"dup_confirmed":0,"hits_on_me":0,"pred_actions":0,"predicted_confirmed":0,"predicted_hits":0,"reconnects":0},"ev":"stats","hp":220.0,"in_bytes":54157,"late":0,"local_entity":1,"match":{"countdown_until":300,"ctrl":-1,"final":false,"next":"","phase":2,"rot":3600,"scores":[0,0],"sd":false,"state":1,"tick":0,"zone":""},"max_err":0.303,"mean_err":0.2217,"ms":4946,"out_bytes":5123,"pending":8,"pos":[-3.14,-46.1],"reconciles":32,"server_tick":102,"snaps":34,"teleports":1}
[client] {"counts":{"blocks_on_me":0,"conf_actions":0,"confirmed_hits":0,"dup_confirmed":0,"hits_on_me":0,"pred_actions":0,"predicted_confirmed":0,"predicted_hits":0,"reconnects":0},"ev":"stats","hp":220.0,"in_bytes":96632,"late":0,"local_entity":1,"match":{"countdown_until":300,"ctrl":-1,"final":false,"next":"","phase":3,"rot":3497,"scores":[0,0],"sd":false,"state":1,"tick":103,"zone":"B"},"max_err":0.583,"mean_err":0.1842,"ms":9943,"out_bytes":19823,"pending":5,"pos":[-2.56,-35.03],"reconciles":130,"server_tick":402,"snaps":131,"teleports":1}
[client] {"counts":{"blocks_on_me":0,"conf_actions":0,"confirmed_hits":0,"dup_confirmed":0,"hits_on_me":0,"pred_actions":0,"predicted_confirmed":0,"predicted_hits":0,"reconnects":0},"ev":"stats","hp":220.0,"in_bytes":152710,"late":0,"local_entity":1,"match":{"countdown_until":300,"ctrl":-1,"final":false,"next":"","phase":3,"rot":3197,"scores":[0,0],"sd":false,"state":3,"tick":403,"zone":"B"},"max_err":0.583,"mean_err":0.1051,"ms":14946,"out_bytes":34523,"pending":8,"pos":[0.12,-2.73],"reconciles":228,"server_tick":702,"snaps":230,"teleports":1}
[client] {"a":3,"dup":false,"ev":"game","ms":15300,"predicted":false,"t":6,"tick":718,"type":"hit"}
[client] {"a":7,"dup":false,"ev":"game","ms":15782,"predicted":false,"t":3,"tick":747,"type":"hit"}
[client] {"a":9,"dup":false,"ev":"game","ms":16430,"predicted":false,"t":4,"tick":786,"type":"hit"}
[client] {"a":3,"dup":false,"ev":"game","ms":16547,"predicted":false,"t":7,"tick":793,"type":"hit"}
[client] {"a":3,"dup":false,"ev":"game","ms":16582,"predicted":false,"t":8,"tick":795,"type":"hit"}
[client] {"a":2,"dup":false,"ev":"game","ms":16817,"predicted":false,"t":9,"tick":809,"type":"hit"}
[client] {"a":2,"dup":false,"ev":"game","ms":17031,"predicted":false,"t":9,"tick":822,"type":"hit"}
[client] {"a":3,"dup":false,"ev":"game","ms":17114,"predicted":false,"t":6,"tick":827,"type":"hit"}
[client] {"a":7,"dup":false,"ev":"game","ms":17162,"predicted":false,"t":3,"tick":830,"type":"hit"}
[client] {"a":3,"dup":false,"ev":"game","ms":17714,"predicted":false,"t":6,"tick":863,"type":"hit"}
[client] {"a":3,"dup":false,"ev":"game","ms":17714,"predicted":false,"t":7,"tick":863,"type":"hit"}
[client] {"a":9,"dup":false,"ev":"game","ms":17876,"predicted":false,"t":2,"tick":872,"type":"hit"}
[client] {"a":9,"dup":false,"ev":"game","ms":17876,"predicted":false,"t":4,"tick":872,"type":"hit"}
[client] {"a":9,"dup":false,"ev":"game","ms":17914,"predicted":false,"t":1,"tick":875,"type":"block"}
[client] {"a":3,"dup":false,"ev":"game","ms":18163,"predicted":false,"t":6,"tick":890,"type":"hit"}
[client] {"a":6,"dup":false,"ev":"game","ms":18515,"predicted":false,"t":3,"tick":912,"type":"hit"}
[client] {"a":5,"dup":false,"ev":"game","ms":18618,"predicted":false,"t":3,"tick":918,"type":"hit"}
[client] {"a":9,"dup":false,"ev":"game","ms":18632,"predicted":false,"t":1,"tick":919,"type":"block"}
[client] {"a":9,"dup":false,"ev":"game","ms":18666,"predicted":false,"t":2,"tick":921,"type":"hit"}
[client] {"a":9,"dup":false,"ev":"game","ms":18700,"predicted":false,"t":4,"tick":923,"type":"hit"}
[client] {"a":9,"dup":false,"ev":"game","ms":18901,"predicted":false,"t":1,"tick":935,"type":"block"}
[client] {"a":9,"dup":false,"ev":"game","ms":18914,"predicted":false,"t":2,"tick":936,"type":"hit"}
[client] {"a":9,"dup":false,"ev":"game","ms":18962,"predicted":false,"t":4,"tick":939,"type":"block"}
[client] {"a":0,"dup":false,"ev":"game","ms":19652,"predicted":false,"t":6,"tick":980,"type":"hit"}
[client] {"a":2,"dup":false,"ev":"game","ms":19880,"predicted":false,"t":9,"tick":994,"type":"hit"}
[client] {"a":7,"dup":false,"ev":"game","ms":19901,"predicted":false,"t":0,"tick":995,"type":"hit"}
[client] {"counts":{"blocks_on_me":3,"conf_actions":0,"confirmed_hits":22,"dup_confirmed":0,"hits_on_me":0,"pred_actions":0,"predicted_confirmed":0,"predicted_hits":0,"reconnects":0},"ev":"stats","hp":220.0,"in_bytes":223884,"late":0,"local_entity":1,"match":{"countdown_until":300,"ctrl":-1,"final":false,"next":"","phase":3,"rot":2897,"scores":[0,0],"sd":false,"state":3,"tick":703,"zone":"B"},"max_err":0.634,"mean_err":0.0811,"ms":19948,"out_bytes":49223,"pending":5,"pos":[2.29,-2.67],"reconciles":329,"server_tick":1002,"snaps":330,"teleports":1}
[client] {"a":3,"dup":false,"ev":"game","ms":20370,"predicted":false,"t":8,"tick":1023,"type":"hit"}
[client] {"a":7,"dup":false,"ev":"game","ms":20398,"predicted":false,"t":0,"tick":1025,"type":"hit"}
[client] {"a":5,"dup":false,"ev":"game","ms":20736,"predicted":false,"t":3,"tick":1045,"type":"hit"}
[client] {"a":0,"dup":false,"ev":"game","ms":20784,"predicted":false,"t":6,"tick":1048,"type":"block"}
[client] {"a":4,"dup":false,"ev":"game","ms":20936,"predicted":false,"t":6,"tick":1057,"type":"hit"}
[client] {"a":9,"dup":false,"ev":"game","ms":21102,"predicted":false,"t":1,"tick":1067,"type":"block"}
[client] {"a":3,"dup":false,"ev":"game","ms":21136,"predicted":false,"t":5,"tick":1069,"type":"hit"}
[client] {"a":4,"dup":false,"ev":"game","ms":21419,"predicted":false,"t":6,"tick":1086,"type":"hit"}
[client] {"a":5,"dup":false,"ev":"game","ms":21481,"predicted":false,"t":3,"tick":1090,"type":"hit"}
[client] {"a":0,"dup":false,"ev":"game","ms":21571,"predicted":false,"t":6,"tick":1095,"type":"hit"}
[client] {"a":5,"dup":false,"ev":"game","ms":21819,"predicted":false,"t":3,"tick":1110,"type":"block"}
[client] {"a":7,"dup":false,"ev":"game","ms":22019,"predicted":false,"t":3,"tick":1122,"type":"block"}
[client] {"a":2,"dup":false,"ev":"game","ms":22033,"predicted":false,"t":9,"tick":1123,"type":"hit"}
[client] {"a":6,"dup":false,"ev":"game","ms":22219,"predicted":false,"t":3,"tick":1134,"type":"hit"}
[client] {"a":5,"dup":false,"ev":"game","ms":22468,"predicted":false,"t":3,"tick":1149,"type":"hit"}
[client] {"a":9,"dup":false,"ev":"game","ms":22716,"predicted":false,"t":1,"tick":1164,"type":"block"}
[client] {"a":4,"dup":false,"ev":"game","ms":23303,"predicted":false,"t":6,"tick":1199,"type":"hit"}
[client] {"a":2,"dup":false,"ev":"game","ms":23351,"predicted":false,"t":9,"tick":1202,"type":"hit"}
[client] {"a":5,"dup":false,"ev":"game","ms":23468,"predicted":false,"t":0,"tick":1209,"type":"hit"}
[client] {"a":4,"dup":false,"ev":"game","ms":23765,"predicted":false,"t":6,"tick":1227,"type":"hit"}
[client] {"a":2,"dup":false,"ev":"game","ms":23813,"predicted":false,"t":9,"tick":1230,"type":"block"}
[client] {"a":2,"dup":false,"ev":"game","ms":24048,"predicted":false,"t":9,"tick":1244,"type":"block"}
[client] {"a":0,"dup":false,"ev":"game","ms":24145,"predicted":false,"t":5,"tick":1249,"type":"hit"}
[client] {"a":6,"dup":false,"ev":"game","ms":24179,"predicted":false,"t":4,"tick":1251,"type":"hit"}
[client] {"a":6,"dup":false,"ev":"game","ms":24544,"predicted":false,"t":0,"tick":1273,"type":"hit"}
[client] {"a":0,"dup":false,"ev":"game","ms":24910,"predicted":false,"t":6,"tick":1296,"type":"hit"}
[client] {"counts":{"blocks_on_me":5,"conf_actions":0,"confirmed_hits":41,"dup_confirmed":0,"hits_on_me":0,"pred_actions":0,"predicted_confirmed":0,"predicted_hits":0,"reconnects":0},"ev":"stats","hp":220.0,"in_bytes":293448,"late":0,"local_entity":1,"match":{"countdown_until":300,"ctrl":-1,"final":false,"next":"","phase":3,"rot":2597,"scores":[0,0],"sd":false,"state":3,"tick":1003,"zone":"B"},"max_err":0.674,"mean_err":0.0656,"ms":24944,"out_bytes":63923,"pending":5,"pos":[1.84,-2.69],"reconciles":429,"server_tick":1302,"snaps":430,"teleports":1}
[client] {"a":9,"dup":false,"ev":"game","ms":24980,"predicted":false,"t":1,"tick":1300,"type":"guard_break"}
[client] {"a":9,"dup":false,"ev":"game","ms":24980,"predicted":false,"t":2,"tick":1300,"type":"hit"}
[client] {"a":5,"dup":false,"ev":"game","ms":25393,"predicted":false,"t":4,"tick":1325,"type":"hit"}
[client] {"a":6,"dup":false,"ev":"game","ms":25393,"predicted":false,"t":0,"tick":1325,"type":"hit"}
[client] {"a":8,"dup":false,"ev":"game","ms":25593,"predicted":false,"t":4,"tick":1337,"type":"hit"}
[client] {"a":9,"dup":false,"ev":"game","ms":26276,"predicted":false,"t":0,"tick":1378,"type":"hit"}
[client] {"a":6,"dup":false,"ev":"game","ms":26663,"predicted":false,"t":0,"tick":1401,"type":"hit"}
[client] {"a":9,"dup":false,"ev":"game","ms":26767,"predicted":false,"t":0,"tick":1406,"type":"hit"}
[client] {"a":0,"dup":false,"ev":"game","ms":27146,"predicted":false,"t":6,"tick":1429,"type":"hit"}
[client] {"a":5,"dup":false,"ev":"game","ms":27146,"predicted":false,"t":0,"tick":1429,"type":"hit"}
[client] {"a":2,"dup":false,"ev":"game","ms":27180,"predicted":false,"t":9,"tick":1432,"type":"hit"}
[client] {"a":5,"dup":false,"ev":"game","ms":27463,"predicted":false,"t":0,"tick":1449,"type":"hit"}
[client] {"a":2,"dup":false,"ev":"game","ms":27650,"predicted":false,"t":9,"tick":1460,"type":"hit"}
[client] {"a":2,"dup":false,"ev":"game","ms":28264,"predicted":false,"t":9,"tick":1497,"type":"hit"}
[client] {"a":8,"dup":false,"ev":"game","ms":28933,"predicted":false,"t":0,"tick":1537,"type":"hit"}
[client] {"a":5,"dup":false,"ev":"game","ms":28947,"predicted":false,"t":0,"tick":1538,"type":"hit"}
[client] {"a":5,"dup":false,"ev":"game","ms":29251,"predicted":false,"t":0,"tick":1556,"type":"hit"}
[client] {"a":5,"dup":false,"ev":"game","ms":29548,"predicted":false,"t":0,"tick":1574,"type":"hit"}
[client] {"a":0,"dup":false,"ev":"game","ms":29548,"predicted":false,"t":-1,"tick":1574,"type":"ko"}
[client] {"a":4,"dup":false,"ev":"game","ms":29796,"predicted":false,"t":7,"tick":1589,"type":"block"}
[client] {"a":2,"dup":false,"ev":"game","ms":29816,"predicted":false,"t":6,"tick":1590,"type":"hit"}
[client] {"counts":{"blocks_on_me":5,"conf_actions":0,"confirmed_hits":59,"dup_confirmed":0,"hits_on_me":0,"pred_actions":0,"predicted_confirmed":0,"predicted_hits":0,"reconnects":0},"ev":"stats","hp":220.0,"in_bytes":362071,"late":0,"local_entity":1,"match":{"countdown_until":300,"ctrl":-1,"final":false,"next":"","phase":3,"rot":2297,"scores":[0,0],"sd":false,"state":3,"tick":1303,"zone":"B"},"max_err":0.674,"mean_err":0.0548,"ms":29946,"out_bytes":78623,"pending":8,"pos":[2.3,-2.64],"reconciles":528,"server_tick":1602,"snaps":530,"teleports":1}
[client] {"a":5,"dup":false,"ev":"game","ms":30216,"predicted":false,"t":1,"tick":1614,"type":"guard_break"}
[client] {"a":6,"dup":false,"ev":"game","ms":30334,"predicted":false,"t":2,"tick":1620,"type":"hit"}
[client] {"a":7,"dup":false,"ev":"game","ms":30700,"predicted":false,"t":4,"tick":1642,"type":"hit"}
[client] {"a":5,"dup":false,"ev":"game","ms":30830,"predicted":false,"t":1,"tick":1650,"type":"hit"}
[client] {"a":5,"dup":false,"ev":"game","ms":31169,"predicted":false,"t":1,"tick":1670,"type":"guard_break"}
[client] {"a":6,"dup":false,"ev":"game","ms":31266,"predicted":false,"t":2,"tick":1676,"type":"block"}
[client] {"a":5,"dup":false,"ev":"game","ms":31533,"predicted":false,"t":1,"tick":1692,"type":"hit"}
[client] {"a":6,"dup":false,"ev":"game","ms":31594,"predicted":false,"t":2,"tick":1696,"type":"block"}
[client] {"a":7,"dup":false,"ev":"game","ms":31731,"predicted":false,"t":4,"tick":1704,"type":"hit"}
[client] {"a":8,"dup":false,"ev":"game","ms":31946,"predicted":false,"t":4,"tick":1717,"type":"hit"}
[client] {"a":7,"dup":false,"ev":"game","ms":31966,"predicted":false,"t":4,"tick":1718,"type":"hit"}
[client] {"a":5,"dup":false,"ev":"game","ms":32298,"predicted":false,"t":1,"tick":1738,"type":"guard_break"}
[client] {"a":4,"dup":false,"ev":"game","ms":32483,"predicted":false,"t":7,"tick":1749,"type":"hit"}
[client] {"a":6,"dup":false,"ev":"game","ms":32898,"predicted":false,"t":2,"tick":1774,"type":"hit"}
[client] {"a":3,"dup":false,"ev":"game","ms":32912,"predicted":false,"t":6,"tick":1775,"type":"hit"}
[client] {"a":6,"dup":false,"ev":"game","ms":32912,"predicted":false,"t":-1,"tick":1775,"type":"ko"}
[client] {"a":5,"dup":false,"ev":"game","ms":32946,"predicted":false,"t":1,"tick":1777,"type":"hit"}
[client] {"a":2,"dup":false,"ev":"game","ms":34746,"predicted":false,"t":5,"tick":1886,"type":"hit"}
[client] {"a":3,"dup":false,"ev":"game","ms":34781,"predicted":false,"t":5,"tick":1888,"type":"hit"}
[client] {"counts":{"blocks_on_me":5,"conf_actions":0,"confirmed_hits":72,"dup_confirmed":0,"hits_on_me":3,"pred_actions":0,"predicted_confirmed":0,"predicted_hits":0,"reconnects":0},"ev":"stats","hp":146.0,"in_bytes":427046,"late":0,"local_entity":1,"match":{"countdown_until":300,"ctrl":-1,"final":false,"next":"","phase":3,"rot":1997,"scores":[0,0],"sd":false,"state":3,"tick":1603,"zone":"B"},"max_err":1.596,"mean_err":0.0519,"ms":34946,"out_bytes":93323,"pending":5,"pos":[5.38,-1.88],"reconciles":629,"server_tick":1902,"snaps":630,"teleports":1}
[client] {"a":3,"dup":false,"ev":"game","ms":35300,"predicted":false,"t":5,"tick":1919,"type":"hit"}
[client] {"a":3,"dup":false,"ev":"game","ms":35816,"predicted":false,"t":5,"tick":1950,"type":"hit"}
[client] {"a":2,"dup":false,"ev":"game","ms":36300,"predicted":false,"t":5,"tick":1979,"type":"hit"}
[client] {"a":5,"dup":false,"ev":"game","ms":36865,"predicted":false,"t":2,"tick":2013,"type":"block"}
[client] {"a":5,"dup":false,"ev":"game","ms":36900,"predicted":false,"t":3,"tick":2015,"type":"hit"}
[client] {"a":5,"dup":false,"ev":"game","ms":37231,"predicted":false,"t":2,"tick":2035,"type":"block"}
[client] {"a":5,"dup":false,"ev":"game","ms":37266,"predicted":false,"t":3,"tick":2037,"type":"hit"}
[client] {"a":5,"dup":false,"ev":"game","ms":37583,"predicted":false,"t":2,"tick":2056,"type":"block"}
[client] {"a":5,"dup":false,"ev":"game","ms":37619,"predicted":false,"t":3,"tick":2058,"type":"hit"}
[client] {"a":2,"dup":false,"ev":"game","ms":39330,"predicted":false,"t":5,"tick":2160,"type":"hit"}
[client] {"a":0,"dup":false,"ev":"game","ms":39565,"predicted":false,"t":-1,"tick":2174,"type":"respawn"}
[client] {"a":2,"dup":false,"ev":"game","ms":39800,"predicted":false,"t":5,"tick":2188,"type":"hit"}
[client] {"counts":{"blocks_on_me":5,"conf_actions":0,"confirmed_hits":80,"dup_confirmed":0,"hits_on_me":3,"pred_actions":0,"predicted_confirmed":0,"predicted_hits":0,"reconnects":0},"ev":"stats","hp":167.300000000001,"in_bytes":491499,"late":0,"local_entity":1,"match":{"countdown_until":300,"ctrl":-1,"final":false,"next":"","phase":3,"rot":1697,"scores":[0,0],"sd":false,"state":3,"tick":1903,"zone":"B"},"max_err":1.596,"mean_err":0.0448,"ms":39943,"out_bytes":108023,"pending":8,"pos":[1.49,-2.58],"reconciles":728,"server_tick":2202,"snaps":730,"teleports":1}
[client] {"a":5,"dup":false,"ev":"game","ms":40165,"predicted":false,"t":2,"tick":2210,"type":"hit"}
[client] {"a":5,"dup":false,"ev":"game","ms":40510,"predicted":false,"t":2,"tick":2231,"type":"block"}
[client] {"a":9,"dup":false,"ev":"game","ms":41698,"predicted":false,"t":1,"tick":2302,"type":"hit"}
[client] {"a":5,"dup":false,"ev":"game","ms":41766,"predicted":false,"t":1,"tick":2306,"type":"hit"}
[client] {"a":4,"dup":false,"ev":"game","ms":41780,"predicted":false,"t":7,"tick":2307,"type":"hit"}
[client] {"a":4,"dup":false,"ev":"game","ms":41780,"predicted":false,"t":8,"tick":2307,"type":"hit"}
[client] {"a":4,"dup":false,"ev":"game","ms":42263,"predicted":false,"t":7,"tick":2336,"type":"block"}
[client] {"a":6,"dup":false,"ev":"game","ms":42911,"predicted":false,"t":-1,"tick":2375,"type":"respawn"}
[client] {"a":8,"dup":false,"ev":"game","ms":43298,"predicted":false,"t":4,"tick":2398,"type":"hit"}
[client] {"a":9,"dup":false,"ev":"game","ms":43346,"predicted":false,"t":1,"tick":2401,"type":"guard_break"}
[client] {"a":8,"dup":false,"ev":"game","ms":43815,"predicted":false,"t":4,"tick":2429,"type":"hit"}
[client] {"a":7,"dup":false,"ev":"game","ms":43912,"predicted":false,"t":4,"tick":2435,"type":"hit"}
[client] {"a":7,"dup":false,"ev":"game","ms":44133,"predicted":false,"t":4,"tick":2448,"type":"hit"}
[client] {"a":9,"dup":false,"ev":"game","ms":44201,"predicted":false,"t":1,"tick":2452,"type":"hit"}
[client] {"a":7,"dup":false,"ev":"game","ms":44698,"predicted":false,"t":4,"tick":2482,"type":"hit"}
[client] {"a":9,"dup":false,"ev":"game","ms":44698,"predicted":false,"t":1,"tick":2482,"type":"guard_break"}
[client] {"counts":{"blocks_on_me":5,"conf_actions":0,"confirmed_hits":91,"dup_confirmed":0,"hits_on_me":6,"pred_actions":0,"predicted_confirmed":0,"predicted_hits":0,"reconnects":0},"ev":"stats","hp":121.800000000002,"in_bytes":556174,"late":0,"local_entity":1,"match":{"countdown_until":300,"ctrl":-1,"final":false,"next":"","phase":3,"rot":1397,"scores":[0,0],"sd":false,"state":3,"tick":2203,"zone":"B"},"max_err":1.596,"mean_err":0.0434,"ms":44946,"out_bytes":122723,"pending":5,"pos":[4.34,-1.48],"reconciles":829,"server_tick":2502,"snaps":830,"teleports":1}
[client] {"a":8,"dup":false,"ev":"game","ms":45050,"predicted":false,"t":4,"tick":2503,"type":"hit"}
[client] {"a":4,"dup":false,"ev":"game","ms":45050,"predicted":false,"t":-1,"tick":2503,"type":"ko"}
[client] {"a":9,"dup":false,"ev":"game","ms":45216,"predicted":false,"t":1,"tick":2513,"type":"hit"}
[client] {"a":9,"dup":false,"ev":"game","ms":46230,"predicted":false,"t":1,"tick":2574,"type":"guard_break"}
[client] {"a":0,"dup":false,"ev":"game","ms":46686,"predicted":false,"t":5,"tick":2601,"type":"hit"}
[client] {"a":3,"dup":false,"ev":"game","ms":47169,"predicted":false,"t":8,"tick":2630,"type":"hit"}
[client] {"a":3,"dup":false,"ev":"game","ms":47182,"predicted":false,"t":7,"tick":2631,"type":"hit"}
[client] {"a":5,"dup":false,"ev":"game","ms":47348,"predicted":false,"t":0,"tick":2641,"type":"hit"}
[client] {"a":3,"dup":false,"ev":"game","ms":47417,"predicted":false,"t":7,"tick":2645,"type":"hit"}
[client] {"a":9,"dup":false,"ev":"game","ms":47465,"predicted":false,"t":1,"tick":2648,"type":"guard_break"}
[client] {"a":5,"dup":false,"ev":"game","ms":47700,"predicted":false,"t":0,"tick":2662,"type":"hit"}
[client] {"a":3,"dup":false,"ev":"game","ms":48004,"predicted":false,"t":8,"tick":2680,"type":"hit"}
[client] {"a":9,"dup":false,"ev":"game","ms":48004,"predicted":false,"t":1,"tick":2680,"type":"hit"}
[client] {"a":5,"dup":false,"ev":"game","ms":48018,"predicted":false,"t":0,"tick":2681,"type":"hit"}
[client] {"a":0,"dup":false,"ev":"game","ms":48486,"predicted":false,"t":5,"tick":2709,"type":"hit"}
[client] {"a":3,"dup":false,"ev":"game","ms":48534,"predicted":false,"t":8,"tick":2712,"type":"block"}
[client] {"a":7,"dup":false,"ev":"game","ms":48652,"predicted":false,"t":3,"tick":2719,"type":"hit"}
[client] {"a":9,"dup":false,"ev":"game","ms":49087,"predicted":false,"t":1,"tick":2745,"type":"guard_break"}
[client] {"a":5,"dup":false,"ev":"game","ms":49336,"predicted":false,"t":0,"tick":2760,"type":"hit"}
[client] {"a":9,"dup":false,"ev":"game","ms":49853,"predicted":false,"t":1,"tick":2791,"type":"hit"}
[client] {"counts":{"blocks_on_me":5,"conf_actions":0,"confirmed_hits":106,"dup_confirmed":0,"hits_on_me":9,"pred_actions":0,"predicted_confirmed":0,"predicted_hits":0,"reconnects":0},"ev":"stats","hp":67.8000000000019,"in_bytes":625528,"late":0,"local_entity":1,"match":{"countdown_until":300,"ctrl":-1,"final":false,"next":"","phase":3,"rot":1097,"scores":[0,0],"sd":false,"state":3,"tick":2503,"zone":"B"},"max_err":1.596,"mean_err":0.0428,"ms":49948,"out_bytes":137423,"pending":5,"pos":[7.88,-0.94],"reconciles":929,"server_tick":2802,"snaps":930,"teleports":1}
[client] {"a":9,"dup":false,"ev":"game","ms":50405,"predicted":false,"t":1,"tick":2824,"type":"guard_break"}
[client] {"a":9,"dup":false,"ev":"game","ms":50854,"predicted":false,"t":1,"tick":2851,"type":"hit"}
[client] {"a":9,"dup":false,"ev":"game","ms":51102,"predicted":false,"t":1,"tick":2866,"type":"hit"}
[client] {"a":5,"dup":false,"ev":"game","ms":51537,"predicted":false,"t":0,"tick":2892,"type":"block"}
[client] {"a":5,"dup":false,"ev":"game","ms":51833,"predicted":false,"t":0,"tick":2910,"type":"block"}
[client] {"a":9,"dup":false,"ev":"game","ms":51896,"predicted":false,"t":1,"tick":2914,"type":"guard_break"}
[client] {"a":5,"dup":false,"ev":"game","ms":52412,"predicted":false,"t":0,"tick":2945,"type":"hit"}
[client] {"a":9,"dup":false,"ev":"game","ms":52433,"predicted":false,"t":1,"tick":2946,"type":"hit"}
[client] {"a":0,"dup":false,"ev":"game","ms":52800,"predicted":false,"t":5,"tick":2968,"type":"hit"}
[client] {"a":5,"dup":false,"ev":"game","ms":52800,"predicted":false,"t":-1,"tick":2968,"type":"ko"}
[client] {"a":0,"dup":false,"ev":"game","ms":52834,"predicted":false,"t":6,"tick":2970,"type":"hit"}
[client] {"a":9,"dup":false,"ev":"game","ms":52943,"predicted":false,"t":1,"tick":2977,"type":"guard_break"}
[client] {"a":0,"dup":false,"ev":"game","ms":53178,"predicted":false,"t":6,"tick":2991,"type":"hit"}
[client] {"a":1,"dup":false,"ev":"game","ms":53448,"predicted":false,"t":-1,"tick":3013,"type":"ko"}
[client] {"a":9,"dup":false,"ev":"game","ms":53544,"predicted":false,"t":1,"tick":3013,"type":"hit"}
[client] {"a":6,"dup":false,"ev":"game","ms":53882,"predicted":false,"t":0,"tick":3033,"type":"hit"}
[client] {"a":0,"dup":false,"ev":"game","ms":54234,"predicted":false,"t":6,"tick":3055,"type":"hit"}
[client] {"a":0,"dup":false,"ev":"game","ms":54614,"predicted":false,"t":6,"tick":3077,"type":"hit"}
[client] {"a":7,"dup":false,"ev":"game","ms":54883,"predicted":false,"t":0,"tick":3093,"type":"hit"}
[client] {"counts":{"blocks_on_me":5,"conf_actions":0,"confirmed_hits":118,"dup_confirmed":0,"hits_on_me":13,"pred_actions":0,"predicted_confirmed":0,"predicted_hits":0,"reconnects":0},"ev":"stats","hp":0.0,"in_bytes":691479,"late":0,"local_entity":1,"match":{"countdown_until":300,"ctrl":-1,"final":false,"next":"A","phase":3,"rot":797,"scores":[0,0],"sd":false,"state":3,"tick":2803,"zone":"B"},"max_err":1.596,"mean_err":0.0409,"ms":54944,"out_bytes":152123,"pending":5,"pos":[9.92,-0.81],"reconciles":1029,"server_tick":3102,"snaps":1030,"teleports":1}
[client] {"a":4,"dup":false,"ev":"game","ms":55034,"predicted":false,"t":-1,"tick":3103,"type":"respawn"}
[client] {"a":6,"dup":false,"ev":"game","ms":55296,"predicted":false,"t":0,"tick":3119,"type":"hit"}
[client] {"a":9,"dup":false,"ev":"game","ms":55483,"predicted":false,"t":0,"tick":3130,"type":"hit"}
[client] {"a":7,"dup":false,"ev":"game","ms":55602,"predicted":false,"t":0,"tick":3137,"type":"hit"}
[client] {"a":6,"dup":false,"ev":"game","ms":55966,"predicted":false,"t":0,"tick":3158,"type":"hit"}
[client] {"a":7,"dup":false,"ev":"game","ms":56118,"predicted":false,"t":0,"tick":3167,"type":"hit"}
[client] {"a":0,"dup":false,"ev":"game","ms":56118,"predicted":false,"t":-1,"tick":3167,"type":"ko"}
[client] {"a":2,"dup":false,"ev":"game","ms":57601,"predicted":false,"t":7,"tick":3256,"type":"hit"}
[client] {"a":9,"dup":false,"ev":"game","ms":58064,"predicted":false,"t":2,"tick":3284,"type":"hit"}
[client] {"a":9,"dup":false,"ev":"game","ms":58616,"predicted":false,"t":2,"tick":3317,"type":"block"}
[client] {"a":8,"dup":false,"ev":"game","ms":58685,"predicted":false,"t":2,"tick":3321,"type":"hit"}
[client] {"a":2,"dup":false,"ev":"game","ms":59064,"predicted":false,"t":7,"tick":3344,"type":"hit"}
[client] {"a":2,"dup":false,"ev":"game","ms":59085,"predicted":false,"t":9,"tick":3345,"type":"hit"}
[client] {"a":8,"dup":false,"ev":"game","ms":59602,"predicted":false,"t":2,"tick":3376,"type":"hit"}
[client] {"counts":{"blocks_on_me":5,"conf_actions":0,"confirmed_hits":129,"dup_confirmed":0,"hits_on_me":13,"pred_actions":0,"predicted_confirmed":0,"predicted_hits":0,"reconnects":0},"ev":"stats","hp":0.0,"in_bytes":755399,"late":0,"local_entity":1,"match":{"countdown_until":300,"ctrl":-1,"final":false,"next":"A","phase":3,"rot":497,"scores":[0,1],"sd":false,"state":3,"tick":3103,"zone":"B"},"max_err":1.596,"mean_err":0.0373,"ms":59953,"out_bytes":166823,"pending":8,"pos":[9.92,-0.81],"reconciles":1128,"server_tick":3402,"snaps":1130,"teleports":1}
[client] {"a":8,"dup":false,"ev":"game","ms":60085,"predicted":false,"t":2,"tick":3405,"type":"hit"}
[client] {"a":3,"dup":false,"ev":"game","ms":60120,"predicted":false,"t":8,"tick":3407,"type":"hit"}
[client] {"a":9,"dup":false,"ev":"game","ms":60920,"predicted":false,"t":3,"tick":3455,"type":"hit"}
[client] {"a":3,"dup":false,"ev":"game","ms":61321,"predicted":false,"t":9,"tick":3479,"type":"hit"}
[client] {"a":3,"dup":false,"ev":"game","ms":61817,"predicted":false,"t":9,"tick":3509,"type":"block"}
[client] {"a":8,"dup":false,"ev":"game","ms":61900,"predicted":false,"t":3,"tick":3514,"type":"hit"}
[client] {"a":4,"dup":false,"ev":"game","ms":62004,"predicted":false,"t":9,"tick":3520,"type":"hit"}
[client] {"a":3,"dup":false,"ev":"game","ms":62300,"predicted":false,"t":7,"tick":3538,"type":"hit"}
[client] {"a":8,"dup":false,"ev":"game","ms":62438,"predicted":false,"t":3,"tick":3546,"type":"hit"}
[client] {"a":8,"dup":false,"ev":"game","ms":62500,"predicted":false,"t":2,"tick":3550,"type":"block"}
[client] {"a":5,"dup":false,"ev":"game","ms":62804,"predicted":false,"t":-1,"tick":3568,"type":"respawn"}
[client] {"a":9,"dup":false,"ev":"game","ms":63335,"predicted":false,"t":2,"tick":3601,"type":"hit"}
[client] {"a":1,"dup":false,"ev":"game","ms":63452,"predicted":false,"t":-1,"tick":3613,"type":"respawn"}
[client] {"a":8,"dup":false,"ev":"game","ms":63604,"predicted":false,"t":4,"tick":3617,"type":"hit"}
[client] {"a":3,"dup":false,"ev":"game","ms":63888,"predicted":false,"t":8,"tick":3634,"type":"hit"}
[client] {"a":9,"dup":false,"ev":"game","ms":64156,"predicted":false,"t":3,"tick":3650,"type":"hit"}
[client] {"a":8,"dup":false,"ev":"game","ms":64301,"predicted":false,"t":4,"tick":3659,"type":"hit"}
[client] {"a":4,"dup":false,"ev":"game","ms":64688,"predicted":false,"t":8,"tick":3682,"type":"hit"}
[client] {"counts":{"blocks_on_me":5,"conf_actions":0,"confirmed_hits":143,"dup_confirmed":0,"hits_on_me":13,"pred_actions":0,"predicted_confirmed":0,"predicted_hits":0,"reconnects":0},"ev":"stats","hp":220.0,"in_bytes":819619,"late":0,"local_entity":1,"match":{"countdown_until":300,"ctrl":1,"final":false,"next":"A","phase":3,"rot":197,"scores":[0,1],"sd":false,"state":2,"tick":3403,"zone":"B"},"max_err":1.596,"mean_err":0.0342,"ms":64956,"out_bytes":181523,"pending":5,"pos":[4.29,-38.7],"reconciles":1228,"server_tick":3702,"snaps":1230,"teleports":2}
[client] {"a":4,"dup":false,"ev":"game","ms":65158,"predicted":false,"t":8,"tick":3710,"type":"hit"}
[client] {"a":9,"dup":false,"ev":"game","ms":65384,"predicted":false,"t":3,"tick":3724,"type":"hit"}
[client] {"a":9,"dup":false,"ev":"game","ms":65406,"predicted":false,"t":4,"tick":3725,"type":"hit"}
[client] {"a":0,"dup":false,"ev":"game","ms":66102,"predicted":false,"t":-1,"tick":3767,"type":"respawn"}
[client] {"a":8,"dup":false,"ev":"game","ms":66288,"predicted":false,"t":4,"tick":3778,"type":"hit"}
[client] {"a":4,"dup":false,"ev":"game","ms":66668,"predicted":false,"t":8,"tick":3801,"type":"hit"}
[client] {"a":9,"dup":false,"ev":"game","ms":66965,"predicted":false,"t":4,"tick":3818,"type":"hit"}
[client] {"a":-1,"dup":false,"ev":"game","ms":68317,"predicted":false,"t":-1,"tick":3899,"type":"zone_rotated"}
[client] {"counts":{"blocks_on_me":5,"conf_actions":0,"confirmed_hits":149,"dup_confirmed":0,"hits_on_me":13,"pred_actions":0,"predicted_confirmed":0,"predicted_hits":0,"reconnects":0},"ev":"stats","hp":220.0,"in_bytes":883769,"late":0,"local_entity":1,"match":{"countdown_until":300,"ctrl":-1,"final":false,"next":"","phase":3,"rot":3497,"scores":[0,4],"sd":false,"state":1,"tick":3703,"zone":"A"},"max_err":1.596,"mean_err":0.0317,"ms":69951,"out_bytes":196223,"pending":8,"pos":[0.37,-15.15],"reconciles":1327,"server_tick":4002,"snaps":1330,"teleports":2}
[client] {"a":9,"dup":false,"ev":"game","ms":70235,"predicted":false,"t":1,"tick":4014,"type":"block"}
[client] {"a":9,"dup":false,"ev":"game","ms":71132,"predicted":false,"t":1,"tick":4068,"type":"block"}
[client] {"a":4,"dup":false,"ev":"game","ms":71285,"predicted":false,"t":9,"tick":4077,"type":"hit"}
[client] {"counts":{"blocks_on_me":7,"conf_actions":0,"confirmed_hits":150,"dup_confirmed":0,"hits_on_me":13,"pred_actions":0,"predicted_confirmed":0,"predicted_hits":0,"reconnects":0},"ev":"stats","hp":220.0,"in_bytes":944068,"late":0,"local_entity":1,"match":{"countdown_until":300,"ctrl":1,"final":false,"next":"","phase":3,"rot":3197,"scores":[0,5],"sd":false,"state":2,"tick":4003,"zone":"A"},"max_err":1.596,"mean_err":0.0302,"ms":74954,"out_bytes":210923,"pending":5,"pos":[-10.43,-18.98],"reconciles":1427,"server_tick":4302,"snaps":1429,"teleports":2}
[client] {"a":2,"dup":false,"ev":"game","ms":78528,"predicted":false,"t":7,"tick":4512,"type":"hit"}
[client] {"a":0,"dup":false,"ev":"game","ms":78562,"predicted":false,"t":6,"tick":4514,"type":"block"}
[client] {"a":0,"dup":false,"ev":"game","ms":79046,"predicted":false,"t":6,"tick":4543,"type":"hit"}
[client] {"a":5,"dup":false,"ev":"game","ms":79280,"predicted":false,"t":0,"tick":4557,"type":"hit"}
[client] {"a":6,"dup":false,"ev":"game","ms":79412,"predicted":false,"t":0,"tick":4565,"type":"hit"}
[client] {"counts":{"blocks_on_me":7,"conf_actions":0,"confirmed_hits":154,"dup_confirmed":0,"hits_on_me":13,"pred_actions":0,"predicted_confirmed":0,"predicted_hits":0,"reconnects":0},"ev":"stats","hp":220.0,"in_bytes":1013367,"late":0,"local_entity":1,"match":{"countdown_until":300,"ctrl":-1,"final":false,"next":"","phase":3,"rot":2897,"scores":[0,6],"sd":false,"state":3,"tick":4303,"zone":"A"},"max_err":1.596,"mean_err":0.0283,"ms":79948,"out_bytes":225623,"pending":8,"pos":[-34.38,-4.36],"reconciles":1526,"server_tick":4602,"snaps":1529,"teleports":2}
[client] {"counts":{"blocks_on_me":7,"conf_actions":0,"confirmed_hits":154,"dup_confirmed":0,"hits_on_me":13,"pred_actions":0,"predicted_confirmed":0,"predicted_hits":0,"reconnects":0},"ev":"stats","hp":220.0,"in_bytes":1013866,"late":0,"local_entity":1,"match":{"countdown_until":300,"ctrl":-1,"final":false,"next":"","phase":3,"rot":2894,"scores":[0,6],"sd":false,"state":3,"tick":4306,"zone":"A"},"max_err":1.596,"mean_err":0.0282,"ms":80011,"out_bytes":225819,"pending":6,"pos":[-34.43,-4.34],"reconciles":1528,"server_tick":4606,"snaps":1530,"teleports":2}
