Godot Engine v4.7.2.stable.official.ed1daf0bf - https://godotengine.org

[client] {"detail":"127.0.0.1:24651","ev":"status","ms":1,"status":"connecting"}
[client] {"detail":"","ev":"status","ms":15,"status":"connected"}
[client] {"ev":"welcome","ms":22,"observer":false,"pid":5}
[client] {"ev":"pick","f":"nyx","ms":23}
[client] {"ev":"lock","f":"nyx","ms":871}
[client] {"ev":"match_setup","fighters":10,"ms":1897,"you":6}
[client] {"counts":{"blocks_on_me":0,"conf_actions":0,"confirmed_hits":0,"dup_confirmed":0,"hits_on_me":0,"pred_actions":0,"predicted_confirmed":0,"predicted_hits":0,"reconnects":0},"ev":"stats","hp":220.0,"in_bytes":58199,"late":0,"local_entity":6,"match":{"countdown_until":300,"ctrl":-1,"final":false,"next":"","phase":2,"rot":3600,"scores":[0,0],"sd":false,"state":1,"tick":0,"zone":""},"max_err":0.14,"mean_err":0.1048,"ms":4948,"out_bytes":8983,"pending":4,"pos":[-3.04,46.39],"reconciles":59,"server_tick":182,"snaps":61,"teleports":1}
[client] {"counts":{"blocks_on_me":0,"conf_actions":0,"confirmed_hits":0,"dup_confirmed":0,"hits_on_me":0,"pred_actions":0,"predicted_confirmed":0,"predicted_hits":0,"reconnects":0},"ev":"stats","hp":220.0,"in_bytes":105174,"late":0,"local_entity":6,"match":{"countdown_until":300,"ctrl":-1,"final":false,"next":"","phase":3,"rot":3416,"scores":[0,0],"sd":false,"state":1,"tick":184,"zone":"B"},"max_err":0.14,"mean_err":0.0702,"ms":9953,"out_bytes":23683,"pending":5,"pos":[-2.26,25.37],"reconciles":159,"server_tick":482,"snaps":161,"teleports":1}
[client] {"a":3,"dup":false,"ev":"game","ms":13769,"predicted":false,"t":6,"tick":707,"type":"hit"}
[client] {"a":2,"dup":false,"ev":"game","ms":14087,"predicted":false,"t":5,"tick":726,"type":"hit"}
[client] {"a":7,"dup":false,"ev":"game","ms":14570,"predicted":false,"t":2,"tick":755,"type":"hit"}
[client] {"counts":{"blocks_on_me":0,"conf_actions":1,"confirmed_hits":3,"dup_confirmed":0,"hits_on_me":1,"pred_actions":1,"predicted_confirmed":0,"predicted_hits":0,"reconnects":0},"ev":"stats","hp":190.0,"in_bytes":166153,"late":0,"local_entity":6,"match":{"countdown_until":300,"ctrl":-1,"final":false,"next":"","phase":3,"rot":3116,"scores":[0,0],"sd":false,"state":3,"tick":484,"zone":"B"},"max_err":1.012,"mean_err":0.0509,"ms":14955,"out_bytes":38383,"pending":5,"pos":[-2.76,-0.08],"reconciles":258,"server_tick":782,"snaps":260,"teleports":1}
[client] {"a":3,"dup":false,"ev":"game","ms":15074,"predicted":false,"t":7,"tick":785,"type":"hit"}
[client] {"a":3,"dup":false,"ev":"game","ms":15074,"predicted":false,"t":8,"tick":785,"type":"hit"}
[client] {"a":6,"dup":true,"ev":"game","ms":15218,"predicted":false,"t":4,"tick":799,"type":"hit"}
[client] {"a":6,"dup":true,"ev":"game","ms":15239,"predicted":false,"t":3,"tick":800,"type":"hit"}
[client] {"a":6,"dup":true,"ev":"game","ms":15474,"predicted":false,"t":3,"tick":814,"type":"hit"}
[client] {"a":7,"dup":false,"ev":"game","ms":15487,"predicted":false,"t":3,"tick":810,"type":"hit"}
[client] {"a":6,"dup":false,"ev":"game","ms":15501,"predicted":false,"t":2,"tick":816,"type":"block"}
[client] {"a":6,"dup":true,"ev":"game","ms":15502,"predicted":false,"t":4,"tick":816,"type":"hit"}
[client] {"a":7,"dup":false,"ev":"game","ms":15971,"predicted":false,"t":2,"tick":839,"type":"block"}
[client] {"a":6,"dup":true,"ev":"game","ms":16136,"predicted":false,"t":2,"tick":854,"type":"hit"}
[client] {"a":6,"dup":true,"ev":"game","ms":16157,"predicted":false,"t":4,"tick":855,"type":"hit"}
[client] {"a":7,"dup":false,"ev":"game","ms":16205,"predicted":false,"t":2,"tick":853,"type":"hit"}
[client] {"a":7,"dup":false,"ev":"game","ms":16254,"predicted":false,"t":4,"tick":856,"type":"hit"}
[client] {"a":3,"dup":false,"ev":"game","ms":16557,"predicted":false,"t":7,"tick":874,"type":"hit"}
[client] {"a":3,"dup":false,"ev":"game","ms":16571,"predicted":false,"t":6,"tick":875,"type":"hit"}
[client] {"a":3,"dup":false,"ev":"game","ms":17288,"predicted":false,"t":5,"tick":918,"type":"hit"}
[client] {"a":4,"dup":false,"ev":"game","ms":17419,"predicted":false,"t":8,"tick":926,"type":"hit"}
[client] {"a":3,"dup":false,"ev":"game","ms":17537,"predicted":false,"t":5,"tick":933,"type":"hit"}
[client] {"a":3,"dup":false,"ev":"game","ms":17558,"predicted":false,"t":7,"tick":934,"type":"hit"}
[client] {"a":6,"dup":false,"ev":"game","ms":17619,"predicted":false,"t":2,"tick":943,"type":"block"}
[client] {"a":6,"dup":true,"ev":"game","ms":17620,"predicted":false,"t":4,"tick":943,"type":"hit"}
[client] {"a":2,"dup":false,"ev":"game","ms":18116,"predicted":false,"t":8,"tick":968,"type":"hit"}
[client] {"a":3,"dup":false,"ev":"game","ms":18116,"predicted":false,"t":6,"tick":968,"type":"hit"}
[client] {"a":2,"dup":false,"ev":"game","ms":18130,"predicted":false,"t":6,"tick":969,"type":"hit"}
[client] {"a":3,"dup":false,"ev":"game","ms":18130,"predicted":false,"t":7,"tick":969,"type":"hit"}
[client] {"a":3,"dup":false,"ev":"game","ms":18151,"predicted":false,"t":9,"tick":970,"type":"hit"}
[client] {"a":5,"dup":false,"ev":"game","ms":18434,"predicted":false,"t":3,"tick":987,"type":"hit"}
[client] {"a":7,"dup":false,"ev":"game","ms":18551,"predicted":false,"t":3,"tick":994,"type":"hit"}
[client] {"a":2,"dup":false,"ev":"game","ms":18579,"predicted":false,"t":6,"tick":996,"type":"hit"}
[client] {"a":2,"dup":false,"ev":"game","ms":18579,"predicted":false,"t":8,"tick":996,"type":"hit"}
[client] {"a":7,"dup":false,"ev":"game","ms":18579,"predicted":false,"t":2,"tick":996,"type":"hit"}
[client] {"a":6,"dup":false,"ev":"game","ms":18868,"predicted":false,"t":2,"tick":1018,"type":"block"}
[client] {"a":8,"dup":false,"ev":"game","ms":19531,"predicted":false,"t":1,"tick":1053,"type":"block"}
[client] {"a":4,"dup":false,"ev":"game","ms":19600,"predicted":false,"t":6,"tick":1057,"type":"hit"}
[client] {"a":6,"dup":false,"ev":"game","ms":19883,"predicted":false,"t":2,"tick":1079,"type":"block"}
[client] {"counts":{"blocks_on_me":0,"conf_actions":9,"confirmed_hits":32,"dup_confirmed":0,"hits_on_me":6,"pred_actions":10,"predicted_confirmed":7,"predicted_hits":23,"reconnects":0},"ev":"stats","hp":80.0,"in_bytes":243015,"late":0,"local_entity":6,"match":{"countdown_until":300,"ctrl":-1,"final":false,"next":"","phase":3,"rot":2816,"scores":[0,0],"sd":false,"state":3,"tick":784,"zone":"B"},"max_err":1.012,"mean_err":0.05,"ms":19951,"out_bytes":53083,"pending":5,"pos":[-3.56,-2.02],"reconciles":354,"server_tick":1082,"snaps":356,"teleports":1}
[client] {"a":7,"dup":false,"ev":"game","ms":20049,"predicted":false,"t":4,"tick":1084,"type":"hit"}
[client] {"a":7,"dup":false,"ev":"game","ms":20083,"predicted":false,"t":2,"tick":1086,"type":"guard_break"}
[client] {"a":6,"dup":true,"ev":"game","ms":20566,"predicted":false,"t":2,"tick":1120,"type":"hit"}
[client] {"a":8,"dup":false,"ev":"game","ms":20684,"predicted":false,"t":0,"tick":1122,"type":"hit"}
[client] {"a":8,"dup":false,"ev":"game","ms":20684,"predicted":false,"t":1,"tick":1122,"type":"block"}
[client] {"a":6,"dup":false,"ev":"game","ms":21201,"predicted":false,"t":1,"tick":1158,"type":"block"}
[client] {"a":3,"dup":false,"ev":"game","ms":21470,"predicted":false,"t":7,"tick":1169,"type":"hit"}
[client] {"a":0,"dup":false,"ev":"game","ms":21670,"predicted":false,"t":6,"tick":1181,"type":"hit"}
[client] {"a":2,"dup":false,"ev":"game","ms":21698,"predicted":false,"t":9,"tick":1183,"type":"hit"}
[client] {"a":8,"dup":false,"ev":"game","ms":21732,"predicted":false,"t":1,"tick":1185,"type":"block"}
[client] {"a":0,"dup":false,"ev":"game","ms":21987,"predicted":false,"t":8,"tick":1200,"type":"hit"}
[client] {"a":3,"dup":false,"ev":"game","ms":21987,"predicted":false,"t":7,"tick":1200,"type":"block"}
[client] {"a":9,"dup":false,"ev":"game","ms":22098,"predicted":false,"t":4,"tick":1207,"type":"block"}
[client] {"a":2,"dup":false,"ev":"game","ms":22167,"predicted":false,"t":9,"tick":1211,"type":"hit"}
[client] {"a":2,"dup":false,"ev":"game","ms":22187,"predicted":false,"t":5,"tick":1212,"type":"hit"}
[client] {"a":0,"dup":false,"ev":"game","ms":22270,"predicted":false,"t":6,"tick":1217,"type":"hit"}
[client] {"a":2,"dup":false,"ev":"game","ms":22388,"predicted":false,"t":9,"tick":1224,"type":"hit"}
[client] {"a":2,"dup":false,"ev":"game","ms":22401,"predicted":false,"t":8,"tick":1225,"type":"hit"}
[client] {"a":4,"dup":false,"ev":"game","ms":22601,"predicted":false,"t":6,"tick":1237,"type":"hit"}
[client] {"a":0,"dup":false,"ev":"game","ms":23015,"predicted":false,"t":8,"tick":1262,"type":"hit"}
[client] {"a":0,"dup":false,"ev":"game","ms":23016,"predicted":false,"t":9,"tick":1262,"type":"hit"}
[client] {"a":2,"dup":false,"ev":"game","ms":23016,"predicted":false,"t":6,"tick":1262,"type":"hit"}
[client] {"a":5,"dup":false,"ev":"game","ms":23133,"predicted":false,"t":2,"tick":1269,"type":"hit"}
[client] {"a":4,"dup":false,"ev":"game","ms":23215,"predicted":false,"t":6,"tick":1274,"type":"block"}
[client] {"a":4,"dup":false,"ev":"game","ms":23250,"predicted":false,"t":5,"tick":1276,"type":"hit"}
[client] {"a":6,"dup":true,"ev":"game","ms":23519,"predicted":false,"t":2,"tick":1297,"type":"hit"}
[client] {"a":6,"dup":true,"ev":"game","ms":23519,"predicted":false,"t":4,"tick":1297,"type":"hit"}
[client] {"a":5,"dup":false,"ev":"game","ms":23685,"predicted":false,"t":2,"tick":1302,"type":"hit"}
[client] {"a":3,"dup":false,"ev":"game","ms":23802,"predicted":false,"t":5,"tick":1309,"type":"hit"}
[client] {"a":6,"dup":false,"ev":"game","ms":23836,"predicted":false,"t":4,"tick":1316,"type":"block"}
[client] {"a":6,"dup":false,"ev":"game","ms":23871,"predicted":false,"t":-1,"tick":1318,"type":"ko"}
[client] {"a":0,"dup":false,"ev":"game","ms":23919,"predicted":false,"t":5,"tick":1316,"type":"hit"}
[client] {"a":0,"dup":false,"ev":"game","ms":23954,"predicted":false,"t":6,"tick":1318,"type":"hit"}
[client] {"a":9,"dup":false,"ev":"game","ms":24071,"predicted":false,"t":3,"tick":1325,"type":"hit"}
[client] {"a":5,"dup":false,"ev":"game","ms":24519,"predicted":false,"t":3,"tick":1352,"type":"hit"}
[client] {"a":8,"dup":false,"ev":"game","ms":24768,"predicted":false,"t":0,"tick":1367,"type":"hit"}
[client] {"a":5,"dup":false,"ev":"game","ms":24837,"predicted":false,"t":3,"tick":1371,"type":"block"}
[client] {"a":9,"dup":false,"ev":"game","ms":24871,"predicted":false,"t":0,"tick":1373,"type":"hit"}
[client] {"a":7,"dup":false,"ev":"game","ms":24885,"predicted":false,"t":2,"tick":1374,"type":"hit"}
[client] {"counts":{"blocks_on_me":1,"conf_actions":19,"confirmed_hits":61,"dup_confirmed":0,"hits_on_me":11,"pred_actions":21,"predicted_confirmed":10,"predicted_hits":33,"reconnects":0},"ev":"stats","hp":0.0,"in_bytes":323921,"late":0,"local_entity":6,"match":{"countdown_until":300,"ctrl":-1,"final":false,"next":"","phase":3,"rot":2516,"scores":[0,0],"sd":false,"state":3,"tick":1084,"zone":"B"},"max_err":1.012,"mean_err":0.0465,"ms":24953,"out_bytes":67783,"pending":5,"pos":[-1.73,-4.42],"reconciles":454,"server_tick":1382,"snaps":456,"teleports":1}
[client] {"a":7,"dup":false,"ev":"game","ms":25155,"predicted":false,"t":2,"tick":1390,"type":"hit"}
[client] {"a":5,"dup":false,"ev":"game","ms":25251,"predicted":false,"t":3,"tick":1396,"type":"block"}
[client] {"a":8,"dup":false,"ev":"game","ms":25403,"predicted":false,"t":1,"tick":1405,"type":"guard_break"}
[client] {"a":5,"dup":false,"ev":"game","ms":25837,"predicted":false,"t":3,"tick":1431,"type":"block"}
[client] {"a":9,"dup":false,"ev":"game","ms":25955,"predicted":false,"t":1,"tick":1438,"type":"hit"}
[client] {"a":4,"dup":false,"ev":"game","ms":26017,"predicted":false,"t":7,"tick":1442,"type":"hit"}
[client] {"a":8,"dup":false,"ev":"game","ms":26127,"predicted":false,"t":0,"tick":1449,"type":"hit"}
[client] {"a":9,"dup":false,"ev":"game","ms":26479,"predicted":false,"t":0,"tick":1470,"type":"hit"}
[client] {"a":5,"dup":false,"ev":"game","ms":26749,"predicted":false,"t":3,"tick":1486,"type":"hit"}
[client] {"a":5,"dup":false,"ev":"game","ms":27065,"predicted":false,"t":3,"tick":1505,"type":"block"}
[client] {"a":0,"dup":false,"ev":"game","ms":27127,"predicted":false,"t":8,"tick":1509,"type":"hit"}
[client] {"a":5,"dup":false,"ev":"game","ms":27383,"predicted":false,"t":3,"tick":1524,"type":"block"}
[client] {"a":5,"dup":false,"ev":"game","ms":27963,"predicted":false,"t":3,"tick":1559,"type":"guard_break"}
[client] {"a":7,"dup":false,"ev":"game","ms":28266,"predicted":false,"t":3,"tick":1577,"type":"hit"}
[client] {"a":5,"dup":false,"ev":"game","ms":28584,"predicted":false,"t":3,"tick":1596,"type":"hit"}
[client] {"a":8,"dup":false,"ev":"game","ms":28715,"predicted":false,"t":4,"tick":1604,"type":"hit"}
[client] {"a":5,"dup":false,"ev":"game","ms":28963,"predicted":false,"t":3,"tick":1619,"type":"hit"}
[client] {"a":8,"dup":false,"ev":"game","ms":29211,"predicted":false,"t":4,"tick":1634,"type":"block"}
[client] {"a":9,"dup":false,"ev":"game","ms":29750,"predicted":false,"t":4,"tick":1666,"type":"hit"}
[client] {"counts":{"blocks_on_me":1,"conf_actions":19,"confirmed_hits":73,"dup_confirmed":0,"hits_on_me":11,"pred_actions":21,"predicted_confirmed":10,"predicted_hits":33,"reconnects":0},"ev":"stats","hp":0.0,"in_bytes":395641,"late":0,"local_entity":6,"match":{"countdown_until":300,"ctrl":-1,"final":false,"next":"","phase":3,"rot":2216,"scores":[0,0],"sd":false,"state":3,"tick":1384,"zone":"B"},"max_err":1.012,"mean_err":0.0381,"ms":29949,"out_bytes":82483,"pending":5,"pos":[-1.73,-4.42],"reconciles":554,"server_tick":1682,"snaps":556,"teleports":1}
[client] {"a":5,"dup":false,"ev":"game","ms":30550,"predicted":false,"t":4,"tick":1714,"type":"block"}
[client] {"a":9,"dup":false,"ev":"game","ms":31930,"predicted":false,"t":1,"tick":1796,"type":"guard_break"}
[client] {"a":5,"dup":false,"ev":"game","ms":32413,"predicted":false,"t":1,"tick":1825,"type":"hit"}
[client] {"a":0,"dup":false,"ev":"game","ms":33131,"predicted":false,"t":5,"tick":1868,"type":"hit"}
[client] {"a":0,"dup":false,"ev":"game","ms":33213,"predicted":false,"t":8,"tick":1873,"type":"hit"}
[client] {"a":9,"dup":false,"ev":"game","ms":33600,"predicted":false,"t":1,"tick":1896,"type":"guard_break"}
[client] {"a":6,"dup":false,"ev":"game","ms":33869,"predicted":false,"t":-1,"tick":1918,"type":"respawn"}
[client] {"a":9,"dup":false,"ev":"game","ms":34849,"predicted":false,"t":1,"tick":1971,"type":"guard_break"}
[client] {"counts":{"blocks_on_me":1,"conf_actions":19,"confirmed_hits":76,"dup_confirmed":0,"hits_on_me":11,"pred_actions":21,"predicted_confirmed":10,"predicted_hits":33,"reconnects":0},"ev":"stats","hp":220.0,"in_bytes":458654,"late":0,"local_entity":6,"match":{"countdown_until":300,"ctrl":-1,"final":false,"next":"","phase":3,"rot":1919,"scores":[0,0],"sd":false,"state":3,"tick":1681,"zone":"B"},"max_err":1.012,"mean_err":0.0323,"ms":34951,"out_bytes":97183,"pending":6,"pos":[5.03,41.36],"reconciles":653,"server_tick":1982,"snaps":655,"teleports":2}
[client] {"a":9,"dup":false,"ev":"game","ms":35367,"predicted":false,"t":0,"tick":2002,"type":"hit"}
[client] {"a":9,"dup":false,"ev":"game","ms":35387,"predicted":false,"t":1,"tick":2003,"type":"hit"}
[client] {"a":5,"dup":false,"ev":"game","ms":35601,"predicted":false,"t":0,"tick":2016,"type":"hit"}
[client] {"a":5,"dup":false,"ev":"game","ms":35601,"predicted":false,"t":1,"tick":2016,"type":"guard_break"}
[client] {"a":9,"dup":false,"ev":"game","ms":35884,"predicted":false,"t":1,"tick":2033,"type":"hit"}
[client] {"a":0,"dup":false,"ev":"game","ms":36002,"predicted":false,"t":5,"tick":2040,"type":"hit"}
[client] {"a":4,"dup":false,"ev":"game","ms":36353,"predicted":false,"t":7,"tick":2062,"type":"hit"}
[client] {"a":9,"dup":false,"ev":"game","ms":36519,"predicted":false,"t":0,"tick":2072,"type":"hit"}
[client] {"a":5,"dup":false,"ev":"game","ms":36732,"predicted":false,"t":0,"tick":2085,"type":"hit"}
[client] {"a":5,"dup":false,"ev":"game","ms":37085,"predicted":false,"t":0,"tick":2106,"type":"hit"}
[client] {"a":7,"dup":false,"ev":"game","ms":37216,"predicted":false,"t":2,"tick":2114,"type":"hit"}
[client] {"a":7,"dup":false,"ev":"game","ms":37685,"predicted":false,"t":4,"tick":2142,"type":"block"}
[client] {"ev":"drop","ms":38001,"token_set":true}
[client] {"counts":{"blocks_on_me":1,"conf_actions":19,"confirmed_hits":86,"dup_confirmed":0,"hits_on_me":11,"pred_actions":21,"predicted_confirmed":10,"predicted_hits":33,"reconnects":0},"ev":"stats","hp":220.0,"in_bytes":502681,"late":0,"local_entity":6,"match":{"countdown_until":300,"ctrl":-1,"final":false,"next":"","phase":3,"rot":1733,"scores":[0,0],"sd":false,"state":3,"tick":1867,"zone":"B"},"max_err":1.012,"mean_err":0.0297,"ms":39947,"out_bytes":106150,"pending":6,"pos":[0.22,20.06],"reconciles":714,"server_tick":2165,"snaps":717,"teleports":2}
[client] {"detail":"127.0.0.1:24651","ev":"status","ms":40996,"status":"connecting"}
[client] {"err":0,"ev":"reconnect_attempt","ms":40996}
[client] {"detail":"","ev":"status","ms":41019,"status":"connected"}
[client] {"ev":"welcome","ms":41024,"observer":false,"pid":5}
[client] {"ev":"match_setup","fighters":10,"ms":41045,"you":6}
[client] {"a":9,"dup":false,"ev":"game","ms":41627,"predicted":false,"t":1,"tick":2379,"type":"guard_break"}
[client] {"a":9,"dup":false,"ev":"game","ms":42179,"predicted":false,"t":1,"tick":2411,"type":"hit"}
[client] {"a":9,"dup":false,"ev":"game","ms":42842,"predicted":false,"t":1,"tick":2451,"type":"guard_break"}
[client] {"a":9,"dup":false,"ev":"game","ms":43359,"predicted":false,"t":1,"tick":2483,"type":"hit"}
[client] {"a":9,"dup":false,"ev":"game","ms":43877,"predicted":false,"t":1,"tick":2514,"type":"guard_break"}
[client] {"counts":{"blocks_on_me":1,"conf_actions":19,"confirmed_hits":88,"dup_confirmed":0,"hits_on_me":11,"pred_actions":21,"predicted_confirmed":10,"predicted_hits":33,"reconnects":1},"ev":"stats","hp":220.0,"in_bytes":552882,"late":0,"local_entity":6,"match":{"countdown_until":300,"ctrl":-1,"final":false,"next":"","phase":3,"rot":1319,"scores":[0,0],"sd":false,"state":3,"tick":2281,"zone":"B"},"max_err":1.012,"mean_err":0.0271,"ms":44945,"out_bytes":117593,"pending":7,"pos":[-2.28,20.75],"reconciles":792,"server_tick":2582,"snaps":795,"teleports":3}
[client] {"a":5,"dup":false,"ev":"game","ms":45581,"predicted":false,"t":4,"tick":2615,"type":"hit"}
[client] {"a":3,"dup":false,"ev":"game","ms":45733,"predicted":false,"t":9,"tick":2625,"type":"hit"}
[client] {"a":4,"dup":false,"ev":"game","ms":46381,"predicted":false,"t":5,"tick":2664,"type":"hit"}
[client] {"a":5,"dup":false,"ev":"game","ms":46381,"predicted":false,"t":-1,"tick":2664,"type":"ko"}
[client] {"a":7,"dup":false,"ev":"game","ms":46844,"predicted":false,"t":3,"tick":2692,"type":"hit"}
[client] {"a":8,"dup":false,"ev":"game","ms":47044,"predicted":false,"t":1,"tick":2704,"type":"guard_break"}
[client] {"a":8,"dup":false,"ev":"game","ms":47880,"predicted":false,"t":1,"tick":2753,"type":"hit"}
[client] {"a":0,"dup":false,"ev":"game","ms":48196,"predicted":false,"t":-1,"tick":2772,"type":"respawn"}
[client] {"a":8,"dup":false,"ev":"game","ms":48431,"predicted":false,"t":1,"tick":2786,"type":"guard_break"}
[client] {"a":7,"dup":false,"ev":"game","ms":48748,"predicted":false,"t":1,"tick":2805,"type":"hit"}
[client] {"a":9,"dup":false,"ev":"game","ms":48983,"predicted":false,"t":1,"tick":2819,"type":"guard_break"}
[client] {"a":2,"dup":false,"ev":"game","ms":49648,"predicted":false,"t":7,"tick":2860,"type":"hit"}
[client] {"a":2,"dup":false,"ev":"game","ms":49649,"predicted":false,"t":9,"tick":2860,"type":"hit"}
[client] {"counts":{"blocks_on_me":1,"conf_actions":19,"confirmed_hits":96,"dup_confirmed":0,"hits_on_me":11,"pred_actions":21,"predicted_confirmed":10,"predicted_hits":33,"reconnects":1},"ev":"stats","hp":220.0,"in_bytes":619044,"late":0,"local_entity":6,"match":{"countdown_until":300,"ctrl":-1,"final":false,"next":"","phase":3,"rot":1016,"scores":[0,0],"sd":false,"state":3,"tick":2584,"zone":"B"},"max_err":1.012,"mean_err":0.0241,"ms":49948,"out_bytes":132293,"pending":7,"pos":[-0.15,-2.74],"reconciles":892,"server_tick":2882,"snaps":896,"teleports":3}
[client] {"a":8,"dup":false,"ev":"game","ms":50198,"predicted":false,"t":1,"tick":2893,"type":"guard_break"}
[client] {"a":8,"dup":false,"ev":"game","ms":50680,"predicted":false,"t":1,"tick":2922,"type":"hit"}
[client] {"a":4,"dup":false,"ev":"game","ms":50715,"predicted":false,"t":9,"tick":2924,"type":"hit"}
[client] {"a":2,"dup":false,"ev":"game","ms":51101,"predicted":false,"t":8,"tick":2946,"type":"hit"}
[client] {"a":4,"dup":false,"ev":"game","ms":51363,"predicted":false,"t":9,"tick":2963,"type":"hit"}
[client] {"a":4,"dup":false,"ev":"game","ms":51867,"predicted":false,"t":9,"tick":2993,"type":"hit"}
[client] {"a":8,"dup":false,"ev":"game","ms":53385,"predicted":false,"t":2,"tick":3084,"type":"hit"}
[client] {"a":8,"dup":false,"ev":"game","ms":53985,"predicted":false,"t":2,"tick":3120,"type":"block"}
[client] {"a":8,"dup":false,"ev":"game","ms":54882,"predicted":false,"t":2,"tick":3174,"type":"hit"}
[client] {"counts":{"blocks_on_me":1,"conf_actions":20,"confirmed_hits":103,"dup_confirmed":0,"hits_on_me":11,"pred_actions":22,"predicted_confirmed":10,"predicted_hits":33,"reconnects":1},"ev":"stats","hp":220.0,"in_bytes":682017,"late":0,"local_entity":6,"match":{"countdown_until":300,"ctrl":-1,"final":false,"next":"A","phase":3,"rot":716,"scores":[0,0],"sd":false,"state":3,"tick":2884,"zone":"B"},"max_err":1.012,"mean_err":0.0217,"ms":54950,"out_bytes":146993,"pending":7,"pos":[0.02,-2.98],"reconciles":992,"server_tick":3182,"snaps":996,"teleports":3}
[client] {"a":0,"dup":false,"ev":"game","ms":55117,"predicted":false,"t":6,"tick":3188,"type":"hit"}
[client] {"a":0,"dup":false,"ev":"game","ms":55435,"predicted":false,"t":6,"tick":3207,"type":"hit"}
[client] {"a":4,"dup":false,"ev":"game","ms":55435,"predicted":false,"t":8,"tick":3207,"type":"hit"}
[client] {"a":2,"dup":false,"ev":"game","ms":55455,"predicted":false,"t":8,"tick":3208,"type":"hit"}
[client] {"a":2,"dup":false,"ev":"game","ms":55683,"predicted":false,"t":8,"tick":3222,"type":"hit"}
[client] {"a":6,"dup":true,"ev":"game","ms":55717,"predicted":false,"t":0,"tick":3229,"type":"hit"}
[client] {"a":6,"dup":true,"ev":"game","ms":56269,"predicted":false,"t":0,"tick":3262,"type":"hit"}
[client] {"a":5,"dup":false,"ev":"game","ms":56386,"predicted":false,"t":-1,"tick":3264,"type":"respawn"}
[client] {"a":6,"dup":true,"ev":"game","ms":56601,"predicted":false,"t":0,"tick":3282,"type":"hit"}
[client] {"a":0,"dup":false,"ev":"game","ms":57354,"predicted":false,"t":6,"tick":3322,"type":"hit"}
[client] {"a":0,"dup":false,"ev":"game","ms":57705,"predicted":false,"t":6,"tick":3343,"type":"hit"}
[client] {"a":6,"dup":true,"ev":"game","ms":58994,"predicted":false,"t":0,"tick":3425,"type":"hit"}
[client] {"a":6,"dup":true,"ev":"game","ms":59298,"predicted":false,"t":0,"tick":3443,"type":"hit"}
[client] {"a":7,"dup":false,"ev":"game","ms":59395,"predicted":false,"t":4,"tick":3445,"type":"hit"}
[client] {"a":6,"dup":true,"ev":"game","ms":59581,"predicted":false,"t":0,"tick":3461,"type":"hit"}
[client] {"counts":{"blocks_on_me":1,"conf_actions":29,"confirmed_hits":117,"dup_confirmed":0,"hits_on_me":15,"pred_actions":33,"predicted_confirmed":16,"predicted_hits":44,"reconnects":1},"ev":"stats","hp":148.0,"in_bytes":755423,"late":0,"local_entity":6,"match":{"countdown_until":300,"ctrl":-1,"final":false,"next":"A","phase":3,"rot":419,"scores":[0,0],"sd":false,"state":3,"tick":3181,"zone":"B"},"max_err":1.067,"mean_err":0.0217,"ms":59945,"out_bytes":161693,"pending":7,"pos":[-0.14,-2.78],"reconciles":1092,"server_tick":3482,"snaps":1095,"teleports":3}
[client] {"a":6,"dup":true,"ev":"game","ms":60229,"predicted":false,"t":0,"tick":3500,"type":"hit"}
[client] {"a":2,"dup":false,"ev":"game","ms":61181,"predicted":false,"t":7,"tick":3552,"type":"hit"}
[client] {"a":6,"dup":true,"ev":"game","ms":61313,"predicted":false,"t":0,"tick":3564,"type":"hit"}
[client] {"a":6,"dup":true,"ev":"game","ms":61630,"predicted":false,"t":0,"tick":3584,"type":"hit"}
[client] {"a":7,"dup":false,"ev":"game","ms":62113,"predicted":false,"t":2,"tick":3608,"type":"hit"}
[client] {"a":7,"dup":false,"ev":"game","ms":62361,"predicted":false,"t":2,"tick":3623,"type":"hit"}
[client] {"a":0,"dup":false,"ev":"game","ms":62396,"predicted":false,"t":6,"tick":3625,"type":"hit"}
[client] {"a":3,"dup":false,"ev":"game","ms":62595,"predicted":false,"t":6,"tick":3636,"type":"hit"}
[client] {"a":0,"dup":false,"ev":"game","ms":62798,"predicted":false,"t":6,"tick":3649,"type":"hit"}
[client] {"a":2,"dup":false,"ev":"game","ms":63031,"predicted":false,"t":7,"tick":3663,"type":"hit"}
[client] {"a":0,"dup":false,"ev":"game","ms":63115,"predicted":false,"t":6,"tick":3668,"type":"hit"}
[client] {"a":3,"dup":false,"ev":"game","ms":63314,"predicted":false,"t":6,"tick":3680,"type":"hit"}
[client] {"a":2,"dup":false,"ev":"game","ms":63515,"predicted":false,"t":7,"tick":3692,"type":"block"}
[client] {"a":2,"dup":false,"ev":"game","ms":63750,"predicted":false,"t":7,"tick":3706,"type":"block"}
[client] {"a":0,"dup":false,"ev":"game","ms":63784,"predicted":false,"t":6,"tick":3708,"type":"hit"}
[client] {"a":3,"dup":false,"ev":"game","ms":63818,"predicted":false,"t":6,"tick":3710,"type":"hit"}
[client] {"a":6,"dup":false,"ev":"game","ms":64218,"predicted":false,"t":-1,"tick":3739,"type":"ko"}
[client] {"a":3,"dup":false,"ev":"game","ms":64301,"predicted":false,"t":6,"tick":3739,"type":"hit"}
[client] {"a":7,"dup":false,"ev":"game","ms":64349,"predicted":false,"t":2,"tick":3742,"type":"hit"}
[client] {"a":5,"dup":false,"ev":"game","ms":64916,"predicted":false,"t":3,"tick":3776,"type":"hit"}
[client] {"counts":{"blocks_on_me":1,"conf_actions":36,"confirmed_hits":134,"dup_confirmed":0,"hits_on_me":23,"pred_actions":41,"predicted_confirmed":19,"predicted_hits":48,"reconnects":1},"ev":"stats","hp":0.0,"in_bytes":827947,"late":0,"local_entity":6,"match":{"countdown_until":300,"ctrl":-1,"final":false,"next":"A","phase":3,"rot":116,"scores":[0,0],"sd":false,"state":3,"tick":3484,"zone":"B"},"max_err":1.168,"mean_err":0.0248,"ms":64949,"out_bytes":176393,"pending":7,"pos":[-1.78,-3.3],"reconciles":1191,"server_tick":3782,"snaps":1195,"teleports":3}
[client] {"a":3,"dup":false,"ev":"game","ms":65564,"predicted":false,"t":5,"tick":3815,"type":"hit"}
[client] {"a":0,"dup":false,"ev":"game","ms":65902,"predicted":false,"t":5,"tick":3835,"type":"hit"}
[client] {"a":7,"dup":false,"ev":"game","ms":65985,"predicted":false,"t":2,"tick":3840,"type":"hit"}
[client] {"a":0,"dup":false,"ev":"game","ms":66219,"predicted":false,"t":5,"tick":3854,"type":"hit"}
[client] {"a":0,"dup":false,"ev":"game","ms":66882,"predicted":false,"t":5,"tick":3894,"type":"hit"}
[client] {"a":-1,"dup":false,"ev":"game","ms":66971,"predicted":false,"t":-1,"tick":3899,"type":"zone_rotated"}
[client] {"counts":{"blocks_on_me":1,"conf_actions":36,"confirmed_hits":139,"dup_confirmed":0,"hits_on_me":23,"pred_actions":41,"predicted_confirmed":19,"predicted_hits":48,"reconnects":1},"ev":"stats","hp":0.0,"in_bytes":894647,"late":0,"local_entity":6,"match":{"countdown_until":300,"ctrl":1,"final":false,"next":"","phase":3,"rot":3416,"scores":[0,2],"sd":false,"state":2,"tick":3784,"zone":"A"},"max_err":1.168,"mean_err":0.0229,"ms":69951,"out_bytes":191093,"pending":7,"pos":[-1.78,-3.3],"reconciles":1291,"server_tick":4082,"snaps":1295,"teleports":3}
[client] {"a":9,"dup":false,"ev":"game","ms":72458,"predicted":false,"t":0,"tick":4228,"type":"hit"}
[client] {"a":4,"dup":false,"ev":"game","ms":72788,"predicted":false,"t":9,"tick":4248,"type":"hit"}
[client] {"a":6,"dup":false,"ev":"game","ms":74217,"predicted":false,"t":-1,"tick":4339,"type":"respawn"}
[client] {"counts":{"blocks_on_me":1,"conf_actions":36,"confirmed_hits":141,"dup_confirmed":0,"hits_on_me":23,"pred_actions":41,"predicted_confirmed":19,"predicted_hits":48,"reconnects":1},"ev":"stats","hp":220.0,"in_bytes":961432,"late":0,"local_entity":6,"match":{"countdown_until":300,"ctrl":-1,"final":false,"next":"","phase":3,"rot":3116,"scores":[0,6],"sd":false,"state":3,"tick":4084,"zone":"A"},"max_err":1.168,"mean_err":0.0213,"ms":74947,"out_bytes":205793,"pending":7,"pos":[5.04,43.91],"reconciles":1390,"server_tick":4382,"snaps":1395,"teleports":4}
[client] {"a":0,"dup":false,"ev":"game","ms":75314,"predicted":false,"t":9,"tick":4400,"type":"hit"}
[client] {"a":3,"dup":false,"ev":"game","ms":75418,"predicted":false,"t":9,"tick":4406,"type":"hit"}
[client] {"a":8,"dup":false,"ev":"game","ms":75583,"predicted":false,"t":0,"tick":4416,"type":"hit"}
[client] {"a":0,"dup":false,"ev":"game","ms":75583,"predicted":false,"t":-1,"tick":4416,"type":"ko"}
[client] {"a":9,"dup":false,"ev":"game","ms":75831,"predicted":false,"t":3,"tick":4431,"type":"hit"}
[client] {"a":3,"dup":false,"ev":"game","ms":76797,"predicted":false,"t":9,"tick":4489,"type":"block"}
[client] {"a":3,"dup":false,"ev":"game","ms":77018,"predicted":false,"t":9,"tick":4502,"type":"block"}
[client] {"a":4,"dup":false,"ev":"game","ms":77453,"predicted":false,"t":8,"tick":4528,"type":"hit"}
[client] {"a":3,"dup":false,"ev":"game","ms":77901,"predicted":false,"t":9,"tick":4555,"type":"hit"}
[client] {"a":9,"dup":false,"ev":"game","ms":78702,"predicted":false,"t":3,"tick":4603,"type":"hit"}
[client] {"a":7,"dup":false,"ev":"game","ms":78750,"predicted":false,"t":1,"tick":4606,"type":"block"}
[client] {"a":2,"dup":false,"ev":"game","ms":79267,"predicted":false,"t":7,"tick":4637,"type":"hit"}
[client] {"a":9,"dup":false,"ev":"game","ms":79371,"predicted":false,"t":3,"tick":4643,"type":"hit"}
[client] {"a":9,"dup":false,"ev":"game","ms":79385,"predicted":false,"t":4,"tick":4644,"type":"hit"}
[client] {"a":4,"dup":false,"ev":"game","ms":79799,"predicted":false,"t":9,"tick":4669,"type":"hit"}
[client] {"counts":{"blocks_on_me":1,"conf_actions":36,"confirmed_hits":152,"dup_confirmed":0,"hits_on_me":23,"pred_actions":41,"predicted_confirmed":19,"predicted_hits":48,"reconnects":1},"ev":"stats","hp":220.0,"in_bytes":1033295,"late":0,"local_entity":6,"match":{"countdown_until":300,"ctrl":-1,"final":false,"next":"","phase":3,"rot":2816,"scores":[0,6],"sd":false,"state":3,"tick":4384,"zone":"A"},"max_err":1.168,"mean_err":0.0198,"ms":79949,"out_bytes":220493,"pending":7,"pos":[-12.46,16.79],"reconciles":1490,"server_tick":4682,"snaps":1495,"teleports":4}
[client] {"counts":{"blocks_on_me":1,"conf_actions":36,"confirmed_hits":152,"dup_confirmed":0,"hits_on_me":23,"pred_actions":41,"predicted_confirmed":19,"predicted_hits":48,"reconnects":1},"ev":"stats","hp":220.0,"in_bytes":1033964,"late":0,"local_entity":6,"match":{"countdown_until":300,"ctrl":-1,"final":false,"next":"","phase":3,"rot":2813,"scores":[0,6],"sd":false,"state":3,"tick":4387,"zone":"A"},"max_err":1.168,"mean_err":0.0198,"ms":80018,"out_bytes":220689,"pending":8,"pos":[-12.92,16.64],"reconciles":1491,"server_tick":4686,"snaps":1496,"teleports":4}
