Godot Engine v4.7.2.stable.official.ed1daf0bf - https://godotengine.org

[server] {"bots_allowed":false,"build":"wildrush-1.0.0","ev":"server_started","match_id":"ba4262e2-ae44-4205-addd-a47d85ce00e2","mode":"ranked","port":24610,"protocol":3,"t":0}
[server] {"ev":"joined","observer":false,"peer":1138707773,"pid":2,"t":32}
[server] {"ev":"joined","observer":false,"peer":432029415,"pid":3,"t":35}
[server] {"ev":"joined","observer":false,"peer":1548177226,"pid":4,"t":53}
[server] {"ev":"joined","observer":false,"peer":102609227,"pid":5,"t":54}
[server] {"ev":"joined","observer":false,"peer":245544836,"pid":6,"t":62}
[server] {"ev":"joined","observer":false,"peer":1544402895,"pid":7,"t":62}
[server] {"ev":"joined","observer":false,"peer":784326884,"pid":8,"t":64}
[server] {"ev":"joined","observer":false,"peer":385757392,"pid":9,"t":67}
[server] {"ev":"joined","observer":false,"peer":858772744,"pid":10,"t":68}
[server] {"ev":"select","players":10,"t":71}
[server] {"ev":"joined","observer":false,"peer":171100780,"pid":11,"t":71}
[server] {"bots":0,"ev":"match_start","fighters":10,"t":180}
[server] {"ev":"match_end","reason":"time","replay":"user://replays/ba4262e2-ae44-4205-addd-a47d85ce00e2.wrr","score":[35,15],"t":29279,"winner":0}
[server] {"ev":"left","peer":1138707773,"pid":2,"t":29348}
[server] {"ev":"left","peer":245544836,"pid":6,"t":29348}
[server] {"ev":"left","peer":102609227,"pid":5,"t":29348}
[server] {"ev":"left","peer":858772744,"pid":10,"t":29348}
[server] {"ev":"left","peer":385757392,"pid":9,"t":29348}
[server] {"ev":"left","peer":784326884,"pid":8,"t":29348}
[server] {"ev":"left","peer":171100780,"pid":11,"t":29348}
[server] {"ev":"left","peer":432029415,"pid":3,"t":29348}
[server] {"ev":"left","peer":1544402895,"pid":7,"t":29348}
[server] {"ev":"left","peer":1548177226,"pid":4,"t":29348}
