Godot Engine v4.7.2.stable.official.ed1daf0bf - https://godotengine.org

[client] {"detail":"127.0.0.1:24671","ev":"status","ms":0,"status":"connecting"}
[client] {"detail":"","ev":"status","ms":14,"status":"connected"}
[client] {"ev":"welcome","ms":21,"observer":false,"pid":2}
[client] {"ev":"pick","f":"nyx","ms":28}
[client] {"ev":"lock","f":"nyx","ms":974}
[client] {"ev":"match_setup","fighters":10,"ms":1983,"you":0}
[client] {"counts":{"blocks_on_me":0,"conf_actions":0,"confirmed_hits":0,"dup_confirmed":0,"hits_on_me":0,"pred_actions":0,"predicted_confirmed":0,"predicted_hits":0,"reconnects":0},"ev":"stats","hp":220.0,"in_bytes":41485,"late":0,"local_entity":0,"match":{"countdown_until":300,"ctrl":-1,"final":false,"next":"","phase":2,"rot":3600,"scores":[0,0],"sd":false,"state":1,"tick":0,"zone":""},"max_err":1.831,"mean_err":0.2316,"ms":4975,"out_bytes":8787,"pending":6,"pos":[-5.96,-47.76],"reconciles":58,"server_tick":179,"snaps":59,"teleports":1}
[client] {"counts":{"blocks_on_me":0,"conf_actions":0,"confirmed_hits":0,"dup_confirmed":0,"hits_on_me":0,"pred_actions":0,"predicted_confirmed":0,"predicted_hits":0,"reconnects":0},"ev":"stats","hp":220.0,"in_bytes":85860,"late":0,"local_entity":0,"match":{"countdown_until":300,"ctrl":-1,"final":false,"next":"","phase":3,"rot":3422,"scores":[0,0],"sd":false,"state":1,"tick":178,"zone":"B"},"max_err":1.831,"mean_err":0.1419,"ms":9978,"out_bytes":23487,"pending":6,"pos":[-1.66,-26.8],"reconciles":158,"server_tick":479,"snaps":159,"teleports":1}
[client] {"a":1,"dup":false,"ev":"game","ms":14208,"predicted":false,"t":6,"tick":728,"type":"hit"}
[client] {"a":3,"dup":false,"ev":"game","ms":14409,"predicted":false,"t":8,"tick":740,"type":"hit"}
[client] {"a":5,"dup":false,"ev":"game","ms":14409,"predicted":false,"t":1,"tick":740,"type":"hit"}
[client] {"a":9,"dup":false,"ev":"game","ms":14809,"predicted":false,"t":1,"tick":764,"type":"hit"}
[client] {"counts":{"blocks_on_me":0,"conf_actions":0,"confirmed_hits":4,"dup_confirmed":0,"hits_on_me":0,"pred_actions":0,"predicted_confirmed":0,"predicted_hits":0,"reconnects":0},"ev":"stats","hp":220.0,"in_bytes":149519,"late":0,"local_entity":0,"match":{"countdown_until":300,"ctrl":-1,"final":false,"next":"","phase":3,"rot":3119,"scores":[0,0],"sd":false,"state":3,"tick":481,"zone":"B"},"max_err":1.831,"mean_err":0.087,"ms":14981,"out_bytes":38187,"pending":6,"pos":[0.0,-2.72],"reconciles":258,"server_tick":779,"snaps":260,"teleports":1}
[client] {"a":8,"dup":false,"ev":"game","ms":14995,"predicted":false,"t":3,"tick":775,"type":"hit"}
[client] {"a":8,"dup":false,"ev":"game","ms":15009,"predicted":false,"t":2,"tick":776,"type":"hit"}
[client] {"a":8,"dup":false,"ev":"game","ms":15244,"predicted":false,"t":3,"tick":790,"type":"hit"}
[client] {"a":8,"dup":false,"ev":"game","ms":15278,"predicted":false,"t":2,"tick":792,"type":"hit"}
[client] {"a":1,"dup":false,"ev":"game","ms":15595,"predicted":false,"t":9,"tick":811,"type":"hit"}
[client] {"a":1,"dup":false,"ev":"game","ms":15609,"predicted":false,"t":5,"tick":812,"type":"hit"}
[client] {"a":3,"dup":false,"ev":"game","ms":15892,"predicted":false,"t":8,"tick":829,"type":"hit"}
[client] {"a":5,"dup":false,"ev":"game","ms":17113,"predicted":false,"t":0,"tick":902,"type":"hit"}
[client] {"a":3,"dup":false,"ev":"game","ms":17162,"predicted":false,"t":8,"tick":905,"type":"hit"}
[client] {"a":2,"dup":false,"ev":"game","ms":17280,"predicted":false,"t":8,"tick":912,"type":"hit"}
[client] {"a":4,"dup":false,"ev":"game","ms":17280,"predicted":false,"t":8,"tick":912,"type":"hit"}
[client] {"a":6,"dup":false,"ev":"game","ms":17514,"predicted":false,"t":1,"tick":926,"type":"hit"}
[client] {"a":3,"dup":false,"ev":"game","ms":17639,"predicted":false,"t":8,"tick":934,"type":"hit"}
[client] {"a":0,"dup":true,"ev":"game","ms":17756,"predicted":false,"t":5,"tick":946,"type":"hit"}
[client] {"a":4,"dup":false,"ev":"game","ms":17859,"predicted":false,"t":8,"tick":947,"type":"hit"}
[client] {"a":3,"dup":false,"ev":"game","ms":18143,"predicted":false,"t":8,"tick":964,"type":"hit"}
[client] {"a":6,"dup":false,"ev":"game","ms":18238,"predicted":false,"t":1,"tick":970,"type":"hit"}
[client] {"a":7,"dup":false,"ev":"game","ms":18294,"predicted":false,"t":1,"tick":973,"type":"hit"}
[client] {"a":9,"dup":false,"ev":"game","ms":18307,"predicted":false,"t":1,"tick":974,"type":"hit"}
[client] {"a":0,"dup":true,"ev":"game","ms":18660,"predicted":false,"t":5,"tick":1000,"type":"hit"}
[client] {"a":6,"dup":false,"ev":"game","ms":18722,"predicted":false,"t":1,"tick":999,"type":"hit"}
[client] {"a":7,"dup":false,"ev":"game","ms":18756,"predicted":false,"t":1,"tick":1001,"type":"hit"}
[client] {"a":3,"dup":false,"ev":"game","ms":18839,"predicted":false,"t":8,"tick":1006,"type":"hit"}
[client] {"a":1,"dup":false,"ev":"game","ms":19156,"predicted":false,"t":6,"tick":1025,"type":"parry"}
[client] {"a":0,"dup":true,"ev":"game","ms":19273,"predicted":false,"t":6,"tick":1037,"type":"hit"}
[client] {"a":7,"dup":false,"ev":"game","ms":19522,"predicted":false,"t":0,"tick":1047,"type":"hit"}
[client] {"a":0,"dup":true,"ev":"game","ms":19804,"predicted":false,"t":6,"tick":1069,"type":"hit"}
[client] {"counts":{"blocks_on_me":0,"conf_actions":5,"confirmed_hits":30,"dup_confirmed":0,"hits_on_me":2,"pred_actions":7,"predicted_confirmed":4,"predicted_hits":10,"reconnects":0},"ev":"stats","hp":184.0,"in_bytes":222983,"late":0,"local_entity":0,"match":{"countdown_until":300,"ctrl":-1,"final":false,"next":"","phase":3,"rot":2822,"scores":[0,0],"sd":false,"state":3,"tick":778,"zone":"B"},"max_err":1.831,"mean_err":0.065,"ms":19976,"out_bytes":52887,"pending":6,"pos":[1.7,-3.16],"reconciles":358,"server_tick":1079,"snaps":359,"teleports":1}
[client] {"a":5,"dup":false,"ev":"game","ms":19991,"predicted":false,"t":1,"tick":1075,"type":"hit"}
[client] {"a":7,"dup":false,"ev":"game","ms":20260,"predicted":false,"t":0,"tick":1091,"type":"hit"}
[client] {"a":1,"dup":false,"ev":"game","ms":20392,"predicted":false,"t":5,"tick":1099,"type":"hit"}
[client] {"a":0,"dup":true,"ev":"game","ms":21040,"predicted":false,"t":7,"tick":1143,"type":"hit"}
[client] {"a":5,"dup":false,"ev":"game","ms":21061,"predicted":false,"t":1,"tick":1139,"type":"hit"}
[client] {"a":0,"dup":false,"ev":"game","ms":21357,"predicted":false,"t":7,"tick":1162,"type":"block"}
[client] {"a":0,"dup":false,"ev":"game","ms":21661,"predicted":false,"t":7,"tick":1180,"type":"block"}
[client] {"a":7,"dup":false,"ev":"game","ms":22723,"predicted":false,"t":0,"tick":1239,"type":"hit"}
[client] {"a":4,"dup":false,"ev":"game","ms":23006,"predicted":false,"t":7,"tick":1256,"type":"hit"}
[client] {"a":0,"dup":true,"ev":"game","ms":23041,"predicted":false,"t":7,"tick":1263,"type":"hit"}
[client] {"a":9,"dup":false,"ev":"game","ms":23393,"predicted":false,"t":0,"tick":1279,"type":"hit"}
[client] {"a":4,"dup":false,"ev":"game","ms":23475,"predicted":false,"t":7,"tick":1284,"type":"hit"}
[client] {"a":0,"dup":true,"ev":"game","ms":23662,"predicted":false,"t":9,"tick":1300,"type":"hit"}
[client] {"a":7,"dup":false,"ev":"game","ms":23910,"predicted":false,"t":0,"tick":1310,"type":"hit"}
[client] {"a":5,"dup":false,"ev":"game","ms":24013,"predicted":false,"t":4,"tick":1316,"type":"hit"}
[client] {"a":7,"dup":false,"ev":"game","ms":24545,"predicted":false,"t":4,"tick":1348,"type":"block"}
[client] {"a":7,"dup":false,"ev":"game","ms":24558,"predicted":false,"t":0,"tick":1349,"type":"hit"}
[client] {"a":5,"dup":false,"ev":"game","ms":24676,"predicted":false,"t":0,"tick":1356,"type":"hit"}
[client] {"counts":{"blocks_on_me":0,"conf_actions":15,"confirmed_hits":45,"dup_confirmed":0,"hits_on_me":8,"pred_actions":16,"predicted_confirmed":7,"predicted_hits":22,"reconnects":0},"ev":"stats","hp":12.0,"in_bytes":298588,"late":0,"local_entity":0,"match":{"countdown_until":300,"ctrl":-1,"final":false,"next":"","phase":3,"rot":2522,"scores":[0,0],"sd":false,"state":3,"tick":1078,"zone":"B"},"max_err":1.831,"mean_err":0.0619,"ms":24979,"out_bytes":67587,"pending":6,"pos":[-1.78,-2.19],"reconciles":458,"server_tick":1379,"snaps":459,"teleports":1}
[client] {"a":9,"dup":false,"ev":"game","ms":24994,"predicted":false,"t":0,"tick":1375,"type":"hit"}
[client] {"a":4,"dup":false,"ev":"game","ms":25042,"predicted":false,"t":6,"tick":1378,"type":"hit"}
[client] {"a":4,"dup":false,"ev":"game","ms":25042,"predicted":false,"t":7,"tick":1378,"type":"hit"}
[client] {"a":4,"dup":false,"ev":"game","ms":25076,"predicted":false,"t":9,"tick":1380,"type":"hit"}
[client] {"a":2,"dup":false,"ev":"game","ms":25159,"predicted":false,"t":9,"tick":1385,"type":"hit"}
[client] {"a":6,"dup":false,"ev":"game","ms":25443,"predicted":false,"t":4,"tick":1402,"type":"hit"}
[client] {"a":4,"dup":false,"ev":"game","ms":25863,"predicted":false,"t":9,"tick":1427,"type":"hit"}
[client] {"a":6,"dup":false,"ev":"game","ms":25980,"predicted":false,"t":4,"tick":1434,"type":"hit"}
[client] {"a":4,"dup":false,"ev":"game","ms":26394,"predicted":false,"t":7,"tick":1459,"type":"block"}
[client] {"a":4,"dup":false,"ev":"game","ms":26415,"predicted":false,"t":9,"tick":1460,"type":"block"}
[client] {"a":0,"dup":true,"ev":"game","ms":26442,"predicted":false,"t":7,"tick":1467,"type":"hit"}
[client] {"a":2,"dup":false,"ev":"game","ms":26512,"predicted":false,"t":6,"tick":1466,"type":"hit"}
[client] {"a":0,"dup":false,"ev":"game","ms":27146,"predicted":false,"t":-1,"tick":1509,"type":"ko"}
[client] {"a":6,"dup":false,"ev":"game","ms":27229,"predicted":false,"t":0,"tick":1509,"type":"hit"}
[client] {"a":9,"dup":false,"ev":"game","ms":27677,"predicted":false,"t":4,"tick":1536,"type":"hit"}
[client] {"a":2,"dup":false,"ev":"game","ms":28416,"predicted":false,"t":6,"tick":1580,"type":"hit"}
[client] {"a":7,"dup":false,"ev":"game","ms":29265,"predicted":false,"t":2,"tick":1631,"type":"hit"}
[client] {"a":4,"dup":false,"ev":"game","ms":29444,"predicted":false,"t":5,"tick":1642,"type":"hit"}
[client] {"a":6,"dup":false,"ev":"game","ms":29527,"predicted":false,"t":2,"tick":1647,"type":"hit"}
[client] {"a":6,"dup":false,"ev":"game","ms":29527,"predicted":false,"t":4,"tick":1647,"type":"hit"}
[client] {"counts":{"blocks_on_me":0,"conf_actions":17,"confirmed_hits":62,"dup_confirmed":0,"hits_on_me":10,"pred_actions":18,"predicted_confirmed":8,"predicted_hits":23,"reconnects":0},"ev":"stats","hp":0.0,"in_bytes":372602,"late":0,"local_entity":0,"match":{"countdown_until":300,"ctrl":-1,"final":false,"next":"","phase":3,"rot":2219,"scores":[0,0],"sd":false,"state":3,"tick":1381,"zone":"B"},"max_err":1.831,"mean_err":0.0533,"ms":29981,"out_bytes":82287,"pending":6,"pos":[0.42,-4.35],"reconciles":558,"server_tick":1679,"snaps":560,"teleports":1}
[client] {"a":2,"dup":false,"ev":"game","ms":30417,"predicted":false,"t":6,"tick":1700,"type":"hit"}
[client] {"a":6,"dup":false,"ev":"game","ms":30762,"predicted":false,"t":2,"tick":1721,"type":"hit"}
[client] {"a":7,"dup":false,"ev":"game","ms":31106,"predicted":false,"t":4,"tick":1742,"type":"block"}
[client] {"a":7,"dup":false,"ev":"game","ms":31555,"predicted":false,"t":4,"tick":1769,"type":"block"}
[client] {"a":6,"dup":false,"ev":"game","ms":31693,"predicted":false,"t":2,"tick":1777,"type":"hit"}
[client] {"a":7,"dup":false,"ev":"game","ms":32039,"predicted":false,"t":4,"tick":1798,"type":"hit"}
[client] {"a":2,"dup":false,"ev":"game","ms":32238,"predicted":false,"t":6,"tick":1810,"type":"hit"}
[client] {"a":4,"dup":false,"ev":"game","ms":32459,"predicted":false,"t":7,"tick":1823,"type":"hit"}
[client] {"a":9,"dup":false,"ev":"game","ms":32494,"predicted":false,"t":2,"tick":1825,"type":"hit"}
[client] {"a":2,"dup":false,"ev":"game","ms":32873,"predicted":false,"t":5,"tick":1848,"type":"block"}
[client] {"a":4,"dup":false,"ev":"game","ms":33011,"predicted":false,"t":7,"tick":1856,"type":"block"}
[client] {"a":1,"dup":false,"ev":"game","ms":33059,"predicted":false,"t":9,"tick":1859,"type":"hit"}
[client] {"a":6,"dup":false,"ev":"game","ms":33342,"predicted":false,"t":4,"tick":1876,"type":"hit"}
[client] {"a":2,"dup":false,"ev":"game","ms":33639,"predicted":false,"t":5,"tick":1894,"type":"hit"}
[client] {"a":2,"dup":false,"ev":"game","ms":33673,"predicted":false,"t":6,"tick":1896,"type":"hit"}
[client] {"a":2,"dup":false,"ev":"game","ms":33673,"predicted":false,"t":7,"tick":1896,"type":"hit"}
[client] {"a":3,"dup":false,"ev":"game","ms":33756,"predicted":false,"t":9,"tick":1901,"type":"hit"}
[client] {"a":8,"dup":false,"ev":"game","ms":33825,"predicted":false,"t":4,"tick":1905,"type":"hit"}
[client] {"a":3,"dup":false,"ev":"game","ms":34356,"predicted":false,"t":9,"tick":1937,"type":"block"}
[client] {"a":1,"dup":false,"ev":"game","ms":34577,"predicted":false,"t":9,"tick":1950,"type":"block"}
[client] {"a":3,"dup":false,"ev":"game","ms":34943,"predicted":false,"t":9,"tick":1972,"type":"block"}
[client] {"counts":{"blocks_on_me":0,"conf_actions":17,"confirmed_hits":76,"dup_confirmed":0,"hits_on_me":10,"pred_actions":18,"predicted_confirmed":8,"predicted_hits":23,"reconnects":0},"ev":"stats","hp":0.0,"in_bytes":443514,"late":0,"local_entity":0,"match":{"countdown_until":300,"ctrl":-1,"final":false,"next":"","phase":3,"rot":1922,"scores":[0,0],"sd":false,"state":3,"tick":1678,"zone":"B"},"max_err":1.831,"mean_err":0.0452,"ms":34977,"out_bytes":96987,"pending":6,"pos":[0.42,-4.35],"reconciles":658,"server_tick":1979,"snaps":659,"teleports":1}
[client] {"a":1,"dup":false,"ev":"game","ms":35040,"predicted":false,"t":9,"tick":1978,"type":"block"}
[client] {"a":3,"dup":false,"ev":"game","ms":35530,"predicted":false,"t":9,"tick":2007,"type":"block"}
[client] {"a":1,"dup":false,"ev":"game","ms":35544,"predicted":false,"t":9,"tick":2008,"type":"block"}
[client] {"a":2,"dup":false,"ev":"game","ms":35592,"predicted":false,"t":9,"tick":2011,"type":"hit"}
[client] {"a":9,"dup":false,"ev":"game","ms":36012,"predicted":false,"t":3,"tick":2036,"type":"hit"}
[client] {"a":1,"dup":false,"ev":"game","ms":36130,"predicted":false,"t":9,"tick":2043,"type":"hit"}
[client] {"a":1,"dup":false,"ev":"game","ms":36379,"predicted":false,"t":9,"tick":2058,"type":"hit"}
[client] {"a":8,"dup":false,"ev":"game","ms":36640,"predicted":false,"t":2,"tick":2074,"type":"hit"}
[client] {"a":3,"dup":false,"ev":"game","ms":36875,"predicted":false,"t":9,"tick":2088,"type":"hit"}
[client] {"a":8,"dup":false,"ev":"game","ms":36896,"predicted":false,"t":2,"tick":2089,"type":"hit"}
[client] {"a":1,"dup":false,"ev":"game","ms":36992,"predicted":false,"t":9,"tick":2095,"type":"hit"}
[client] {"a":0,"dup":false,"ev":"game","ms":37144,"predicted":false,"t":-1,"tick":2109,"type":"respawn"}
[client] {"a":3,"dup":false,"ev":"game","ms":38097,"predicted":false,"t":8,"tick":2161,"type":"hit"}
[client] {"a":8,"dup":false,"ev":"game","ms":38731,"predicted":false,"t":1,"tick":2199,"type":"hit"}
[client] {"a":8,"dup":false,"ev":"game","ms":39228,"predicted":false,"t":1,"tick":2229,"type":"block"}
[client] {"a":3,"dup":false,"ev":"game","ms":39263,"predicted":false,"t":8,"tick":2231,"type":"hit"}
[client] {"a":3,"dup":false,"ev":"game","ms":39849,"predicted":false,"t":8,"tick":2266,"type":"hit"}
[client] {"counts":{"blocks_on_me":0,"conf_actions":17,"confirmed_hits":88,"dup_confirmed":0,"hits_on_me":10,"pred_actions":18,"predicted_confirmed":8,"predicted_hits":23,"reconnects":0},"ev":"stats","hp":220.0,"in_bytes":510891,"late":0,"local_entity":0,"match":{"countdown_until":300,"ctrl":-1,"final":false,"next":"","phase":3,"rot":1622,"scores":[0,0],"sd":false,"state":3,"tick":1978,"zone":"B"},"max_err":1.831,"mean_err":0.0393,"ms":39979,"out_bytes":111687,"pending":6,"pos":[-1.86,-28.47],"reconciles":757,"server_tick":2279,"snaps":759,"teleports":2}
[client] {"a":1,"dup":false,"ev":"game","ms":40111,"predicted":false,"t":8,"tick":2282,"type":"hit"}
[client] {"a":3,"dup":false,"ev":"game","ms":40429,"predicted":false,"t":8,"tick":2301,"type":"hit"}
[client] {"a":1,"dup":false,"ev":"game","ms":40587,"predicted":false,"t":8,"tick":2311,"type":"hit"}
[client] {"a":2,"dup":false,"ev":"game","ms":44024,"predicted":false,"t":6,"tick":2517,"type":"hit"}
[client] {"a":1,"dup":false,"ev":"game","ms":44189,"predicted":false,"t":5,"tick":2527,"type":"hit"}
[client] {"a":3,"dup":false,"ev":"game","ms":44224,"predicted":false,"t":5,"tick":2529,"type":"hit"}
[client] {"a":4,"dup":false,"ev":"game","ms":44589,"predicted":false,"t":5,"tick":2551,"type":"hit"}
[client] {"a":3,"dup":false,"ev":"game","ms":44645,"predicted":false,"t":5,"tick":2554,"type":"hit"}
[client] {"a":2,"dup":false,"ev":"game","ms":44810,"predicted":false,"t":6,"tick":2564,"type":"hit"}
[client] {"a":7,"dup":false,"ev":"game","ms":44845,"predicted":false,"t":2,"tick":2566,"type":"hit"}
[client] {"counts":{"blocks_on_me":0,"conf_actions":17,"confirmed_hits":98,"dup_confirmed":0,"hits_on_me":10,"pred_actions":18,"predicted_confirmed":8,"predicted_hits":23,"reconnects":0},"ev":"stats","hp":220.0,"in_bytes":578157,"late":0,"local_entity":0,"match":{"countdown_until":300,"ctrl":-1,"final":false,"next":"","phase":3,"rot":1322,"scores":[1,0],"sd":false,"state":3,"tick":2278,"zone":"B"},"max_err":1.831,"mean_err":0.0347,"ms":44975,"out_bytes":126387,"pending":6,"pos":[-0.03,-2.75],"reconciles":857,"server_tick":2579,"snaps":859,"teleports":2}
[client] {"a":7,"dup":false,"ev":"game","ms":45328,"predicted":false,"t":2,"tick":2595,"type":"hit"}
[client] {"a":6,"dup":false,"ev":"game","ms":46742,"predicted":false,"t":3,"tick":2680,"type":"hit"}
[client] {"a":9,"dup":false,"ev":"game","ms":46963,"predicted":false,"t":3,"tick":2693,"type":"block"}
[client] {"a":1,"dup":false,"ev":"game","ms":46992,"predicted":false,"t":6,"tick":2695,"type":"hit"}
[client] {"a":1,"dup":false,"ev":"game","ms":47743,"predicted":false,"t":9,"tick":2740,"type":"hit"}
[client] {"a":3,"dup":false,"ev":"game","ms":47825,"predicted":false,"t":9,"tick":2745,"type":"hit"}
[client] {"a":7,"dup":false,"ev":"game","ms":48778,"predicted":false,"t":1,"tick":2802,"type":"hit"}
[client] {"a":3,"dup":false,"ev":"game","ms":49274,"predicted":false,"t":7,"tick":2832,"type":"hit"}
[client] {"a":3,"dup":false,"ev":"game","ms":49765,"predicted":false,"t":7,"tick":2861,"type":"block"}
[client] {"counts":{"blocks_on_me":0,"conf_actions":17,"confirmed_hits":105,"dup_confirmed":0,"hits_on_me":10,"pred_actions":18,"predicted_confirmed":8,"predicted_hits":23,"reconnects":0},"ev":"stats","hp":220.0,"in_bytes":643273,"late":0,"local_entity":0,"match":{"countdown_until":300,"ctrl":0,"final":false,"next":"","phase":3,"rot":1022,"scores":[5,0],"sd":false,"state":2,"tick":2578,"zone":"B"},"max_err":1.831,"mean_err":0.0311,"ms":49977,"out_bytes":141087,"pending":6,"pos":[-0.03,-2.75],"reconciles":957,"server_tick":2879,"snaps":959,"teleports":2}
[client] {"a":1,"dup":false,"ev":"game","ms":50475,"predicted":false,"t":7,"tick":2904,"type":"hit"}
[client] {"a":8,"dup":false,"ev":"game","ms":50944,"predicted":false,"t":3,"tick":2932,"type":"hit"}
[client] {"a":8,"dup":false,"ev":"game","ms":51565,"predicted":false,"t":4,"tick":2969,"type":"hit"}
[client] {"a":8,"dup":false,"ev":"game","ms":51579,"predicted":false,"t":1,"tick":2970,"type":"hit"}
[client] {"a":3,"dup":false,"ev":"game","ms":52048,"predicted":false,"t":8,"tick":2998,"type":"hit"}
[client] {"a":8,"dup":false,"ev":"game","ms":52663,"predicted":false,"t":4,"tick":3035,"type":"block"}
[client] {"a":3,"dup":false,"ev":"game","ms":52780,"predicted":false,"t":8,"tick":3042,"type":"hit"}
[client] {"a":4,"dup":false,"ev":"game","ms":52994,"predicted":false,"t":8,"tick":3055,"type":"hit"}
[client] {"a":8,"dup":false,"ev":"game","ms":53414,"predicted":false,"t":4,"tick":3080,"type":"hit"}
[client] {"a":8,"dup":false,"ev":"game","ms":53884,"predicted":false,"t":3,"tick":3108,"type":"block"}
[client] {"counts":{"blocks_on_me":0,"conf_actions":17,"confirmed_hits":113,"dup_confirmed":0,"hits_on_me":10,"pred_actions":18,"predicted_confirmed":8,"predicted_hits":23,"reconnects":0},"ev":"stats","hp":220.0,"in_bytes":707880,"late":0,"local_entity":0,"match":{"countdown_until":300,"ctrl":0,"final":false,"next":"A","phase":3,"rot":722,"scores":[10,0],"sd":false,"state":2,"tick":2878,"zone":"B"},"max_err":1.831,"mean_err":0.0281,"ms":54980,"out_bytes":155787,"pending":6,"pos":[-0.03,-2.75],"reconciles":1057,"server_tick":3179,"snaps":1059,"teleports":2}
[client] {"a":3,"dup":false,"ev":"game","ms":55491,"predicted":false,"t":8,"tick":3205,"type":"hit"}
[client] {"a":5,"dup":false,"ev":"game","ms":56043,"predicted":false,"t":3,"tick":3238,"type":"ERROR: Attempt to disconnect a nonexistent connection from 'Net:<Node#47563408957>'. Signal: 'tree_exited', callable: ''.
   at: _disconnect (core/object/object.cpp:1644)
hit"}
[client] {"a":2,"dup":false,"ev":"game","ms":56789,"predicted":false,"t":5,"tick":3283,"type":"hit"}
[client] {"a":3,"dup":false,"ev":"game","ms":56789,"predicted":false,"t":5,"tick":3283,"type":"hit"}
[client] {"a":3,"dup":false,"ev":"game","ms":57278,"predicted":false,"t":5,"tick":3312,"type":"block"}
[client] {"a":2,"dup":false,"ev":"game","ms":57423,"predicted":false,"t":5,"tick":3321,"type":"block"}
[client] {"a":2,"dup":false,"ev":"game","ms":59328,"predicted":false,"t":6,"tick":3435,"type":"hit"}
[client] {"a":9,"dup":false,"ev":"game","ms":59362,"predicted":false,"t":2,"tick":3437,"type":"hit"}
[client] {"a":3,"dup":false,"ev":"game","ms":59790,"predicted":false,"t":6,"tick":3463,"type":"hit"}
[client] {"counts":{"blocks_on_me":0,"conf_actions":17,"confirmed_hits":120,"dup_confirmed":0,"hits_on_me":10,"pred_actions":18,"predicted_confirmed":8,"predicted_hits":23,"reconnects":0},"ev":"stats","hp":220.0,"in_bytes":771970,"late":0,"local_entity":0,"match":{"countdown_until":300,"ctrl":0,"final":false,"next":"A","phase":3,"rot":422,"scores":[15,0],"sd":false,"state":2,"tick":3178,"zone":"B"},"max_err":1.831,"mean_err":0.0257,"ms":59975,"out_bytes":170487,"pending":6,"pos":[-0.03,-2.75],"reconciles":1157,"server_tick":3479,"snaps":1159,"teleports":2}
[client] {"counts":{"blocks_on_me":0,"conf_actions":17,"confirmed_hits":120,"dup_confirmed":0,"hits_on_me":10,"pred_actions":18,"predicted_confirmed":8,"predicted_hits":23,"reconnects":0},"ev":"stats","hp":220.0,"in_bytes":774204,"late":0,"local_entity":0,"match":{"countdown_until":300,"ctrl":0,"final":false,"next":"A","phase":3,"rot":419,"scores":[15,0],"sd":false,"state":2,"tick":3181,"zone":"B"},"max_err":1.831,"mean_err":0.0257,"ms":60010,"out_bytes":170585,"pending":5,"pos":[-0.03,-2.75],"reconciles":1158,"server_tick":3481,"snaps":1160,"teleports":2}
