Godot Engine v4.7.2.stable.official.ed1daf0bf - https://godotengine.org

[   0% ] [90m[1mfirst_scan_filesystem[22m | Started Project initialization (5 steps)[39m[0m
[   0% ] [90m[1mfirst_scan_filesystem[22m | Scanning file structure...[39m[0m
[  16% ] [90m[1mfirst_scan_filesystem[22m | Loading global class names...[39m[0m
[  33% ] [90m[1mfirst_scan_filesystem[22m | Verifying GDExtensions...[39m[0m
[  50% ] [90m[1mfirst_scan_filesystem[22m | Creating autoload scripts...[39m[0m
[  66% ] [90m[1mfirst_scan_filesystem[22m | Initializing plugins...[39m[0m
[  83% ] [90m[1mfirst_scan_filesystem[22m | Starting file scan...[39m[0m
[92m[ DONE ][39m [1mfirst_scan_filesystem[22m
[0m
[   0% ] [90m[1msavepack[22m | Started Packing (102 steps)[39m[0m
[   1% ] [90m[1msavepack[22m | Storing File: res://src/bots/training_dummy.gdc[39m[0m
[   1% ] [90m[1msavepack[22m | Storing File: res://src/sim/behaviors/leap_strike_behavior.gdc[39m[0m
[   2% ] [90m[1msavepack[22m | Storing File: res://data/tuning/fighters/bruno.json[39m[0m
[   2% ] [90m[1msavepack[22m | Storing File: res://src/sim/behaviors/dodge_behavior.gdc[39m[0m
[   3% ] [90m[1msavepack[22m | Storing File: res://src/ui/widgets/wordmark_logo.gdc[39m[0m
[   4% ] [90m[1msavepack[22m | Storing File: res://src/ui/ui_state.gdc[39m[0m
[   4% ] [90m[1msavepack[22m | Storing File: res://src/sim/common_actions.gdc[39m[0m
[   5% ] [90m[1msavepack[22m | Storing File: res://src/ui/widgets/ui_modal.gdc[39m[0m
[   6% ] [90m[1msavepack[22m | Storing File: res://src/ui/ui_theme_builder.gdc[39m[0m
[   6% ] [90m[1msavepack[22m | Storing File: res://data/tuning/match_rules.json[39m[0m
[   7% ] [90m[1msavepack[22m | Storing File: res://src/sim/behaviors/parry_behavior.gdc[39m[0m
[   8% ] [90m[1msavepack[22m | Storing File: res://src/ui/widgets/ui_toasts.gdc[39m[0m
[   8% ] [90m[1msavepack[22m | Storing File: res://src/ui/menu/offline_setup_screen.gdc[39m[0m
[   9% ] [90m[1msavepack[22m | Storing File: res://.godot/exported/133200997/export-8d127c8beb936f4d2301730950c7bf53-wildrush_theme.res[39m[0m
[  10% ] [90m[1msavepack[22m | Storing File: res://src/present/vfx_director.gdc[39m[0m
[  10% ] [90m[1msavepack[22m | Storing File: res://src/sim/behaviors/curve_dash_behavior.gdc[39m[0m
[  11% ] [90m[1msavepack[22m | Storing File: res://src/bots/bot_brain.gdc[39m[0m
[  11% ] [90m[1msavepack[22m | Storing File: res://src/net/net_bridge.gdc[39m[0m
[  12% ] [90m[1msavepack[22m | Storing File: res://src/ui/menu/credits_screen.gdc[39m[0m
[  13% ] [90m[1msavepack[22m | Storing File: res://src/present/replay_host.gdc[39m[0m
[  13% ] [90m[1msavepack[22m | Storing File: res://src/sim/behaviors/leap_behavior.gdc[39m[0m
[  14% ] [90m[1msavepack[22m | Storing File: res://src/ui/splash.gdc[39m[0m
[  15% ] [90m[1msavepack[22m | Storing File: res://src/ui/widgets/swatch_preview.gdc[39m[0m
[  15% ] [90m[1msavepack[22m | Storing File: res://.godot/imported/scrap.png-b4e91bc8b1ced292dc0688dfcf39bf55.ctex[39m[0m
[  15% ] [90m[1msavepack[22m | Storing File: res://assets/ui/portraits/scrap.png.import[39m[0m
[  16% ] [90m[1msavepack[22m | Storing File: res://src/bots/bot_ai.gdc[39m[0m
[  17% ] [90m[1msavepack[22m | Storing File: res://src/sim/behaviors/grab_behavior.gdc[39m[0m
[  17% ] [90m[1msavepack[22m | Storing File: res://.godot/imported/DejaVuSans.ttf-a0ffb87d4ae00a42fd7fa8461b43b7b1.fontdata[39m[0m
[  17% ] [90m[1msavepack[22m | Storing File: res://assets/ui/fonts/DejaVuSans.ttf.import[39m[0m
[  18% ] [90m[1msavepack[22m | Storing File: res://.godot/exported/133200997/export-bc5994934655949b05a98ce59f476359-splash.scn[39m[0m
[  19% ] [90m[1msavepack[22m | Storing File: res://src/ui/widgets/kit_list.gdc[39m[0m
[  19% ] [90m[1msavepack[22m | Storing File: res://src/sim/behaviors/slip_behavior.gdc[39m[0m
[  20% ] [90m[1msavepack[22m | Storing File: res://src/sim/behaviors/perch_behavior.gdc[39m[0m
[  21% ] [90m[1msavepack[22m | Storing File: res://src/sim/behaviors/charge_behavior.gdc[39m[0m
[  21% ] [90m[1msavepack[22m | Storing File: res://src/data/action_def.gdc[39m[0m
[  22% ] [90m[1msavepack[22m | Storing File: res://src/sim/behaviors/bark_behavior.gdc[39m[0m
[  22% ] [90m[1msavepack[22m | Storing File: res://src/ui/widgets/portrait_cache.gdc[39m[0m
[  23% ] [90m[1msavepack[22m | Storing File: res://src/persist/settings.gdc[39m[0m
[  24% ] [90m[1msavepack[22m | Storing File: res://src/data/fighter_def.gdc[39m[0m
[  24% ] [90m[1msavepack[22m | Storing File: res://src/core/game_flow.gdc[39m[0m
[  25% ] [90m[1msavepack[22m | Storing File: res://src/present/audio_director.gdc[39m[0m
[  26% ] [90m[1msavepack[22m | Storing File: res://src/sim/fighter_logic.gdc[39m[0m
[  26% ] [90m[1msavepack[22m | Storing File: res://.godot/imported/Barlow-SemiBold.ttf-40d3fe038ab6237551ba27f53e6ec536.fontdata[39m[0m
[  26% ] [90m[1msavepack[22m | Storing File: res://assets/ui/fonts/Barlow-SemiBold.ttf.import[39m[0m
[  27% ] [90m[1msavepack[22m | Storing File: res://src/replay/replay_recorder.gdc[39m[0m
[  28% ] [90m[1msavepack[22m | Storing File: res://.godot/imported/BarlowCondensed-ExtraBoldItalic.ttf-33139cc6c8656103971567a0a6256a51.fontdata[39m[0m
[  28% ] [90m[1msavepack[22m | Storing File: res://assets/ui/fonts/BarlowCondensed-ExtraBoldItalic.ttf.import[39m[0m
[  28% ] [90m[1msavepack[22m | Storing File: res://src/ui/boot.gdc[39m[0m
[  29% ] [90m[1msavepack[22m | Storing File: res://.godot/imported/vex_full.png-807919cf654f90e261785c90fd9f852a.ctex[39m[0m
[  29% ] [90m[1msavepack[22m | Storing File: res://assets/ui/portraits/vex_full.png.import[39m[0m
[  30% ] [90m[1msavepack[22m | Storing File: res://src/ui/widgets/max_width_container.gdc[39m[0m
[  30% ] [90m[1msavepack[22m | Storing File: res://src/sim/behaviors/stance_behavior.gdc[39m[0m
[  31% ] [90m[1msavepack[22m | Storing File: res://src/match/turf_shift_rules.gdc[39m[0m
[  31% ] [90m[1msavepack[22m | Storing File: res://.godot/imported/vex.png-238ba0fc4e8469a311954d0a84b52ec9.ctex[39m[0m
[  31% ] [90m[1msavepack[22m | Storing File: res://assets/ui/portraits/vex.png.import[39m[0m
[  32% ] [90m[1msavepack[22m | Storing File: res://.godot/imported/bruno.png-cbcba133edfd4a29b0e2deb4bc3f4b9e.ctex[39m[0m
[  32% ] [90m[1msavepack[22m | Storing File: res://assets/ui/portraits/bruno.png.import[39m[0m
[  33% ] [90m[1msavepack[22m | Storing File: res://src/ui/settings_panel.gdc[39m[0m
[  33% ] [90m[1msavepack[22m | Storing File: res://src/sim/behaviors/behaviors.gdc[39m[0m
[  33% ] [90m[1msavepack[22m | Storing File: res://src/ui/results_screen.gdc[39m[0m
[  34% ] [90m[1msavepack[22m | Storing File: res://src/ui/widgets/ui_hint_bar.gdc[39m[0m
[  34% ] [90m[1msavepack[22m | Storing File: res://src/match/match_roster.gdc[39m[0m
[  35% ] [90m[1msavepack[22m | Storing File: res://src/ui/ui_kit.gdc[39m[0m
[  36% ] [90m[1msavepack[22m | Storing File: res://src/present/hud/hud_scorebar.gdc[39m[0m
[  36% ] [90m[1msavepack[22m | Storing File: res://src/ui/menu/online_screen.gdc[39m[0m
[  37% ] [90m[1msavepack[22m | Storing File: res://src/ui/widgets/ui_toggle.gdc[39m[0m
[  38% ] [90m[1msavepack[22m | Storing File: res://src/arena/arena_builder.gdc[39m[0m
[  38% ] [90m[1msavepack[22m | Storing File: res://src/sim/input_frame.gdc[39m[0m
[  39% ] [90m[1msavepack[22m | Storing File: res://src/sim/fighter_state.gdc[39m[0m
[  40% ] [90m[1msavepack[22m | Storing File: res://src/ui/widgets/fighter_card.gdc[39m[0m
[  40% ] [90m[1msavepack[22m | Storing File: res://src/match/zone_occupancy.gdc[39m[0m
[  41% ] [90m[1msavepack[22m | Storing File: res://src/net/server_service.gdc[39m[0m
[  41% ] [90m[1msavepack[22m | Storing File: res://.godot/imported/BarlowCondensed-ExtraBold.ttf-bdbf34f3a55ad2dce713f844384d7847.fontdata[39m[0m
[  41% ] [90m[1msavepack[22m | Storing File: res://assets/ui/fonts/BarlowCondensed-ExtraBold.ttf.import[39m[0m
[  42% ] [90m[1msavepack[22m | Storing File: res://src/present/hud/hud_style.gdc[39m[0m
[  43% ] [90m[1msavepack[22m | Storing File: res://.godot/imported/nyx.png-10c47681b7ae102cef164c12e82690e7.ctex[39m[0m
[  43% ] [90m[1msavepack[22m | Storing File: res://assets/ui/portraits/nyx.png.import[39m[0m
[  43% ] [90m[1msavepack[22m | Storing File: res://.godot/imported/Barlow-Medium.ttf-e13795419e9e4073d918efed0220e273.fontdata[39m[0m
[  43% ] [90m[1msavepack[22m | Storing File: res://assets/ui/fonts/Barlow-Medium.ttf.import[39m[0m
[  44% ] [90m[1msavepack[22m | Storing File: res://src/core/mathx.gdc[39m[0m
[  45% ] [90m[1msavepack[22m | Storing File: res://src/arena/arena_layout.gdc[39m[0m
[  45% ] [90m[1msavepack[22m | Storing File: res://src/sim/behaviors/feint_behavior.gdc[39m[0m
[  46% ] [90m[1msavepack[22m | Storing File: res://src/ui/main_menu.gdc[39m[0m
[  47% ] [90m[1msavepack[22m | Storing File: res://src/net/autopilot_input.gdc[39m[0m
[  47% ] [90m[1msavepack[22m | Storing File: res://src/sim/combat_resolver.gdc[39m[0m
[  48% ] [90m[1msavepack[22m | Storing File: res://src/sim/behaviors/action_behavior.gdc[39m[0m
[  49% ] [90m[1msavepack[22m | Storing File: res://src/ui/menu/fighter_setup_screen.gdc[39m[0m
[  49% ] [90m[1msavepack[22m | Storing File: res://src/sim/behaviors/dropkick_behavior.gdc[39m[0m
[  50% ] [90m[1msavepack[22m | Storing File: res://.godot/imported/bruno_full.png-a7f61ff8dcd6f2e975e279bcfce6b4a9.ctex[39m[0m
[  50% ] [90m[1msavepack[22m | Storing File: res://assets/ui/portraits/bruno_full.png.import[39m[0m
[  50% ] [90m[1msavepack[22m | Storing File: res://.godot/exported/133200997/export-4e203b40fbe095c400bffac4c880bf78-settings_panel.scn[39m[0m
[  51% ] [90m[1msavepack[22m | Storing File: res://.godot/imported/hops_full.png-d0e94f75dca2a78a238da5d1a4079129.ctex[39m[0m
[  51% ] [90m[1msavepack[22m | Storing File: res://assets/ui/portraits/hops_full.png.import[39m[0m
[  52% ] [90m[1msavepack[22m | Storing File: res://src/core/config.gdc[39m[0m
[  52% ] [90m[1msavepack[22m | Storing File: res://src/sim/fighter_body.gdc[39m[0m
[  53% ] [90m[1msavepack[22m | Storing File: res://src/ui/online_lobby.gdc[39m[0m
[  54% ] [90m[1msavepack[22m | Storing File: res://src/present/hud/hud_meter.gdc[39m[0m
[  54% ] [90m[1msavepack[22m | Storing File: res://src/net/test_client.gdc[39m[0m
[  55% ] [90m[1msavepack[22m | Storing File: res://src/net/server_main.gdc[39m[0m
[  56% ] [90m[1msavepack[22m | Storing File: res://src/ui/widgets/menu_background.gdc[39m[0m
[  56% ] [90m[1msavepack[22m | Storing File: res://src/present/shaders/team_marker.gdshader[39m[0m
[  57% ] [90m[1msavepack[22m | Storing File: res://src/ui/widgets/palette_button.gdc[39m[0m
[  58% ] [90m[1msavepack[22m | Storing File: res://src/core/asset_util.gdc[39m[0m
[  58% ] [90m[1msavepack[22m | Storing File: res://.godot/exported/133200997/export-ea5c6ad4629af728dc514cefde332394-main_menu.scn[39m[0m
[  59% ] [90m[1msavepack[22m | Storing File: res://src/core/wr.gdc[39m[0m
[  60% ] [90m[1msavepack[22m | Storing File: res://.godot/exported/133200997/export-dc1bd760bcd3cc922d53f4191e9f8b22-online_lobby.scn[39m[0m
[  60% ] [90m[1msavepack[22m | Storing File: res://src/ui/menu/collection_screen.gdc[39m[0m
[  61% ] [90m[1msavepack[22m | Storing File: res://src/sim/match_sim.gdc[39m[0m
[  61% ] [90m[1msavepack[22m | Storing File: res://src/sim/sim_context.gdc[39m[0m
[  62% ] [90m[1msavepack[22m | Storing File: res://src/present/pause_menu.gdc[39m[0m
[  63% ] [90m[1msavepack[22m | Storing File: res://src/present/player_input.gdc[39m[0m
[  63% ] [90m[1msavepack[22m | Storing File: res://src/present/net_match_host.gdc[39m[0m
[  64% ] [90m[1msavepack[22m | Storing File: res://src/present/proc_rig.gdc[39m[0m
[  65% ] [90m[1msavepack[22m | Storing File: res://data/tuning/fighters/nyx.json[39m[0m
[  65% ] [90m[1msavepack[22m | Storing File: res://data/tuning/fighters/hops.json[39m[0m
[  66% ] [90m[1msavepack[22m | Storing File: res://src/ui/widgets/fighter_preview_stage.gdc[39m[0m
[  66% ] [90m[1msavepack[22m | Storing File: res://src/present/match_scene.gdc[39m[0m
[  66% ] [90m[1msavepack[22m | Storing File: res://src/net/team_visibility.gdc[39m[0m
[  67% ] [90m[1msavepack[22m | Storing File: res://src/present/shaders/zone_ring.gdshader[39m[0m
[  68% ] [90m[1msavepack[22m | Storing File: res://src/present/local_match_host.gdc[39m[0m
[  68% ] [90m[1msavepack[22m | Storing File: res://.godot/imported/Barlow-Regular.ttf-2ee49ddf8581c7c06ce868342e99a03d.fontdata[39m[0m
[  68% ] [90m[1msavepack[22m | Storing File: res://assets/ui/fonts/Barlow-Regular.ttf.import[39m[0m
[  69% ] [90m[1msavepack[22m | Storing File: res://data/arena/briarport_layout.json[39m[0m
[  69% ] [90m[1msavepack[22m | Storing File: res://.godot/exported/133200997/export-c3c40bb4d42d26c7c74cc88080d6723d-boot.scn[39m[0m
[  70% ] [90m[1msavepack[22m | Storing File: res://.godot/imported/BarlowCondensed-Bold.ttf-b66380acb8e94197196b7403e16a8083.fontdata[39m[0m
[  70% ] [90m[1msavepack[22m | Storing File: res://assets/ui/fonts/BarlowCondensed-Bold.ttf.import[39m[0m
[  71% ] [90m[1msavepack[22m | Storing File: res://src/ui/menu/menu_screen.gdc[39m[0m
[  71% ] [90m[1msavepack[22m | Storing File: res://src/ui/menu/training_setup_screen.gdc[39m[0m
[  72% ] [90m[1msavepack[22m | Storing File: res://src/persist/profile.gdc[39m[0m
[  73% ] [90m[1msavepack[22m | Storing File: res://.godot/exported/133200997/export-833f665f1b89b8c1224a7f89024b4e4e-match.scn[39m[0m
[  73% ] [90m[1msavepack[22m | Storing File: res://src/present/fighter_view.gdc[39m[0m
[  74% ] [90m[1msavepack[22m | Storing File: res://src/present/hud/hud_ability.gdc[39m[0m
[  75% ] [90m[1msavepack[22m | Storing File: res://src/present/arena_view.gdc[39m[0m
[  75% ] [90m[1msavepack[22m | Storing File: res://.godot/exported/133200997/export-73010d7d11a63b36042ee0ee3baaed9c-server.scn[39m[0m
[  76% ] [90m[1msavepack[22m | Storing File: res://.godot/imported/hops.png-2861c2fe89366000baaf8d4139a2f90c.ctex[39m[0m
[  76% ] [90m[1msavepack[22m | Storing File: res://assets/ui/portraits/hops.png.import[39m[0m
[  77% ] [90m[1msavepack[22m | Storing File: res://src/ui/menu/history_screen.gdc[39m[0m
[  77% ] [90m[1msavepack[22m | Storing File: res://.godot/imported/Barlow-Bold.ttf-cbe561852f4ebd2e253fe0731963be4a.fontdata[39m[0m
[  77% ] [90m[1msavepack[22m | Storing File: res://assets/ui/fonts/Barlow-Bold.ttf.import[39m[0m
[  78% ] [90m[1msavepack[22m | Storing File: res://src/net/client_session.gdc[39m[0m
[  79% ] [90m[1msavepack[22m | Storing File: res://src/present/hud/match_hud.gdc[39m[0m
[  79% ] [90m[1msavepack[22m | Storing File: res://.godot/exported/133200997/export-5204297613993f9c9b53ccc5e16f7be4-briarport_navmesh.res[39m[0m
[  80% ] [90m[1msavepack[22m | Storing File: res://data/tuning/fighters/scrap.json[39m[0m
[  80% ] [90m[1msavepack[22m | Storing File: res://src/ui/widgets/fighter_preview.gdc[39m[0m
[  81% ] [90m[1msavepack[22m | Storing File: res://.godot/exported/133200997/export-e45478483f016198be7d122b5d2b9271-results.scn[39m[0m
[  82% ] [90m[1msavepack[22m | Storing File: res://src/present/hud/hud_minimap.gdc[39m[0m
[  82% ] [90m[1msavepack[22m | Storing File: res://src/ui/widgets/ui_cycler.gdc[39m[0m
[  83% ] [90m[1msavepack[22m | Storing File: res://src/present/shaders/shock_ring.gdshader[39m[0m
[  84% ] [90m[1msavepack[22m | Storing File: res://data/tuning/fighters/vex.json[39m[0m
[  84% ] [90m[1msavepack[22m | Storing File: res://.godot/imported/scrap_full.png-9b90ef4a15dea524f748f20aaadbe10f.ctex[39m[0m
[  84% ] [90m[1msavepack[22m | Storing File: res://assets/ui/portraits/scrap_full.png.import[39m[0m
[  85% ] [90m[1msavepack[22m | Storing File: res://src/present/match_host.gdc[39m[0m
[  86% ] [90m[1msavepack[22m | Storing File: res://data/tuning/shared.json[39m[0m
[  86% ] [90m[1msavepack[22m | Storing File: res://src/net/protocol.gdc[39m[0m
[  87% ] [90m[1msavepack[22m | Storing File: res://src/present/camera_rig.gdc[39m[0m
[  88% ] [90m[1msavepack[22m | Storing File: res://src/ui/menu/home_screen.gdc[39m[0m
[  88% ] [90m[1msavepack[22m | Storing File: res://src/present/shaders/water.gdshader[39m[0m
[  89% ] [90m[1msavepack[22m | Storing File: res://src/online/online_client.gdc[39m[0m
[  89% ] [90m[1msavepack[22m | Storing File: res://.godot/exported/133200997/export-db3d3f1e0301590eb0a194c4b9179729-test_client.scn[39m[0m
[  90% ] [90m[1msavepack[22m | Storing File: res://src/present/hud/hud_overhead.gdc[39m[0m
[  91% ] [90m[1msavepack[22m | Storing File: res://src/ui/widgets/ui_icon.gdc[39m[0m
[  91% ] [90m[1msavepack[22m | Storing File: res://.godot/imported/BarlowCondensed-SemiBold.ttf-382a65bb0781fd59c6c0d2af6a1d7480.fontdata[39m[0m
[  91% ] [90m[1msavepack[22m | Storing File: res://assets/ui/fonts/BarlowCondensed-SemiBold.ttf.import[39m[0m
[  92% ] [90m[1msavepack[22m | Storing File: res://.godot/imported/nyx_full.png-99f3fa9f39894765263fe39613b27d0a.ctex[39m[0m
[  92% ] [90m[1msavepack[22m | Storing File: res://assets/ui/portraits/nyx_full.png.import[39m[0m
[  93% ] [90m[1msavepack[22m | Storing File: res://src/present/shaders/palette_cloth.gdshader[39m[0m
[  93% ] [90m[1msavepack[22m | Storing File: res://src/ui/widgets/ui_tabs.gdc[39m[0m
[  94% ] [90m[1msavepack[22m | Storing File: res://src/present/shaders/flash_overlay.gdshader[39m[0m
[  95% ] [90m[1msavepack[22m | Storing File: res://src/data/tuning_db.gdc[39m[0m
[  95% ] [90m[1msavepack[22m | Storing File: res://.godot/imported/icon.svg-6c8e7c7a8dcdd81e58bcb0386e6e4017.ctex[39m[0m
[  95% ] [90m[1msavepack[22m | Storing File: res://assets/ui/icon.svg.import[39m[0m
[  96% ] [90m[1msavepack[22m | Storing File: res://src/present/hud/hud_roster_strip.gdc[39m[0m
[  97% ] [90m[1msavepack[22m | Storing File: res://data/credits.json[39m[0m
[  97% ] [90m[1msavepack[22m | Storing File: res://src/data/hit_def.gdc[39m[0m
[  98% ] [90m[1msavepack[22m | Storing File: res://src/ui/widgets/fighter_emblem.gdc[39m[0m
[  98% ] [90m[1msavepack[22m | Storing File: res://src/bots/training_dummy.gd.remap[39m[0m
[  98% ] [90m[1msavepack[22m | Storing File: res://src/sim/behaviors/leap_strike_behavior.gd.remap[39m[0m
[  98% ] [90m[1msavepack[22m | Storing File: res://src/sim/behaviors/dodge_behavior.gd.remap[39m[0m
[  98% ] [90m[1msavepack[22m | Storing File: res://src/ui/widgets/wordmark_logo.gd.remap[39m[0m
[  98% ] [90m[1msavepack[22m | Storing File: res://src/ui/ui_state.gd.remap[39m[0m
[  98% ] [90m[1msavepack[22m | Storing File: res://src/sim/common_actions.gd.remap[39m[0m
[  98% ] [90m[1msavepack[22m | Storing File: res://src/ui/widgets/ui_modal.gd.remap[39m[0m
[  98% ] [90m[1msavepack[22m | Storing File: res://src/ui/ui_theme_builder.gd.remap[39m[0m
[  98% ] [90m[1msavepack[22m | Storing File: res://src/sim/behaviors/parry_behavior.gd.remap[39m[0m
[  98% ] [90m[1msavepack[22m | Storing File: res://src/ui/widgets/ui_toasts.gd.remap[39m[0m
[  98% ] [90m[1msavepack[22m | Storing File: res://src/ui/menu/offline_setup_screen.gd.remap[39m[0m
[  98% ] [90m[1msavepack[22m | Storing File: res://assets/ui/wildrush_theme.tres.remap[39m[0m
[  98% ] [90m[1msavepack[22m | Storing File: res://src/present/vfx_director.gd.remap[39m[0m
[  98% ] [90m[1msavepack[22m | Storing File: res://src/sim/behaviors/curve_dash_behavior.gd.remap[39m[0m
[  98% ] [90m[1msavepack[22m | Storing File: res://src/bots/bot_brain.gd.remap[39m[0m
[  98% ] [90m[1msavepack[22m | Storing File: res://src/net/net_bridge.gd.remap[39m[0m
[  98% ] [90m[1msavepack[22m | Storing File: res://src/ui/menu/credits_screen.gd.remap[39m[0m
[  98% ] [90m[1msavepack[22m | Storing File: res://src/present/replay_host.gd.remap[39m[0m
[  98% ] [90m[1msavepack[22m | Storing File: res://src/sim/behaviors/leap_behavior.gd.remap[39m[0m
[  98% ] [90m[1msavepack[22m | Storing File: res://src/ui/splash.gd.remap[39m[0m
[  98% ] [90m[1msavepack[22m | Storing File: res://src/ui/widgets/swatch_preview.gd.remap[39m[0m
[  98% ] [90m[1msavepack[22m | Storing File: res://src/bots/bot_ai.gd.remap[39m[0m
[  98% ] [90m[1msavepack[22m | Storing File: res://src/sim/behaviors/grab_behavior.gd.remap[39m[0m
[  98% ] [90m[1msavepack[22m | Storing File: res://scenes/splash.tscn.remap[39m[0m
[  98% ] [90m[1msavepack[22m | Storing File: res://src/ui/widgets/kit_list.gd.remap[39m[0m
[  98% ] [90m[1msavepack[22m | Storing File: res://src/sim/behaviors/slip_behavior.gd.remap[39m[0m
[  98% ] [90m[1msavepack[22m | Storing File: res://src/sim/behaviors/perch_behavior.gd.remap[39m[0m
[  98% ] [90m[1msavepack[22m | Storing File: res://src/sim/behaviors/charge_behavior.gd.remap[39m[0m
[  98% ] [90m[1msavepack[22m | Storing File: res://src/data/action_def.gd.remap[39m[0m
[  98% ] [90m[1msavepack[22m | Storing File: res://src/sim/behaviors/bark_behavior.gd.remap[39m[0m
[  98% ] [90m[1msavepack[22m | Storing File: res://src/ui/widgets/portrait_cache.gd.remap[39m[0m
[  98% ] [90m[1msavepack[22m | Storing File: res://src/persist/settings.gd.remap[39m[0m
[  98% ] [90m[1msavepack[22m | Storing File: res://src/data/fighter_def.gd.remap[39m[0m
[  98% ] [90m[1msavepack[22m | Storing File: res://src/core/game_flow.gd.remap[39m[0m
[  98% ] [90m[1msavepack[22m | Storing File: res://src/present/audio_director.gd.remap[39m[0m
[  98% ] [90m[1msavepack[22m | Storing File: res://src/sim/fighter_logic.gd.remap[39m[0m
[  98% ] [90m[1msavepack[22m | Storing File: res://src/replay/replay_recorder.gd.remap[39m[0m
[  98% ] [90m[1msavepack[22m | Storing File: res://src/ui/boot.gd.remap[39m[0m
[  98% ] [90m[1msavepack[22m | Storing File: res://src/ui/widgets/max_width_container.gd.remap[39m[0m
[  98% ] [90m[1msavepack[22m | Storing File: res://src/sim/behaviors/stance_behavior.gd.remap[39m[0m
[  98% ] [90m[1msavepack[22m | Storing File: res://src/match/turf_shift_rules.gd.remap[39m[0m
[  98% ] [90m[1msavepack[22m | Storing File: res://src/ui/settings_panel.gd.remap[39m[0m
[  98% ] [90m[1msavepack[22m | Storing File: res://src/sim/behaviors/behaviors.gd.remap[39m[0m
[  98% ] [90m[1msavepack[22m | Storing File: res://src/ui/results_screen.gd.remap[39m[0m
[  98% ] [90m[1msavepack[22m | Storing File: res://src/ui/widgets/ui_hint_bar.gd.remap[39m[0m
[  98% ] [90m[1msavepack[22m | Storing File: res://src/match/match_roster.gd.remap[39m[0m
[  98% ] [90m[1msavepack[22m | Storing File: res://src/ui/ui_kit.gd.remap[39m[0m
[  98% ] [90m[1msavepack[22m | Storing File: res://src/present/hud/hud_scorebar.gd.remap[39m[0m
[  98% ] [90m[1msavepack[22m | Storing File: res://src/ui/menu/online_screen.gd.remap[39m[0m
[  98% ] [90m[1msavepack[22m | Storing File: res://src/ui/widgets/ui_toggle.gd.remap[39m[0m
[  98% ] [90m[1msavepack[22m | Storing File: res://src/arena/arena_builder.gd.remap[39m[0m
[  98% ] [90m[1msavepack[22m | Storing File: res://src/sim/input_frame.gd.remap[39m[0m
[  98% ] [90m[1msavepack[22m | Storing File: res://src/sim/fighter_state.gd.remap[39m[0m
[  98% ] [90m[1msavepack[22m | Storing File: res://src/ui/widgets/fighter_card.gd.remap[39m[0m
[  98% ] [90m[1msavepack[22m | Storing File: res://src/match/zone_occupancy.gd.remap[39m[0m
[  98% ] [90m[1msavepack[22m | Storing File: res://src/net/server_service.gd.remap[39m[0m
[  98% ] [90m[1msavepack[22m | Storing File: res://src/present/hud/hud_style.gd.remap[39m[0m
[  98% ] [90m[1msavepack[22m | Storing File: res://src/core/mathx.gd.remap[39m[0m
[  98% ] [90m[1msavepack[22m | Storing File: res://src/arena/arena_layout.gd.remap[39m[0m
[  98% ] [90m[1msavepack[22m | Storing File: res://src/sim/behaviors/feint_behavior.gd.remap[39m[0m
[  98% ] [90m[1msavepack[22m | Storing File: res://src/ui/main_menu.gd.remap[39m[0m
[  98% ] [90m[1msavepack[22m | Storing File: res://src/net/autopilot_input.gd.remap[39m[0m
[  98% ] [90m[1msavepack[22m | Storing File: res://src/sim/combat_resolver.gd.remap[39m[0m
[  98% ] [90m[1msavepack[22m | Storing File: res://src/sim/behaviors/action_behavior.gd.remap[39m[0m
[  98% ] [90m[1msavepack[22m | Storing File: res://src/ui/menu/fighter_setup_screen.gd.remap[39m[0m
[  98% ] [90m[1msavepack[22m | Storing File: res://src/sim/behaviors/dropkick_behavior.gd.remap[39m[0m
[  98% ] [90m[1msavepack[22m | Storing File: res://scenes/ui/settings_panel.tscn.remap[39m[0m
[  98% ] [90m[1msavepack[22m | Storing File: res://src/core/config.gd.remap[39m[0m
[  98% ] [90m[1msavepack[22m | Storing File: res://src/sim/fighter_body.gd.remap[39m[0m
[  98% ] [90m[1msavepack[22m | Storing File: res://src/ui/online_lobby.gd.remap[39m[0m
[  98% ] [90m[1msavepack[22m | Storing File: res://src/present/hud/hud_meter.gd.remap[39m[0m
[  98% ] [90m[1msavepack[22m | Storing File: res://src/net/test_client.gd.remap[39m[0m
[  98% ] [90m[1msavepack[22m | Storing File: res://src/net/server_main.gd.remap[39m[0m
[  98% ] [90m[1msavepack[22m | Storing File: res://src/ui/widgets/menu_background.gd.remap[39m[0m
[  98% ] [90m[1msavepack[22m | Storing File: res://src/ui/widgets/palette_button.gd.remap[39m[0m
[  98% ] [90m[1msavepack[22m | Storing File: res://src/core/asset_util.gd.remap[39m[0m
[  98% ] [90m[1msavepack[22m | Storing File: res://scenes/main_menu.tscn.remap[39m[0m
[  98% ] [90m[1msavepack[22m | Storing File: res://src/core/wr.gd.remap[39m[0m
[  98% ] [90m[1msavepack[22m | Storing File: res://scenes/online_lobby.tscn.remap[39m[0m
[  98% ] [90m[1msavepack[22m | Storing File: res://src/ui/menu/collection_screen.gd.remap[39m[0m
[  98% ] [90m[1msavepack[22m | Storing File: res://src/sim/match_sim.gd.remap[39m[0m
[  98% ] [90m[1msavepack[22m | Storing File: res://src/sim/sim_context.gd.remap[39m[0m
[  98% ] [90m[1msavepack[22m | Storing File: res://src/present/pause_menu.gd.remap[39m[0m
[  98% ] [90m[1msavepack[22m | Storing File: res://src/present/player_input.gd.remap[39m[0m
[  98% ] [90m[1msavepack[22m | Storing File: res://src/present/net_match_host.gd.remap[39m[0m
[  98% ] [90m[1msavepack[22m | Storing File: res://src/present/proc_rig.gd.remap[39m[0m
[  98% ] [90m[1msavepack[22m | Storing File: res://src/ui/widgets/fighter_preview_stage.gd.remap[39m[0m
[  98% ] [90m[1msavepack[22m | Storing File: res://src/present/match_scene.gd.remap[39m[0m
[  98% ] [90m[1msavepack[22m | Storing File: res://src/net/team_visibility.gd.remap[39m[0m
[  98% ] [90m[1msavepack[22m | Storing File: res://src/present/local_match_host.gd.remap[39m[0m
[  98% ] [90m[1msavepack[22m | Storing File: res://scenes/boot.tscn.remap[39m[0m
[  98% ] [90m[1msavepack[22m | Storing File: res://src/ui/menu/menu_screen.gd.remap[39m[0m
[  98% ] [90m[1msavepack[22m | Storing File: res://src/ui/menu/training_setup_screen.gd.remap[39m[0m
[  98% ] [90m[1msavepack[22m | Storing File: res://src/persist/profile.gd.remap[39m[0m
[  98% ] [90m[1msavepack[22m | Storing File: res://scenes/match.tscn.remap[39m[0m
[  98% ] [90m[1msavepack[22m | Storing File: res://src/present/fighter_view.gd.remap[39m[0m
[  98% ] [90m[1msavepack[22m | Storing File: res://src/present/hud/hud_ability.gd.remap[39m[0m
[  98% ] [90m[1msavepack[22m | Storing File: res://src/present/arena_view.gd.remap[39m[0m
[  98% ] [90m[1msavepack[22m | Storing File: res://scenes/server.tscn.remap[39m[0m
[  98% ] [90m[1msavepack[22m | Storing File: res://src/ui/menu/history_screen.gd.remap[39m[0m
[  98% ] [90m[1msavepack[22m | Storing File: res://src/net/client_session.gd.remap[39m[0m
[  98% ] [90m[1msavepack[22m | Storing File: res://src/present/hud/match_hud.gd.remap[39m[0m
[  98% ] [90m[1msavepack[22m | Storing File: res://data/arena/briarport_navmesh.tres.remap[39m[0m
[  98% ] [90m[1msavepack[22m | Storing File: res://src/ui/widgets/fighter_preview.gd.remap[39m[0m
[  98% ] [90m[1msavepack[22m | Storing File: res://scenes/results.tscn.remap[39m[0m
[  98% ] [90m[1msavepack[22m | Storing File: res://src/present/hud/hud_minimap.gd.remap[39m[0m
[  98% ] [90m[1msavepack[22m | Storing File: res://src/ui/widgets/ui_cycler.gd.remap[39m[0m
[  98% ] [90m[1msavepack[22m | Storing File: res://src/present/match_host.gd.remap[39m[0m
[  98% ] [90m[1msavepack[22m | Storing File: res://src/net/protocol.gd.remap[39m[0m
[  98% ] [90m[1msavepack[22m | Storing File: res://src/present/camera_rig.gd.remap[39m[0m
[  98% ] [90m[1msavepack[22m | Storing File: res://src/ui/menu/home_screen.gd.remap[39m[0m
[  98% ] [90m[1msavepack[22m | Storing File: res://src/online/online_client.gd.remap[39m[0m
[  98% ] [90m[1msavepack[22m | Storing File: res://scenes/test_client.tscn.remap[39m[0m
[  98% ] [90m[1msavepack[22m | Storing File: res://src/present/hud/hud_overhead.gd.remap[39m[0m
[  98% ] [90m[1msavepack[22m | Storing File: res://src/ui/widgets/ui_icon.gd.remap[39m[0m
[  98% ] [90m[1msavepack[22m | Storing File: res://src/ui/widgets/ui_tabs.gd.remap[39m[0m
[  98% ] [90m[1msavepack[22m | Storing File: res://src/data/tuning_db.gd.remap[39m[0m
[  98% ] [90m[1msavepack[22m | Storing File: res://src/present/hud/hud_roster_strip.gd.remap[39m[0m
[  98% ] [90m[1msavepack[22m | Storing File: res://src/data/hit_def.gd.remap[39m[0m
[  98% ] [90m[1msavepack[22m | Storing File: res://src/ui/widgets/fighter_emblem.gd.remap[39m[0m
[  98% ] [90m[1msavepack[22m | Storing File: res://.godot/global_script_class_cache.cfg[39m[0m
[  98% ] [90m[1msavepack[22m | Storing File: res://assets/ui/icon.svg[39m[0m
[  98% ] [90m[1msavepack[22m | Storing File: res://.godot/uid_cache.bin[39m[0m
[  98% ] [90m[1msavepack[22m | Storing File: res://project.binary[39m[0m
[92m[ DONE ][39m [1msavepack[22m
[0m
