Godot Engine v4.7.2.stable.official.ed1daf0bf - https://godotengine.org

[client] {"detail":"127.0.0.1:24651","ev":"status","ms":0,"status":"connecting"}
[client] {"detail":"","ev":"status","ms":222,"status":"connected"}
[client] {"ev":"welcome","ms":333,"observer":false,"pid":2}
[client] {"ev":"pick","f":"bruno","ms":1257}
[client] {"ev":"lock","f":"bruno","ms":2424}
[client] {"ev":"match_setup","fighters":10,"ms":4535,"you":0}
[client] {"counts":{"blocks_on_me":0,"conf_actions":0,"confirmed_hits":0,"dup_confirmed":0,"hits_on_me":0,"pred_actions":0,"predicted_confirmed":0,"predicted_hits":0,"reconnects":0},"ev":"stats","hp":280.0,"in_bytes":49990,"late":0,"local_entity":0,"match":{"countdown_until":300,"ctrl":-1,"final":false,"next":"","phase":2,"rot":3600,"scores":[0,0],"sd":false,"state":1,"tick":0,"zone":""},"max_err":0.003,"mean_err":0.0005,"ms":4952,"out_bytes":1245,"pending":25,"pos":[-5.67,-46.1],"reconciles":7,"server_tick":25,"snaps":8,"teleports":1}
[client] {"counts":{"blocks_on_me":0,"conf_actions":0,"confirmed_hits":0,"dup_confirmed":0,"hits_on_me":0,"pred_actions":0,"predicted_confirmed":0,"predicted_hits":0,"reconnects":0},"ev":"stats","hp":280.0,"in_bytes":91512,"late":0,"local_entity":0,"match":{"countdown_until":300,"ctrl":-1,"final":false,"next":"","phase":3,"rot":3575,"scores":[0,0],"sd":false,"state":1,"tick":25,"zone":"B"},"max_err":2.42,"mean_err":0.2956,"ms":9955,"out_bytes":15945,"pending":12,"pos":[-5.37,-44.45],"reconciles":106,"server_tick":325,"snaps":107,"teleports":1}
[client] {"counts":{"blocks_on_me":0,"conf_actions":0,"confirmed_hits":0,"dup_confirmed":0,"hits_on_me":0,"pred_actions":0,"predicted_confirmed":0,"predicted_hits":0,"reconnects":0},"ev":"stats","hp":280.0,"in_bytes":144350,"late":0,"local_entity":0,"match":{"countdown_until":300,"ctrl":-1,"final":false,"next":"","phase":3,"rot":3275,"scores":[0,0],"sd":false,"state":1,"tick":325,"zone":"B"},"max_err":2.42,"mean_err":0.1547,"ms":14957,"out_bytes":30645,"pending":12,"pos":[-0.67,-12.02],"reconciles":204,"server_tick":625,"snaps":205,"teleports":1}
[client] {"a":8,"dup":false,"ev":"game","ms":16373,"predicted":false,"t":3,"tick":706,"type":"hit"}
[client] {"a":4,"dup":false,"ev":"game","ms":17208,"predicted":false,"t":6,"tick":755,"type":"hit"}
[client] {"a":4,"dup":false,"ev":"game","ms":17236,"predicted":false,"t":8,"tick":757,"type":"hit"}
[client] {"a":4,"dup":false,"ev":"game","ms":17284,"predicted":false,"t":5,"tick":760,"type":"hit"}
[client] {"a":3,"dup":false,"ev":"game","ms":17603,"predicted":false,"t":8,"tick":779,"type":"hit"}
[client] {"a":2,"dup":false,"ev":"game","ms":17636,"predicted":false,"t":9,"tick":781,"type":"hit"}
[client] {"a":7,"dup":false,"ev":"game","ms":17822,"predicted":false,"t":4,"tick":792,"type":"hit"}
[client] {"a":6,"dup":false,"ev":"game","ms":17849,"predicted":false,"t":2,"tick":794,"type":"hit"}
[client] {"a":6,"dup":false,"ev":"game","ms":17850,"predicted":false,"t":4,"tick":794,"type":"hit"}
[client] {"a":5,"dup":false,"ev":"game","ms":17871,"predicted":false,"t":3,"tick":795,"type":"hit"}
[client] {"a":6,"dup":false,"ev":"game","ms":17885,"predicted":false,"t":3,"tick":796,"type":"hit"}
[client] {"a":6,"dup":false,"ev":"game","ms":18402,"predicted":false,"t":3,"tick":827,"type":"block"}
[client] {"a":6,"dup":false,"ev":"game","ms":18450,"predicted":false,"t":4,"tick":830,"type":"block"}
[client] {"a":5,"dup":false,"ev":"game","ms":18505,"predicted":false,"t":3,"tick":833,"type":"block"}
[client] {"a":6,"dup":false,"ev":"game","ms":18719,"predicted":false,"t":3,"tick":846,"type":"block"}
[client] {"a":6,"dup":false,"ev":"game","ms":19050,"predicted":false,"t":3,"tick":866,"type":"block"}
[client] {"a":6,"dup":false,"ev":"game","ms":19050,"predicted":false,"t":4,"tick":866,"type":"block"}
[client] {"a":7,"dup":false,"ev":"game","ms":19541,"predicted":false,"t":2,"tick":895,"type":"hit"}
[client] {"a":7,"dup":false,"ev":"game","ms":19541,"predicted":false,"t":4,"tick":895,"type":"block"}
[client] {"a":8,"dup":false,"ev":"game","ms":19640,"predicted":false,"t":3,"tick":901,"type":"block"}
[client] {"a":8,"dup":false,"ev":"game","ms":19885,"predicted":false,"t":3,"tick":916,"type":"hit"}
[client] {"counts":{"blocks_on_me":0,"conf_actions":0,"confirmed_hits":13,"dup_confirmed":0,"hits_on_me":0,"pred_actions":0,"predicted_confirmed":0,"predicted_hits":0,"reconnects":0},"ev":"stats","hp":280.0,"in_bytes":211430,"late":0,"local_entity":0,"match":{"countdown_until":300,"ctrl":-1,"final":false,"next":"","phase":3,"rot":2975,"scores":[0,0],"sd":false,"state":3,"tick":625,"zone":"B"},"max_err":2.42,"mean_err":0.1047,"ms":19953,"out_bytes":45345,"pending":12,"pos":[0.24,-2.79],"reconciles":304,"server_tick":925,"snaps":305,"teleports":1}
[client] {"a":4,"dup":false,"ev":"game","ms":19989,"predicted":false,"t":6,"tick":922,"type":"hit"}
[client] {"a":9,"dup":false,"ev":"game","ms":19989,"predicted":false,"t":1,"tick":922,"type":"hit"}
[client] {"a":5,"dup":false,"ev":"game","ms":20037,"predicted":false,"t":4,"tick":923,"type":"hit"}
[client] {"a":8,"dup":false,"ev":"game","ms":20769,"predicted":false,"t":4,"tick":969,"type":"block"}
[client] {"a":8,"dup":false,"ev":"game","ms":20803,"predicted":false,"t":1,"tick":971,"type":"block"}
[client] {"a":9,"dup":false,"ev":"game","ms":21003,"predicted":false,"t":2,"tick":983,"type":"hit"}
[client] {"a":9,"dup":false,"ev":"game","ms":21252,"predicted":false,"t":2,"tick":998,"type":"hit"}
[client] {"a":7,"dup":false,"ev":"game","ms":21486,"predicted":false,"t":1,"tick":1012,"type":"hit"}
[client] {"a":7,"dup":false,"ev":"game","ms":21520,"predicted":false,"t":4,"tick":1014,"type":"hit"}
[client] {"a":6,"dup":false,"ev":"game","ms":21590,"predicted":false,"t":4,"tick":1018,"type":"hit"}
[client] {"a":2,"dup":false,"ev":"game","ms":21838,"predicted":false,"t":5,"tick":1033,"type":"hit"}
[client] {"a":2,"dup":false,"ev":"game","ms":21838,"predicted":false,"t":9,"tick":1033,"type":"hit"}
[client] {"a":3,"dup":false,"ev":"game","ms":21838,"predicted":false,"t":8,"tick":1033,"type":"hit"}
[client] {"a":2,"dup":false,"ev":"game","ms":22052,"predicted":false,"t":5,"tick":1046,"type":"hit"}
[client] {"a":2,"dup":false,"ev":"game","ms":22087,"predicted":false,"t":9,"tick":1048,"type":"hit"}
[client] {"a":3,"dup":false,"ev":"game","ms":22341,"predicted":false,"t":6,"tick":1063,"type":"hit"}
[client] {"a":3,"dup":false,"ev":"game","ms":22342,"predicted":false,"t":8,"tick":1063,"type":"block"}
[client] {"a":2,"dup":false,"ev":"game","ms":22722,"predicted":false,"t":5,"tick":1087,"type":"hit"}
[client] {"a":9,"dup":false,"ev":"game","ms":22887,"predicted":false,"t":2,"tick":1097,"type":"hit"}
[client] {"a":3,"dup":false,"ev":"game","ms":23256,"predicted":false,"t":6,"tick":1119,"type":"hit"}
[client] {"a":7,"dup":false,"ev":"game","ms":23860,"predicted":false,"t":2,"tick":1155,"type":"hit"}
[client] {"a":9,"dup":false,"ev":"game","ms":23874,"predicted":false,"t":2,"tick":1156,"type":"hit"}
[client] {"a":0,"dup":true,"ev":"game","ms":24226,"predicted":false,"t":5,"tick":1181,"type":"hit"}
[client] {"a":0,"dup":true,"ev":"game","ms":24543,"predicted":false,"t":5,"tick":1201,"type":"hit"}
[client] {"a":0,"dup":true,"ev":"game","ms":24595,"predicted":false,"t":6,"tick":1204,"type":"hit"}
[client] {"a":4,"dup":false,"ev":"game","ms":24839,"predicted":false,"t":5,"tick":1213,"type":"hit"}
[client] {"a":4,"dup":false,"ev":"game","ms":24839,"predicted":false,"t":6,"tick":1213,"type":"hit"}
[client] {"counts":{"blocks_on_me":0,"conf_actions":3,"confirmed_hits":37,"dup_confirmed":0,"hits_on_me":0,"pred_actions":3,"predicted_confirmed":3,"predicted_hits":7,"reconnects":0},"ev":"stats","hp":280.0,"in_bytes":280544,"late":0,"local_entity":0,"match":{"countdown_until":300,"ctrl":-1,"final":false,"next":"","phase":3,"rot":2675,"scores":[0,0],"sd":false,"state":3,"tick":925,"zone":"B"},"max_err":2.42,"mean_err":0.0799,"ms":24956,"out_bytes":60045,"pending":12,"pos":[-0.54,-2.84],"reconciles":402,"server_tick":1225,"snaps":403,"teleports":1}
[client] {"a":0,"dup":true,"ev":"game","ms":24957,"predicted":false,"t":5,"tick":1226,"type":"hit"}
[client] {"a":5,"dup":false,"ev":"game","ms":25391,"predicted":false,"t":0,"tick":1247,"type":"hit"}
[client] {"a":6,"dup":false,"ev":"game","ms":25557,"predicted":false,"t":1,"tick":1257,"type":"block"}
[client] {"a":0,"dup":true,"ev":"game","ms":25709,"predicted":false,"t":5,"tick":1270,"type":"hit"}
[client] {"a":0,"dup":true,"ev":"game","ms":26027,"predicted":false,"t":5,"tick":1290,"type":"hit"}
[client] {"a":0,"dup":true,"ev":"game","ms":26393,"predicted":false,"t":5,"tick":1311,"type":"hit"}
[client] {"a":0,"dup":true,"ev":"game","ms":26428,"predicted":false,"t":6,"tick":1313,"type":"hit"}
[client] {"a":4,"dup":false,"ev":"game","ms":26441,"predicted":false,"t":9,"tick":1310,"type":"hit"}
[client] {"a":8,"dup":false,"ev":"game","ms":26723,"predicted":false,"t":4,"tick":1327,"type":"hit"}
[client] {"a":3,"dup":false,"ev":"game","ms":26958,"predicted":false,"t":8,"tick":1341,"type":"hit"}
[client] {"a":0,"dup":true,"ev":"game","ms":27028,"predicted":false,"t":5,"tick":1349,"type":"hit"}
[client] {"a":5,"dup":false,"ev":"game","ms":27089,"predicted":false,"t":-1,"tick":1349,"type":"ko"}
[client] {"a":6,"dup":false,"ev":"game","ms":27477,"predicted":false,"t":0,"tick":1372,"type":"hit"}
[client] {"a":7,"dup":false,"ev":"game","ms":27606,"predicted":false,"t":3,"tick":1379,"type":"hit"}
[client] {"a":8,"dup":false,"ev":"game","ms":27676,"predicted":false,"t":1,"tick":1384,"type":"block"}
[client] {"a":0,"dup":true,"ev":"game","ms":27841,"predicted":false,"t":6,"tick":1398,"type":"hit"}
[client] {"a":9,"dup":false,"ev":"game","ms":28076,"predicted":false,"t":0,"tick":1408,"type":"hit"}
[client] {"a":7,"dup":false,"ev":"game","ms":28110,"predicted":false,"t":3,"tick":1410,"type":"block"}
[client] {"a":4,"dup":false,"ev":"game","ms":28317,"predicted":false,"t":8,"tick":1422,"type":"hit"}
[client] {"a":0,"dup":true,"ev":"game","ms":28539,"predicted":false,"t":9,"tick":1440,"type":"hit"}
[client] {"a":7,"dup":false,"ev":"game","ms":29000,"predicted":false,"t":4,"tick":1463,"type":"hit"}
[client] {"a":8,"dup":false,"ev":"game","ms":29022,"predicted":false,"t":1,"tick":1464,"type":"block"}
[client] {"a":0,"dup":false,"ev":"game","ms":29055,"predicted":false,"t":9,"tick":1471,"type":"block"}
[client] {"a":0,"dup":false,"ev":"game","ms":29552,"predicted":false,"t":9,"tick":1501,"type":"block"}
[client] {"counts":{"blocks_on_me":0,"conf_actions":12,"confirmed_hits":54,"dup_confirmed":0,"hits_on_me":3,"pred_actions":13,"predicted_confirmed":11,"predicted_hits":26,"reconnects":0},"ev":"stats","hp":226.0,"in_bytes":352882,"late":0,"local_entity":0,"match":{"countdown_until":300,"ctrl":-1,"final":false,"next":"","phase":3,"rot":2375,"scores":[0,0],"sd":false,"state":3,"tick":1225,"zone":"B"},"max_err":2.42,"mean_err":0.0676,"ms":29951,"out_bytes":74745,"pending":12,"pos":[-1.82,-2.1],"reconciles":502,"server_tick":1525,"snaps":503,"teleports":1}
[client] {"a":8,"dup":false,"ev":"game","ms":30166,"predicted":false,"t":1,"tick":1533,"type":"guard_break"}
[client] {"a":0,"dup":true,"ev":"game","ms":30270,"predicted":false,"t":9,"tick":1544,"type":"hit"}
[client] {"a":0,"dup":false,"ev":"game","ms":30622,"predicted":false,"t":9,"tick":1565,"type":"block"}
[client] {"a":6,"dup":false,"ev":"game","ms":30704,"predicted":false,"t":0,"tick":1565,"type":"hit"}
[client] {"a":8,"dup":false,"ev":"game","ms":31001,"predicted":false,"t":1,"tick":1583,"type":"hit"}
[client] {"a":3,"dup":false,"ev":"game","ms":31201,"predicted":false,"t":9,"tick":1595,"type":"hit"}
[client] {"a":8,"dup":false,"ev":"game","ms":31505,"predicted":false,"t":1,"tick":1613,"type":"guard_break"}
[client] {"a":6,"dup":false,"ev":"game","ms":31657,"predicted":false,"t":0,"tick":1619,"type":"hit"}
[client] {"a":0,"dup":true,"ev":"game","ms":31905,"predicted":false,"t":9,"tick":1642,"type":"hit"}
[client] {"a":7,"dup":false,"ev":"game","ms":32036,"predicted":false,"t":3,"tick":1645,"type":"hit"}
[client] {"a":8,"dup":false,"ev":"game","ms":32037,"predicted":false,"t":1,"tick":1645,"type":"hit"}
[client] {"a":0,"dup":true,"ev":"game","ms":32257,"predicted":false,"t":9,"tick":1663,"type":"hit"}
[client] {"a":6,"dup":false,"ev":"game","ms":32340,"predicted":false,"t":0,"tick":1663,"type":"hit"}
[client] {"a":3,"dup":false,"ev":"game","ms":32672,"predicted":false,"t":9,"tick":1684,"type":"hit"}
[client] {"a":0,"dup":true,"ev":"game","ms":32857,"predicted":false,"t":9,"tick":1700,"type":"hit"}
[client] {"a":8,"dup":false,"ev":"game","ms":33057,"predicted":false,"t":1,"tick":1706,"type":"guard_break"}
[client] {"a":3,"dup":false,"ev":"game","ms":33224,"predicted":false,"t":9,"tick":1716,"type":"hit"}
[client] {"a":9,"dup":false,"ev":"game","ms":33224,"predicted":false,"t":-1,"tick":1716,"type":"ko"}
[client] {"a":7,"dup":false,"ev":"game","ms":33602,"predicted":false,"t":3,"tick":1739,"type":"hit"}
[client] {"a":7,"dup":false,"ev":"game","ms":34155,"predicted":false,"t":3,"tick":1772,"type":"hit"}
[client] {"a":8,"dup":false,"ev":"game","ms":34354,"predicted":false,"t":1,"tick":1784,"type":"guard_break"}
[client] {"a":8,"dup":false,"ev":"game","ms":34824,"predicted":false,"t":1,"tick":1812,"type":"hit"}
[client] {"a":7,"dup":false,"ev":"game","ms":34886,"predicted":false,"t":0,"tick":1816,"type":"block"}
[client] {"counts":{"blocks_on_me":1,"conf_actions":21,"confirmed_hits":70,"dup_confirmed":0,"hits_on_me":6,"pred_actions":20,"predicted_confirmed":15,"predicted_hits":37,"reconnects":0},"ev":"stats","hp":152.0,"in_bytes":423863,"late":0,"local_entity":0,"match":{"countdown_until":300,"ctrl":-1,"final":false,"next":"","phase":3,"rot":2075,"scores":[0,0],"sd":false,"state":3,"tick":1525,"zone":"B"},"max_err":2.42,"mean_err":0.0638,"ms":34954,"out_bytes":89445,"pending":12,"pos":[-4.01,0.5],"reconciles":600,"server_tick":1825,"snaps":601,"teleports":1}
[client] {"a":2,"dup":false,"ev":"game","ms":34955,"predicted":false,"t":8,"tick":1820,"type":"hit"}
[client] {"a":7,"dup":false,"ev":"game","ms":35403,"predicted":false,"t":0,"tick":1847,"type":"block"}
[client] {"a":7,"dup":false,"ev":"game","ms":35887,"predicted":false,"t":0,"tick":1876,"type":"hit"}
[client] {"a":2,"dup":false,"ev":"game","ms":36072,"predicted":false,"t":8,"tick":1887,"type":"hit"}
[client] {"a":0,"dup":true,"ev":"game","ms":36190,"predicted":false,"t":7,"tick":1899,"type":"hit"}
[client] {"a":6,"dup":false,"ev":"game","ms":36378,"predicted":false,"t":2,"tick":1905,"type":"hit"}
[client] {"a":0,"dup":false,"ev":"game","ms":36804,"predicted":false,"t":7,"tick":1937,"type":"block"}
[client] {"a":6,"dup":false,"ev":"game","ms":36859,"predicted":false,"t":2,"tick":1934,"type":"hit"}
[client] {"a":8,"dup":false,"ev":"game","ms":37026,"predicted":false,"t":1,"tick":1945,"type":"guard_break"}
[client] {"a":5,"dup":false,"ev":"game","ms":37090,"predicted":false,"t":-1,"tick":1949,"type":"respawn"}
[client] {"a":7,"dup":false,"ev":"game","ms":37191,"predicted":false,"t":0,"tick":1955,"type":"hit"}
[client] {"a":2,"dup":false,"ev":"game","ms":37204,"predicted":false,"t":8,"tick":1956,"type":"hit"}
[client] {"a":6,"dup":false,"ev":"game","ms":37226,"predicted":false,"t":2,"tick":1957,"type":"hit"}
[client] {"a":0,"dup":true,"ev":"game","ms":37475,"predicted":false,"t":7,"tick":1977,"type":"hit"}
[client] {"a":2,"dup":false,"ev":"game","ms":37590,"predicted":false,"t":8,"tick":1979,"type":"block"}
[client] {"a":0,"dup":false,"ev":"game","ms":37805,"predicted":false,"t":7,"tick":1997,"type":"block"}
[client] {"a":0,"dup":false,"ev":"game","ms":38143,"predicted":false,"t":7,"tick":2017,"type":"block"}
[client] {"a":6,"dup":false,"ev":"game","ms":38842,"predicted":false,"t":1,"tick":2054,"type":"guard_break"}
[client] {"counts":{"blocks_on_me":2,"conf_actions":29,"confirmed_hits":80,"dup_confirmed":0,"hits_on_me":8,"pred_actions":27,"predicted_confirmed":17,"predicted_hits":51,"reconnects":0},"ev":"stats","hp":116.0,"in_bytes":490616,"late":0,"local_entity":0,"match":{"countdown_until":300,"ctrl":-1,"final":false,"next":"","phase":3,"rot":1775,"scores":[0,0],"sd":false,"state":3,"tick":1825,"zone":"B"},"max_err":2.42,"mean_err":0.0574,"ms":39956,"out_bytes":104145,"pending":12,"pos":[-0.74,-2.69],"reconciles":697,"server_tick":2125,"snaps":698,"teleports":1}
[client] {"a":4,"dup":false,"ev":"game","ms":41540,"predicted":false,"t":7,"tick":2215,"type":"hit"}
[client] {"a":2,"dup":false,"ev":"game","ms":41690,"predicted":false,"t":7,"tick":2224,"type":"hit"}
[client] {"a":2,"dup":false,"ev":"game","ms":42172,"predicted":false,"t":7,"tick":2253,"type":"block"}
[client] {"a":4,"dup":false,"ev":"game","ms":42221,"predicted":false,"t":7,"tick":2256,"type":"block"}
[client] {"a":9,"dup":false,"ev":"game","ms":43221,"predicted":false,"t":-1,"tick":2316,"type":"respawn"}
[client] {"a":5,"dup":false,"ev":"game","ms":44035,"predicted":false,"t":2,"tick":2366,"type":"hit"}
[client] {"a":2,"dup":false,"ev":"game","ms":44739,"predicted":false,"t":5,"tick":2404,"type":"hit"}
[client] {"a":7,"dup":false,"ev":"game","ms":44739,"predicted":false,"t":2,"tick":2404,"type":"hit"}
[client] {"counts":{"blocks_on_me":2,"conf_actions":29,"confirmed_hits":85,"dup_confirmed":0,"hits_on_me":8,"pred_actions":27,"predicted_confirmed":17,"predicted_hits":51,"reconnects":0},"ev":"stats","hp":129.5,"in_bytes":552761,"late":0,"local_entity":0,"match":{"countdown_until":300,"ctrl":-1,"final":false,"next":"","phase":3,"rot":1475,"scores":[0,0],"sd":false,"state":3,"tick":2125,"zone":"B"},"max_err":2.42,"mean_err":0.0508,"ms":44952,"out_bytes":118845,"pending":12,"pos":[-0.6,-2.77],"reconciles":796,"server_tick":2425,"snaps":797,"teleports":1}
[client] {"a":4,"dup":false,"ev":"game","ms":45588,"predicted":false,"t":5,"tick":2458,"type":"hit"}
[client] {"a":3,"dup":false,"ev":"game","ms":46036,"predicted":false,"t":5,"tick":2485,"type":"hit"}
[client] {"a":4,"dup":false,"ev":"game","ms":46036,"predicted":false,"t":5,"tick":2485,"type":"hit"}
[client] {"a":4,"dup":false,"ev":"game","ms":46036,"predicted":false,"t":7,"tick":2485,"type":"block"}
[client] {"a":5,"dup":false,"ev":"game","ms":46520,"predicted":false,"t":4,"tick":2514,"type":"hit"}
[client] {"a":3,"dup":false,"ev":"game","ms":46754,"predicted":false,"t":7,"tick":2528,"type":"block"}
[client] {"a":5,"dup":false,"ev":"game","ms":46871,"predicted":false,"t":4,"tick":2535,"type":"hit"}
[client] {"a":5,"dup":false,"ev":"game","ms":46919,"predicted":false,"t":3,"tick":2538,"type":"hit"}
[client] {"a":4,"dup":false,"ev":"game","ms":48458,"predicted":false,"t":5,"tick":2630,"type":"hit"}
[client] {"a":4,"dup":false,"ev":"game","ms":48472,"predicted":false,"t":8,"tick":2631,"type":"hit"}
[client] {"a":3,"dup":false,"ev":"game","ms":48494,"predicted":false,"t":5,"tick":2632,"type":"hit"}
[client] {"a":7,"dup":false,"ev":"game","ms":48494,"predicted":false,"t":0,"tick":2632,"type":"hit"}
[client] {"a":0,"dup":true,"ev":"game","ms":48776,"predicted":false,"t":7,"tick":2654,"type":"hit"}
[client] {"a":3,"dup":false,"ev":"game","ms":48955,"predicted":false,"t":5,"tick":2660,"type":"hit"}
[client] {"a":4,"dup":false,"ev":"game","ms":48976,"predicted":false,"t":5,"tick":2661,"type":"hit"}
[client] {"a":4,"dup":false,"ev":"game","ms":49025,"predicted":false,"t":8,"tick":2664,"type":"block"}
[client] {"a":0,"dup":true,"ev":"game","ms":49142,"predicted":false,"t":7,"tick":2677,"type":"hit"}
[client] {"a":5,"dup":false,"ev":"game","ms":49458,"predicted":false,"t":4,"tick":2690,"type":"hit"}
[client] {"a":3,"dup":false,"ev":"game","ms":49494,"predicted":false,"t":5,"tick":2692,"type":"hit"}
[client] {"a":0,"dup":true,"ev":"game","ms":49494,"predicted":false,"t":7,"tick":2697,"type":"hit"}
[client] {"a":4,"dup":false,"ev":"game","ms":49810,"predicted":false,"t":7,"tick":2712,"type":"hit"}
[client] {"a":5,"dup":false,"ev":"game","ms":49921,"predicted":false,"t":3,"tick":2719,"type":"hit"}
[client] {"counts":{"blocks_on_me":2,"conf_actions":33,"confirmed_hits":104,"dup_confirmed":0,"hits_on_me":9,"pred_actions":31,"predicted_confirmed":20,"predicted_hits":56,"reconnects":0},"ev":"stats","hp":170.300000000002,"in_bytes":622954,"late":0,"local_entity":0,"match":{"countdown_until":300,"ctrl":-1,"final":false,"next":"","phase":3,"rot":1175,"scores":[0,0],"sd":false,"state":3,"tick":2425,"zone":"B"},"max_err":2.42,"mean_err":0.0481,"ms":49954,"out_bytes":133545,"pending":12,"pos":[-1.37,-2.45],"reconciles":893,"server_tick":2725,"snaps":894,"teleports":1}
[client] {"a":7,"dup":false,"ev":"game","ms":50184,"predicted":false,"t":0,"tick":2735,"type":"hit"}
[client] {"a":4,"dup":false,"ev":"game","ms":50453,"predicted":false,"t":7,"tick":2748,"type":"hit"}
[client] {"a":0,"dup":true,"ev":"game","ms":50502,"predicted":false,"t":7,"tick":2758,"type":"hit"}
[client] {"a":0,"dup":false,"ev":"game","ms":50889,"predicted":false,"t":7,"tick":2781,"type":"block"}
[client] {"a":6,"dup":false,"ev":"game","ms":50902,"predicted":false,"t":4,"tick":2777,"type":"hit"}
[client] {"a":3,"dup":false,"ev":"game","ms":50951,"predicted":false,"t":5,"tick":2780,"type":"hit"}
[client] {"a":5,"dup":false,"ev":"game","ms":51302,"predicted":false,"t":4,"tick":2801,"type":"hit"}
[client] {"a":0,"dup":false,"ev":"game","ms":51303,"predicted":false,"t":7,"tick":2806,"type":"block"}
[client] {"a":0,"dup":true,"ev":"game","ms":51338,"predicted":false,"t":5,"tick":2809,"type":"hit"}
[client] {"a":3,"dup":false,"ev":"game","ms":51455,"predicted":false,"t":5,"tick":2810,"type":"hit"}
[client] {"a":5,"dup":false,"ev":"game","ms":51455,"predicted":false,"t":-1,"tick":2810,"type":"ko"}
[client] {"a":3,"dup":false,"ev":"game","ms":51489,"predicted":false,"t":7,"tick":2812,"type":"hit"}
[client] {"a":6,"dup":false,"ev":"game","ms":51772,"predicted":false,"t":3,"tick":2829,"type":"hit"}
[client] {"a":8,"dup":false,"ev":"game","ms":53869,"predicted":false,"t":1,"tick":2955,"type":"block"}
[client] {"a":8,"dup":false,"ev":"game","ms":54104,"predicted":false,"t":1,"tick":2969,"type":"block"}
[client] {"a":9,"dup":false,"ev":"game","ms":54324,"predicted":false,"t":1,"tick":2982,"type":"guard_break"}
[client] {"counts":{"blocks_on_me":2,"conf_actions":38,"confirmed_hits":114,"dup_confirmed":0,"hits_on_me":10,"pred_actions":36,"predicted_confirmed":22,"predicted_hits":68,"reconnects":0},"ev":"stats","hp":152.300000000002,"in_bytes":693240,"late":0,"local_entity":0,"match":{"countdown_until":300,"ctrl":-1,"final":false,"next":"A","phase":3,"rot":875,"scores":[0,0],"sd":false,"state":3,"tick":2725,"zone":"B"},"max_err":2.42,"mean_err":0.0472,"ms":54951,"out_bytes":148245,"pending":12,"pos":[-0.51,-2.74],"reconciles":992,"server_tick":3025,"snaps":993,"teleports":1}
[client] {"a":9,"dup":false,"ev":"game","ms":55091,"predicted":false,"t":0,"tick":3028,"type":"hit"}
[client] {"a":9,"dup":false,"ev":"game","ms":55091,"predicted":false,"t":1,"tick":3028,"type":"hit"}
[client] {"a":9,"dup":false,"ev":"game","ms":55325,"predicted":false,"t":1,"tick":3042,"type":"guard_break"}
[client] {"a":9,"dup":false,"ev":"game","ms":55352,"predicted":false,"t":0,"tick":3044,"type":"hit"}
[client] {"a":3,"dup":false,"ev":"game","ms":55725,"predicted":false,"t":8,"tick":3066,"type":"hit"}
[client] {"a":9,"dup":false,"ev":"game","ms":55870,"predicted":false,"t":0,"tick":3075,"type":"hit"}
[client] {"a":9,"dup":false,"ev":"game","ms":55870,"predicted":false,"t":1,"tick":3075,"type":"hit"}
[client] {"a":2,"dup":false,"ev":"game","ms":56022,"predicted":false,"t":8,"tick":3084,"type":"hit"}
[client] {"a":2,"dup":false,"ev":"game","ms":56906,"predicted":false,"t":6,"tick":3137,"type":"hit"}
[client] {"a":3,"dup":false,"ev":"game","ms":57071,"predicted":false,"t":8,"tick":3147,"type":"hit"}
[client] {"a":0,"dup":true,"ev":"game","ms":57105,"predicted":false,"t":8,"tick":3154,"type":"hit"}
[client] {"a":0,"dup":true,"ev":"game","ms":57126,"predicted":false,"t":6,"tick":3155,"type":"hit"}
[client] {"a":9,"dup":false,"ev":"game","ms":57293,"predicted":false,"t":3,"tick":3160,"type":"hit"}
[client] {"a":2,"dup":false,"ev":"game","ms":57409,"predicted":false,"t":6,"tick":3167,"type":"hit"}
[client] {"a":2,"dup":false,"ev":"game","ms":57409,"predicted":false,"t":8,"tick":3167,"type":"hit"}
[client] {"a":0,"dup":false,"ev":"game","ms":57589,"predicted":false,"t":8,"tick":3183,"type":"block"}
[client] {"a":0,"dup":true,"ev":"game","ms":57622,"predicted":false,"t":6,"tick":3185,"type":"hit"}
[client] {"a":2,"dup":false,"ev":"game","ms":57837,"predicted":false,"t":6,"tick":3193,"type":"hit"}
[client] {"a":0,"dup":false,"ev":"game","ms":57974,"predicted":false,"t":6,"tick":3206,"type":"hit"}
[client] {"a":2,"dup":false,"ev":"game","ms":58106,"predicted":false,"t":6,"tick":3209,"type":"hit"}
[client] {"a":6,"dup":false,"ev":"game","ms":58589,"predicted":false,"t":2,"tick":3238,"type":"hit"}
[client] {"a":0,"dup":false,"ev":"game","ms":58941,"predicted":false,"t":6,"tick":3264,"type":"parry"}
[client] {"a":2,"dup":false,"ev":"game","ms":58976,"predicted":false,"t":9,"tick":3261,"type":"hit"}
[client] {"a":6,"dup":false,"ev":"game","ms":59355,"predicted":false,"t":0,"tick":3284,"type":"hit"}
[client] {"a":2,"dup":false,"ev":"game","ms":59527,"predicted":false,"t":9,"tick":3294,"type":"block"}
[client] {"a":6,"dup":false,"ev":"game","ms":59672,"predicted":false,"t":0,"tick":3303,"type":"hit"}
[client] {"counts":{"blocks_on_me":2,"conf_actions":46,"confirmed_hits":136,"dup_confirmed":0,"hits_on_me":15,"pred_actions":45,"predicted_confirmed":25,"predicted_hits":81,"reconnects":0},"ev":"stats","hp":44.3000000000022,"in_bytes":764681,"late":0,"local_entity":0,"match":{"countdown_until":300,"ctrl":-1,"final":false,"next":"A","phase":3,"rot":575,"scores":[0,0],"sd":false,"state":3,"tick":3025,"zone":"B"},"max_err":2.42,"mean_err":0.0464,"ms":59954,"out_bytes":162945,"pending":12,"pos":[-1.04,-2.61],"reconciles":1089,"server_tick":3325,"snaps":1090,"teleports":1}
[client] {"a":6,"dup":false,"ev":"game","ms":59989,"predicted":false,"t":0,"tick":3322,"type":"hit"}
[client] {"a":0,"dup":true,"ev":"game","ms":60294,"predicted":false,"t":6,"tick":3345,"type":"hit"}
[client] {"a":9,"dup":false,"ev":"game","ms":60307,"predicted":false,"t":2,"tick":3341,"type":"hit"}
[client] {"a":2,"dup":false,"ev":"game","ms":60695,"predicted":false,"t":6,"tick":3364,"type":"hit"}
[client] {"a":0,"dup":true,"ev":"game","ms":60741,"predicted":false,"t":6,"tick":3373,"type":"hit"}
[client] {"a":9,"dup":false,"ev":"game","ms":60845,"predicted":false,"t":2,"tick":3374,"type":"hit"}
[client] {"a":9,"dup":false,"ev":"game","ms":61355,"predicted":false,"t":0,"tick":3405,"type":"hit"}
[client] {"a":5,"dup":false,"ev":"game","ms":61445,"predicted":false,"t":-1,"tick":3410,"type":"respawn"}
[client] {"a":9,"dup":false,"ev":"game","ms":61976,"predicted":false,"t":0,"tick":3442,"type":"hit"}
[client] {"a":0,"dup":true,"ev":"game","ms":62260,"predicted":false,"t":9,"tick":3464,"type":"hit"}
[client] {"a":2,"dup":false,"ev":"game","ms":62308,"predicted":false,"t":9,"tick":3461,"type":"hit"}
[client] {"a":0,"dup":false,"ev":"game","ms":62930,"predicted":false,"t":-1,"tick":3503,"type":"ko"}
[client] {"a":9,"dup":false,"ev":"game","ms":62977,"predicted":false,"t":1,"tick":3501,"type":"guard_break"}
[client] {"a":6,"dup":false,"ev":"game","ms":63012,"predicted":false,"t":0,"tick":3503,"type":"hit"}
[client] {"a":2,"dup":false,"ev":"game","ms":63530,"predicted":false,"t":9,"tick":3534,"type":"hit"}
[client] {"a":6,"dup":false,"ev":"game","ms":63756,"predicted":false,"t":4,"tick":3548,"type":"hit"}
[client] {"a":2,"dup":false,"ev":"game","ms":64130,"predicted":false,"t":9,"tick":3571,"type":"hit"}
[client] {"a":4,"dup":false,"ev":"game","ms":64702,"predicted":false,"t":9,"tick":3605,"type":"hit"}
[client] {"counts":{"blocks_on_me":2,"conf_actions":52,"confirmed_hits":151,"dup_confirmed":0,"hits_on_me":19,"pred_actions":50,"predicted_confirmed":28,"predicted_hits":96,"reconnects":0},"ev":"stats","hp":0.0,"in_bytes":833386,"late":0,"local_entity":0,"match":{"countdown_until":300,"ctrl":-1,"final":false,"next":"A","phase":3,"rot":275,"scores":[0,0],"sd":false,"state":3,"tick":3325,"zone":"B"},"max_err":2.42,"mean_err":0.0452,"ms":64949,"out_bytes":177645,"pending":12,"pos":[-2.49,-2.43],"reconciles":1183,"server_tick":3625,"snaps":1184,"teleports":1}
[client] {"a":7,"dup":false,"ev":"game","ms":65350,"predicted":false,"t":1,"tick":3644,"type":"guard_break"}
[client] {"a":6,"dup":false,"ev":"game","ms":65371,"predicted":false,"t":1,"tick":3645,"type":"hit"}
[client] {"a":2,"dup":false,"ev":"game","ms":65405,"predicted":false,"t":6,"tick":3647,"type":"hit"}
[client] {"a":2,"dup":false,"ev":"game","ms":65889,"predicted":false,"t":6,"tick":3676,"type":"hit"}
[client] {"a":2,"dup":false,"ev":"game","ms":65903,"predicted":false,"t":9,"tick":3677,"type":"hit"}
[client] {"a":2,"dup":false,"ev":"game","ms":66123,"predicted":false,"t":6,"tick":3690,"type":"hit"}
[client] {"a":2,"dup":false,"ev":"game","ms":66124,"predicted":false,"t":7,"tick":3690,"type":"hit"}
[client] {"a":2,"dup":false,"ev":"game","ms":66151,"predicted":false,"t":9,"tick":3692,"type":"hit"}
[client] {"a":6,"dup":false,"ev":"game","ms":66555,"predicted":false,"t":2,"tick":3716,"type":"hit"}
[client] {"a":7,"dup":false,"ev":"game","ms":66958,"predicted":false,"t":1,"tick":3740,"type":"guard_break"}
[client] {"a":4,"dup":false,"ev":"game","ms":67186,"predicted":false,"t":6,"tick":3754,"type":"hit"}
[client] {"a":6,"dup":false,"ev":"game","ms":67186,"predicted":false,"t":-1,"tick":3754,"type":"ko"}
[client] {"a":4,"dup":false,"ev":"game","ms":67220,"predicted":false,"t":7,"tick":3756,"type":"hit"}
[client] {"a":4,"dup":false,"ev":"game","ms":67703,"predicted":false,"t":7,"tick":3785,"type":"block"}
[client] {"a":8,"dup":false,"ev":"game","ms":68807,"predicted":false,"t":2,"tick":3851,"type":"hit"}
[client] {"a":4,"dup":false,"ev":"game","ms":69387,"predicted":false,"t":8,"tick":3886,"type":"hit"}
[client] {"a":-1,"dup":false,"ev":"game","ms":69608,"predicted":false,"t":-1,"tick":3899,"type":"zone_rotated"}
[client] {"a":8,"dup":false,"ev":"game","ms":69773,"predicted":false,"t":4,"tick":3909,"type":"block"}
[client] {"counts":{"blocks_on_me":2,"conf_actions":52,"confirmed_hits":163,"dup_confirmed":0,"hits_on_me":19,"pred_actions":50,"predicted_confirmed":28,"predicted_hits":96,"reconnects":0},"ev":"stats","hp":0.0,"in_bytes":900136,"late":0,"local_entity":0,"match":{"countdown_until":300,"ctrl":-1,"final":false,"next":"","phase":3,"rot":3575,"scores":[0,0],"sd":false,"state":1,"tick":3625,"zone":"A"},"max_err":2.42,"mean_err":0.0418,"ms":69959,"out_bytes":192345,"pending":12,"pos":[-2.49,-2.43],"reconciles":1281,"server_tick":3925,"snaps":1282,"teleports":1}
[client] {"a":8,"dup":false,"ev":"game","ms":70008,"predicted":false,"t":4,"tick":3923,"type":"block"}
[client] {"a":4,"dup":false,"ev":"game","ms":70670,"predicted":false,"t":8,"tick":3963,"type":"hit"}
[client] {"a":5,"dup":false,"ev":"game","ms":70822,"predicted":false,"t":4,"tick":3972,"type":"hit"}
[client] {"a":8,"dup":false,"ev":"game","ms":71360,"predicted":false,"t":1,"tick":4004,"type":"guard_break"}
[client] {"a":5,"dup":false,"ev":"game","ms":71671,"predicted":false,"t":1,"tick":4023,"type":"hit"}
[client] {"a":5,"dup":false,"ev":"game","ms":71692,"predicted":false,"t":4,"tick":4024,"type":"hit"}
[client] {"a":7,"dup":false,"ev":"game","ms":72844,"predicted":false,"t":1,"tick":4093,"type":"guard_break"}
[client] {"a":0,"dup":false,"ev":"game","ms":72927,"predicted":false,"t":-1,"tick":4103,"type":"respawn"}
[client] {"a":8,"dup":false,"ev":"game","ms":73106,"predicted":false,"t":1,"tick":4109,"type":"hit"}
[client] {"a":8,"dup":false,"ev":"game","ms":74293,"predicted":false,"t":1,"tick":4180,"type":"guard_break"}
[client] {"a":7,"dup":false,"ev":"game","ms":74493,"predicted":false,"t":1,"tick":4192,"type":"hit"}
[client] {"counts":{"blocks_on_me":2,"conf_actions":52,"confirmed_hits":169,"dup_confirmed":0,"hits_on_me":19,"pred_actions":50,"predicted_confirmed":28,"predicted_hits":96,"reconnects":0},"ev":"stats","hp":280.0,"in_bytes":963039,"late":0,"local_entity":0,"match":{"countdown_until":300,"ctrl":0,"final":false,"next":"","phase":3,"rot":3275,"scores":[3,0],"sd":false,"state":2,"tick":3925,"zone":"A"},"max_err":2.42,"mean_err":0.0389,"ms":74961,"out_bytes":207045,"pending":12,"pos":[2.99,-35.48],"reconciles":1377,"server_tick":4225,"snaps":1379,"teleports":2}
[client] {"a":7,"dup":false,"ev":"game","ms":75804,"predicted":false,"t":1,"tick":4271,"type":"guard_break"}
[client] {"a":8,"dup":false,"ev":"game","ms":75818,"predicted":false,"t":1,"tick":4272,"type":"hit"}
[client] {"a":8,"dup":false,"ev":"game","ms":77054,"predicted":false,"t":1,"tick":4346,"type":"guard_break"}
[client] {"a":6,"dup":false,"ev":"game","ms":77185,"predicted":false,"t":-1,"tick":4354,"type":"respawn"}
[client] {"a":7,"dup":false,"ev":"game","ms":77273,"predicted":false,"t":1,"tick":4359,"type":"hit"}
[client] {"a":8,"dup":false,"ev":"game","ms":78101,"predicted":false,"t":1,"tick":4409,"type":"guard_break"}
[client] {"a":8,"dup":false,"ev":"game","ms":78371,"predicted":false,"t":1,"tick":4425,"type":"hit"}
[client] {"a":7,"dup":false,"ev":"game","ms":79841,"predicted":false,"t":1,"tick":4513,"type":"guard_break"}
[client] {"counts":{"blocks_on_me":2,"conf_actions":52,"confirmed_hits":172,"dup_confirmed":0,"hits_on_me":19,"pred_actions":50,"predicted_confirmed":28,"predicted_hits":96,"reconnects":0},"ev":"stats","hp":280.0,"in_bytes":1022404,"late":0,"local_entity":0,"match":{"countdown_until":300,"ctrl":-1,"final":false,"next":"","phase":3,"rot":2975,"scores":[6,0],"sd":false,"state":3,"tick":4225,"zone":"A"},"max_err":2.42,"mean_err":0.0363,"ms":79957,"out_bytes":221745,"pending":12,"pos":[-18.54,-18.79],"reconciles":1475,"server_tick":4525,"snaps":1477,"teleports":2}
[client] {"counts":{"blocks_on_me":2,"conf_actions":52,"confirmed_hits":172,"dup_confirmed":0,"hits_on_me":19,"pred_actions":50,"predicted_confirmed":28,"predicted_hits":96,"reconnects":0},"ev":"stats","hp":280.0,"in_bytes":1022940,"late":0,"local_entity":0,"match":{"countdown_until":300,"ctrl":-1,"final":false,"next":"","phase":3,"rot":2972,"scores":[6,0],"sd":false,"state":3,"tick":4228,"zone":"A"},"max_err":2.42,"mean_err":0.0363,"ms":80005,"out_bytes":221892,"pending":12,"pos":[-18.84,-18.65],"reconciles":1476,"server_tick":4528,"snaps":1478,"teleports":2}
