Godot Engine v4.7.2.stable.official.ed1daf0bf - https://godotengine.org

[client] {"detail":"127.0.0.1:24651","ev":"status","ms":1,"status":"connecting"}
[client] {"detail":"","ev":"status","ms":215,"status":"connected"}
[client] {"ev":"welcome","ms":326,"observer":false,"pid":3}
[client] {"ev":"pick","f":"bruno","ms":913}
[client] {"ev":"notice","ms":1030,"msg":{"code":"taken","for":"pick","t":"error"}}
[client] {"ev":"pick","f":"scrap","ms":1685}
[client] {"ev":"lock","f":"scrap","ms":2458}
[client] {"ev":"match_setup","fighters":10,"ms":3583,"you":5}
[client] {"counts":{"blocks_on_me":0,"conf_actions":0,"confirmed_hits":0,"dup_confirmed":0,"hits_on_me":0,"pred_actions":0,"predicted_confirmed":0,"predicted_hits":0,"reconnects":0},"ev":"stats","hp":260.0,"in_bytes":54348,"late":0,"local_entity":5,"match":{"countdown_until":300,"ctrl":-1,"final":false,"next":"","phase":2,"rot":3600,"scores":[0,0],"sd":false,"state":1,"tick":0,"zone":""},"max_err":1.927,"mean_err":0.2877,"ms":4957,"out_bytes":4147,"pending":14,"pos":[-5.8,46.93],"reconciles":26,"server_tick":83,"snaps":27,"teleports":1}
[client] {"counts":{"blocks_on_me":0,"conf_actions":0,"confirmed_hits":0,"dup_confirmed":0,"hits_on_me":0,"pred_actions":0,"predicted_confirmed":0,"predicted_hits":0,"reconnects":0},"ev":"stats","hp":260.0,"in_bytes":97224,"late":0,"local_entity":5,"match":{"countdown_until":300,"ctrl":-1,"final":false,"next":"","phase":3,"rot":3518,"scores":[0,0],"sd":false,"state":1,"tick":82,"zone":"B"},"max_err":1.927,"mean_err":0.2884,"ms":9960,"out_bytes":18847,"pending":13,"pos":[-3.76,38.0],"reconciles":123,"server_tick":383,"snaps":124,"teleports":1}
[client] {"counts":{"blocks_on_me":0,"conf_actions":0,"confirmed_hits":0,"dup_confirmed":0,"hits_on_me":0,"pred_actions":0,"predicted_confirmed":0,"predicted_hits":0,"reconnects":0},"ev":"stats","hp":260.0,"in_bytes":151380,"late":0,"local_entity":5,"match":{"countdown_until":300,"ctrl":-1,"final":false,"next":"","phase":3,"rot":3215,"scores":[0,0],"sd":false,"state":3,"tick":385,"zone":"B"},"max_err":1.927,"mean_err":0.172,"ms":14962,"out_bytes":33547,"pending":13,"pos":[-2.67,4.59],"reconciles":221,"server_tick":683,"snaps":223,"teleports":1}
[client] {"a":8,"dup":false,"ev":"game","ms":15668,"predicted":false,"t":3,"tick":720,"type":"hit"}
[client] {"a":2,"dup":false,"ev":"game","ms":16212,"predicted":false,"t":6,"tick":750,"type":"hit"}
[client] {"a":7,"dup":false,"ev":"game","ms":16212,"predicted":false,"t":2,"tick":751,"type":"hit"}
[client] {"a":9,"dup":false,"ev":"game","ms":16399,"predicted":false,"t":0,"tick":764,"type":"hit"}
[client] {"a":8,"dup":false,"ev":"game","ms":16599,"predicted":false,"t":3,"tick":776,"type":"hit"}
[client] {"a":8,"dup":false,"ev":"game","ms":16613,"predicted":false,"t":4,"tick":777,"type":"hit"}
[client] {"a":8,"dup":false,"ev":"game","ms":16847,"predicted":false,"t":2,"tick":791,"type":"hit"}
[client] {"a":8,"dup":false,"ev":"game","ms":16847,"predicted":false,"t":3,"tick":791,"type":"hit"}
[client] {"a":8,"dup":false,"ev":"game","ms":16847,"predicted":false,"t":4,"tick":791,"type":"hit"}
[client] {"a":0,"dup":false,"ev":"game","ms":16964,"predicted":false,"t":9,"tick":798,"type":"hit"}
[client] {"a":3,"dup":false,"ev":"game","ms":17449,"predicted":false,"t":8,"tick":828,"type":"hit"}
[client] {"a":0,"dup":false,"ev":"game","ms":17613,"predicted":false,"t":9,"tick":837,"type":"block"}
[client] {"a":0,"dup":false,"ev":"game","ms":17965,"predicted":false,"t":9,"tick":858,"type":"block"}
[client] {"a":7,"dup":false,"ev":"game","ms":18013,"predicted":false,"t":3,"tick":862,"type":"block"}
[client] {"a":0,"dup":false,"ev":"game","ms":18282,"predicted":false,"t":9,"tick":878,"type":"block"}
[client] {"a":6,"dup":false,"ev":"game","ms":18677,"predicted":false,"t":2,"tick":901,"type":"hit"}
[client] {"a":5,"dup":true,"ev":"game","ms":18677,"predicted":false,"t":3,"tick":906,"type":"hit"}
[client] {"a":3,"dup":false,"ev":"game","ms":19144,"predicted":false,"t":5,"tick":929,"type":"hit"}
[client] {"a":3,"dup":false,"ev":"game","ms":19181,"predicted":false,"t":8,"tick":931,"type":"hit"}
[client] {"a":2,"dup":false,"ev":"game","ms":19593,"predicted":false,"t":5,"tick":956,"type":"hit"}
[client] {"a":3,"dup":false,"ev":"game","ms":19641,"predicted":false,"t":8,"tick":959,"type":"block"}
[client] {"a":2,"dup":false,"ev":"game","ms":19676,"predicted":false,"t":8,"tick":961,"type":"block"}
[client] {"a":7,"dup":false,"ev":"game","ms":19711,"predicted":false,"t":3,"tick":963,"type":"hit"}
[client] {"a":7,"dup":false,"ev":"game","ms":19745,"predicted":false,"t":2,"tick":965,"type":"hit"}
[client] {"a":6,"dup":false,"ev":"game","ms":19841,"predicted":false,"t":3,"tick":971,"type":"hit"}
[client] {"counts":{"blocks_on_me":0,"conf_actions":8,"confirmed_hits":19,"dup_confirmed":0,"hits_on_me":2,"pred_actions":9,"predicted_confirmed":1,"predicted_hits":9,"reconnects":0},"ev":"stats","hp":204.0,"in_bytes":225571,"late":0,"local_entity":5,"match":{"countdown_until":300,"ctrl":-1,"final":false,"next":"","phase":3,"rot":2918,"scores":[0,0],"sd":false,"state":3,"tick":682,"zone":"B"},"max_err":1.927,"mean_err":0.1355,"ms":19958,"out_bytes":48247,"pending":13,"pos":[-2.76,-0.04],"reconciles":319,"server_tick":983,"snaps":320,"teleports":1}
[client] {"a":7,"dup":false,"ev":"game","ms":20181,"predicted":false,"t":2,"tick":991,"type":"hit"}
[client] {"a":4,"dup":false,"ev":"game","ms":20193,"predicted":false,"t":8,"tick":992,"type":"block"}
[client] {"a":7,"dup":false,"ev":"game","ms":20194,"predicted":false,"t":3,"tick":992,"type":"hit"}
[client] {"a":4,"dup":false,"ev":"game","ms":20207,"predicted":false,"t":6,"tick":993,"type":"hit"}
[client] {"a":7,"dup":false,"ev":"game","ms":20642,"predicted":false,"t":3,"tick":1019,"type":"block"}
[client] {"a":7,"dup":false,"ev":"game","ms":20663,"predicted":false,"t":2,"tick":1020,"type":"block"}
[client] {"a":4,"dup":false,"ev":"game","ms":20880,"predicted":false,"t":8,"tick":1033,"type":"guard_break"}
[client] {"a":4,"dup":false,"ev":"game","ms":21429,"predicted":false,"t":8,"tick":1066,"type":"hit"}
[client] {"a":4,"dup":false,"ev":"game","ms":21442,"predicted":false,"t":5,"tick":1067,"type":"hit"}
[client] {"a":7,"dup":false,"ev":"game","ms":21511,"predicted":false,"t":2,"tick":1071,"type":"hit"}
[client] {"a":0,"dup":false,"ev":"game","ms":21664,"predicted":false,"t":9,"tick":1080,"type":"hit"}
[client] {"a":6,"dup":false,"ev":"game","ms":21816,"predicted":false,"t":4,"tick":1089,"type":"hit"}
[client] {"a":5,"dup":true,"ev":"game","ms":22064,"predicted":false,"t":4,"tick":1109,"type":"hit"}
[client] {"a":3,"dup":false,"ev":"game","ms":22830,"predicted":false,"t":9,"tick":1150,"type":"hit"}
[client] {"a":0,"dup":false,"ev":"game","ms":23016,"predicted":false,"t":9,"tick":1161,"type":"hit"}
[client] {"a":4,"dup":false,"ev":"game","ms":23064,"predicted":false,"t":7,"tick":1164,"type":"hit"}
[client] {"a":8,"dup":false,"ev":"game","ms":23147,"predicted":false,"t":1,"tick":1169,"type":"hit"}
[client] {"a":8,"dup":false,"ev":"game","ms":23616,"predicted":false,"t":1,"tick":1197,"type":"block"}
[client] {"a":8,"dup":false,"ev":"game","ms":23843,"predicted":false,"t":1,"tick":1211,"type":"block"}
[client] {"a":3,"dup":false,"ev":"game","ms":24099,"predicted":false,"t":9,"tick":1226,"type":"hit"}
[client] {"a":4,"dup":false,"ev":"game","ms":24266,"predicted":false,"t":6,"tick":1236,"type":"hit"}
[client] {"a":4,"dup":false,"ev":"game","ms":24278,"predicted":false,"t":8,"tick":1237,"type":"hit"}
[client] {"a":7,"dup":false,"ev":"game","ms":24361,"predicted":false,"t":4,"tick":1242,"type":"hit"}
[client] {"a":3,"dup":false,"ev":"game","ms":24645,"predicted":false,"t":9,"tick":1259,"type":"block"}
[client] {"a":6,"dup":false,"ev":"game","ms":24645,"predicted":false,"t":4,"tick":1259,"type":"hit"}
[client] {"counts":{"blocks_on_me":0,"conf_actions":15,"confirmed_hits":37,"dup_confirmed":0,"hits_on_me":3,"pred_actions":17,"predicted_confirmed":2,"predicted_hits":14,"reconnects":0},"ev":"stats","hp":186.0,"in_bytes":297861,"late":0,"local_entity":5,"match":{"countdown_until":300,"ctrl":-1,"final":false,"next":"","phase":3,"rot":2618,"scores":[0,0],"sd":false,"state":3,"tick":982,"zone":"B"},"max_err":1.927,"mean_err":0.1078,"ms":24960,"out_bytes":62947,"pending":13,"pos":[-2.41,-1.65],"reconciles":416,"server_tick":1283,"snaps":417,"teleports":1}
[client] {"a":3,"dup":false,"ev":"game","ms":25265,"predicted":false,"t":9,"tick":1296,"type":"block"}
[client] {"a":9,"dup":false,"ev":"game","ms":25585,"predicted":false,"t":3,"tick":1315,"type":"hit"}
[client] {"a":6,"dup":false,"ev":"game","ms":25631,"predicted":false,"t":1,"tick":1318,"type":"block"}
[client] {"a":9,"dup":false,"ev":"game","ms":26045,"predicted":false,"t":3,"tick":1343,"type":"block"}
[client] {"a":6,"dup":false,"ev":"game","ms":26129,"predicted":false,"t":1,"tick":1347,"type":"block"}
[client] {"a":0,"dup":false,"ev":"game","ms":26184,"predicted":false,"t":8,"tick":1351,"type":"hit"}
[client] {"a":7,"dup":false,"ev":"game","ms":26362,"predicted":false,"t":4,"tick":1362,"type":"hit"}
[client] {"a":0,"dup":false,"ev":"game","ms":26666,"predicted":false,"t":6,"tick":1381,"type":"hit"}
[client] {"a":0,"dup":false,"ev":"game","ms":26666,"predicted":false,"t":8,"tick":1381,"type":"hit"}
[client] {"a":3,"dup":false,"ev":"game","ms":26983,"predicted":false,"t":9,"tick":1400,"type":"hit"}
[client] {"a":5,"dup":true,"ev":"game","ms":27300,"predicted":false,"t":0,"tick":1424,"type":"hit"}
[client] {"a":0,"dup":false,"ev":"game","ms":27364,"predicted":false,"t":6,"tick":1422,"type":"block"}
[client] {"a":7,"dup":false,"ev":"game","ms":27383,"predicted":false,"t":0,"tick":1423,"type":"hit"}
[client] {"a":8,"dup":false,"ev":"game","ms":27397,"predicted":false,"t":0,"tick":1424,"type":"hit"}
[client] {"a":7,"dup":false,"ev":"game","ms":27419,"predicted":false,"t":1,"tick":1425,"type":"block"}
[client] {"a":3,"dup":false,"ev":"game","ms":27583,"predicted":false,"t":9,"tick":1436,"type":"guard_break"}
[client] {"a":8,"dup":false,"ev":"game","ms":27881,"predicted":false,"t":0,"tick":1453,"type":"hit"}
[client] {"a":3,"dup":false,"ev":"game","ms":28081,"predicted":false,"t":9,"tick":1465,"type":"hit"}
[client] {"a":3,"dup":false,"ev":"game","ms":28350,"predicted":false,"t":9,"tick":1481,"type":"hit"}
[client] {"a":6,"dup":false,"ev":"game","ms":28384,"predicted":false,"t":0,"tick":1483,"type":"hit"}
[client] {"a":8,"dup":false,"ev":"game","ms":28446,"predicted":false,"t":0,"tick":1488,"type":"hit"}
[client] {"a":6,"dup":false,"ev":"game","ms":28785,"predicted":false,"t":0,"tick":1508,"type":"hit"}
[client] {"a":7,"dup":false,"ev":"game","ms":28867,"predicted":false,"t":1,"tick":1513,"type":"block"}
[client] {"a":0,"dup":false,"ev":"game","ms":29232,"predicted":false,"t":6,"tick":1534,"type":"hit"}
[client] {"a":0,"dup":false,"ev":"game","ms":29268,"predicted":false,"t":7,"tick":1537,"type":"hit"}
[client] {"a":0,"dup":false,"ev":"game","ms":29550,"predicted":false,"t":6,"tick":1554,"type":"hit"}
[client] {"a":8,"dup":false,"ev":"game","ms":29646,"predicted":false,"t":0,"tick":1556,"type":"hit"}
[client] {"counts":{"blocks_on_me":0,"conf_actions":24,"confirmed_hits":56,"dup_confirmed":0,"hits_on_me":3,"pred_actions":25,"predicted_confirmed":3,"predicted_hits":15,"reconnects":0},"ev":"stats","hp":186.0,"in_bytes":375623,"late":0,"local_entity":5,"match":{"countdown_until":300,"ctrl":-1,"final":false,"next":"","phase":3,"rot":2318,"scores":[0,0],"sd":false,"state":3,"tick":1282,"zone":"B"},"max_err":1.927,"mean_err":0.0917,"ms":29959,"out_bytes":77647,"pending":13,"pos":[-1.89,-2.67],"reconciles":515,"server_tick":1583,"snaps":516,"teleports":1}
[client] {"a":0,"dup":false,"ev":"game","ms":29960,"predicted":false,"t":6,"tick":1579,"type":"hit"}
[client] {"a":8,"dup":false,"ev":"game","ms":30060,"predicted":false,"t":0,"tick":1584,"type":"hit"}
[client] {"a":0,"dup":false,"ev":"game","ms":30477,"predicted":false,"t":8,"tick":1609,"type":"hit"}
[client] {"a":6,"dup":false,"ev":"game","ms":30640,"predicted":false,"t":1,"tick":1619,"type":"guard_break"}
[client] {"a":5,"dup":false,"ev":"game","ms":31109,"predicted":false,"t":0,"tick":1652,"type":"block"}
[client] {"a":6,"dup":false,"ev":"game","ms":31261,"predicted":false,"t":0,"tick":1656,"type":"block"}
[client] {"a":8,"dup":false,"ev":"game","ms":31331,"predicted":false,"t":0,"tick":1660,"type":"block"}
[client] {"a":6,"dup":false,"ev":"game","ms":31592,"predicted":false,"t":0,"tick":1676,"type":"block"}
[client] {"a":5,"dup":true,"ev":"game","ms":31758,"predicted":false,"t":0,"tick":1691,"type":"hit"}
[client] {"a":3,"dup":false,"ev":"game","ms":32780,"predicted":false,"t":8,"tick":1747,"type":"hit"}
[client] {"a":6,"dup":false,"ev":"game","ms":32780,"predicted":false,"t":1,"tick":1747,"type":"guard_break"}
[client] {"a":3,"dup":false,"ev":"game","ms":32829,"predicted":false,"t":7,"tick":1750,"type":"hit"}
[client] {"a":2,"dup":false,"ev":"game","ms":32842,"predicted":false,"t":6,"tick":1751,"type":"hit"}
[client] {"a":0,"dup":false,"ev":"game","ms":32993,"predicted":false,"t":6,"tick":1760,"type":"hit"}
[client] {"a":3,"dup":false,"ev":"game","ms":33277,"predicted":false,"t":6,"tick":1777,"type":"hit"}
[client] {"a":0,"dup":false,"ev":"game","ms":33628,"predicted":false,"t":6,"tick":1798,"type":"hit"}
[client] {"a":0,"dup":false,"ev":"game","ms":33663,"predicted":false,"t":8,"tick":1800,"type":"block"}
[client] {"a":3,"dup":false,"ev":"game","ms":33945,"predicted":false,"t":6,"tick":1817,"type":"hit"}
[client] {"a":2,"dup":false,"ev":"game","ms":33960,"predicted":false,"t":5,"tick":1818,"type":"hit"}
[client] {"a":8,"dup":false,"ev":"game","ms":34145,"predicted":false,"t":0,"tick":1829,"type":"hit"}
[client] {"a":8,"dup":false,"ev":"game","ms":34159,"predicted":false,"t":3,"tick":1830,"type":"hit"}
[client] {"a":7,"dup":false,"ev":"game","ms":34181,"predicted":false,"t":3,"tick":1831,"type":"hit"}
[client] {"a":6,"dup":false,"ev":"game","ms":34381,"predicted":false,"t":0,"tick":1843,"type":"hit"}
[client] {"a":0,"dup":false,"ev":"game","ms":34381,"predicted":false,"t":-1,"tick":1843,"type":"ko"}
[client] {"a":6,"dup":false,"ev":"game","ms":34429,"predicted":false,"t":3,"tick":1846,"type":"block"}
[client] {"a":2,"dup":false,"ev":"game","ms":34478,"predicted":false,"t":5,"tick":1849,"type":"hit"}
[client] {"a":8,"dup":false,"ev":"game","ms":34649,"predicted":false,"t":3,"tick":1859,"type":"hit"}
[client] {"a":2,"dup":false,"ev":"game","ms":34711,"predicted":false,"t":5,"tick":1863,"type":"hit"}
[client] {"a":2,"dup":false,"ev":"game","ms":34711,"predicted":false,"t":8,"tick":1863,"type":"hit"}
[client] {"counts":{"blocks_on_me":0,"conf_actions":34,"confirmed_hits":76,"dup_confirmed":0,"hits_on_me":6,"pred_actions":36,"predicted_confirmed":4,"predicted_hits":26,"reconnects":0},"ev":"stats","hp":132.0,"in_bytes":450100,"late":0,"local_entity":5,"match":{"countdown_until":300,"ctrl":-1,"final":false,"next":"","phase":3,"rot":2018,"scores":[0,0],"sd":false,"state":3,"tick":1582,"zone":"B"},"max_err":1.927,"mean_err":0.0828,"ms":34958,"out_bytes":92347,"pending":13,"pos":[-1.21,-3.1],"reconciles":613,"server_tick":1883,"snaps":614,"teleports":1}
[client] {"a":2,"dup":false,"ev":"game","ms":35311,"predicted":false,"t":5,"tick":1899,"type":"hit"}
[client] {"a":8,"dup":false,"ev":"game","ms":35346,"predicted":false,"t":2,"tick":1901,"type":"hit"}
[client] {"a":6,"dup":false,"ev":"game","ms":36030,"predicted":false,"t":1,"tick":1942,"type":"guard_break"}
[client] {"a":7,"dup":false,"ev":"game","ms":36498,"predicted":false,"t":1,"tick":1970,"type":"hit"}
[client] {"a":8,"dup":false,"ev":"game","ms":36650,"predicted":false,"t":1,"tick":1979,"type":"hit"}
[client] {"a":2,"dup":false,"ev":"game","ms":36795,"predicted":false,"t":5,"tick":1988,"type":"hit"}
[client] {"a":5,"dup":true,"ev":"game","ms":37079,"predicted":false,"t":2,"tick":2010,"type":"hit"}
[client] {"a":2,"dup":false,"ev":"game","ms":37583,"predicted":false,"t":6,"tick":2035,"type":"hit"}
[client] {"a":6,"dup":false,"ev":"game","ms":37583,"predicted":false,"t":-1,"tick":2035,"type":"ko"}
[client] {"a":2,"dup":false,"ev":"game","ms":37631,"predicted":false,"t":7,"tick":2038,"type":"hit"}
[client] {"a":5,"dup":true,"ev":"game","ms":37816,"predicted":false,"t":2,"tick":2054,"type":"hit"}
[client] {"a":8,"dup":false,"ev":"game","ms":38147,"predicted":false,"t":4,"tick":2069,"type":"hit"}
[client] {"a":7,"dup":false,"ev":"game","ms":38513,"predicted":false,"t":2,"tick":2091,"type":"hit"}
[client] {"a":8,"dup":false,"ev":"game","ms":38651,"predicted":false,"t":4,"tick":2099,"type":"block"}
[client] {"a":5,"dup":false,"ev":"game","ms":38899,"predicted":false,"t":2,"tick":2119,"type":"block"}
[client] {"a":8,"dup":false,"ev":"game","ms":39099,"predicted":false,"t":4,"tick":2126,"type":"block"}
[client] {"a":8,"dup":false,"ev":"game","ms":39349,"predicted":false,"t":4,"tick":2141,"type":"block"}
[client] {"a":7,"dup":false,"ev":"game","ms":39480,"predicted":false,"t":2,"tick":2149,"type":"block"}
[client] {"a":7,"dup":false,"ev":"game","ms":39700,"predicted":false,"t":2,"tick":2162,"type":"guard_break"}
[client] {"counts":{"blocks_on_me":0,"conf_actions":41,"confirmed_hits":87,"dup_confirmed":0,"hits_on_me":8,"pred_actions":43,"predicted_confirmed":6,"predicted_hits":36,"reconnects":0},"ev":"stats","hp":96.0,"in_bytes":520626,"late":0,"local_entity":5,"match":{"countdown_until":300,"ctrl":-1,"final":false,"next":"","phase":3,"rot":1718,"scores":[0,0],"sd":false,"state":3,"tick":1882,"zone":"B"},"max_err":1.927,"mean_err":0.0744,"ms":39961,"out_bytes":107047,"pending":13,"pos":[2.01,-3.83],"reconciles":708,"server_tick":2183,"snaps":709,"teleports":1}
[client] {"a":4,"dup":false,"ev":"game","ms":40018,"predicted":false,"t":8,"tick":2181,"type":"hit"}
[client] {"a":7,"dup":false,"ev":"game","ms":40300,"predicted":false,"t":2,"tick":2196,"type":"hit"}
[client] {"a":8,"dup":false,"ev":"game","ms":40715,"predicted":false,"t":1,"tick":2223,"type":"guard_break"}
[client] {"a":7,"dup":false,"ev":"game","ms":40819,"predicted":false,"t":2,"tick":2229,"type":"guard_break"}
[client] {"a":9,"dup":false,"ev":"game","ms":40867,"predicted":false,"t":2,"tick":2232,"type":"hit"}
[client] {"a":5,"dup":true,"ev":"game","ms":40903,"predicted":false,"t":4,"tick":2240,"type":"hit"}
[client] {"a":7,"dup":false,"ev":"game","ms":41294,"predicted":false,"t":4,"tick":2258,"type":"block"}
[client] {"a":9,"dup":false,"ev":"game","ms":41542,"predicted":false,"t":4,"tick":2273,"type":"hit"}
[client] {"a":4,"dup":false,"ev":"game","ms":41964,"predicted":false,"t":7,"tick":2298,"type":"block"}
[client] {"a":9,"dup":false,"ev":"game","ms":41991,"predicted":false,"t":4,"tick":2300,"type":"hit"}
[client] {"a":5,"dup":true,"ev":"game","ms":42294,"predicted":false,"t":4,"tick":2323,"type":"hit"}
[client] {"a":9,"dup":false,"ev":"game","ms":42508,"predicted":false,"t":4,"tick":2331,"type":"hit"}
[client] {"a":7,"dup":false,"ev":"game","ms":44343,"predicted":false,"t":1,"tick":2441,"type":"guard_break"}
[client] {"a":0,"dup":false,"ev":"game","ms":44378,"predicted":false,"t":-1,"tick":2443,"type":"respawn"}
[client] {"a":9,"dup":false,"ev":"game","ms":44627,"predicted":false,"t":1,"tick":2458,"type":"hit"}
[client] {"counts":{"blocks_on_me":0,"conf_actions":47,"confirmed_hits":96,"dup_confirmed":0,"hits_on_me":8,"pred_actions":49,"predicted_confirmed":8,"predicted_hits":41,"reconnects":0},"ev":"stats","hp":96.0,"in_bytes":587112,"late":0,"local_entity":5,"match":{"countdown_until":300,"ctrl":1,"final":false,"next":"","phase":3,"rot":1418,"scores":[0,0],"sd":false,"state":2,"tick":2182,"zone":"B"},"max_err":1.927,"mean_err":0.0659,"ms":44964,"out_bytes":121747,"pending":13,"pos":[0.11,-2.77],"reconciles":807,"server_tick":2483,"snaps":808,"teleports":1}
[client] {"a":7,"dup":false,"ev":"game","ms":46028,"predicted":false,"t":1,"tick":2542,"type":"guard_break"}
[client] {"a":9,"dup":false,"ev":"game","ms":46648,"predicted":false,"t":3,"tick":2579,"type":"hit"}
[client] {"a":7,"dup":false,"ev":"game","ms":46793,"predicted":false,"t":1,"tick":2588,"type":"hit"}
[client] {"a":7,"dup":false,"ev":"game","ms":47028,"predicted":false,"t":1,"tick":2602,"type":"guard_break"}
[client] {"a":6,"dup":false,"ev":"game","ms":47580,"predicted":false,"t":-1,"tick":2635,"type":"respawn"}
[client] {"a":7,"dup":false,"ev":"game","ms":47593,"predicted":false,"t":1,"tick":2636,"type":"hit"}
[client] {"a":3,"dup":false,"ev":"game","ms":47993,"predicted":false,"t":5,"tick":2660,"type":"hit"}
[client] {"a":7,"dup":false,"ev":"game","ms":48049,"predicted":false,"t":1,"tick":2663,"type":"guard_break"}
[client] {"a":3,"dup":false,"ev":"game","ms":48229,"predicted":false,"t":5,"tick":2674,"type":"hit"}
[client] {"a":7,"dup":false,"ev":"game","ms":48663,"predicted":false,"t":1,"tick":2700,"type":"hit"}
[client] {"a":3,"dup":false,"ev":"game","ms":49030,"predicted":false,"t":5,"tick":2722,"type":"hit"}
[client] {"a":5,"dup":true,"ev":"game","ms":49249,"predicted":false,"t":3,"tick":2741,"type":"hit"}
[client] {"a":5,"dup":false,"ev":"game","ms":49650,"predicted":false,"t":3,"tick":2764,"type":"block"}
[client] {"a":5,"dup":false,"ev":"game","ms":49946,"predicted":false,"t":3,"tick":2782,"type":"block"}
[client] {"counts":{"blocks_on_me":0,"conf_actions":51,"confirmed_hits":104,"dup_confirmed":0,"hits_on_me":11,"pred_actions":53,"predicted_confirmed":9,"predicted_hits":47,"reconnects":0},"ev":"stats","hp":44.0,"in_bytes":656046,"late":0,"local_entity":5,"match":{"countdown_until":300,"ctrl":-1,"final":false,"next":"","phase":3,"rot":1115,"scores":[0,1],"sd":false,"state":3,"tick":2485,"zone":"B"},"max_err":1.927,"mean_err":0.0612,"ms":49966,"out_bytes":136447,"pending":13,"pos":[0.53,-2.88],"reconciles":906,"server_tick":2783,"snaps":908,"teleports":1}
[client] {"a":9,"dup":false,"ev":"game","ms":50016,"predicted":false,"t":1,"tick":2781,"type":"guard_break"}
[client] {"a":7,"dup":false,"ev":"game","ms":50285,"predicted":false,"t":1,"tick":2797,"type":"hit"}
[client] {"a":5,"dup":false,"ev":"game","ms":50533,"predicted":false,"t":3,"tick":2818,"type":"block"}
[client] {"a":8,"dup":false,"ev":"game","ms":50885,"predicted":false,"t":3,"tick":2834,"type":"hit"}
[client] {"a":7,"dup":false,"ev":"game","ms":51181,"predicted":false,"t":0,"tick":2852,"type":"hit"}
[client] {"a":5,"dup":true,"ev":"game","ms":51230,"predicted":false,"t":3,"tick":2859,"type":"hit"}
[client] {"a":7,"dup":false,"ev":"game","ms":51630,"predicted":false,"t":0,"tick":2879,"type":"hit"}
[client] {"a":9,"dup":false,"ev":"game","ms":51734,"predicted":false,"t":1,"tick":2885,"type":"guard_break"}
[client] {"a":9,"dup":false,"ev":"game","ms":52596,"predicted":false,"t":3,"tick":2937,"type":"hit"}
[client] {"a":3,"dup":false,"ev":"game","ms":52596,"predicted":false,"t":-1,"tick":2937,"type":"ko"}
[client] {"a":9,"dup":false,"ev":"game","ms":52686,"predicted":false,"t":1,"tick":2942,"type":"guard_break"}
[client] {"a":9,"dup":false,"ev":"game","ms":52734,"predicted":false,"t":2,"tick":2945,"type":"hit"}
[client] {"a":0,"dup":false,"ev":"game","ms":53134,"predicted":false,"t":7,"tick":2969,"type":"hit"}
[client] {"a":4,"dup":false,"ev":"game","ms":53452,"predicted":false,"t":9,"tick":2988,"type":"hit"}
[client] {"a":0,"dup":false,"ev":"game","ms":53935,"predicted":false,"t":7,"tick":3017,"type":"hit"}
[client] {"a":0,"dup":false,"ev":"game","ms":53970,"predicted":false,"t":8,"tick":3019,"type":"hit"}
[client] {"a":4,"dup":false,"ev":"game","ms":54148,"predicted":false,"t":9,"tick":3030,"type":"hit"}
[client] {"a":9,"dup":false,"ev":"game","ms":54583,"predicted":false,"t":4,"tick":3056,"type":"hit"}
[client] {"a":0,"dup":false,"ev":"game","ms":54949,"predicted":false,"t":9,"tick":3078,"type":"hit"}
[client] {"counts":{"blocks_on_me":0,"conf_actions":53,"confirmed_hits":118,"dup_confirmed":0,"hits_on_me":11,"pred_actions":55,"predicted_confirmed":10,"predicted_hits":52,"reconnects":0},"ev":"stats","hp":44.0,"in_bytes":723709,"late":0,"local_entity":5,"match":{"countdown_until":300,"ctrl":1,"final":false,"next":"A","phase":3,"rot":815,"scores":[0,3],"sd":false,"state":2,"tick":2785,"zone":"B"},"max_err":1.927,"mean_err":0.0552,"ms":54968,"out_bytes":151147,"pending":13,"pos":[-0.11,-2.77],"reconciles":1004,"server_tick":3083,"snaps":1006,"teleports":1}
[client] {"a":0,"dup":false,"ev":"game","ms":55418,"predicted":false,"t":7,"tick":3106,"type":"hit"}
[client] {"a":4,"dup":false,"ev":"game","ms":55542,"predicted":false,"t":9,"tick":3114,"type":"hit"}
[client] {"a":4,"dup":false,"ev":"game","ms":56026,"predicted":false,"t":9,"tick":3142,"type":"hit"}
[client] {"a":0,"dup":false,"ev":"game","ms":56308,"predicted":false,"t":9,"tick":3159,"type":"hit"}
[client] {"a":0,"dup":false,"ev":"game","ms":58295,"predicted":false,"t":6,"tick":3278,"type":"hit"}
[client] {"a":0,"dup":false,"ev":"game","ms":58613,"predicted":false,"t":6,"tick":3297,"type":"hit"}
[client] {"a":5,"dup":true,"ev":"game","ms":58827,"predicted":false,"t":0,"tick":3315,"type":"hit"}
[client] {"a":5,"dup":true,"ev":"game","ms":59448,"predicted":false,"t":0,"tick":3352,"type":"hit"}
[client] {"a":5,"dup":true,"ev":"game","ms":59744,"predicted":false,"t":0,"tick":3370,"type":"hit"}
[client] {"counts":{"blocks_on_me":0,"conf_actions":57,"confirmed_hits":127,"dup_confirmed":0,"hits_on_me":11,"pred_actions":59,"predicted_confirmed":13,"predicted_hits":56,"reconnects":0},"ev":"stats","hp":68.8999999999998,"in_bytes":789474,"late":0,"local_entity":5,"match":{"countdown_until":300,"ctrl":-1,"final":false,"next":"A","phase":3,"rot":518,"scores":[0,6],"sd":false,"state":3,"tick":3082,"zone":"B"},"max_err":1.927,"mean_err":0.0508,"ms":59964,"out_bytes":165847,"pending":13,"pos":[-0.42,-3.98],"reconciles":1101,"server_tick":3383,"snaps":1102,"teleports":1}
[client] {"a":6,"dup":false,"ev":"game","ms":59980,"predicted":false,"t":0,"tick":3379,"type":"hit"}
[client] {"a":0,"dup":false,"ev":"game","ms":60648,"predicted":false,"t":6,"tick":3419,"type":"hit"}
[client] {"a":0,"dup":false,"ev":"game","ms":60684,"predicted":false,"t":5,"tick":3421,"type":"hit"}
[client] {"a":6,"dup":false,"ev":"game","ms":61310,"predicted":false,"t":2,"tick":3459,"type":"hit"}
[client] {"a":5,"dup":false,"ev":"game","ms":61849,"predicted":false,"t":-1,"tick":3496,"type":"ko"}
[client] {"a":0,"dup":false,"ev":"game","ms":61911,"predicted":false,"t":5,"tick":3495,"type":"hit"}
[client] {"a":2,"dup":false,"ev":"game","ms":61932,"predicted":false,"t":5,"tick":3496,"type":"hit"}
[client] {"a":2,"dup":false,"ev":"game","ms":61945,"predicted":false,"t":6,"tick":3497,"type":"hit"}
[client] {"a":0,"dup":false,"ev":"game","ms":62284,"predicted":false,"t":6,"tick":3517,"type":"hit"}
[client] {"a":2,"dup":false,"ev":"game","ms":62484,"predicted":false,"t":6,"tick":3529,"type":"hit"}
[client] {"a":3,"dup":false,"ev":"game","ms":62615,"predicted":false,"t":-1,"tick":3537,"type":"respawn"}
[client] {"a":2,"dup":false,"ev":"game","ms":62712,"predicted":false,"t":6,"tick":3543,"type":"hit"}
[client] {"a":0,"dup":false,"ev":"game","ms":62897,"predicted":false,"t":6,"tick":3554,"type":"hit"}
[client] {"a":2,"dup":false,"ev":"game","ms":63311,"predicted":false,"t":6,"tick":3579,"type":"hit"}
[client] {"a":0,"dup":false,"ev":"game","ms":63463,"predicted":false,"t":6,"tick":3588,"type":"hit"}
[client] {"a":2,"dup":false,"ev":"game","ms":63781,"predicted":false,"t":6,"tick":3607,"type":"hit"}
[client] {"a":0,"dup":false,"ev":"game","ms":63982,"predicted":false,"t":6,"tick":3619,"type":"hit"}
[client] {"a":4,"dup":false,"ev":"game","ms":64298,"predicted":false,"t":7,"tick":3638,"type":"hit"}
[client] {"a":2,"dup":false,"ev":"game","ms":64368,"predicted":false,"t":6,"tick":3642,"type":"hit"}
[client] {"counts":{"blocks_on_me":0,"conf_actions":59,"confirmed_hits":144,"dup_confirmed":0,"hits_on_me":14,"pred_actions":61,"predicted_confirmed":13,"predicted_hits":58,"reconnects":0},"ev":"stats","hp":0.0,"in_bytes":855671,"late":0,"local_entity":5,"match":{"countdown_until":300,"ctrl":-1,"final":false,"next":"A","phase":3,"rot":218,"scores":[0,6],"sd":false,"state":3,"tick":3382,"zone":"B"},"max_err":1.927,"mean_err":0.049,"ms":64967,"out_bytes":180547,"pending":13,"pos":[-0.75,-3.08],"reconciles":1200,"server_tick":3683,"snaps":1201,"teleports":1}
[client] {"a":2,"dup":false,"ev":"game","ms":65651,"predicted":false,"t":6,"tick":3719,"type":"hit"}
[client] {"a":6,"dup":false,"ev":"game","ms":66016,"predicted":false,"t":1,"tick":3741,"type":"guard_break"}
[client] {"a":2,"dup":false,"ev":"game","ms":66120,"predicted":false,"t":6,"tick":3747,"type":"hit"}
[client] {"a":6,"dup":false,"ev":"game","ms":66120,"predicted":false,"t":-1,"tick":3747,"type":"ko"}
[client] {"a":4,"dup":false,"ev":"game","ms":67079,"predicted":false,"t":9,"tick":3805,"type":"hit"}
[client] {"a":4,"dup":false,"ev":"game","ms":67576,"predicted":false,"t":9,"tick":3835,"type":"block"}
[client] {"a":-1,"dup":false,"ev":"game","ms":68645,"predicted":false,"t":-1,"tick":3899,"type":"zone_rotated"}
[client] {"counts":{"blocks_on_me":0,"conf_actions":59,"confirmed_hits":147,"dup_confirmed":0,"hits_on_me":14,"pred_actions":61,"predicted_confirmed":13,"predicted_hits":58,"reconnects":0},"ev":"stats","hp":0.0,"in_bytes":917659,"late":0,"local_entity":5,"match":{"countdown_until":300,"ctrl":-1,"final":false,"next":"","phase":3,"rot":3518,"scores":[2,6],"sd":false,"state":1,"tick":3682,"zone":"A"},"max_err":1.927,"mean_err":0.0453,"ms":69962,"out_bytes":195247,"pending":13,"pos":[-0.75,-3.08],"reconciles":1298,"server_tick":3982,"snaps":1299,"teleports":1}
[client] {"a":3,"dup":false,"ev":"game","ms":71212,"predicted":false,"t":8,"tick":4053,"type":"hit"}
[client] {"a":5,"dup":false,"ev":"game","ms":71834,"predicted":false,"t":-1,"tick":4096,"type":"respawn"}
[client] {"a":8,"dup":false,"ev":"game","ms":73717,"predicted":false,"t":3,"tick":4203,"type":"hit"}
[client] {"counts":{"blocks_on_me":0,"conf_actions":59,"confirmed_hits":149,"dup_confirmed":0,"hits_on_me":14,"pred_actions":61,"predicted_confirmed":13,"predicted_hits":58,"reconnects":0},"ev":"stats","hp":260.0,"in_bytes":980497,"late":0,"local_entity":5,"match":{"countdown_until":300,"ctrl":0,"final":false,"next":"","phase":3,"rot":3215,"scores":[4,6],"sd":false,"state":2,"tick":3985,"zone":"A"},"max_err":1.927,"mean_err":0.0421,"ms":74965,"out_bytes":209947,"pending":13,"pos":[0.71,29.12],"reconciles":1397,"server_tick":4283,"snaps":1400,"teleports":2}
[client] {"a":9,"dup":false,"ev":"game","ms":75262,"predicted":false,"t":4,"tick":4296,"type":"hit"}
[client] {"a":3,"dup":false,"ev":"game","ms":75331,"predicted":false,"t":8,"tick":4301,"type":"hit"}
[client] {"a":8,"dup":false,"ev":"game","ms":75718,"predicted":false,"t":3,"tick":4324,"type":"hit"}
[client] {"a":9,"dup":false,"ev":"game","ms":75966,"predicted":false,"t":4,"tick":4338,"type":"hit"}
[client] {"a":6,"dup":false,"ev":"game","ms":76119,"predicted":false,"t":-1,"tick":4347,"type":"respawn"}
[client] {"a":8,"dup":false,"ev":"game","ms":76283,"predicted":false,"t":3,"tick":4357,"type":"block"}
[client] {"a":3,"dup":false,"ev":"game","ms":77181,"predicted":false,"t":8,"tick":4411,"type":"hit"}
[client] {"a":2,"dup":false,"ev":"game","ms":77919,"predicted":false,"t":8,"tick":4455,"type":"hit"}
[client] {"a":4,"dup":false,"ev":"game","ms":78320,"predicted":false,"t":9,"tick":4480,"type":"hit"}
[client] {"a":8,"dup":false,"ev":"game","ms":78687,"predicted":false,"t":2,"tick":4501,"type":"hit"}
[client] {"a":8,"dup":false,"ev":"game","ms":78687,"predicted":false,"t":3,"tick":4501,"type":"hit"}
[client] {"a":9,"dup":false,"ev":"game","ms":79086,"predicted":false,"t":4,"tick":4525,"type":"hit"}
[client] {"a":3,"dup":false,"ev":"game","ms":79133,"predicted":false,"t":8,"tick":4528,"type":"hit"}
[client] {"a":9,"dup":false,"ev":"game","ms":79577,"predicted":false,"t":4,"tick":4555,"type":"block"}
[client] {"a":3,"dup":false,"ev":"game","ms":79831,"predicted":false,"t":8,"tick":4570,"type":"hit"}
[client] {"counts":{"blocks_on_me":0,"conf_actions":59,"confirmed_hits":161,"dup_confirmed":0,"hits_on_me":14,"pred_actions":61,"predicted_confirmed":13,"predicted_hits":58,"reconnects":0},"ev":"stats","hp":260.0,"in_bytes":1049929,"late":0,"local_entity":5,"match":{"countdown_until":300,"ctrl":-1,"final":false,"next":"","phase":3,"rot":2921,"scores":[4,6],"sd":false,"state":3,"tick":4279,"zone":"A"},"max_err":1.927,"mean_err":0.0393,"ms":79960,"out_bytes":224647,"pending":16,"pos":[-24.34,10.56],"reconciles":1496,"server_tick":4583,"snaps":1498,"teleports":2}
[client] {"counts":{"blocks_on_me":0,"conf_actions":59,"confirmed_hits":161,"dup_confirmed":0,"hits_on_me":14,"pred_actions":61,"predicted_confirmed":13,"predicted_hits":58,"reconnects":0},"ev":"stats","hp":260.0,"in_bytes":1050463,"late":0,"local_entity":5,"match":{"countdown_until":300,"ctrl":-1,"final":false,"next":"","phase":3,"rot":2915,"scores":[4,6],"sd":false,"state":3,"tick":4285,"zone":"A"},"max_err":1.927,"mean_err":0.0393,"ms":80009,"out_bytes":224794,"pending":13,"pos":[-24.62,10.37],"reconciles":1497,"server_tick":4586,"snaps":1499,"teleports":2}
