Godot Engine v4.7.2.stable.official.ed1daf0bf - https://godotengine.org

[client] {"detail":"127.0.0.1:24651","ev":"status","ms":1,"status":"connecting"}
[client] {"detail":"","ev":"status","ms":224,"status":"connected"}
[client] {"ev":"welcome","ms":333,"observer":false,"pid":4}
[client] {"ev":"pick","f":"scrap","ms":513}
[client] {"ev":"lock","f":"scrap","ms":1679}
[client] {"ev":"match_setup","fighters":10,"ms":3803,"you":1}
[client] {"counts":{"blocks_on_me":0,"conf_actions":0,"confirmed_hits":0,"dup_confirmed":0,"hits_on_me":0,"pred_actions":0,"predicted_confirmed":0,"predicted_hits":0,"reconnects":0},"ev":"stats","hp":260.0,"in_bytes":54112,"late":0,"local_entity":1,"match":{"countdown_until":300,"ctrl":-1,"final":false,"next":"","phase":2,"rot":3600,"scores":[0,0],"sd":false,"state":1,"tick":0,"zone":""},"max_err":0.567,"mean_err":0.2964,"ms":4945,"out_bytes":3401,"pending":11,"pos":[-3.25,-45.79],"reconciles":21,"server_tick":69,"snaps":22,"teleports":1}
[client] {"counts":{"blocks_on_me":0,"conf_actions":0,"confirmed_hits":0,"dup_confirmed":0,"hits_on_me":0,"pred_actions":0,"predicted_confirmed":0,"predicted_hits":0,"reconnects":0},"ev":"stats","hp":260.0,"in_bytes":96959,"late":0,"local_entity":1,"match":{"countdown_until":300,"ctrl":-1,"final":false,"next":"","phase":3,"rot":3530,"scores":[0,0],"sd":false,"state":1,"tick":70,"zone":"B"},"max_err":0.68,"mean_err":0.2737,"ms":9947,"out_bytes":18101,"pending":17,"pos":[-3.85,-38.16],"reconciles":118,"server_tick":369,"snaps":120,"teleports":1}
[client] {"counts":{"blocks_on_me":0,"conf_actions":0,"confirmed_hits":0,"dup_confirmed":0,"hits_on_me":0,"pred_actions":0,"predicted_confirmed":0,"predicted_hits":0,"reconnects":0},"ev":"stats","hp":260.0,"in_bytes":150707,"late":0,"local_entity":1,"match":{"countdown_until":300,"ctrl":-1,"final":false,"next":"","phase":3,"rot":3230,"scores":[0,0],"sd":false,"state":3,"tick":370,"zone":"B"},"max_err":0.68,"mean_err":0.1495,"ms":14943,"out_bytes":32801,"pending":14,"pos":[-0.13,-4.53],"reconciles":216,"server_tick":669,"snaps":218,"teleports":1}
[client] {"a":8,"dup":false,"ev":"game","ms":15641,"predicted":false,"t":3,"tick":706,"type":"hit"}
[client] {"a":4,"dup":false,"ev":"game","ms":16462,"predicted":false,"t":6,"tick":755,"type":"hit"}
[client] {"a":4,"dup":false,"ev":"game","ms":16497,"predicted":false,"t":8,"tick":757,"type":"hit"}
[client] {"a":4,"dup":false,"ev":"game","ms":16546,"predicted":false,"t":5,"tick":760,"type":"hit"}
[client] {"a":3,"dup":false,"ev":"game","ms":16862,"predicted":false,"t":8,"tick":779,"type":"hit"}
[client] {"a":2,"dup":false,"ev":"game","ms":16897,"predicted":false,"t":9,"tick":781,"type":"hit"}
[client] {"a":7,"dup":false,"ev":"game","ms":17076,"predicted":false,"t":4,"tick":792,"type":"hit"}
[client] {"a":6,"dup":false,"ev":"game","ms":17111,"predicted":false,"t":2,"tick":794,"type":"hit"}
[client] {"a":6,"dup":false,"ev":"game","ms":17111,"predicted":false,"t":4,"tick":794,"type":"hit"}
[client] {"a":5,"dup":false,"ev":"game","ms":17125,"predicted":false,"t":3,"tick":795,"type":"hit"}
[client] {"a":6,"dup":false,"ev":"game","ms":17146,"predicted":false,"t":3,"tick":796,"type":"hit"}
[client] {"a":6,"dup":false,"ev":"game","ms":17663,"predicted":false,"t":3,"tick":827,"type":"block"}
[client] {"a":6,"dup":false,"ev":"game","ms":17711,"predicted":false,"t":4,"tick":830,"type":"block"}
[client] {"a":5,"dup":false,"ev":"game","ms":17759,"predicted":false,"t":3,"tick":833,"type":"block"}
[client] {"a":6,"dup":false,"ev":"game","ms":17980,"predicted":false,"t":3,"tick":846,"type":"block"}
[client] {"a":6,"dup":false,"ev":"game","ms":18311,"predicted":false,"t":3,"tick":866,"type":"block"}
[client] {"a":6,"dup":false,"ev":"game","ms":18311,"predicted":false,"t":4,"tick":866,"type":"block"}
[client] {"a":7,"dup":false,"ev":"game","ms":18795,"predicted":false,"t":2,"tick":895,"type":"hit"}
[client] {"a":7,"dup":false,"ev":"game","ms":18795,"predicted":false,"t":4,"tick":895,"type":"block"}
[client] {"a":8,"dup":false,"ev":"game","ms":18899,"predicted":false,"t":3,"tick":901,"type":"block"}
[client] {"a":8,"dup":false,"ev":"game","ms":19147,"predicted":false,"t":3,"tick":916,"type":"hit"}
[client] {"a":4,"dup":false,"ev":"game","ms":19243,"predicted":false,"t":6,"tick":922,"type":"hit"}
[client] {"a":9,"dup":false,"ev":"game","ms":19243,"predicted":false,"t":1,"tick":922,"type":"hit"}
[client] {"a":5,"dup":false,"ev":"game","ms":19263,"predicted":false,"t":4,"tick":923,"type":"hit"}
[client] {"counts":{"blocks_on_me":0,"conf_actions":0,"confirmed_hits":16,"dup_confirmed":0,"hits_on_me":1,"pred_actions":0,"predicted_confirmed":0,"predicted_hits":0,"reconnects":0},"ev":"stats","hp":222.0,"in_bytes":219973,"late":0,"local_entity":1,"match":{"countdown_until":300,"ctrl":-1,"final":false,"next":"","phase":3,"rot":2930,"scores":[0,0],"sd":false,"state":3,"tick":670,"zone":"B"},"max_err":2.122,"mean_err":0.1108,"ms":19945,"out_bytes":47501,"pending":14,"pos":[-2.74,-3.58],"reconciles":314,"server_tick":968,"snaps":316,"teleports":1}
[client] {"a":8,"dup":false,"ev":"game","ms":20029,"predicted":false,"t":4,"tick":969,"type":"block"}
[client] {"a":8,"dup":false,"ev":"game","ms":20064,"predicted":false,"t":1,"tick":971,"type":"block"}
[client] {"a":9,"dup":false,"ev":"game","ms":20264,"predicted":false,"t":2,"tick":983,"type":"hit"}
[client] {"a":9,"dup":false,"ev":"game","ms":20512,"predicted":false,"t":2,"tick":998,"type":"hit"}
[client] {"a":7,"dup":false,"ev":"game","ms":20748,"predicted":false,"t":1,"tick":1012,"type":"hit"}
[client] {"a":7,"dup":false,"ev":"game","ms":20782,"predicted":false,"t":4,"tick":1014,"type":"hit"}
[client] {"a":6,"dup":false,"ev":"game","ms":20845,"predicted":false,"t":4,"tick":1018,"type":"hit"}
[client] {"a":2,"dup":false,"ev":"game","ms":21100,"predicted":false,"t":5,"tick":1033,"type":"hit"}
[client] {"a":2,"dup":false,"ev":"game","ms":21100,"predicted":false,"t":9,"tick":1033,"type":"hit"}
[client] {"a":3,"dup":false,"ev":"game","ms":21100,"predicted":false,"t":8,"tick":1033,"type":"hit"}
[client] {"a":2,"dup":false,"ev":"game","ms":21349,"predicted":false,"t":5,"tick":1046,"type":"hit"}
[client] {"a":2,"dup":false,"ev":"game","ms":21349,"predicted":false,"t":9,"tick":1048,"type":"hit"}
[client] {"a":3,"dup":false,"ev":"game","ms":21597,"predicted":false,"t":6,"tick":1063,"type":"hit"}
[client] {"a":3,"dup":false,"ev":"game","ms":21597,"predicted":false,"t":8,"tick":1063,"type":"block"}
[client] {"a":2,"dup":false,"ev":"game","ms":21997,"predicted":false,"t":5,"tick":1087,"type":"hit"}
[client] {"a":9,"dup":false,"ev":"game","ms":22162,"predicted":false,"t":2,"tick":1097,"type":"hit"}
[client] {"a":3,"dup":false,"ev":"game","ms":22535,"predicted":false,"t":6,"tick":1119,"type":"hit"}
[client] {"a":7,"dup":false,"ev":"game","ms":23183,"predicted":false,"t":2,"tick":1155,"type":"hit"}
[client] {"a":9,"dup":false,"ev":"game","ms":23183,"predicted":false,"t":2,"tick":1156,"type":"hit"}
[client] {"a":0,"dup":false,"ev":"game","ms":23549,"predicted":false,"t":5,"tick":1181,"type":"hit"}
[client] {"a":0,"dup":false,"ev":"game","ms":23880,"predicted":false,"t":5,"tick":1201,"type":"hit"}
[client] {"a":0,"dup":false,"ev":"game","ms":23936,"predicted":false,"t":6,"tick":1204,"type":"hit"}
[client] {"a":4,"dup":false,"ev":"game","ms":24080,"predicted":false,"t":5,"tick":1213,"type":"hit"}
[client] {"a":4,"dup":false,"ev":"game","ms":24080,"predicted":false,"t":6,"tick":1213,"type":"hit"}
[client] {"a":0,"dup":false,"ev":"game","ms":24301,"predicted":false,"t":5,"tick":1226,"type":"hit"}
[client] {"a":5,"dup":false,"ev":"game","ms":24646,"predicted":false,"t":0,"tick":1247,"type":"hit"}
[client] {"a":6,"dup":false,"ev":"game","ms":24819,"predicted":false,"t":1,"tick":1257,"type":"block"}
[client] {"counts":{"blocks_on_me":2,"conf_actions":0,"confirmed_hits":39,"dup_confirmed":0,"hits_on_me":2,"pred_actions":0,"predicted_confirmed":0,"predicted_hits":0,"reconnects":0},"ev":"stats","hp":184.0,"in_bytes":287277,"late":0,"local_entity":1,"match":{"countdown_until":300,"ctrl":-1,"final":false,"next":"","phase":3,"rot":2630,"scores":[0,0],"sd":false,"state":3,"tick":970,"zone":"B"},"max_err":2.169,"mean_err":0.094,"ms":24948,"out_bytes":62201,"pending":11,"pos":[-2.15,-4.31],"reconciles":412,"server_tick":1269,"snaps":413,"teleports":1}
[client] {"a":0,"dup":false,"ev":"game","ms":25033,"predicted":false,"t":5,"tick":1270,"type":"hit"}
[client] {"a":0,"dup":false,"ev":"game","ms":25364,"predicted":false,"t":5,"tick":1290,"type":"hit"}
[client] {"a":4,"dup":false,"ev":"game","ms":25702,"predicted":false,"t":9,"tick":1310,"type":"hit"}
[client] {"a":0,"dup":false,"ev":"game","ms":25716,"predicted":false,"t":5,"tick":1311,"type":"hit"}
[client] {"a":0,"dup":false,"ev":"game","ms":25750,"predicted":false,"t":6,"tick":1313,"type":"hit"}
[client] {"a":8,"dup":false,"ev":"game","ms":25986,"predicted":false,"t":4,"tick":1327,"type":"hit"}
[client] {"a":3,"dup":false,"ev":"game","ms":26219,"predicted":false,"t":8,"tick":1341,"type":"hit"}
[client] {"a":0,"dup":false,"ev":"game","ms":26351,"predicted":false,"t":5,"tick":1349,"type":"hit"}
[client] {"a":5,"dup":false,"ev":"game","ms":26351,"predicted":false,"t":-1,"tick":1349,"type":"ko"}
[client] {"a":6,"dup":false,"ev":"game","ms":26737,"predicted":false,"t":0,"tick":1372,"type":"hit"}
[client] {"a":7,"dup":false,"ev":"game","ms":26847,"predicted":false,"t":3,"tick":1379,"type":"hit"}
[client] {"a":8,"dup":false,"ev":"game","ms":26938,"predicted":false,"t":1,"tick":1384,"type":"block"}
[client] {"a":0,"dup":false,"ev":"game","ms":27185,"predicted":false,"t":6,"tick":1398,"type":"hit"}
[client] {"a":9,"dup":false,"ev":"game","ms":27337,"predicted":false,"t":0,"tick":1408,"type":"hit"}
[client] {"a":7,"dup":false,"ev":"game","ms":27364,"predicted":false,"t":3,"tick":1410,"type":"block"}
[client] {"a":4,"dup":false,"ev":"game","ms":27565,"predicted":false,"t":8,"tick":1422,"type":"hit"}
[client] {"a":0,"dup":false,"ev":"game","ms":27869,"predicted":false,"t":9,"tick":1440,"type":"hit"}
[client] {"a":7,"dup":false,"ev":"game","ms":28248,"predicted":false,"t":4,"tick":1463,"type":"hit"}
[client] {"a":8,"dup":false,"ev":"game","ms":28268,"predicted":false,"t":1,"tick":1464,"type":"block"}
[client] {"a":0,"dup":false,"ev":"game","ms":28386,"predicted":false,"t":9,"tick":1471,"type":"block"}
[client] {"a":0,"dup":false,"ev":"game","ms":28882,"predicted":false,"t":9,"tick":1501,"type":"block"}
[client] {"a":8,"dup":false,"ev":"game","ms":29421,"predicted":false,"t":1,"tick":1533,"type":"guard_break"}
[client] {"a":0,"dup":false,"ev":"game","ms":29621,"predicted":false,"t":9,"tick":1544,"type":"hit"}
[client] {"counts":{"blocks_on_me":4,"conf_actions":0,"confirmed_hits":55,"dup_confirmed":0,"hits_on_me":2,"pred_actions":0,"predicted_confirmed":0,"predicted_hits":0,"reconnects":0},"ev":"stats","hp":246.700000000002,"in_bytes":353961,"late":0,"local_entity":1,"match":{"countdown_until":300,"ctrl":-1,"final":false,"next":"","phase":3,"rot":2330,"scores":[0,0],"sd":false,"state":3,"tick":1270,"zone":"B"},"max_err":2.169,"mean_err":0.0802,"ms":29951,"out_bytes":76901,"pending":11,"pos":[-0.66,-4.93],"reconciles":508,"server_tick":1569,"snaps":509,"teleports":1}
[client] {"a":0,"dup":false,"ev":"game","ms":29952,"predicted":false,"t":9,"tick":1565,"type":"block"}
[client] {"a":6,"dup":false,"ev":"game","ms":29952,"predicted":false,"t":0,"tick":1565,"type":"hit"}
[client] {"a":8,"dup":false,"ev":"game","ms":30262,"predicted":false,"t":1,"tick":1583,"type":"hit"}
[client] {"a":3,"dup":false,"ev":"game","ms":30463,"predicted":false,"t":9,"tick":1595,"type":"hit"}
[client] {"a":8,"dup":false,"ev":"game","ms":30759,"predicted":false,"t":1,"tick":1613,"type":"guard_break"}
[client] {"a":6,"dup":false,"ev":"game","ms":30863,"predicted":false,"t":0,"tick":1619,"type":"hit"}
[client] {"a":0,"dup":false,"ev":"game","ms":31250,"predicted":false,"t":9,"tick":1642,"type":"hit"}
[client] {"a":7,"dup":false,"ev":"game","ms":31298,"predicted":false,"t":3,"tick":1645,"type":"hit"}
[client] {"a":8,"dup":false,"ev":"game","ms":31298,"predicted":false,"t":1,"tick":1645,"type":"hit"}
[client] {"a":0,"dup":false,"ev":"game","ms":31595,"predicted":false,"t":9,"tick":1663,"type":"hit"}
[client] {"a":6,"dup":false,"ev":"game","ms":31595,"predicted":false,"t":0,"tick":1663,"type":"hit"}
[client] {"a":3,"dup":false,"ev":"game","ms":31948,"predicted":false,"t":9,"tick":1684,"type":"hit"}
[client] {"a":0,"dup":false,"ev":"game","ms":32215,"predicted":false,"t":9,"tick":1700,"type":"hit"}
[client] {"a":8,"dup":false,"ev":"game","ms":32312,"predicted":false,"t":1,"tick":1706,"type":"guard_break"}
[client] {"a":3,"dup":false,"ev":"game","ms":32478,"predicted":false,"t":9,"tick":1716,"type":"hit"}
[client] {"a":9,"dup":false,"ev":"game","ms":32478,"predicted":false,"t":-1,"tick":1716,"type":"ko"}
[client] {"a":7,"dup":false,"ev":"game","ms":32864,"predicted":false,"t":3,"tick":1739,"type":"hit"}
[client] {"a":7,"dup":false,"ev":"game","ms":33416,"predicted":false,"t":3,"tick":1772,"type":"hit"}
[client] {"a":8,"dup":false,"ev":"game","ms":33616,"predicted":false,"t":1,"tick":1784,"type":"guard_break"}
[client] {"a":8,"dup":false,"ev":"game","ms":34078,"predicted":false,"t":1,"tick":1812,"type":"hit"}
[client] {"a":7,"dup":false,"ev":"game","ms":34147,"predicted":false,"t":0,"tick":1816,"type":"block"}
[client] {"a":2,"dup":false,"ev":"game","ms":34217,"predicted":false,"t":8,"tick":1820,"type":"hit"}
[client] {"a":7,"dup":false,"ev":"game","ms":34664,"predicted":false,"t":0,"tick":1847,"type":"block"}
[client] {"counts":{"blocks_on_me":4,"conf_actions":0,"confirmed_hits":71,"dup_confirmed":0,"hits_on_me":5,"pred_actions":0,"predicted_confirmed":0,"predicted_hits":0,"reconnects":0},"ev":"stats","hp":196.600000000002,"in_bytes":415477,"late":0,"local_entity":1,"match":{"countdown_until":300,"ctrl":-1,"final":false,"next":"","phase":3,"rot":2030,"scores":[0,0],"sd":false,"state":3,"tick":1570,"zone":"B"},"max_err":2.169,"mean_err":0.0727,"ms":34947,"out_bytes":91601,"pending":11,"pos":[1.16,-5.54],"reconciles":604,"server_tick":1869,"snaps":605,"teleports":1}
[client] {"a":7,"dup":false,"ev":"game","ms":35149,"predicted":false,"t":0,"tick":1876,"type":"hit"}
[client] {"a":2,"dup":false,"ev":"game","ms":35334,"predicted":false,"t":8,"tick":1887,"type":"hit"}
[client] {"a":0,"dup":false,"ev":"game","ms":35534,"predicted":false,"t":7,"tick":1899,"type":"hit"}
[client] {"a":6,"dup":false,"ev":"game","ms":35631,"predicted":false,"t":2,"tick":1905,"type":"hit"}
[client] {"a":6,"dup":false,"ev":"game","ms":36100,"predicted":false,"t":2,"tick":1934,"type":"hit"}
[client] {"a":0,"dup":false,"ev":"game","ms":36150,"predicted":false,"t":7,"tick":1937,"type":"block"}
[client] {"a":8,"dup":false,"ev":"game","ms":36279,"predicted":false,"t":1,"tick":1945,"type":"guard_break"}
[client] {"a":5,"dup":false,"ev":"game","ms":36348,"predicted":false,"t":-1,"tick":1949,"type":"respawn"}
[client] {"a":7,"dup":false,"ev":"game","ms":36452,"predicted":false,"t":0,"tick":1955,"type":"hit"}
[client] {"a":2,"dup":false,"ev":"game","ms":36466,"predicted":false,"t":8,"tick":1956,"type":"hit"}
[client] {"a":6,"dup":false,"ev":"game","ms":36480,"predicted":false,"t":2,"tick":1957,"type":"hit"}
[client] {"a":0,"dup":false,"ev":"game","ms":36817,"predicted":false,"t":7,"tick":1977,"type":"hit"}
[client] {"a":2,"dup":false,"ev":"game","ms":36854,"predicted":false,"t":8,"tick":1979,"type":"block"}
[client] {"a":0,"dup":false,"ev":"game","ms":37148,"predicted":false,"t":7,"tick":1997,"type":"block"}
[client] {"a":0,"dup":false,"ev":"game","ms":37480,"predicted":false,"t":7,"tick":2017,"type":"block"}
[client] {"a":6,"dup":false,"ev":"game","ms":38102,"predicted":false,"t":1,"tick":2054,"type":"guard_break"}
[client] {"counts":{"blocks_on_me":4,"conf_actions":0,"confirmed_hits":80,"dup_confirmed":0,"hits_on_me":5,"pred_actions":0,"predicted_confirmed":0,"predicted_hits":0,"reconnects":0},"ev":"stats","hp":199.300000000003,"in_bytes":479033,"late":0,"local_entity":1,"match":{"countdown_until":300,"ctrl":-1,"final":false,"next":"","phase":3,"rot":1730,"scores":[0,0],"sd":false,"state":3,"tick":1870,"zone":"B"},"max_err":2.169,"mean_err":0.0648,"ms":39949,"out_bytes":106301,"pending":11,"pos":[0.72,-6.79],"reconciles":703,"server_tick":2169,"snaps":704,"teleports":1}
[client] {"a":4,"dup":false,"ev":"game","ms":40793,"predicted":false,"t":7,"tick":2215,"type":"hit"}
[client] {"a":2,"dup":false,"ev":"game","ms":40944,"predicted":false,"t":7,"tick":2224,"type":"hit"}
[client] {"a":2,"dup":false,"ev":"game","ms":41427,"predicted":false,"t":7,"tick":2253,"type":"block"}
[client] {"a":4,"dup":false,"ev":"game","ms":41475,"predicted":false,"t":7,"tick":2256,"type":"block"}
[client] {"a":9,"dup":false,"ev":"game","ms":42475,"predicted":false,"t":-1,"tick":2316,"type":"respawn"}
[client] {"a":5,"dup":false,"ev":"game","ms":43310,"predicted":false,"t":2,"tick":2366,"type":"hit"}
[client] {"a":2,"dup":false,"ev":"game","ms":43947,"predicted":false,"t":5,"tick":2404,"type":"hit"}
[client] {"a":7,"dup":false,"ev":"game","ms":43947,"predicted":false,"t":2,"tick":2404,"type":"hit"}
[client] {"a":4,"dup":false,"ev":"game","ms":44851,"predicted":false,"t":5,"tick":2458,"type":"hit"}
[client] {"counts":{"blocks_on_me":4,"conf_actions":0,"confirmed_hits":86,"dup_confirmed":0,"hits_on_me":5,"pred_actions":0,"predicted_confirmed":0,"predicted_hits":0,"reconnects":0},"ev":"stats","hp":260.0,"in_bytes":540515,"late":0,"local_entity":1,"match":{"countdown_until":300,"ctrl":-1,"final":false,"next":"","phase":3,"rot":1430,"scores":[0,0],"sd":false,"state":3,"tick":2170,"zone":"B"},"max_err":2.169,"mean_err":0.0579,"ms":44945,"out_bytes":121001,"pending":14,"pos":[-0.02,-2.76],"reconciles":801,"server_tick":2469,"snaps":803,"teleports":1}
[client] {"a":3,"dup":false,"ev":"game","ms":45297,"predicted":false,"t":5,"tick":2485,"type":"hit"}
[client] {"a":4,"dup":false,"ev":"game","ms":45297,"predicted":false,"t":5,"tick":2485,"type":"hit"}
[client] {"a":4,"dup":false,"ev":"game","ms":45297,"predicted":false,"t":7,"tick":2485,"type":"block"}
[client] {"a":5,"dup":false,"ev":"game","ms":45781,"predicted":false,"t":4,"tick":2514,"type":"hit"}
[client] {"a":3,"dup":false,"ev":"game","ms":46015,"predicted":false,"t":7,"tick":2528,"type":"block"}
[client] {"a":5,"dup":false,"ev":"game","ms":46133,"predicted":false,"t":4,"tick":2535,"type":"hit"}
[client] {"a":5,"dup":false,"ev":"game","ms":46181,"predicted":false,"t":3,"tick":2538,"type":"hit"}
[client] {"a":4,"dup":false,"ev":"game","ms":47713,"predicted":false,"t":5,"tick":2630,"type":"hit"}
[client] {"a":4,"dup":false,"ev":"game","ms":47734,"predicted":false,"t":8,"tick":2631,"type":"hit"}
[client] {"a":3,"dup":false,"ev":"game","ms":47749,"predicted":false,"t":5,"tick":2632,"type":"hit"}
[client] {"a":7,"dup":false,"ev":"game","ms":47749,"predicted":false,"t":0,"tick":2632,"type":"hit"}
[client] {"a":0,"dup":false,"ev":"game","ms":48113,"predicted":false,"t":7,"tick":2654,"type":"hit"}
[client] {"a":3,"dup":false,"ev":"game","ms":48217,"predicted":false,"t":5,"tick":2660,"type":"hit"}
[client] {"a":4,"dup":false,"ev":"game","ms":48231,"predicted":false,"t":5,"tick":2661,"type":"hit"}
[client] {"a":4,"dup":false,"ev":"game","ms":48286,"predicted":false,"t":8,"tick":2664,"type":"block"}
[client] {"a":0,"dup":false,"ev":"game","ms":48494,"predicted":false,"t":7,"tick":2677,"type":"hit"}
[client] {"a":5,"dup":false,"ev":"game","ms":48708,"predicted":false,"t":4,"tick":2690,"type":"hit"}
[client] {"a":3,"dup":false,"ev":"game","ms":48742,"predicted":false,"t":5,"tick":2692,"type":"hit"}
[client] {"a":0,"dup":false,"ev":"game","ms":48825,"predicted":false,"t":7,"tick":2697,"type":"hit"}
[client] {"a":4,"dup":false,"ev":"game","ms":49081,"predicted":false,"t":7,"tick":2712,"type":"hit"}
[client] {"a":5,"dup":false,"ev":"game","ms":49191,"predicted":false,"t":3,"tick":2719,"type":"hit"}
[client] {"a":7,"dup":false,"ev":"game","ms":49460,"predicted":false,"t":0,"tick":2735,"type":"hit"}
[client] {"a":4,"dup":false,"ev":"game","ms":49681,"predicted":false,"t":7,"tick":2748,"type":"hit"}
[client] {"a":0,"dup":false,"ev":"game","ms":49847,"predicted":false,"t":7,"tick":2758,"type":"hit"}
[client] {"counts":{"blocks_on_me":4,"conf_actions":0,"confirmed_hits":107,"dup_confirmed":0,"hits_on_me":5,"pred_actions":0,"predicted_confirmed":0,"predicted_hits":0,"reconnects":0},"ev":"stats","hp":260.0,"in_bytes":612279,"late":0,"local_entity":1,"match":{"countdown_until":300,"ctrl":-1,"final":false,"next":"","phase":3,"rot":1130,"scores":[0,0],"sd":false,"state":3,"tick":2470,"zone":"B"},"max_err":2.169,"mean_err":0.0532,"ms":49942,"out_bytes":135701,"pending":14,"pos":[-0.6,-2.69],"reconciles":901,"server_tick":2769,"snaps":903,"teleports":1}
[client] {"a":6,"dup":false,"ev":"game","ms":50164,"predicted":false,"t":4,"tick":2777,"type":"hit"}
[client] {"a":3,"dup":false,"ev":"game","ms":50212,"predicted":false,"t":5,"tick":2780,"type":"hit"}
[client] {"a":0,"dup":false,"ev":"game","ms":50226,"predicted":false,"t":7,"tick":2781,"type":"block"}
[client] {"a":5,"dup":false,"ev":"game","ms":50564,"predicted":false,"t":4,"tick":2801,"type":"hit"}
[client] {"a":0,"dup":false,"ev":"game","ms":50647,"predicted":false,"t":7,"tick":2806,"type":"block"}
[client] {"a":0,"dup":false,"ev":"game","ms":50699,"predicted":false,"t":5,"tick":2809,"type":"hit"}
[client] {"a":3,"dup":false,"ev":"game","ms":50709,"predicted":false,"t":5,"tick":2810,"type":"hit"}
[client] {"a":5,"dup":false,"ev":"game","ms":50709,"predicted":false,"t":-1,"tick":2810,"type":"ko"}
[client] {"a":3,"dup":false,"ev":"game","ms":50744,"predicted":false,"t":7,"tick":2812,"type":"hit"}
[client] {"a":6,"dup":false,"ev":"game","ms":51026,"predicted":false,"t":3,"tick":2829,"type":"hit"}
[client] {"a":8,"dup":false,"ev":"game","ms":53130,"predicted":false,"t":1,"tick":2955,"type":"block"}
[client] {"a":8,"dup":false,"ev":"game","ms":53365,"predicted":false,"t":1,"tick":2969,"type":"block"}
[client] {"a":9,"dup":false,"ev":"game","ms":53579,"predicted":false,"t":1,"tick":2982,"type":"guard_break"}
[client] {"a":9,"dup":false,"ev":"game","ms":54345,"predicted":false,"t":0,"tick":3028,"type":"hit"}
[client] {"a":9,"dup":false,"ev":"game","ms":54345,"predicted":false,"t":1,"tick":3028,"type":"hit"}
[client] {"a":9,"dup":false,"ev":"game","ms":54580,"predicted":false,"t":1,"tick":3042,"type":"guard_break"}
[client] {"a":9,"dup":false,"ev":"game","ms":54614,"predicted":false,"t":0,"tick":3044,"type":"hit"}
[client] {"counts":{"blocks_on_me":6,"conf_actions":0,"confirmed_hits":117,"dup_confirmed":0,"hits_on_me":6,"pred_actions":0,"predicted_confirmed":0,"predicted_hits":0,"reconnects":0},"ev":"stats","hp":244.0,"in_bytes":674983,"late":0,"local_entity":1,"match":{"countdown_until":300,"ctrl":-1,"final":false,"next":"A","phase":3,"rot":830,"scores":[0,0],"sd":false,"state":3,"tick":2770,"zone":"B"},"max_err":2.169,"mean_err":0.0507,"ms":54944,"out_bytes":150401,"pending":14,"pos":[-0.59,-3.67],"reconciles":997,"server_tick":3069,"snaps":999,"teleports":1}
[client] {"a":3,"dup":false,"ev":"game","ms":54980,"predicted":false,"t":8,"tick":3066,"type":"hit"}
[client] {"a":9,"dup":false,"ev":"game","ms":55131,"predicted":false,"t":0,"tick":3075,"type":"hit"}
[client] {"a":9,"dup":false,"ev":"game","ms":55132,"predicted":false,"t":1,"tick":3075,"type":"hit"}
[client] {"a":2,"dup":false,"ev":"game","ms":55283,"predicted":false,"t":8,"tick":3084,"type":"hit"}
[client] {"a":2,"dup":false,"ev":"game","ms":56167,"predicted":false,"t":6,"tick":3137,"type":"hit"}
[client] {"a":3,"dup":false,"ev":"game","ms":56333,"predicted":false,"t":8,"tick":3147,"type":"hit"}
[client] {"a":0,"dup":false,"ev":"game","ms":56450,"predicted":false,"t":8,"tick":3154,"type":"hit"}
[client] {"a":0,"dup":false,"ev":"game","ms":56463,"predicted":false,"t":6,"tick":3155,"type":"hit"}
[client] {"a":9,"dup":false,"ev":"game","ms":56547,"predicted":false,"t":3,"tick":3160,"type":"hit"}
[client] {"a":2,"dup":false,"ev":"game","ms":56663,"predicted":false,"t":6,"tick":3167,"type":"hit"}
[client] {"a":2,"dup":false,"ev":"game","ms":56664,"predicted":false,"t":8,"tick":3167,"type":"hit"}
[client] {"a":0,"dup":false,"ev":"game","ms":56933,"predicted":false,"t":8,"tick":3183,"type":"block"}
[client] {"a":0,"dup":false,"ev":"game","ms":56967,"predicted":false,"t":6,"tick":3185,"type":"hit"}
[client] {"a":2,"dup":false,"ev":"game","ms":57099,"predicted":false,"t":6,"tick":3193,"type":"hit"}
[client] {"a":0,"dup":false,"ev":"game","ms":57312,"predicted":false,"t":6,"tick":3206,"type":"hit"}
[client] {"a":2,"dup":false,"ev":"game","ms":57367,"predicted":false,"t":6,"tick":3209,"type":"hit"}
[client] {"a":6,"dup":false,"ev":"game","ms":57851,"predicted":false,"t":2,"tick":3238,"type":"hit"}
[client] {"a":2,"dup":false,"ev":"game","ms":58230,"predicted":false,"t":9,"tick":3261,"type":"hit"}
[client] {"a":0,"dup":false,"ev":"game","ms":58285,"predicted":false,"t":6,"tick":3264,"type":"parry"}
[client] {"a":6,"dup":false,"ev":"game","ms":58616,"predicted":false,"t":0,"tick":3284,"type":"hit"}
[client] {"a":2,"dup":false,"ev":"game","ms":58782,"predicted":false,"t":9,"tick":3294,"type":"block"}
[client] {"a":6,"dup":false,"ev":"game","ms":58933,"predicted":false,"t":0,"tick":3303,"type":"hit"}
[client] {"a":6,"dup":false,"ev":"game","ms":59252,"predicted":false,"t":0,"tick":3322,"type":"hit"}
[client] {"a":9,"dup":false,"ev":"game","ms":59568,"predicted":false,"t":2,"tick":3341,"type":"hit"}
[client] {"a":0,"dup":false,"ev":"game","ms":59631,"predicted":false,"t":6,"tick":3345,"type":"hit"}
[client] {"counts":{"blocks_on_me":6,"conf_actions":0,"confirmed_hits":139,"dup_confirmed":0,"hits_on_me":7,"pred_actions":0,"predicted_confirmed":0,"predicted_hits":0,"reconnects":0},"ev":"stats","hp":226.0,"in_bytes":742579,"late":0,"local_entity":1,"match":{"countdown_until":300,"ctrl":-1,"final":false,"next":"A","phase":3,"rot":530,"scores":[0,0],"sd":false,"state":3,"tick":3070,"zone":"B"},"max_err":2.169,"mean_err":0.0468,"ms":59947,"out_bytes":165101,"pending":14,"pos":[-1.39,-3.2],"reconciles":1096,"server_tick":3369,"snaps":1098,"teleports":1}
[client] {"a":2,"dup":false,"ev":"game","ms":59948,"predicted":false,"t":6,"tick":3364,"type":"hit"}
[client] {"a":0,"dup":false,"ev":"game","ms":60100,"predicted":false,"t":6,"tick":3373,"type":"hit"}
[client] {"a":9,"dup":false,"ev":"game","ms":60120,"predicted":false,"t":2,"tick":3374,"type":"hit"}
[client] {"a":9,"dup":false,"ev":"game","ms":60631,"predicted":false,"t":0,"tick":3405,"type":"hit"}
[client] {"a":5,"dup":false,"ev":"game","ms":60720,"predicted":false,"t":-1,"tick":3410,"type":"respawn"}
[client] {"a":9,"dup":false,"ev":"game","ms":61245,"predicted":false,"t":0,"tick":3442,"type":"hit"}
[client] {"a":2,"dup":false,"ev":"game","ms":61562,"predicted":false,"t":9,"tick":3461,"type":"hit"}
[client] {"a":0,"dup":false,"ev":"game","ms":61611,"predicted":false,"t":9,"tick":3464,"type":"hit"}
[client] {"a":9,"dup":false,"ev":"game","ms":62225,"predicted":false,"t":1,"tick":3501,"type":"guard_break"}
[client] {"a":6,"dup":false,"ev":"game","ms":62259,"predicted":false,"t":0,"tick":3503,"type":"hit"}
[client] {"a":0,"dup":false,"ev":"game","ms":62259,"predicted":false,"t":-1,"tick":3503,"type":"ko"}
[client] {"a":2,"dup":false,"ev":"game","ms":62777,"predicted":false,"t":9,"tick":3534,"type":"hit"}
[client] {"a":6,"dup":false,"ev":"game","ms":63012,"predicted":false,"t":4,"tick":3548,"type":"hit"}
[client] {"a":2,"dup":false,"ev":"game","ms":63398,"predicted":false,"t":9,"tick":3571,"type":"hit"}
[client] {"a":4,"dup":false,"ev":"game","ms":63964,"predicted":false,"t":9,"tick":3605,"type":"hit"}
[client] {"a":7,"dup":false,"ev":"game","ms":64612,"predicted":false,"t":1,"tick":3644,"type":"guard_break"}
[client] {"a":6,"dup":false,"ev":"game","ms":64626,"predicted":false,"t":1,"tick":3645,"type":"hit"}
[client] {"a":2,"dup":false,"ev":"game","ms":64660,"predicted":false,"t":6,"tick":3647,"type":"hit"}
[client] {"counts":{"blocks_on_me":6,"conf_actions":0,"confirmed_hits":153,"dup_confirmed":0,"hits_on_me":8,"pred_actions":0,"predicted_confirmed":0,"predicted_hits":0,"reconnects":0},"ev":"stats","hp":242.0,"in_bytes":807989,"late":0,"local_entity":1,"match":{"countdown_until":300,"ctrl":-1,"final":false,"next":"A","phase":3,"rot":230,"scores":[0,0],"sd":false,"state":3,"tick":3370,"zone":"B"},"max_err":2.169,"mean_err":0.0451,"ms":64942,"out_bytes":179801,"pending":14,"pos":[-0.19,-3.58],"reconciles":1195,"server_tick":3668,"snaps":1197,"teleports":1}
[client] {"a":2,"dup":false,"ev":"game","ms":65144,"predicted":false,"t":6,"tick":3676,"type":"hit"}
[client] {"a":2,"dup":false,"ev":"game","ms":65165,"predicted":false,"t":9,"tick":3677,"type":"hit"}
[client] {"a":2,"dup":false,"ev":"game","ms":65378,"predicted":false,"t":6,"tick":3690,"type":"hit"}
[client] {"a":2,"dup":false,"ev":"game","ms":65378,"predicted":false,"t":7,"tick":3690,"type":"hit"}
[client] {"a":2,"dup":false,"ev":"game","ms":65413,"predicted":false,"t":9,"tick":3692,"type":"hit"}
[client] {"a":6,"dup":false,"ev":"game","ms":65813,"predicted":false,"t":2,"tick":3716,"type":"hit"}
[client] {"a":7,"dup":false,"ev":"game","ms":66213,"predicted":false,"t":1,"tick":3740,"type":"guard_break"}
[client] {"a":4,"dup":false,"ev":"game","ms":66448,"predicted":false,"t":6,"tick":3754,"type":"hit"}
[client] {"a":6,"dup":false,"ev":"game","ms":66448,"predicted":false,"t":-1,"tick":3754,"type":"ko"}
[client] {"a":4,"dup":false,"ev":"game","ms":66482,"predicted":false,"t":7,"tick":3756,"type":"hit"}
[client] {"a":4,"dup":false,"ev":"game","ms":66965,"predicted":false,"t":7,"tick":3785,"type":"block"}
[client] {"a":8,"dup":false,"ev":"game","ms":68063,"predicted":false,"t":2,"tick":3851,"type":"hit"}
[client] {"a":4,"dup":false,"ev":"game","ms":68649,"predicted":false,"t":8,"tick":3886,"type":"hit"}
[client] {"a":-1,"dup":false,"ev":"game","ms":68863,"predicted":false,"t":-1,"tick":3899,"type":"zone_rotated"}
[client] {"a":8,"dup":false,"ev":"game","ms":69035,"predicted":false,"t":4,"tick":3909,"type":"block"}
[client] {"a":8,"dup":false,"ev":"game","ms":69262,"predicted":false,"t":4,"tick":3923,"type":"block"}
[client] {"a":4,"dup":false,"ev":"game","ms":69932,"predicted":false,"t":8,"tick":3963,"type":"hit"}
[client] {"counts":{"blocks_on_me":6,"conf_actions":0,"confirmed_hits":164,"dup_confirmed":0,"hits_on_me":8,"pred_actions":0,"predicted_confirmed":0,"predicted_hits":0,"reconnects":0},"ev":"stats","hp":242.0,"in_bytes":872690,"late":0,"local_entity":1,"match":{"countdown_until":300,"ctrl":-1,"final":false,"next":"","phase":3,"rot":3530,"scores":[0,0],"sd":false,"state":1,"tick":3670,"zone":"A"},"max_err":2.169,"mean_err":0.0424,"ms":69945,"out_bytes":194501,"pending":14,"pos":[-0.7,-3.5],"reconciles":1294,"server_tick":3968,"snaps":1296,"teleports":1}
[client] {"a":5,"dup":false,"ev":"game","ms":70084,"predicted":false,"t":4,"tick":3972,"type":"hit"}
[client] {"a":8,"dup":false,"ev":"game","ms":70615,"predicted":false,"t":1,"tick":4004,"type":"guard_break"}
[client] {"a":5,"dup":false,"ev":"game","ms":70932,"predicted":false,"t":1,"tick":4023,"type":"hit"}
[client] {"a":5,"dup":false,"ev":"game","ms":70947,"predicted":false,"t":4,"tick":4024,"type":"hit"}
[client] {"a":7,"dup":false,"ev":"game","ms":72099,"predicted":false,"t":1,"tick":4093,"type":"guard_break"}
[client] {"a":0,"dup":false,"ev":"game","ms":72264,"predicted":false,"t":-1,"tick":4103,"type":"respawn"}
[client] {"a":8,"dup":false,"ev":"game","ms":72368,"predicted":false,"t":1,"tick":4109,"type":"hit"}
[client] {"a":8,"dup":false,"ev":"game","ms":73548,"predicted":false,"t":1,"tick":4180,"type":"guard_break"}
[client] {"a":7,"dup":false,"ev":"game","ms":73748,"predicted":false,"t":1,"tick":4192,"type":"hit"}
[client] {"counts":{"blocks_on_me":6,"conf_actions":0,"confirmed_hits":169,"dup_confirmed":0,"hits_on_me":11,"pred_actions":0,"predicted_confirmed":0,"predicted_hits":0,"reconnects":0},"ev":"stats","hp":151.7,"in_bytes":933155,"late":0,"local_entity":1,"match":{"countdown_until":300,"ctrl":0,"final":false,"next":"","phase":3,"rot":3230,"scores":[4,0],"sd":false,"state":2,"tick":3970,"zone":"A"},"max_err":2.169,"mean_err":0.045,"ms":74947,"out_bytes":209201,"pending":14,"pos":[2.13,-8.65],"reconciles":1393,"server_tick":4269,"snaps":1395,"teleports":1}
[client] {"a":7,"dup":false,"ev":"game","ms":75059,"predicted":false,"t":1,"tick":4271,"type":"guard_break"}
[client] {"a":8,"dup":false,"ev":"game","ms":75079,"predicted":false,"t":1,"tick":4272,"type":"hit"}
[client] {"a":8,"dup":false,"ev":"game","ms":76315,"predicted":false,"t":1,"tick":4346,"type":"guard_break"}
[client] {"a":6,"dup":false,"ev":"game","ms":76447,"predicted":false,"t":-1,"tick":4354,"type":"respawn"}
[client] {"a":7,"dup":false,"ev":"game","ms":76529,"predicted":false,"t":1,"tick":4359,"type":"hit"}
[client] {"a":8,"dup":false,"ev":"game","ms":77363,"predicted":false,"t":1,"tick":4409,"type":"guard_break"}
[client] {"a":8,"dup":false,"ev":"game","ms":77632,"predicted":false,"t":1,"tick":4425,"type":"hit"}
[client] {"a":7,"dup":false,"ev":"game","ms":79095,"predicted":false,"t":1,"tick":4513,"type":"guard_break"}
[client] {"a":7,"dup":false,"ev":"game","ms":79875,"predicted":false,"t":1,"tick":4560,"type":"hit"}
[client] {"counts":{"blocks_on_me":6,"conf_actions":0,"confirmed_hits":173,"dup_confirmed":0,"hits_on_me":15,"pred_actions":0,"predicted_confirmed":0,"predicted_hits":0,"reconnects":0},"ev":"stats","hp":38.7000000000002,"in_bytes":997994,"late":0,"local_entity":1,"match":{"countdown_until":300,"ctrl":-1,"final":false,"next":"","phase":3,"rot":2930,"scores":[6,0],"sd":false,"state":3,"tick":4270,"zone":"A"},"max_err":2.191,"mean_err":0.0474,"ms":79943,"out_bytes":223901,"pending":14,"pos":[1.74,-15.36],"reconciles":1489,"server_tick":4569,"snaps":1491,"teleports":1}
[client] {"counts":{"blocks_on_me":6,"conf_actions":0,"confirmed_hits":173,"dup_confirmed":0,"hits_on_me":15,"pred_actions":0,"predicted_confirmed":0,"predicted_hits":0,"reconnects":0},"ev":"stats","hp":38.7000000000002,"in_bytes":998618,"late":0,"local_entity":1,"match":{"countdown_until":300,"ctrl":-1,"final":false,"next":"","phase":3,"rot":2927,"scores":[6,0],"sd":false,"state":3,"tick":4273,"zone":"A"},"max_err":2.191,"mean_err":0.0474,"ms":80005,"out_bytes":224097,"pending":12,"pos":[1.74,-15.36],"reconciles":1491,"server_tick":4573,"snaps":1492,"teleports":1}
