Godot Engine v4.7.2.stable.official.ed1daf0bf - https://godotengine.org

[client] {"detail":"127.0.0.1:24651","ev":"status","ms":0,"status":"connecting"}
[client] {"detail":"","ev":"status","ms":222,"status":"connected"}
[client] {"ev":"welcome","ms":326,"observer":false,"pid":5}
[client] {"ev":"pick","f":"hops","ms":326}
[client] {"ev":"lock","f":"hops","ms":1078}
[client] {"ev":"match_setup","fighters":10,"ms":2191,"you":6}
[client] {"counts":{"blocks_on_me":0,"conf_actions":0,"confirmed_hits":0,"dup_confirmed":0,"hits_on_me":0,"pred_actions":0,"predicted_confirmed":0,"predicted_hits":0,"reconnects":0},"ev":"stats","hp":230.0,"in_bytes":53673,"late":0,"local_entity":6,"match":{"countdown_until":300,"ctrl":-1,"final":false,"next":"","phase":2,"rot":3600,"scores":[0,0],"sd":false,"state":1,"tick":0,"zone":""},"max_err":1.013,"mean_err":0.3511,"ms":4924,"out_bytes":8052,"pending":13,"pos":[-3.36,45.54],"reconciles":53,"server_tick":163,"snaps":54,"teleports":1}
[client] {"counts":{"blocks_on_me":0,"conf_actions":0,"confirmed_hits":0,"dup_confirmed":0,"hits_on_me":0,"pred_actions":0,"predicted_confirmed":0,"predicted_hits":0,"reconnects":0},"ev":"stats","hp":230.0,"in_bytes":93322,"late":0,"local_entity":6,"match":{"countdown_until":300,"ctrl":-1,"final":false,"next":"","phase":3,"rot":3437,"scores":[0,0],"sd":false,"state":1,"tick":163,"zone":"B"},"max_err":1.647,"mean_err":0.2842,"ms":9927,"out_bytes":22752,"pending":12,"pos":[-2.25,25.58],"reconciles":151,"server_tick":463,"snaps":152,"teleports":1}
[client] {"a":3,"dup":false,"ev":"game","ms":13999,"predicted":false,"t":6,"tick":703,"type":"hit"}
[client] {"a":2,"dup":false,"ev":"game","ms":14281,"predicted":false,"t":6,"tick":720,"type":"hit"}
[client] {"a":8,"dup":false,"ev":"game","ms":14550,"predicted":false,"t":2,"tick":736,"type":"hit"}
[client] {"a":4,"dup":false,"ev":"game","ms":14696,"predicted":false,"t":8,"tick":745,"type":"hit"}
[client] {"a":4,"dup":false,"ev":"game","ms":14730,"predicted":false,"t":5,"tick":747,"type":"hit"}
[client] {"counts":{"blocks_on_me":0,"conf_actions":1,"confirmed_hits":5,"dup_confirmed":0,"hits_on_me":2,"pred_actions":1,"predicted_confirmed":0,"predicted_hits":1,"reconnects":0},"ev":"stats","hp":166.0,"in_bytes":150745,"late":0,"local_entity":6,"match":{"countdown_until":300,"ctrl":-1,"final":false,"next":"","phase":3,"rot":3137,"scores":[0,0],"sd":false,"state":3,"tick":463,"zone":"B"},"max_err":2.473,"mean_err":0.1959,"ms":14929,"out_bytes":37452,"pending":12,"pos":[-2.73,-0.01],"reconciles":249,"server_tick":763,"snaps":250,"teleports":1}
[client] {"a":8,"dup":false,"ev":"game","ms":15298,"predicted":false,"t":4,"tick":781,"type":"hit"}
[client] {"a":8,"dup":false,"ev":"game","ms":15316,"predicted":false,"t":3,"tick":782,"type":"hit"}
[client] {"a":6,"dup":true,"ev":"game","ms":15378,"predicted":false,"t":3,"tick":783,"type":"hit"}
[client] {"a":6,"dup":true,"ev":"game","ms":15378,"predicted":false,"t":4,"tick":783,"type":"hit"}
[client] {"a":6,"dup":false,"ev":"game","ms":15378,"predicted":false,"t":2,"tick":786,"type":"hit"}
[client] {"a":6,"dup":true,"ev":"game","ms":15517,"predicted":false,"t":2,"tick":799,"type":"hit"}
[client] {"a":6,"dup":true,"ev":"game","ms":15517,"predicted":false,"t":3,"tick":799,"type":"hit"}
[client] {"a":6,"dup":true,"ev":"game","ms":15517,"predicted":false,"t":4,"tick":799,"type":"hit"}
[client] {"a":8,"dup":false,"ev":"game","ms":15530,"predicted":false,"t":4,"tick":795,"type":"hit"}
[client] {"a":0,"dup":false,"ev":"game","ms":15848,"predicted":false,"t":9,"tick":814,"type":"hit"}
[client] {"a":2,"dup":false,"ev":"game","ms":16165,"predicted":false,"t":6,"tick":833,"type":"hit"}
[client] {"a":0,"dup":false,"ev":"game","ms":16200,"predicted":false,"t":9,"tick":835,"type":"parry"}
[client] {"a":2,"dup":false,"ev":"game","ms":16270,"predicted":false,"t":8,"tick":836,"type":"hit"}
[client] {"a":4,"dup":false,"ev":"game","ms":16474,"predicted":false,"t":6,"tick":851,"type":"hit"}
[client] {"a":9,"dup":false,"ev":"game","ms":17155,"predicted":false,"t":0,"tick":892,"type":"hit"}
[client] {"a":2,"dup":false,"ev":"game","ms":17176,"predicted":false,"t":6,"tick":893,"type":"hit"}
[client] {"a":4,"dup":false,"ev":"game","ms":17176,"predicted":false,"t":5,"tick":893,"type":"hit"}
[client] {"a":4,"dup":false,"ev":"game","ms":17176,"predicted":false,"t":6,"tick":893,"type":"hit"}
[client] {"a":2,"dup":false,"ev":"game","ms":17203,"predicted":false,"t":5,"tick":895,"type":"hit"}
[client] {"a":9,"dup":false,"ev":"game","ms":17646,"predicted":false,"t":0,"tick":921,"type":"hit"}
[client] {"a":8,"dup":false,"ev":"game","ms":17680,"predicted":false,"t":4,"tick":922,"type":"hit"}
[client] {"a":8,"dup":false,"ev":"game","ms":17753,"predicted":false,"t":2,"tick":927,"type":"hit"}
[client] {"a":3,"dup":false,"ev":"game","ms":18056,"predicted":false,"t":5,"tick":946,"type":"hit"}
[client] {"a":5,"dup":false,"ev":"game","ms":18456,"predicted":false,"t":3,"tick":970,"type":"hit"}
[client] {"a":5,"dup":false,"ev":"game","ms":18505,"predicted":false,"t":1,"tick":973,"type":"block"}
[client] {"a":7,"dup":false,"ev":"game","ms":18574,"predicted":false,"t":3,"tick":977,"type":"hit"}
[client] {"a":6,"dup":true,"ev":"game","ms":18739,"predicted":false,"t":4,"tick":992,"type":"hit"}
[client] {"a":5,"dup":false,"ev":"game","ms":19009,"predicted":false,"t":3,"tick":999,"type":"hit"}
[client] {"a":5,"dup":false,"ev":"game","ms":19009,"predicted":false,"t":4,"tick":999,"type":"hit"}
[client] {"a":6,"dup":true,"ev":"game","ms":19305,"predicted":false,"t":1,"tick":1027,"type":"hit"}
[client] {"a":4,"dup":false,"ev":"game","ms":19623,"predicted":false,"t":6,"tick":1040,"type":"hit"}
[client] {"a":8,"dup":false,"ev":"game","ms":19671,"predicted":false,"t":2,"tick":1043,"type":"hit"}
[client] {"a":0,"dup":false,"ev":"game","ms":19726,"predicted":false,"t":6,"tick":1046,"type":"hit"}
[client] {"counts":{"blocks_on_me":0,"conf_actions":7,"confirmed_hits":36,"dup_confirmed":0,"hits_on_me":8,"pred_actions":9,"predicted_confirmed":7,"predicted_hits":24,"reconnects":0},"ev":"stats","hp":30.0,"in_bytes":224184,"late":0,"local_entity":6,"match":{"countdown_until":300,"ctrl":-1,"final":false,"next":"","phase":3,"rot":2837,"scores":[0,0],"sd":false,"state":3,"tick":763,"zone":"B"},"max_err":2.473,"mean_err":0.1897,"ms":19925,"out_bytes":52152,"pending":12,"pos":[-4.5,-2.0],"reconciles":344,"server_tick":1063,"snaps":347,"teleports":1}
[client] {"a":2,"dup":false,"ev":"game","ms":20057,"predicted":false,"t":5,"tick":1067,"type":"hit"}
[client] {"a":0,"dup":false,"ev":"game","ms":20209,"predicted":false,"t":5,"tick":1075,"type":"hit"}
[client] {"a":8,"dup":false,"ev":"game","ms":20445,"predicted":false,"t":2,"tick":1089,"type":"hit"}
[client] {"a":4,"dup":false,"ev":"game","ms":20588,"predicted":false,"t":5,"tick":1099,"type":"hit"}
[client] {"a":0,"dup":false,"ev":"game","ms":20858,"predicted":false,"t":5,"tick":1115,"type":"hit"}
[client] {"a":6,"dup":false,"ev":"game","ms":21044,"predicted":false,"t":1,"tick":1131,"type":"block"}
[client] {"a":6,"dup":false,"ev":"game","ms":21071,"predicted":false,"t":0,"tick":1132,"type":"hit"}
[client] {"a":0,"dup":false,"ev":"game","ms":21506,"predicted":false,"t":5,"tick":1154,"type":"hit"}
[client] {"a":6,"dup":false,"ev":"game","ms":21506,"predicted":false,"t":1,"tick":1159,"type":"block"}
[client] {"a":7,"dup":false,"ev":"game","ms":21589,"predicted":false,"t":0,"tick":1159,"type":"hit"}
[client] {"a":4,"dup":false,"ev":"game","ms":21692,"predicted":false,"t":5,"tick":1165,"type":"hit"}
[client] {"a":4,"dup":false,"ev":"game","ms":21692,"predicted":false,"t":6,"tick":1165,"type":"hit"}
[client] {"a":9,"dup":false,"ev":"game","ms":21908,"predicted":false,"t":0,"tick":1177,"type":"hit"}
[client] {"a":6,"dup":false,"ev":"game","ms":21975,"predicted":false,"t":1,"tick":1187,"type":"block"}
[client] {"a":6,"dup":false,"ev":"game","ms":22045,"predicted":false,"t":4,"tick":1190,"type":"hit"}
[client] {"a":7,"dup":false,"ev":"game","ms":22058,"predicted":false,"t":0,"tick":1186,"type":"hit"}
[client] {"a":5,"dup":false,"ev":"game","ms":22106,"predicted":false,"t":0,"tick":1189,"type":"hit"}
[client] {"a":8,"dup":false,"ev":"game","ms":22162,"predicted":false,"t":1,"tick":1193,"type":"block"}
[client] {"a":3,"dup":false,"ev":"game","ms":22176,"predicted":false,"t":9,"tick":1194,"type":"hit"}
[client] {"a":5,"dup":false,"ev":"game","ms":22445,"predicted":false,"t":0,"tick":1209,"type":"hit"}
[client] {"a":6,"dup":true,"ev":"game","ms":22493,"predicted":false,"t":0,"tick":1210,"type":"hit"}
[client] {"a":7,"dup":false,"ev":"game","ms":22562,"predicted":false,"t":0,"tick":1217,"type":"hit"}
[client] {"a":6,"dup":true,"ev":"game","ms":22624,"predicted":false,"t":0,"tick":1226,"type":"hit"}
[client] {"a":4,"dup":false,"ev":"game","ms":22810,"predicted":false,"t":9,"tick":1231,"type":"hit"}
[client] {"a":5,"dup":false,"ev":"game","ms":22842,"predicted":false,"t":0,"tick":1234,"type":"hit"}
[client] {"a":6,"dup":false,"ev":"game","ms":23304,"predicted":false,"t":1,"tick":1266,"type":"block"}
[client] {"a":5,"dup":false,"ev":"game","ms":23738,"predicted":false,"t":1,"tick":1287,"type":"guard_break"}
[client] {"a":3,"dup":false,"ev":"game","ms":23987,"predicted":false,"t":5,"tick":1302,"type":"hit"}
[client] {"a":6,"dup":false,"ev":"game","ms":24359,"predicted":false,"t":-1,"tick":1329,"type":"ko"}
[client] {"a":0,"dup":false,"ev":"game","ms":24442,"predicted":false,"t":6,"tick":1329,"type":"hit"}
[client] {"a":8,"dup":false,"ev":"game","ms":24504,"predicted":false,"t":1,"tick":1333,"type":"hit"}
[client] {"counts":{"blocks_on_me":0,"conf_actions":16,"confirmed_hits":60,"dup_confirmed":0,"hits_on_me":10,"pred_actions":17,"predicted_confirmed":9,"predicted_hits":36,"reconnects":0},"ev":"stats","hp":0.0,"in_bytes":297482,"late":0,"local_entity":6,"match":{"countdown_until":300,"ctrl":-1,"final":false,"next":"","phase":3,"rot":2540,"scores":[0,0],"sd":false,"state":3,"tick":1060,"zone":"B"},"max_err":2.473,"mean_err":0.1535,"ms":24924,"out_bytes":66852,"pending":15,"pos":[-3.35,-3.24],"reconciles":442,"server_tick":1363,"snaps":445,"teleports":1}
[client] {"a":5,"dup":false,"ev":"game","ms":25042,"predicted":false,"t":0,"tick":1365,"type":"hit"}
[client] {"a":8,"dup":false,"ev":"game","ms":25256,"predicted":false,"t":0,"tick":1378,"type":"hit"}
[client] {"a":3,"dup":false,"ev":"game","ms":25291,"predicted":false,"t":8,"tick":1380,"type":"hit"}
[client] {"a":7,"dup":false,"ev":"game","ms":25608,"predicted":false,"t":0,"tick":1399,"type":"hit"}
[client] {"a":0,"dup":false,"ev":"game","ms":25608,"predicted":false,"t":-1,"tick":1399,"type":"ko"}
[client] {"a":7,"dup":false,"ev":"game","ms":25670,"predicted":false,"t":3,"tick":1403,"type":"hit"}
[client] {"a":3,"dup":false,"ev":"game","ms":26457,"predicted":false,"t":8,"tick":1450,"type":"hit"}
[client] {"a":7,"dup":false,"ev":"game","ms":26588,"predicted":false,"t":1,"tick":1458,"type":"guard_break"}
[client] {"a":5,"dup":false,"ev":"game","ms":27678,"predicted":false,"t":1,"tick":1523,"type":"guard_break"}
[client] {"a":5,"dup":false,"ev":"game","ms":28023,"predicted":false,"t":1,"tick":1544,"type":"hit"}
[client] {"a":5,"dup":false,"ev":"game","ms":28527,"predicted":false,"t":1,"tick":1574,"type":"guard_break"}
[client] {"a":5,"dup":false,"ev":"game","ms":29224,"predicted":false,"t":1,"tick":1616,"type":"hit"}
[client] {"a":9,"dup":false,"ev":"game","ms":29589,"predicted":false,"t":3,"tick":1638,"type":"guard_break"}
[client] {"a":7,"dup":false,"ev":"game","ms":29659,"predicted":false,"t":3,"tick":1642,"type":"hit"}
[client] {"a":5,"dup":false,"ev":"game","ms":29693,"predicted":false,"t":1,"tick":1644,"type":"guard_break"}
[client] {"counts":{"blocks_on_me":0,"conf_actions":16,"confirmed_hits":69,"dup_confirmed":0,"hits_on_me":10,"pred_actions":17,"predicted_confirmed":9,"predicted_hits":36,"reconnects":0},"ev":"stats","hp":0.0,"in_bytes":356807,"late":0,"local_entity":6,"match":{"countdown_until":300,"ctrl":-1,"final":false,"next":"","phase":3,"rot":2237,"scores":[0,0],"sd":false,"state":3,"tick":1363,"zone":"B"},"max_err":2.473,"mean_err":0.1254,"ms":29927,"out_bytes":81552,"pending":12,"pos":[-3.35,-3.24],"reconciles":541,"server_tick":1663,"snaps":544,"teleports":1}
[client] {"a":5,"dup":false,"ev":"game","ms":30390,"predicted":false,"t":1,"tick":1687,"type":"hit"}
[client] {"a":5,"dup":false,"ev":"game","ms":31080,"predicted":false,"t":1,"tick":1728,"type":"guard_break"}
[client] {"a":2,"dup":false,"ev":"game","ms":31211,"predicted":false,"t":5,"tick":1736,"type":"hit"}
[client] {"a":8,"dup":false,"ev":"game","ms":31480,"predicted":false,"t":1,"tick":1752,"type":"hit"}
[client] {"a":7,"dup":false,"ev":"game","ms":31611,"predicted":false,"t":2,"tick":1760,"type":"hit"}
[client] {"a":2,"dup":false,"ev":"game","ms":31991,"predicted":false,"t":7,"tick":1783,"type":"hit"}
[client] {"a":8,"dup":false,"ev":"game","ms":32225,"predicted":false,"t":2,"tick":1797,"type":"hit"}
[client] {"a":4,"dup":false,"ev":"game","ms":32391,"predicted":false,"t":7,"tick":1807,"type":"block"}
[client] {"a":4,"dup":false,"ev":"game","ms":32425,"predicted":false,"t":9,"tick":1809,"type":"parry"}
[client] {"a":2,"dup":false,"ev":"game","ms":32660,"predicted":false,"t":7,"tick":1823,"type":"hit"}
[client] {"a":2,"dup":false,"ev":"game","ms":32847,"predicted":false,"t":8,"tick":1834,"type":"hit"}
[client] {"a":2,"dup":false,"ev":"game","ms":32894,"predicted":false,"t":7,"tick":1837,"type":"hit"}
[client] {"a":8,"dup":false,"ev":"game","ms":33412,"predicted":false,"t":2,"tick":1868,"type":"hit"}
[client] {"a":2,"dup":false,"ev":"game","ms":33813,"predicted":false,"t":9,"tick":1892,"type":"hit"}
[client] {"a":6,"dup":false,"ev":"game","ms":34345,"predicted":false,"t":-1,"tick":1929,"type":"respawn"}
[client] {"a":8,"dup":false,"ev":"game","ms":34378,"predicted":false,"t":2,"tick":1926,"type":"hit"}
[client] {"a":9,"dup":false,"ev":"game","ms":34448,"predicted":false,"t":2,"tick":1930,"type":"hit"}
[client] {"a":4,"dup":false,"ev":"game","ms":34461,"predicted":false,"t":9,"tick":1931,"type":"hit"}
[client] {"a":4,"dup":false,"ev":"game","ms":34481,"predicted":false,"t":7,"tick":1932,"type":"hit"}
[client] {"a":8,"dup":false,"ev":"game","ms":34813,"predicted":false,"t":1,"tick":1952,"type":"guard_break"}
[client] {"counts":{"blocks_on_me":0,"conf_actions":16,"confirmed_hits":84,"dup_confirmed":0,"hits_on_me":10,"pred_actions":17,"predicted_confirmed":9,"predicted_hits":36,"reconnects":0},"ev":"stats","hp":230.0,"in_bytes":417701,"late":0,"local_entity":6,"match":{"countdown_until":300,"ctrl":-1,"final":false,"next":"","phase":3,"rot":1940,"scores":[0,0],"sd":false,"state":3,"tick":1660,"zone":"B"},"max_err":2.473,"mean_err":0.1062,"ms":34929,"out_bytes":96252,"pending":15,"pos":[6.61,44.91],"reconciles":639,"server_tick":1963,"snaps":643,"teleports":2}
[client] {"a":9,"dup":false,"ev":"game","ms":35509,"predicted":false,"t":1,"tick":1994,"type":"hit"}
[client] {"a":0,"dup":false,"ev":"game","ms":35599,"predicted":false,"t":-1,"tick":1999,"type":"respawn"}
[client] {"a":9,"dup":false,"ev":"game","ms":36249,"predicted":false,"t":4,"tick":2038,"type":"hit"}
[client] {"a":7,"dup":false,"ev":"game","ms":36649,"predicted":false,"t":4,"tick":2062,"type":"block"}
[client] {"a":8,"dup":false,"ev":"game","ms":36979,"predicted":false,"t":1,"tick":2082,"type":"guard_break"}
[client] {"a":8,"dup":false,"ev":"game","ms":37201,"predicted":false,"t":1,"tick":2095,"type":"hit"}
[client] {"a":8,"dup":false,"ev":"game","ms":37821,"predicted":false,"t":1,"tick":2133,"type":"guard_break"}
[client] {"ev":"drop","ms":38007,"token_set":true}
[client] {"counts":{"blocks_on_me":0,"conf_actions":16,"confirmed_hits":87,"dup_confirmed":0,"hits_on_me":10,"pred_actions":17,"predicted_confirmed":9,"predicted_hits":36,"reconnects":0},"ev":"stats","hp":230.0,"in_bytes":451439,"late":0,"local_entity":6,"match":{"countdown_until":300,"ctrl":1,"final":false,"next":"","phase":3,"rot":1751,"scores":[0,0],"sd":false,"state":2,"tick":1849,"zone":"B"},"max_err":2.473,"mean_err":0.097,"ms":39928,"out_bytes":105317,"pending":11,"pos":[0.59,22.4],"reconciles":700,"server_tick":2148,"snaps":704,"teleports":2}
[client] {"detail":"127.0.0.1:24651","ev":"status","ms":41011,"status":"connecting"}
[client] {"err":0,"ev":"reconnect_attempt","ms":41012}
[client] {"detail":"","ev":"status","ms":41243,"status":"connected"}
[client] {"ev":"welcome","ms":41339,"observer":false,"pid":5}
[client] {"ev":"match_setup","fighters":10,"ms":41349,"you":6}
[client] {"a":9,"dup":false,"ev":"game","ms":41643,"predicted":false,"t":4,"tick":2361,"type":"hit"}
[client] {"a":7,"dup":false,"ev":"game","ms":41808,"predicted":false,"t":3,"tick":2372,"type":"hit"}
[client] {"a":9,"dup":false,"ev":"game","ms":42209,"predicted":false,"t":4,"tick":2396,"type":"block"}
[client] {"a":0,"dup":false,"ev":"game","ms":42243,"predicted":false,"t":7,"tick":2398,"type":"hit"}
[client] {"a":7,"dup":false,"ev":"game","ms":43527,"predicted":false,"t":0,"tick":2475,"type":"hit"}
[client] {"a":4,"dup":false,"ev":"game","ms":43879,"predicted":false,"t":9,"tick":2496,"type":"hit"}
[client] {"a":0,"dup":false,"ev":"game","ms":43996,"predicted":false,"t":7,"tick":2503,"type":"hit"}
[client] {"a":7,"dup":false,"ev":"game","ms":44424,"predicted":false,"t":0,"tick":2529,"type":"hit"}
[client] {"counts":{"blocks_on_me":0,"conf_actions":16,"confirmed_hits":94,"dup_confirmed":0,"hits_on_me":10,"pred_actions":17,"predicted_confirmed":9,"predicted_hits":36,"reconnects":1},"ev":"stats","hp":230.0,"in_bytes":497134,"late":0,"local_entity":6,"match":{"countdown_until":300,"ctrl":1,"final":false,"next":"","phase":3,"rot":1337,"scores":[0,7],"sd":false,"state":2,"tick":2263,"zone":"B"},"max_err":2.473,"mean_err":0.117,"ms":44927,"out_bytes":115731,"pending":11,"pos":[0.48,23.1],"reconciles":769,"server_tick":2563,"snaps":774,"teleports":3}
[client] {"a":0,"dup":false,"ev":"game","ms":44976,"predicted":false,"t":8,"tick":2562,"type":"hit"}
[client] {"a":3,"dup":false,"ev":"game","ms":45327,"predicted":false,"t":7,"tick":2583,"type":"hit"}
[client] {"a":3,"dup":false,"ev":"game","ms":45810,"predicted":false,"t":7,"tick":2612,"type":"block"}
[client] {"a":0,"dup":false,"ev":"game","ms":48288,"predicted":false,"t":5,"tick":2760,"type":"hit"}
[client] {"a":5,"dup":false,"ev":"game","ms":48741,"predicted":false,"t":0,"tick":2787,"type":"hit"}
[client] {"a":1,"dup":false,"ev":"game","ms":49611,"predicted":false,"t":-1,"tick":2839,"type":"respawn"}
[client] {"a":5,"dup":false,"ev":"game","ms":49743,"predicted":false,"t":0,"tick":2847,"type":"hit"}
[client] {"counts":{"blocks_on_me":0,"conf_actions":18,"confirmed_hits":99,"dup_confirmed":0,"hits_on_me":10,"pred_actions":19,"predicted_confirmed":9,"predicted_hits":44,"reconnects":1},"ev":"stats","hp":230.0,"in_bytes":552391,"late":0,"local_entity":6,"match":{"countdown_until":300,"ctrl":-1,"final":false,"next":"","phase":3,"rot":1037,"scores":[0,9],"sd":false,"state":3,"tick":2563,"zone":"B"},"max_err":2.473,"mean_err":0.1319,"ms":49928,"out_bytes":130431,"pending":11,"pos":[0.7,-2.95],"reconciles":866,"server_tick":2863,"snaps":871,"teleports":3}
[client] {"a":4,"dup":false,"ev":"game","ms":50060,"predicted":false,"t":6,"tick":2866,"type":"hit"}
[client] {"a":5,"dup":false,"ev":"game","ms":50094,"predicted":false,"t":0,"tick":2868,"type":"hit"}
[client] {"a":3,"dup":false,"ev":"game","ms":50246,"predicted":false,"t":6,"tick":2877,"type":"hit"}
[client] {"a":5,"dup":false,"ev":"game","ms":50705,"predicted":false,"t":0,"tick":2905,"type":"hit"}
[client] {"a":5,"dup":false,"ev":"game","ms":51174,"predicted":false,"t":0,"tick":2934,"type":"hit"}
[client] {"a":3,"dup":false,"ev":"game","ms":51257,"predicted":false,"t":5,"tick":2939,"type":"hit"}
[client] {"a":5,"dup":false,"ev":"game","ms":51622,"predicted":false,"t":0,"tick":2961,"type":"hit"}
[client] {"a":4,"dup":false,"ev":"game","ms":51810,"predicted":false,"t":5,"tick":2972,"type":"hit"}
[client] {"a":3,"dup":false,"ev":"game","ms":51892,"predicted":false,"t":5,"tick":2977,"type":"hit"}
[client] {"a":0,"dup":false,"ev":"game","ms":52071,"predicted":false,"t":5,"tick":2984,"type":"hit"}
[client] {"a":8,"dup":false,"ev":"game","ms":52354,"predicted":false,"t":2,"tick":3005,"type":"hit"}
[client] {"a":3,"dup":false,"ev":"game","ms":52388,"predicted":false,"t":5,"tick":3007,"type":"hit"}
[client] {"a":0,"dup":false,"ev":"game","ms":52671,"predicted":false,"t":5,"tick":3024,"type":"hit"}
[client] {"a":6,"dup":true,"ev":"game","ms":52693,"predicted":false,"t":3,"tick":3030,"type":"hit"}
[client] {"a":9,"dup":false,"ev":"game","ms":52928,"predicted":false,"t":2,"tick":3039,"type":"hit"}
[client] {"a":3,"dup":false,"ev":"game","ms":53223,"predicted":false,"t":6,"tick":3057,"type":"hit"}
[client] {"a":9,"dup":false,"ev":"game","ms":53610,"predicted":false,"t":2,"tick":3080,"type":"hit"}
[client] {"a":3,"dup":false,"ev":"game","ms":53810,"predicted":false,"t":5,"tick":3092,"type":"block"}
[client] {"a":3,"dup":false,"ev":"game","ms":54045,"predicted":false,"t":5,"tick":3106,"type":"block"}
[client] {"a":3,"dup":false,"ev":"game","ms":54071,"predicted":false,"t":6,"tick":3108,"type":"hit"}
[client] {"a":0,"dup":false,"ev":"game","ms":54272,"predicted":false,"t":5,"tick":3120,"type":"block"}
[client] {"a":4,"dup":false,"ev":"game","ms":54624,"predicted":false,"t":5,"tick":3141,"type":"hit"}
[client] {"a":0,"dup":false,"ev":"game","ms":54658,"predicted":false,"t":5,"tick":3143,"type":"hit"}
[client] {"a":3,"dup":false,"ev":"game","ms":54727,"predicted":false,"t":5,"tick":3147,"type":"hit"}
[client] {"a":6,"dup":true,"ev":"game","ms":54727,"predicted":false,"t":3,"tick":3152,"type":"hit"}
[client] {"counts":{"blocks_on_me":0,"conf_actions":26,"confirmed_hits":121,"dup_confirmed":0,"hits_on_me":14,"pred_actions":27,"predicted_confirmed":11,"predicted_hits":54,"reconnects":1},"ev":"stats","hp":137.0,"in_bytes":622228,"late":0,"local_entity":6,"match":{"countdown_until":300,"ctrl":-1,"final":false,"next":"A","phase":3,"rot":737,"scores":[0,9],"sd":false,"state":3,"tick":2863,"zone":"B"},"max_err":2.473,"mean_err":0.1309,"ms":54927,"out_bytes":145131,"pending":12,"pos":[-0.66,-2.95],"reconciles":965,"server_tick":3163,"snaps":970,"teleports":3}
[client] {"a":0,"dup":false,"ev":"game","ms":54991,"predicted":false,"t":5,"tick":3163,"type":"hit"}
[client] {"a":5,"dup":false,"ev":"game","ms":54991,"predicted":false,"t":-1,"tick":3163,"type":"ko"}
[client] {"a":0,"dup":false,"ev":"game","ms":55045,"predicted":false,"t":6,"tick":3166,"type":"hit"}
[client] {"a":6,"dup":true,"ev":"game","ms":55355,"predicted":false,"t":0,"tick":3190,"type":"hit"}
[client] {"a":0,"dup":false,"ev":"game","ms":55846,"predicted":false,"t":6,"tick":3214,"type":"hit"}
[client] {"a":0,"dup":false,"ev":"game","ms":56211,"predicted":false,"t":6,"tick":3236,"type":"hit"}
[client] {"a":6,"dup":true,"ev":"game","ms":56494,"predicted":false,"t":0,"tick":3258,"type":"hit"}
[client] {"a":0,"dup":false,"ev":"game","ms":56963,"predicted":false,"t":6,"tick":3281,"type":"hit"}
[client] {"a":6,"dup":true,"ev":"game","ms":57247,"predicted":false,"t":0,"tick":3303,"type":"hit"}
[client] {"a":3,"dup":false,"ev":"game","ms":57529,"predicted":false,"t":6,"tick":3315,"type":"hit"}
[client] {"a":6,"dup":true,"ev":"game","ms":57826,"predicted":false,"t":3,"tick":3338,"type":"hit"}
[client] {"a":0,"dup":false,"ev":"game","ms":58060,"predicted":false,"t":6,"tick":3347,"type":"hit"}
[client] {"a":8,"dup":false,"ev":"game","ms":58544,"predicted":false,"t":4,"tick":3376,"type":"hit"}
[client] {"a":0,"dup":false,"ev":"game","ms":58564,"predicted":false,"t":6,"tick":3377,"type":"hit"}
[client] {"a":6,"dup":true,"ev":"game","ms":58850,"predicted":false,"t":0,"tick":3399,"type":"hit"}
[client] {"a":6,"dup":true,"ev":"game","ms":59309,"predicted":false,"t":0,"tick":3419,"type":"hit"}
[client] {"a":7,"dup":false,"ev":"game","ms":59578,"predicted":false,"t":0,"tick":3438,"type":"hit"}
[client] {"a":8,"dup":false,"ev":"game","ms":59579,"predicted":false,"t":0,"tick":3438,"type":"hit"}
[client] {"a":0,"dup":false,"ev":"game","ms":59579,"predicted":false,"t":-1,"tick":3438,"type":"ko"}
[client] {"a":6,"dup":false,"ev":"game","ms":59710,"predicted":false,"t":1,"tick":3451,"type":"block"}
[client] {"counts":{"blocks_on_me":0,"conf_actions":36,"confirmed_hits":138,"dup_confirmed":0,"hits_on_me":21,"pred_actions":40,"predicted_confirmed":17,"predicted_hits":77,"reconnects":1},"ev":"stats","hp":11.0,"in_bytes":692452,"late":0,"local_entity":6,"match":{"countdown_until":300,"ctrl":-1,"final":false,"next":"A","phase":3,"rot":437,"scores":[0,9],"sd":false,"state":3,"tick":3163,"zone":"B"},"max_err":3.304,"mean_err":0.1261,"ms":59930,"out_bytes":159831,"pending":12,"pos":[-0.66,-3.82],"reconciles":1065,"server_tick":3463,"snaps":1070,"teleports":3}
[client] {"a":8,"dup":false,"ev":"game","ms":61366,"predicted":false,"t":1,"tick":3545,"type":"block"}
[client] {"a":9,"dup":false,"ev":"game","ms":61497,"predicted":false,"t":1,"tick":3553,"type":"block"}
[client] {"a":7,"dup":false,"ev":"game","ms":61649,"predicted":false,"t":1,"tick":3560,"type":"block"}
[client] {"a":2,"dup":false,"ev":"game","ms":62429,"predicted":false,"t":7,"tick":3609,"type":"hit"}
[client] {"a":8,"dup":false,"ev":"game","ms":62677,"predicted":false,"t":1,"tick":3624,"type":"guard_break"}
[client] {"a":9,"dup":false,"ev":"game","ms":62815,"predicted":false,"t":1,"tick":3632,"type":"hit"}
[client] {"a":2,"dup":false,"ev":"game","ms":63063,"predicted":false,"t":8,"tick":3647,"type":"hit"}
[client] {"a":2,"dup":false,"ev":"game","ms":63064,"predicted":false,"t":9,"tick":3647,"type":"hit"}
[client] {"counts":{"blocks_on_me":0,"conf_actions":37,"confirmed_hits":142,"dup_confirmed":0,"hits_on_me":21,"pred_actions":41,"predicted_confirmed":17,"predicted_hits":77,"reconnects":1},"ev":"stats","hp":11.0,"in_bytes":746496,"late":0,"local_entity":6,"match":{"countdown_until":300,"ctrl":-1,"final":false,"next":"A","phase":3,"rot":137,"scores":[0,9],"sd":false,"state":3,"tick":3463,"zone":"B"},"max_err":3.304,"mean_err":0.1168,"ms":64932,"out_bytes":174531,"pending":12,"pos":[0.28,-2.92],"reconciles":1158,"server_tick":3763,"snaps":1163,"teleports":3}
[client] {"a":5,"dup":false,"ev":"game","ms":64995,"predicted":false,"t":-1,"tick":3763,"type":"respawn"}
[client] {"a":6,"dup":true,"ev":"game","ms":65133,"predicted":false,"t":2,"tick":3776,"type":"hit"}
[client] {"a":6,"dup":true,"ev":"game","ms":67168,"predicted":false,"t":2,"tick":3898,"type":"hit"}
[client] {"a":-1,"dup":false,"ev":"game","ms":67265,"predicted":false,"t":-1,"tick":3899,"type":"zone_rotated"}
[client] {"a":6,"dup":false,"ev":"game","ms":67596,"predicted":false,"t":2,"tick":3924,"type":"block"}
[client] {"a":6,"dup":false,"ev":"game","ms":67934,"predicted":false,"t":2,"tick":3943,"type":"block"}
[client] {"a":6,"dup":false,"ev":"game","ms":69308,"predicted":false,"t":1,"tick":4026,"type":"guard_break"}
[client] {"a":0,"dup":false,"ev":"game","ms":69590,"predicted":false,"t":-1,"tick":4038,"type":"respawn"}
[client] {"a":6,"dup":true,"ev":"game","ms":69680,"predicted":false,"t":1,"tick":4048,"type":"hit"}
[client] {"counts":{"blocks_on_me":0,"conf_actions":45,"confirmed_hits":145,"dup_confirmed":0,"hits_on_me":21,"pred_actions":49,"predicted_confirmed":20,"predicted_hits":84,"reconnects":1},"ev":"stats","hp":11.0,"in_bytes":803113,"late":0,"local_entity":6,"match":{"countdown_until":300,"ctrl":-1,"final":false,"next":"","phase":3,"rot":3437,"scores":[0,9],"sd":false,"state":1,"tick":3763,"zone":"A"},"max_err":3.304,"mean_err":0.1079,"ms":69928,"out_bytes":189231,"pending":12,"pos":[-0.2,-4.26],"reconciles":1254,"server_tick":4063,"snaps":1259,"teleports":3}
[client] {"a":6,"dup":false,"ev":"game","ms":70095,"predicted":false,"t":1,"tick":4073,"type":"guard_break"}
[client] {"a":6,"dup":true,"ev":"game","ms":70680,"predicted":false,"t":1,"tick":4108,"type":"hit"}
[client] {"counts":{"blocks_on_me":0,"conf_actions":47,"confirmed_hits":146,"dup_confirmed":0,"hits_on_me":21,"pred_actions":51,"predicted_confirmed":21,"predicted_hits":85,"reconnects":1},"ev":"stats","hp":11.0,"in_bytes":862753,"late":0,"local_entity":6,"match":{"countdown_until":300,"ctrl":0,"final":false,"next":"","phase":3,"rot":3137,"scores":[3,9],"sd":false,"state":2,"tick":4063,"zone":"A"},"max_err":3.304,"mean_err":0.1024,"ms":74930,"out_bytes":203931,"pending":12,"pos":[-17.16,-10.59],"reconciles":1352,"server_tick":4363,"snaps":1357,"teleports":3}
[client] {"a":3,"dup":false,"ev":"game","ms":76504,"predicted":false,"t":5,"tick":4454,"type":"hit"}
[client] {"a":4,"dup":false,"ev":"game","ms":76594,"predicted":false,"t":5,"tick":4459,"type":"hit"}
[client] {"a":4,"dup":false,"ev":"game","ms":77304,"predicted":false,"t":5,"tick":4501,"type":"hit"}
[client] {"a":3,"dup":false,"ev":"game","ms":77476,"predicted":false,"t":5,"tick":4511,"type":"hit"}
[client] {"a":3,"dup":false,"ev":"game","ms":77725,"predicted":false,"t":5,"tick":4526,"type":"hit"}
[client] {"a":4,"dup":false,"ev":"game","ms":77925,"predicted":false,"t":9,"tick":4538,"type":"hit"}
[client] {"a":4,"dup":false,"ev":"game","ms":77973,"predicted":false,"t":5,"tick":4541,"type":"hit"}
[client] {"a":4,"dup":false,"ev":"game","ms":78076,"predicted":false,"t":7,"tick":4548,"type":"hit"}
[client] {"a":4,"dup":false,"ev":"game","ms":78077,"predicted":false,"t":8,"tick":4548,"type":"hit"}
[client] {"a":8,"dup":false,"ev":"game","ms":78907,"predicted":false,"t":4,"tick":4597,"type":"hit"}
[client] {"a":7,"dup":false,"ev":"game","ms":78943,"predicted":false,"t":4,"tick":4600,"type":"hit"}
[client] {"a":9,"dup":false,"ev":"game","ms":78962,"predicted":false,"t":4,"tick":4601,"type":"hit"}
[client] {"a":6,"dup":true,"ev":"game","ms":79011,"predicted":false,"t":3,"tick":4609,"type":"hit"}
[client] {"a":3,"dup":false,"ev":"game","ms":79059,"predicted":false,"t":5,"tick":4607,"type":"hit"}
[client] {"a":6,"dup":true,"ev":"game","ms":79728,"predicted":false,"t":4,"tick":4652,"type":"hit"}
[client] {"counts":{"blocks_on_me":0,"conf_actions":50,"confirmed_hits":161,"dup_confirmed":0,"hits_on_me":21,"pred_actions":54,"predicted_confirmed":23,"predicted_hits":89,"reconnects":1},"ev":"stats","hp":49.6999999999999,"in_bytes":933885,"late":0,"local_entity":6,"match":{"countdown_until":300,"ctrl":-1,"final":false,"next":"","phase":3,"rot":2837,"scores":[3,9],"sd":false,"state":3,"tick":4363,"zone":"A"},"max_err":3.304,"mean_err":0.0978,"ms":79928,"out_bytes":218631,"pending":12,"pos":[-40.71,-0.05],"reconciles":1450,"server_tick":4663,"snaps":1455,"teleports":3}
[client] {"counts":{"blocks_on_me":0,"conf_actions":50,"confirmed_hits":161,"dup_confirmed":0,"hits_on_me":21,"pred_actions":54,"predicted_confirmed":23,"predicted_hits":89,"reconnects":1},"ev":"stats","hp":49.6999999999999,"in_bytes":935030,"late":0,"local_entity":6,"match":{"countdown_until":300,"ctrl":-1,"final":false,"next":"","phase":3,"rot":2831,"scores":[3,9],"sd":false,"state":3,"tick":4369,"zone":"A"},"max_err":3.304,"mean_err":0.0976,"ms":80011,"out_bytes":218876,"pending":11,"pos":[-40.75,-0.09],"reconciles":1452,"server_tick":4668,"snaps":1457,"teleports":3}
ERROR: 1 RID allocations of type '11NavRegion3D' were leaked at exit.
ERROR: 1 RID allocations of type '8NavMap3D' were leaked at exit.
