Godot Engine v4.7.2.stable.official.ed1daf0bf - https://godotengine.org
Vulkan 1.4.318 - Forward+ - Using Device #0: Unknown - llvmpipe (LLVM 20.1.2, 256 bits)
libpulse.so.0: cannot open shared object file: No such file or directory
libpulse.so.0: cannot open shared object file: No such file or directory
ALSA lib confmisc.c:855:(parse_card) cannot find card '0'
ALSA lib conf.c:5204:(_snd_config_evaluate) function snd_func_card_inum returned error: No such file or directory
ALSA lib confmisc.c:422:(snd_func_concat) error evaluating strings
ALSA lib conf.c:5204:(_snd_config_evaluate) function snd_func_concat returned error: No such file or directory
ALSA lib confmisc.c:1342:(snd_func_refer) error evaluating name
ALSA lib conf.c:5204:(_snd_config_evaluate) function snd_func_refer returned error: No such file or directory
ALSA lib conf.c:5727:(snd_config_expand) Evaluate error: No such file or directory
ALSA lib pcm.c:2721:(snd_pcm_open_noupdate) Unknown PCM default
ERROR: Condition "status < 0" is true. Returning: ERR_CANT_OPEN
   at: init_output_device (drivers/alsa/audio_driver_alsa.cpp:97)
WARNING: All audio drivers failed, falling back to the dummy driver.
     at: initialize (servers/audio/audio_server.cpp:258)

shot 1280x720/splash OK
shot 1280x720/menu_home OK
shot 1280x720/menu_offline_setup OK
shot 1280x720/menu_training_setup OK
shot 1280x720/menu_collection OK
shot 1280x720/menu_history_offline OK
shot 1280x720/menu_history_replays OK
shot 1280x720/menu_credits OK
shot 1280x720/menu_quit_confirm OK
shot 1280x720/menu_online_unconfigured OK
shot 1280x720/menu_online_error_insecure_url OK
shot 1280x720/menu_online_account_error_fixture OK
shot 1280x720/menu_online_account_signed_in_fixture OK
shot 1280x720/menu_online_party_fixture OK
shot 1280x720/menu_online_play_fixture OK
shot 1280x720/menu_online_queued_fixture OK
shot 1280x720/menu_online_match_found_fixture OK
shot 1280x720/menu_online_private_fixture OK
shot 1280x720/menu_online_servers_fixture OK
shot 1280x720/menu_history_online_fixture OK
shot 1280x720/settings_display OK
shot 1280x720/settings_audio OK
shot 1280x720/settings_controls OK
shot 1280x720/settings_controls_rebind_prompt OK
shot 1280x720/settings_controls_conflict_prompt OK
shot 1280x720/settings_accessibility OK
shot 1280x720/settings_online_error OK
shot 1280x720/results_victory OK
shot 1280x720/results_defeat OK
shot 1280x720/lobby_10_players_fixture OK
shot 1280x720/lobby_character_select_fixture OK
shot 1280x720/lobby_error_connection_failed OK
shot 1920x1080/splash OK
shot 1920x1080/menu_home OK
shot 1920x1080/menu_offline_setup OK
shot 1920x1080/menu_training_setup OK
shot 1920x1080/menu_collection OK
shot 1920x1080/menu_history_offline OK
shot 1920x1080/menu_history_replays OK
shot 1920x1080/menu_credits OK
shot 1920x1080/menu_quit_confirm OK
shot 1920x1080/menu_online_unconfigured OK
shot 1920x1080/menu_online_error_insecure_url OK
shot 1920x1080/menu_online_account_error_fixture OK
shot 1920x1080/menu_online_account_signed_in_fixture OK
shot 1920x1080/menu_online_party_fixture OK
shot 1920x1080/menu_online_play_fixture OK
shot 1920x1080/menu_online_queued_fixture OK
shot 1920x1080/menu_online_match_found_fixture OK
shot 1920x1080/menu_online_private_fixture OK
shot 1920x1080/menu_online_servers_fixture OK
shot 1920x1080/menu_history_online_fixture OK
shot 1920x1080/settings_display OK
shot 1920x1080/settings_audio OK
shot 1920x1080/settings_controls OK
shot 1920x1080/settings_controls_rebind_prompt OK
shot 1920x1080/settings_controls_conflict_prompt OK
shot 1920x1080/settings_accessibility OK
shot 1920x1080/settings_online_error OK
shot 1920x1080/results_victory OK
shot 1920x1080/results_defeat OK
shot 1920x1080/lobby_10_players_fixture OK
shot 1920x1080/lobby_character_select_fixture OK
shot 1920x1080/lobby_error_connection_failed OK
shot 3440x1440/splash OK
shot 3440x1440/menu_home OK
shot 3440x1440/menu_offline_setup OK
shot 3440x1440/menu_training_setup OK
shot 3440x1440/menu_collection OK
shot 3440x1440/menu_history_offline OK
shot 3440x1440/menu_history_replays OK
shot 3440x1440/menu_credits OK
shot 3440x1440/menu_quit_confirm OK
shot 3440x1440/menu_online_unconfigured OK
shot 3440x1440/menu_online_error_insecure_url OK
shot 3440x1440/menu_online_account_error_fixture OK
shot 3440x1440/menu_online_account_signed_in_fixture OK
shot 3440x1440/menu_online_party_fixture OK
shot 3440x1440/menu_online_play_fixture OK
shot 3440x1440/menu_online_queued_fixture OK
shot 3440x1440/menu_online_match_found_fixture OK
shot 3440x1440/menu_online_private_fixture OK
shot 3440x1440/menu_online_servers_fixture OK
shot 3440x1440/menu_history_online_fixture OK
shot 3440x1440/settings_display OK
shot 3440x1440/settings_audio OK
shot 3440x1440/settings_controls OK
shot 3440x1440/settings_controls_rebind_prompt OK
shot 3440x1440/settings_controls_conflict_prompt OK
shot 3440x1440/settings_accessibility OK
shot 3440x1440/settings_online_error OK
shot 3440x1440/results_victory OK
shot 3440x1440/results_defeat OK
shot 3440x1440/lobby_10_players_fixture OK
shot 3440x1440/lobby_character_select_fixture OK
shot 3440x1440/lobby_error_connection_failed OK
PASS home_initial_focus: focus=Menu_offline
PASS home_down_moves_focus: focus=Menu_online
PASS accept_opens_training: screen=training
PASS select_right_changes_fighter: nyx -> bruno
PASS cancel_goes_back_home: screen=home
PASS pad_rb_switches_tab: tab=1
PASS settings_lb_switches_tab: tab=1
PASS settings_cancel_closes_overlay: panel=<null>
PASS cancel_on_home_asks_to_quit: quit dialog open=true
UI SCREENSHOTS: 96 shots, 9 interactions, 0 failures, 0 engine errors -> /home/user/Wildrush/evidence/ui
WARNING: 35 ObjectDB instances were leaked at exit (run with `--verbose` for details).
   at: cleanup (core/object/object.cpp:2536)
