Godot Engine v4.7.2.stable.official.ed1daf0bf - https://godotengine.org

[client] {"detail":"127.0.0.1:24610","ev":"status","ms":1,"status":"connecting"}
[client] {"detail":"","ev":"status","ms":16,"status":"connected"}
[client] {"ev":"welcome","ms":23,"observer":false,"pid":2}
[client] {"ev":"pick","f":"nyx","ms":2665}
[client] {"ev":"lock","f":"nyx","ms":3514}
[client] {"ev":"match_setup","fighters":10,"ms":4552,"you":0}
[client] {"counts":{"blocks_on_me":0,"conf_actions":0,"confirmed_hits":0,"dup_confirmed":0,"hits_on_me":0,"pred_actions":0,"predicted_confirmed":0,"predicted_hits":0,"reconnects":0},"ev":"stats","hp":220.0,"in_bytes":77578,"late":0,"local_entity":0,"match":{"countdown_until":300,"ctrl":-1,"final":false,"next":"","phase":2,"rot":3600,"scores":[0,0],"sd":false,"state":1,"tick":0,"zone":""},"max_err":0.0,"mean_err":0.0,"ms":4961,"out_bytes":1241,"pending":25,"pos":[-5.65,-45.96],"reconciles":7,"server_tick":25,"snaps":8,"teleports":1}
[client] {"counts":{"blocks_on_me":0,"conf_actions":0,"confirmed_hits":0,"dup_confirmed":0,"hits_on_me":0,"pred_actions":0,"predicted_confirmed":0,"predicted_hits":0,"reconnects":0},"ev":"stats","hp":220.0,"in_bytes":119112,"late":0,"local_entity":0,"match":{"countdown_until":300,"ctrl":-1,"final":false,"next":"","phase":3,"rot":3575,"scores":[0,0],"sd":false,"state":1,"tick":25,"zone":"B"},"max_err":3.405,"mean_err":0.2407,"ms":9956,"out_bytes":15941,"pending":5,"pos":[-5.47,-45.0],"reconciles":106,"server_tick":325,"snaps":107,"teleports":1}
[client] {"counts":{"blocks_on_me":0,"conf_actions":0,"confirmed_hits":0,"dup_confirmed":0,"hits_on_me":0,"pred_actions":0,"predicted_confirmed":0,"predicted_hits":0,"reconnects":0},"ev":"stats","hp":220.0,"in_bytes":173410,"late":0,"local_entity":0,"match":{"countdown_until":300,"ctrl":1,"final":false,"next":"","phase":3,"rot":3275,"scores":[0,0],"sd":false,"state":2,"tick":325,"zone":"B"},"max_err":3.405,"mean_err":0.1269,"ms":14952,"out_bytes":30641,"pending":5,"pos":[-0.51,-9.72],"reconciles":206,"server_tick":624,"snaps":207,"teleports":1}
[client] {"a":6,"dup":false,"ev":"game","ms":16575,"predicted":false,"t":1,"tick":717,"type":"hit"}
[client] {"a":6,"dup":false,"ev":"game","ms":16609,"predicted":false,"t":0,"tick":719,"type":"hit"}
[client] {"a":0,"dup":true,"ev":"game","ms":16892,"predicted":false,"t":6,"tick":741,"type":"hit"}
[client] {"a":6,"dup":false,"ev":"game","ms":16941,"predicted":false,"t":1,"tick":739,"type":"hit"}
[client] {"a":0,"dup":true,"ev":"game","ms":17258,"predicted":false,"t":8,"tick":762,"type":"hit"}
[client] {"a":0,"dup":true,"ev":"game","ms":17258,"predicted":false,"t":6,"tick":763,"type":"hit"}
[client] {"a":4,"dup":false,"ev":"game","ms":17292,"predicted":false,"t":6,"tick":760,"type":"hit"}
[client] {"a":0,"dup":false,"ev":"game","ms":17292,"predicted":false,"t":9,"tick":765,"type":"hit"}
[client] {"a":4,"dup":false,"ev":"game","ms":17306,"predicted":false,"t":8,"tick":761,"type":"hit"}
[client] {"a":1,"dup":false,"ev":"game","ms":17354,"predicted":false,"t":6,"tick":764,"type":"hit"}
[client] {"a":1,"dup":false,"ev":"game","ms":17375,"predicted":false,"t":8,"tick":765,"type":"hit"}
[client] {"a":4,"dup":false,"ev":"game","ms":17642,"predicted":false,"t":6,"tick":781,"type":"hit"}
[client] {"a":0,"dup":true,"ev":"game","ms":17676,"predicted":false,"t":6,"tick":788,"type":"hit"}
[client] {"a":0,"dup":true,"ev":"game","ms":17676,"predicted":false,"t":8,"tick":788,"type":"hit"}
[client] {"a":0,"dup":true,"ev":"game","ms":17696,"predicted":false,"t":7,"tick":789,"type":"hit"}
[client] {"a":0,"dup":true,"ev":"game","ms":17909,"predicted":false,"t":6,"tick":802,"type":"hit"}
[client] {"a":0,"dup":true,"ev":"game","ms":17923,"predicted":false,"t":5,"tick":803,"type":"hit"}
[client] {"a":0,"dup":true,"ev":"game","ms":17944,"predicted":false,"t":7,"tick":804,"type":"hit"}
[client] {"a":0,"dup":true,"ev":"game","ms":17958,"predicted":false,"t":8,"tick":805,"type":"hit"}
[client] {"a":4,"dup":false,"ev":"game","ms":18062,"predicted":false,"t":6,"tick":806,"type":"hit"}
[client] {"a":8,"dup":false,"ev":"game","ms":18546,"predicted":false,"t":0,"tick":835,"type":"hit"}
[client] {"a":4,"dup":false,"ev":"game","ms":18746,"predicted":false,"t":8,"tick":847,"type":"hit"}
[client] {"a":0,"dup":false,"ev":"game","ms":18827,"predicted":false,"t":7,"tick":857,"type":"hit"}
[client] {"a":0,"dup":false,"ev":"game","ms":18862,"predicted":false,"t":9,"tick":859,"type":"hit"}
[client] {"a":5,"dup":false,"ev":"game","ms":19112,"predicted":false,"t":0,"tick":869,"type":"hit"}
[client] {"a":6,"dup":false,"ev":"game","ms":19148,"predicted":false,"t":0,"tick":871,"type":"hit"}
[client] {"a":9,"dup":false,"ev":"game","ms":19359,"predicted":false,"t":1,"tick":884,"type":"hit"}
[client] {"a":7,"dup":false,"ev":"game","ms":19476,"predicted":false,"t":3,"tick":891,"type":"hit"}
[client] {"a":4,"dup":false,"ev":"game","ms":19759,"predicted":false,"t":5,"tick":908,"type":"hit"}
[client] {"a":4,"dup":false,"ev":"game","ms":19794,"predicted":false,"t":6,"tick":910,"type":"hit"}
[client] {"a":7,"dup":false,"ev":"game","ms":19828,"predicted":false,"t":3,"tick":912,"type":"hit"}
[client] {"counts":{"blocks_on_me":0,"conf_actions":9,"confirmed_hits":31,"dup_confirmed":0,"hits_on_me":4,"pred_actions":9,"predicted_confirmed":10,"predicted_hits":22,"reconnects":0},"ev":"stats","hp":148.0,"in_bytes":249619,"late":0,"local_entity":0,"match":{"countdown_until":300,"ctrl":-1,"final":false,"next":"","phase":3,"rot":2975,"scores":[0,0],"sd":false,"state":3,"tick":625,"zone":"B"},"max_err":3.405,"mean_err":0.1002,"ms":19958,"out_bytes":45341,"pending":5,"pos":[-1.93,-3.3],"reconciles":306,"server_tick":925,"snaps":307,"teleports":1}
[client] {"a":9,"dup":false,"ev":"game","ms":19994,"predicted":false,"t":4,"tick":922,"type":"hit"}
[client] {"a":7,"dup":false,"ev":"game","ms":20125,"predicted":false,"t":3,"tick":930,"type":"hit"}
[client] {"a":0,"dup":true,"ev":"game","ms":20243,"predicted":false,"t":9,"tick":942,"type":"hit"}
[client] {"a":0,"dup":true,"ev":"game","ms":20263,"predicted":false,"t":8,"tick":943,"type":"hit"}
[client] {"a":1,"dup":false,"ev":"game","ms":20414,"predicted":false,"t":9,"tick":947,"type":"hit"}
[client] {"a":1,"dup":false,"ev":"game","ms":20442,"predicted":false,"t":8,"tick":949,"type":"hit"}
[client] {"a":3,"dup":false,"ev":"game","ms":20525,"predicted":false,"t":7,"tick":954,"type":"hit"}
[client] {"a":2,"dup":false,"ev":"game","ms":20628,"predicted":false,"t":7,"tick":960,"type":"hit"}
[client] {"a":5,"dup":false,"ev":"game","ms":20643,"predicted":false,"t":0,"tick":961,"type":"hit"}
[client] {"a":5,"dup":false,"ev":"game","ms":21064,"predicted":false,"t":4,"tick":986,"type":"hit"}
[client] {"a":0,"dup":true,"ev":"game","ms":21180,"predicted":false,"t":5,"tick":998,"type":"hit"}
[client] {"a":0,"dup":true,"ev":"game","ms":21228,"predicted":false,"t":6,"tick":1001,"type":"hit"}
[client] {"a":9,"dup":false,"ev":"game","ms":21346,"predicted":false,"t":0,"tick":1003,"type":"hit"}
[client] {"a":4,"dup":false,"ev":"game","ms":21465,"predicted":false,"t":5,"tick":1010,"type":"hit"}
[client] {"a":1,"dup":false,"ev":"game","ms":21560,"predicted":false,"t":9,"tick":1016,"type":"hit"}
[client] {"a":1,"dup":false,"ev":"game","ms":21580,"predicted":false,"t":5,"tick":1017,"type":"hit"}
[client] {"a":1,"dup":false,"ev":"game","ms":21628,"predicted":false,"t":6,"tick":1020,"type":"hit"}
[client] {"a":6,"dup":false,"ev":"game","ms":21629,"predicted":false,"t":-1,"tick":1020,"type":"ko"}
[client] {"a":8,"dup":false,"ev":"game","ms":21678,"predicted":false,"t":1,"tick":1023,"type":"hit"}
[client] {"a":1,"dup":false,"ev":"game","ms":22066,"predicted":false,"t":8,"tick":1046,"type":"hit"}
[client] {"a":7,"dup":false,"ev":"game","ms":22078,"predicted":false,"t":3,"tick":1047,"type":"hit"}
[client] {"a":9,"dup":false,"ev":"game","ms":22361,"predicted":false,"t":4,"tick":1064,"type":"hit"}
[client] {"a":1,"dup":false,"ev":"game","ms":22382,"predicted":false,"t":8,"tick":1065,"type":"hit"}
[client] {"a":2,"dup":false,"ev":"game","ms":22382,"predicted":false,"t":7,"tick":1065,"type":"hit"}
[client] {"a":8,"dup":false,"ev":"game","ms":22382,"predicted":false,"t":-1,"tick":1065,"type":"ko"}
[client] {"a":7,"dup":false,"ev":"game","ms":22747,"predicted":false,"t":3,"tick":1087,"type":"block"}
[client] {"a":7,"dup":false,"ev":"game","ms":22796,"predicted":false,"t":2,"tick":1090,"type":"hit"}
[client] {"a":4,"dup":false,"ev":"game","ms":22829,"predicted":false,"t":9,"tick":1092,"type":"hit"}
[client] {"a":0,"dup":true,"ev":"game","ms":22829,"predicted":false,"t":9,"tick":1097,"type":"hit"}
[client] {"a":7,"dup":false,"ev":"game","ms":23064,"predicted":false,"t":3,"tick":1106,"type":"hit"}
[client] {"a":5,"dup":false,"ev":"game","ms":23181,"predicted":false,"t":4,"tick":1113,"type":"hit"}
[client] {"a":5,"dup":false,"ev":"game","ms":23215,"predicted":false,"t":0,"tick":1115,"type":"hit"}
[client] {"a":3,"dup":false,"ev":"game","ms":23430,"predicted":false,"t":7,"tick":1128,"type":"hit"}
[client] {"a":3,"dup":false,"ev":"game","ms":23783,"predicted":false,"t":7,"tick":1149,"type":"hit"}
[client] {"a":9,"dup":false,"ev":"game","ms":23921,"predicted":false,"t":1,"tick":1157,"type":"hit"}
[client] {"a":2,"dup":false,"ev":"game","ms":24094,"predicted":false,"t":7,"tick":1168,"type":"hit"}
[client] {"a":0,"dup":true,"ev":"game","ms":24127,"predicted":false,"t":5,"tick":1175,"type":"hit"}
[client] {"a":9,"dup":false,"ev":"game","ms":24223,"predicted":false,"t":1,"tick":1176,"type":"hit"}
[client] {"a":3,"dup":false,"ev":"game","ms":24423,"predicted":false,"t":7,"tick":1188,"type":"hit"}
[client] {"a":5,"dup":false,"ev":"game","ms":24672,"predicted":false,"t":0,"tick":1203,"type":"hit"}
[client] {"a":5,"dup":false,"ev":"game","ms":24706,"predicted":false,"t":1,"tick":1205,"type":"hit"}
[client] {"a":3,"dup":false,"ev":"game","ms":24754,"predicted":false,"t":7,"tick":1208,"type":"hit"}
[client] {"counts":{"blocks_on_me":0,"conf_actions":17,"confirmed_hits":70,"dup_confirmed":0,"hits_on_me":8,"pred_actions":17,"predicted_confirmed":16,"predicted_hits":36,"reconnects":0},"ev":"stats","hp":56.0,"in_bytes":329575,"late":0,"local_entity":0,"match":{"countdown_until":300,"ctrl":-1,"final":false,"next":"","phase":3,"rot":2675,"scores":[0,0],"sd":false,"state":3,"tick":925,"zone":"B"},"max_err":3.405,"mean_err":0.0887,"ms":24953,"out_bytes":60041,"pending":5,"pos":[-2.49,-2.32],"reconciles":406,"server_tick":1224,"snaps":407,"teleports":1}
[client] {"a":0,"dup":true,"ev":"game","ms":24976,"predicted":false,"t":5,"tick":1226,"type":"hit"}
[client] {"a":3,"dup":false,"ev":"game","ms":25155,"predicted":false,"t":7,"tick":1232,"type":"hit"}
[client] {"a":0,"dup":true,"ev":"game","ms":25542,"predicted":false,"t":5,"tick":1260,"type":"hit"}
[client] {"a":7,"dup":false,"ev":"game","ms":25810,"predicted":false,"t":3,"tick":1271,"type":"hit"}
[client] {"a":5,"dup":false,"ev":"game","ms":26024,"predicted":false,"t":0,"tick":1284,"type":"hit"}
[client] {"a":0,"dup":true,"ev":"game","ms":26592,"predicted":false,"t":5,"tick":1323,"type":"hit"}
[client] {"a":0,"dup":true,"ev":"game","ms":26611,"predicted":false,"t":9,"tick":1324,"type":"hit"}
[client] {"a":3,"dup":false,"ev":"game","ms":26909,"predicted":false,"t":7,"tick":1337,"type":"hit"}
[client] {"a":7,"dup":false,"ev":"game","ms":26909,"predicted":false,"t":-1,"tick":1337,"type":"ko"}
[client] {"a":0,"dup":true,"ev":"game","ms":27294,"predicted":false,"t":5,"tick":1365,"type":"hit"}
[client] {"a":0,"dup":true,"ev":"game","ms":27494,"predicted":false,"t":5,"tick":1377,"type":"hit"}
[client] {"a":0,"dup":true,"ev":"game","ms":27543,"predicted":false,"t":9,"tick":1380,"type":"hit"}
[client] {"a":0,"dup":true,"ev":"game","ms":27956,"predicted":false,"t":5,"tick":1405,"type":"hit"}
[client] {"a":5,"dup":false,"ev":"game","ms":28040,"predicted":false,"t":-1,"tick":1405,"type":"ko"}
[client] {"a":9,"dup":false,"ev":"game","ms":28108,"predicted":false,"t":0,"tick":1409,"type":"hit"}
[client] {"a":9,"dup":false,"ev":"game","ms":28426,"predicted":false,"t":0,"tick":1428,"type":"hit"}
[client] {"a":0,"dup":false,"ev":"game","ms":28660,"predicted":false,"t":-1,"tick":1447,"type":"ko"}
[client] {"a":9,"dup":false,"ev":"game","ms":28743,"predicted":false,"t":0,"tick":1447,"type":"hit"}
[client] {"counts":{"blocks_on_me":0,"conf_actions":23,"confirmed_hits":85,"dup_confirmed":0,"hits_on_me":12,"pred_actions":23,"predicted_confirmed":24,"predicted_hits":52,"reconnects":0},"ev":"stats","hp":0.0,"in_bytes":392859,"late":0,"local_entity":0,"match":{"countdown_until":300,"ctrl":-1,"final":false,"next":"","phase":3,"rot":2375,"scores":[0,0],"sd":false,"state":3,"tick":1225,"zone":"B"},"max_err":3.405,"mean_err":0.0756,"ms":29957,"out_bytes":74741,"pending":5,"pos":[-2.89,-0.98],"reconciles":506,"server_tick":1524,"snaps":507,"teleports":1}
[client] {"a":9,"dup":false,"ev":"game","ms":30012,"predicted":false,"t":4,"tick":1523,"type":"hit"}
[client] {"a":9,"dup":false,"ev":"game","ms":30612,"predicted":false,"t":1,"tick":1559,"type":"hit"}
[client] {"a":1,"dup":false,"ev":"game","ms":30959,"predicted":false,"t":9,"tick":1580,"type":"hit"}
[client] {"a":3,"dup":false,"ev":"game","ms":30979,"predicted":false,"t":9,"tick":1581,"type":"hit"}
[client] {"a":9,"dup":false,"ev":"game","ms":30979,"predicted":false,"t":-1,"tick":1581,"type":"ko"}
[client] {"a":6,"dup":false,"ev":"game","ms":31627,"predicted":false,"t":-1,"tick":1620,"type":"respawn"}
[client] {"a":8,"dup":false,"ev":"game","ms":32379,"predicted":false,"t":-1,"tick":1665,"type":"respawn"}
[client] {"counts":{"blocks_on_me":0,"conf_actions":23,"confirmed_hits":89,"dup_confirmed":0,"hits_on_me":12,"pred_actions":23,"predicted_confirmed":24,"predicted_hits":52,"reconnects":0},"ev":"stats","hp":0.0,"in_bytes":446209,"late":0,"local_entity":0,"match":{"countdown_until":300,"ctrl":0,"final":false,"next":"","phase":3,"rot":2075,"scores":[4,0],"sd":false,"state":2,"tick":1525,"zone":"B"},"max_err":3.405,"mean_err":0.0631,"ms":34959,"out_bytes":89441,"pending":5,"pos":[-2.89,-0.98],"reconciles":606,"server_tick":1825,"snaps":607,"teleports":1}
[client] {"a":7,"dup":false,"ev":"game","ms":36905,"predicted":false,"t":-1,"tick":1937,"type":"respawn"}
[client] {"a":5,"dup":false,"ev":"game","ms":38044,"predicted":false,"t":-1,"tick":2005,"type":"respawn"}
[client] {"a":0,"dup":false,"ev":"game","ms":38644,"predicted":false,"t":-1,"tick":2047,"type":"respawn"}
[client] {"a":1,"dup":false,"ev":"game","ms":39128,"predicted":false,"t":6,"tick":2070,"type":"hit"}
[client] {"counts":{"blocks_on_me":0,"conf_actions":23,"confirmed_hits":90,"dup_confirmed":0,"hits_on_me":12,"pred_actions":23,"predicted_confirmed":24,"predicted_hits":52,"reconnects":0},"ev":"stats","hp":220.0,"in_bytes":501587,"late":0,"local_entity":0,"match":{"countdown_until":300,"ctrl":-1,"final":false,"next":"","phase":3,"rot":1775,"scores":[6,0],"sd":false,"state":3,"tick":1825,"zone":"B"},"max_err":3.405,"mean_err":0.0543,"ms":39961,"out_bytes":104141,"pending":5,"pos":[4.74,-39.94],"reconciles":705,"server_tick":2125,"snaps":707,"teleports":2}
[client] {"a":4,"dup":false,"ev":"game","ms":40045,"predicted":false,"t":6,"tick":2125,"type":"hit"}
[client] {"a":3,"dup":false,"ev":"game","ms":40177,"predicted":false,"t":6,"tick":2133,"type":"hit"}
[client] {"a":1,"dup":false,"ev":"game","ms":40190,"predicted":false,"t":8,"tick":2134,"type":"hit"}
[client] {"a":4,"dup":false,"ev":"game","ms":40376,"predicted":false,"t":6,"tick":2145,"type":"hit"}
[client] {"a":2,"dup":false,"ev":"game","ms":40410,"predicted":false,"t":6,"tick":2147,"type":"hit"}
[client] {"a":3,"dup":false,"ev":"game","ms":40507,"predicted":false,"t":6,"tick":2153,"type":"hit"}
[client] {"a":8,"dup":false,"ev":"game","ms":40673,"predicted":false,"t":1,"tick":2163,"type":"hit"}
[client] {"a":4,"dup":false,"ev":"game","ms":40791,"predicted":false,"t":6,"tick":2170,"type":"block"}
[client] {"a":2,"dup":false,"ev":"game","ms":40845,"predicted":false,"t":6,"tick":2173,"type":"hit"}
[client] {"a":9,"dup":false,"ev":"game","ms":40978,"predicted":false,"t":-1,"tick":2181,"type":"respawn"}
[client] {"a":8,"dup":false,"ev":"game","ms":41274,"predicted":false,"t":1,"tick":2199,"type":"hit"}
[client] {"a":4,"dup":false,"ev":"game","ms":41446,"predicted":false,"t":6,"tick":2209,"type":"hit"}
[client] {"a":4,"dup":false,"ev":"game","ms":41695,"predicted":false,"t":6,"tick":2224,"type":"hit"}
[client] {"a":8,"dup":false,"ev":"game","ms":41859,"predicted":false,"t":1,"tick":2234,"type":"hit"}
[client] {"a":8,"dup":false,"ev":"game","ms":41873,"predicted":false,"t":3,"tick":2235,"type":"hit"}
[client] {"a":4,"dup":false,"ev":"game","ms":42660,"predicted":false,"t":8,"tick":2282,"type":"hit"}
[client] {"a":3,"dup":false,"ev":"game","ms":42963,"predicted":false,"t":8,"tick":2300,"type":"hit"}
[client] {"a":6,"dup":false,"ev":"game","ms":42977,"predicted":false,"t":2,"tick":2301,"type":"hit"}
[client] {"a":4,"dup":false,"ev":"game","ms":42991,"predicted":false,"t":8,"tick":2302,"type":"hit"}
[client] {"a":1,"dup":false,"ev":"game","ms":43060,"predicted":false,"t":8,"tick":2306,"type":"hit"}
[client] {"a":6,"dup":false,"ev":"game","ms":43329,"predicted":false,"t":2,"tick":2322,"type":"hit"}
[client] {"a":3,"dup":false,"ev":"game","ms":43447,"predicted":false,"t":8,"tick":2329,"type":"hit"}
[client] {"a":1,"dup":false,"ev":"game","ms":43744,"predicted":false,"t":8,"tick":2347,"type":"hit"}
[client] {"a":3,"dup":false,"ev":"game","ms":43848,"predicted":false,"t":8,"tick":2353,"type":"hit"}
[client] {"a":6,"dup":false,"ev":"game","ms":44192,"predicted":false,"t":2,"tick":2374,"type":"hit"}
[client] {"a":6,"dup":false,"ev":"game","ms":44530,"predicted":false,"t":2,"tick":2394,"type":"hit"}
[client] {"a":2,"dup":false,"ev":"game","ms":44882,"predicted":false,"t":6,"tick":2415,"type":"hit"}
[client] {"counts":{"blocks_on_me":0,"conf_actions":23,"confirmed_hits":115,"dup_confirmed":0,"hits_on_me":12,"pred_actions":23,"predicted_confirmed":24,"predicted_hits":52,"reconnects":0},"ev":"stats","hp":220.0,"in_bytes":571898,"late":0,"local_entity":0,"match":{"countdown_until":300,"ctrl":-1,"final":false,"next":"","phase":3,"rot":1475,"scores":[6,0],"sd":false,"state":3,"tick":2125,"zone":"B"},"max_err":3.405,"mean_err":0.0475,"ms":44963,"out_bytes":118841,"pending":5,"pos":[0.14,-4.44],"reconciles":805,"server_tick":2425,"snaps":807,"teleports":2}
[client] {"a":2,"dup":false,"ev":"game","ms":45213,"predicted":false,"t":6,"tick":2435,"type":"hit"}
[client] {"a":2,"dup":false,"ev":"game","ms":45530,"predicted":false,"t":6,"tick":2454,"type":"hit"}
[client] {"a":2,"dup":false,"ev":"game","ms":46165,"predicted":false,"t":6,"tick":2492,"type":"hit"}
[client] {"a":6,"dup":false,"ev":"game","ms":46165,"predicted":false,"t":-1,"tick":2492,"type":"ko"}
[client] {"a":1,"dup":false,"ev":"game","ms":46414,"predicted":false,"t":5,"tick":2507,"type":"hit"}
[client] {"a":8,"dup":false,"ev":"game","ms":46696,"predicted":false,"t":0,"tick":2524,"type":"hit"}
[client] {"a":1,"dup":false,"ev":"game","ms":46814,"predicted":false,"t":5,"tick":2531,"type":"hit"}
[client] {"a":8,"dup":false,"ev":"game","ms":47028,"predicted":false,"t":0,"tick":2544,"type":"hit"}
[client] {"a":5,"dup":false,"ev":"game","ms":47179,"predicted":false,"t":0,"tick":2553,"type":"hit"}
[client] {"a":1,"dup":false,"ev":"game","ms":47393,"predicted":false,"t":5,"tick":2566,"type":"hit"}
[client] {"a":8,"dup":false,"ev":"game","ms":47580,"predicted":false,"t":0,"tick":2577,"type":"hit"}
[client] {"a":0,"dup":true,"ev":"game","ms":47855,"predicted":false,"t":7,"tick":2599,"type":"hit"}
[client] {"a":8,"dup":false,"ev":"game","ms":47959,"predicted":false,"t":3,"tick":2600,"type":"hit"}
[client] {"a":0,"dup":true,"ev":"game","ms":48091,"predicted":false,"t":7,"tick":2613,"type":"hit"}
[client] {"a":1,"dup":false,"ev":"game","ms":48325,"predicted":false,"t":5,"tick":2622,"type":"hit"}
[client] {"a":1,"dup":false,"ev":"game","ms":48325,"predicted":false,"t":8,"tick":2622,"type":"hit"}
[client] {"a":3,"dup":false,"ev":"game","ms":48642,"predicted":false,"t":5,"tick":2641,"type":"hit"}
[client] {"a":7,"dup":false,"ev":"game","ms":48725,"predicted":false,"t":0,"tick":2646,"type":"hit"}
[client] {"a":1,"dup":false,"ev":"game","ms":48925,"predicted":false,"t":5,"tick":2658,"type":"hit"}
[client] {"a":1,"dup":false,"ev":"game","ms":48925,"predicted":false,"t":8,"tick":2658,"type":"hit"}
[client] {"a":8,"dup":false,"ev":"game","ms":48925,"predicted":false,"t":-1,"tick":2658,"type":"ko"}
[client] {"a":3,"dup":false,"ev":"game","ms":48973,"predicted":false,"t":5,"tick":2661,"type":"hit"}
[client] {"a":0,"dup":true,"ev":"game","ms":49008,"predicted":false,"t":7,"tick":2668,"type":"hit"}
[client] {"a":9,"dup":false,"ev":"game","ms":49256,"predicted":false,"t":1,"tick":2678,"type":"hit"}
[client] {"a":3,"dup":false,"ev":"game","ms":49304,"predicted":false,"t":5,"tick":2681,"type":"hit"}
[client] {"a":1,"dup":false,"ev":"game","ms":49808,"predicted":false,"t":7,"tick":2711,"type":"hit"}
[client] {"a":5,"dup":false,"ev":"game","ms":49857,"predicted":false,"t":3,"tick":2714,"type":"hit"}
[client] {"counts":{"blocks_on_me":0,"conf_actions":31,"confirmed_hits":140,"dup_confirmed":0,"hits_on_me":17,"pred_actions":32,"predicted_confirmed":27,"predicted_hits":60,"reconnects":0},"ev":"stats","hp":130.0,"in_bytes":647804,"late":0,"local_entity":0,"match":{"countdown_until":300,"ctrl":-1,"final":false,"next":"","phase":3,"rot":1175,"scores":[6,0],"sd":false,"state":3,"tick":2425,"zone":"B"},"max_err":3.405,"mean_err":0.0463,"ms":49960,"out_bytes":133541,"pending":5,"pos":[-0.52,-9.97],"reconciles":905,"server_tick":2725,"snaps":907,"teleports":2}
[client] {"a":9,"dup":false,"ev":"game","ms":49974,"predicted":false,"t":3,"tick":2721,"type":"hit"}
[client] {"a":2,"dup":false,"ev":"game","ms":50009,"predicted":false,"t":5,"tick":2723,"type":"hit"}
[client] {"a":2,"dup":false,"ev":"game","ms":50105,"predicted":false,"t":9,"tick":2729,"type":"hit"}
[client] {"a":1,"dup":false,"ev":"game","ms":50161,"predicted":false,"t":7,"tick":2732,"type":"hit"}
[client] {"a":1,"dup":false,"ev":"game","ms":50478,"predicted":false,"t":7,"tick":2751,"type":"hit"}
[client] {"a":3,"dup":false,"ev":"game","ms":50774,"predicted":false,"t":7,"tick":2769,"type":"hit"}
[client] {"a":3,"dup":false,"ev":"game","ms":51092,"predicted":false,"t":7,"tick":2788,"type":"hit"}
[client] {"a":5,"dup":false,"ev":"game","ms":51161,"predicted":false,"t":2,"tick":2792,"type":"hit"}
[client] {"a":1,"dup":false,"ev":"game","ms":51189,"predicted":false,"t":7,"tick":2794,"type":"hit"}
[client] {"a":0,"dup":true,"ev":"game","ms":51844,"predicted":false,"t":7,"tick":2838,"type":"hit"}
[client] {"a":5,"dup":false,"ev":"game","ms":51927,"predicted":false,"t":4,"tick":2838,"type":"hit"}
[client] {"a":7,"dup":false,"ev":"game","ms":51927,"predicted":false,"t":-1,"tick":2838,"type":"ko"}
[client] {"a":5,"dup":false,"ev":"game","ms":52258,"predicted":false,"t":4,"tick":2858,"type":"hit"}
[client] {"a":1,"dup":false,"ev":"game","ms":52528,"predicted":false,"t":5,"tick":2875,"type":"hit"}
[client] {"a":1,"dup":false,"ev":"game","ms":52849,"predicted":false,"t":5,"tick":2893,"type":"hit"}
[client] {"a":9,"dup":false,"ev":"game","ms":53048,"predicted":false,"t":1,"tick":2905,"type":"hit"}
[client] {"a":1,"dup":false,"ev":"game","ms":53048,"predicted":false,"t":-1,"tick":2905,"type":"ko"}
[client] {"a":3,"dup":false,"ev":"game","ms":53076,"predicted":false,"t":5,"tick":2907,"type":"hit"}
[client] {"a":9,"dup":false,"ev":"game","ms":53076,"predicted":false,"t":4,"tick":2907,"type":"hit"}
[client] {"a":9,"dup":false,"ev":"game","ms":53098,"predicted":false,"t":3,"tick":2908,"type":"hit"}
[client] {"a":9,"dup":false,"ev":"game","ms":53710,"predicted":false,"t":0,"tick":2945,"type":"block"}
[client] {"a":3,"dup":false,"ev":"game","ms":53966,"predicted":false,"t":9,"tick":2960,"type":"hit"}
[client] {"a":0,"dup":true,"ev":"game","ms":54166,"predicted":false,"t":5,"tick":2978,"type":"hit"}
[client] {"a":0,"dup":true,"ev":"game","ms":54166,"predicted":false,"t":9,"tick":2978,"type":"hit"}
[client] {"a":5,"dup":false,"ev":"game","ms":54265,"predicted":false,"t":-1,"tick":2978,"type":"ko"}
[client] {"a":2,"dup":false,"ev":"game","ms":54366,"predicted":false,"t":9,"tick":2984,"type":"hit"}
[client] {"counts":{"blocks_on_me":1,"conf_actions":34,"confirmed_hits":162,"dup_confirmed":0,"hits_on_me":17,"pred_actions":35,"predicted_confirmed":30,"predicted_hits":66,"reconnects":0},"ev":"stats","hp":130.0,"in_bytes":716391,"late":0,"local_entity":0,"match":{"countdown_until":300,"ctrl":-1,"final":false,"next":"A","phase":3,"rot":875,"scores":[6,0],"sd":false,"state":3,"tick":2725,"zone":"B"},"max_err":3.405,"mean_err":0.0427,"ms":54965,"out_bytes":148241,"pending":5,"pos":[-0.38,-2.7],"reconciles":1005,"server_tick":3025,"snaps":1007,"teleports":2}
[client] {"a":9,"dup":false,"ev":"game","ms":55995,"predicted":false,"t":2,"tick":3082,"type":"hit"}
[client] {"a":9,"dup":false,"ev":"game","ms":56050,"predicted":false,"t":3,"tick":3085,"type":"hit"}
[client] {"a":3,"dup":false,"ev":"game","ms":56050,"predicted":false,"t":-1,"tick":3085,"type":"ko"}
[client] {"a":9,"dup":false,"ev":"game","ms":56078,"predicted":false,"t":0,"tick":3087,"type":"hit"}
[client] {"a":6,"dup":false,"ev":"game","ms":56167,"predicted":false,"t":-1,"tick":3092,"type":"respawn"}
[client] {"a":4,"dup":false,"ev":"game","ms":56829,"predicted":false,"t":9,"tick":3132,"type":"hit"}
[client] {"a":4,"dup":false,"ev":"game","ms":57182,"predicted":false,"t":9,"tick":3153,"type":"hit"}
[client] {"a":9,"dup":false,"ev":"game","ms":57657,"predicted":false,"t":4,"tick":3182,"type":"block"}
[client] {"a":4,"dup":false,"ev":"game","ms":57975,"predicted":false,"t":9,"tick":3201,"type":"hit"}
[client] {"a":8,"dup":false,"ev":"game","ms":58927,"predicted":false,"t":-1,"tick":3258,"type":"respawn"}
[client] {"a":2,"dup":false,"ev":"game","ms":59293,"predicted":false,"t":9,"tick":3280,"type":"hit"}
[client] {"a":9,"dup":false,"ev":"game","ms":59617,"predicted":false,"t":4,"tick":3299,"type":"hit"}
[client] {"a":2,"dup":false,"ev":"game","ms":59618,"predicted":false,"t":9,"tick":3300,"type":"hit"}
[client] {"counts":{"blocks_on_me":1,"conf_actions":40,"confirmed_hits":171,"dup_confirmed":0,"hits_on_me":18,"pred_actions":42,"predicted_confirmed":30,"predicted_hits":66,"reconnects":0},"ev":"stats","hp":92.0,"in_bytes":774015,"late":0,"local_entity":0,"match":{"countdown_until":300,"ctrl":-1,"final":false,"next":"A","phase":3,"rot":575,"scores":[6,0],"sd":false,"state":3,"tick":3025,"zone":"B"},"max_err":3.405,"mean_err":0.0412,"ms":59954,"out_bytes":162941,"pending":5,"pos":[-0.64,-2.66],"reconciles":1105,"server_tick":3324,"snaps":1107,"teleports":2}
[client] {"a":9,"dup":false,"ev":"game","ms":59969,"predicted":false,"t":4,"tick":3321,"type":"hit"}
[client] {"a":2,"dup":false,"ev":"game","ms":60003,"predicted":false,"t":9,"tick":3323,"type":"hit"}
[client] {"a":9,"dup":false,"ev":"game","ms":61556,"predicted":false,"t":0,"tick":3416,"type":"hit"}
[client] {"a":2,"dup":false,"ev":"game","ms":61556,"predicted":false,"t":9,"tick":3416,"type":"hit"}
[client] {"a":9,"dup":false,"ev":"game","ms":61556,"predicted":false,"t":-1,"tick":3416,"type":"ko"}
[client] {"a":7,"dup":false,"ev":"game","ms":61922,"predicted":false,"t":-1,"tick":3438,"type":"respawn"}
[client] {"a":1,"dup":false,"ev":"game","ms":63040,"predicted":false,"t":-1,"tick":3505,"type":"respawn"}
[client] {"a":5,"dup":false,"ev":"game","ms":64254,"predicted":false,"t":-1,"tick":3578,"type":"respawn"}
[client] {"a":6,"dup":false,"ev":"game","ms":64371,"predicted":false,"t":4,"tick":3585,"type":"hit"}
[client] {"a":4,"dup":false,"ev":"game","ms":64371,"predicted":false,"t":-1,"tick":3585,"type":"ko"}
[client] {"counts":{"blocks_on_me":1,"conf_actions":42,"confirmed_hits":176,"dup_confirmed":0,"hits_on_me":19,"pred_actions":44,"predicted_confirmed":30,"predicted_hits":68,"reconnects":0},"ev":"stats","hp":80.0,"in_bytes":832927,"late":0,"local_entity":0,"match":{"countdown_until":300,"ctrl":-1,"final":false,"next":"A","phase":3,"rot":275,"scores":[6,0],"sd":false,"state":3,"tick":3325,"zone":"B"},"max_err":3.405,"mean_err":0.0427,"ms":64957,"out_bytes":177641,"pending":5,"pos":[-1.09,-2.49],"reconciles":1205,"server_tick":3624,"snaps":1207,"teleports":2}
[client] {"a":0,"dup":true,"ev":"game","ms":64971,"predicted":false,"t":6,"tick":3626,"type":"hit"}
[client] {"a":0,"dup":true,"ev":"game","ms":65289,"predicted":false,"t":6,"tick":3645,"type":"hit"}
[client] {"a":0,"dup":true,"ev":"game","ms":65620,"predicted":false,"t":6,"tick":3665,"type":"hit"}
[client] {"a":3,"dup":false,"ev":"game","ms":66041,"predicted":false,"t":-1,"tick":3685,"type":"respawn"}
[client] {"a":6,"dup":false,"ev":"game","ms":66124,"predicted":false,"t":0,"tick":3690,"type":"hit"}
[client] {"a":6,"dup":false,"ev":"game","ms":66372,"predicted":false,"t":0,"tick":3705,"type":"hit"}
[client] {"a":6,"dup":false,"ev":"game","ms":67442,"predicted":false,"t":0,"tick":3769,"type":"hit"}
[client] {"a":6,"dup":false,"ev":"game","ms":68207,"predicted":false,"t":2,"tick":3815,"type":"hit"}
[client] {"a":0,"dup":false,"ev":"game","ms":68325,"predicted":false,"t":-1,"tick":3827,"type":"ko"}
[client] {"a":8,"dup":false,"ev":"game","ms":68407,"predicted":false,"t":0,"tick":3827,"type":"hit"}
[client] {"a":2,"dup":false,"ev":"game","ms":69208,"predicted":false,"t":6,"tick":3875,"type":"hit"}
[client] {"a":2,"dup":false,"ev":"game","ms":69208,"predicted":false,"t":8,"tick":3875,"type":"hit"}
[client] {"a":8,"dup":false,"ev":"game","ms":69573,"predicted":false,"t":2,"tick":3897,"type":"hit"}
[client] {"a":6,"dup":false,"ev":"game","ms":69608,"predicted":false,"t":2,"tick":3899,"type":"hit"}
[client] {"a":-1,"dup":false,"ev":"game","ms":69608,"predicted":false,"t":-1,"tick":3899,"type":"zone_rotated"}
[client] {"a":1,"dup":false,"ev":"game","ms":69795,"predicted":false,"t":6,"tick":3910,"type":"hit"}
[client] {"counts":{"blocks_on_me":1,"conf_actions":45,"confirmed_hits":189,"dup_confirmed":0,"hits_on_me":23,"pred_actions":50,"predicted_confirmed":33,"predicted_hits":74,"reconnects":0},"ev":"stats","hp":0.0,"in_bytes":899007,"late":0,"local_entity":0,"match":{"countdown_until":300,"ctrl":-1,"final":false,"next":"","phase":3,"rot":3575,"scores":[6,0],"sd":false,"state":1,"tick":3625,"zone":"A"},"max_err":3.405,"mean_err":0.0419,"ms":69959,"out_bytes":192341,"pending":5,"pos":[-0.19,-2.94],"reconciles":1305,"server_tick":3924,"snaps":1307,"teleports":2}
[client] {"a":2,"dup":false,"ev":"game","ms":70022,"predicted":false,"t":6,"tick":3924,"type":"hit"}
[client] {"a":2,"dup":false,"ev":"game","ms":70023,"predicted":false,"t":8,"tick":3924,"type":"hit"}
[client] {"a":2,"dup":false,"ev":"game","ms":70043,"predicted":false,"t":7,"tick":3925,"type":"hit"}
[client] {"a":1,"dup":false,"ev":"game","ms":70409,"predicted":false,"t":6,"tick":3947,"type":"hit"}
[client] {"a":1,"dup":false,"ev":"game","ms":70477,"predicted":false,"t":7,"tick":3951,"type":"hit"}
[client] {"a":2,"dup":false,"ev":"game","ms":70809,"predicted":false,"t":8,"tick":3971,"type":"hit"}
[client] {"a":2,"dup":false,"ev":"game","ms":71312,"predicted":false,"t":8,"tick":4001,"type":"hit"}
[client] {"a":1,"dup":false,"ev":"game","ms":71340,"predicted":false,"t":8,"tick":4003,"type":"hit"}
[client] {"a":9,"dup":false,"ev":"game","ms":71562,"predicted":false,"t":-1,"tick":4016,"type":"respawn"}
[client] {"a":2,"dup":false,"ev":"game","ms":71623,"predicted":false,"t":8,"tick":4020,"type":"hit"}
[client] {"a":1,"dup":false,"ev":"game","ms":71975,"predicted":false,"t":8,"tick":4041,"type":"hit"}
[client] {"a":4,"dup":false,"ev":"game","ms":74376,"predicted":false,"t":-1,"tick":4185,"type":"respawn"}
[client] {"counts":{"blocks_on_me":1,"conf_actions":45,"confirmed_hits":199,"dup_confirmed":0,"hits_on_me":23,"pred_actions":50,"predicted_confirmed":33,"predicted_hits":74,"reconnects":0},"ev":"stats","hp":0.0,"in_bytes":962421,"late":0,"local_entity":0,"match":{"countdown_until":300,"ctrl":-1,"final":false,"next":"","phase":3,"rot":3275,"scores":[6,0],"sd":false,"state":1,"tick":3925,"zone":"A"},"max_err":3.405,"mean_err":0.039,"ms":74962,"out_bytes":207041,"pending":5,"pos":[-0.19,-2.94],"reconciles":1405,"server_tick":4224,"snaps":1407,"teleports":2}
[client] {"a":3,"dup":false,"ev":"game","ms":78026,"predicted":false,"t":7,"tick":4404,"type":"hit"}
[client] {"a":5,"dup":false,"ev":"game","ms":78226,"predicted":false,"t":3,"tick":4416,"type":"hit"}
[client] {"a":0,"dup":false,"ev":"game","ms":78316,"predicted":false,"t":-1,"tick":4427,"type":"respawn"}
[client] {"a":3,"dup":false,"ev":"game","ms":78634,"predicted":false,"t":5,"tick":4440,"type":"hit"}
[client] {"a":6,"dup":false,"ev":"game","ms":78813,"predicted":false,"t":3,"tick":4451,"type":"hit"}
[client] {"a":2,"dup":false,"ev":"game","ms":79047,"predicted":false,"t":8,"tick":4465,"type":"hit"}
[client] {"counts":{"blocks_on_me":1,"conf_actions":45,"confirmed_hits":204,"dup_confirmed":0,"hits_on_me":23,"pred_actions":50,"predicted_confirmed":33,"predicted_hits":74,"reconnects":0},"ev":"stats","hp":220.0,"in_bytes":1027309,"late":0,"local_entity":0,"match":{"countdown_until":300,"ctrl":-1,"final":false,"next":"","phase":3,"rot":2975,"scores":[6,1],"sd":false,"state":3,"tick":4225,"zone":"A"},"max_err":3.405,"mean_err":0.0364,"ms":79964,"out_bytes":221741,"pending":5,"pos":[3.63,-37.09],"reconciles":1504,"server_tick":4525,"snaps":1507,"teleports":3}
[client] {"a":3,"dup":false,"ev":"game","ms":80835,"predicted":false,"t":8,"tick":4573,"type":"hit"}
[client] {"a":6,"dup":false,"ev":"game","ms":81042,"predicted":false,"t":1,"tick":4585,"type":"hit"}
[client] {"a":6,"dup":false,"ev":"game","ms":81057,"predicted":false,"t":2,"tick":4586,"type":"hit"}
[client] {"a":3,"dup":false,"ev":"game","ms":81429,"predicted":false,"t":5,"tick":4608,"type":"hit"}
[client] {"a":2,"dup":false,"ev":"game","ms":81443,"predicted":false,"t":5,"tick":4609,"type":"hit"}
[client] {"a":7,"dup":false,"ev":"game","ms":81725,"predicted":false,"t":2,"tick":4626,"type":"hit"}
[client] {"a":5,"dup":false,"ev":"game","ms":81807,"predicted":false,"t":3,"tick":4631,"type":"hit"}
[client] {"a":9,"dup":false,"ev":"game","ms":82163,"predicted":false,"t":3,"tick":4652,"type":"hit"}
[client] {"a":7,"dup":false,"ev":"game","ms":82195,"predicted":false,"t":2,"tick":4654,"type":"hit"}
[client] {"a":7,"dup":false,"ev":"game","ms":82512,"predicted":false,"t":3,"tick":4673,"type":"hit"}
[client] {"a":5,"dup":false,"ev":"game","ms":82560,"predicted":false,"t":3,"tick":4676,"type":"hit"}
[client] {"a":5,"dup":false,"ev":"game","ms":82609,"predicted":false,"t":2,"tick":4679,"type":"parry"}
[client] {"a":1,"dup":false,"ev":"game","ms":82726,"predicted":false,"t":6,"tick":4686,"type":"hit"}
[client] {"a":1,"dup":false,"ev":"game","ms":82726,"predicted":false,"t":7,"tick":4686,"type":"hit"}
[client] {"a":1,"dup":false,"ev":"game","ms":82760,"predicted":false,"t":8,"tick":4688,"type":"hit"}
[client] {"a":6,"dup":false,"ev":"game","ms":83396,"predicted":false,"t":1,"tick":4726,"type":"hit"}
[client] {"a":3,"dup":false,"ev":"game","ms":83408,"predicted":false,"t":5,"tick":4727,"type":"hit"}
[client] {"a":9,"dup":false,"ev":"game","ms":83429,"predicted":false,"t":3,"tick":4728,"type":"hit"}
[client] {"a":7,"dup":false,"ev":"game","ms":83692,"predicted":false,"t":3,"tick":4744,"type":"hit"}
[client] {"a":9,"dup":false,"ev":"game","ms":83726,"predicted":false,"t":3,"tick":4746,"type":"hit"}
[client] {"a":5,"dup":false,"ev":"game","ms":83795,"predicted":false,"t":3,"tick":4750,"type":"hit"}
[client] {"a":7,"dup":false,"ev":"game","ms":84009,"predicted":false,"t":3,"tick":4763,"type":"hit"}
[client] {"a":5,"dup":false,"ev":"game","ms":84126,"predicted":false,"t":3,"tick":4770,"type":"hit"}
[client] {"a":7,"dup":false,"ev":"game","ms":84360,"predicted":false,"t":2,"tick":4784,"type":"hit"}
[client] {"a":2,"dup":false,"ev":"game","ms":84360,"predicted":false,"t":-1,"tick":4784,"type":"ko"}
[client] {"a":4,"dup":false,"ev":"game","ms":84409,"predicted":false,"t":9,"tick":4787,"type":"hit"}
[client] {"a":3,"dup":false,"ev":"game","ms":84561,"predicted":false,"t":9,"tick":4796,"type":"hit"}
[client] {"a":4,"dup":false,"ev":"game","ms":84657,"predicted":false,"t":9,"tick":4802,"type":"hit"}
[client] {"a":1,"dup":false,"ev":"game","ms":84712,"predicted":false,"t":7,"tick":4805,"type":"hit"}
[client] {"a":4,"dup":false,"ev":"game","ms":84712,"predicted":false,"t":5,"tick":4805,"type":"hit"}
[client] {"a":1,"dup":false,"ev":"game","ms":84761,"predicted":false,"t":8,"tick":4808,"type":"hit"}
[client] {"a":8,"dup":false,"ev":"game","ms":84761,"predicted":false,"t":-1,"tick":4808,"type":"ko"}
[client] {"counts":{"blocks_on_me":1,"conf_actions":45,"confirmed_hits":233,"dup_confirmed":0,"hits_on_me":23,"pred_actions":50,"predicted_confirmed":33,"predicted_hits":74,"reconnects":0},"ev":"stats","hp":220.0,"in_bytes":1102211,"late":0,"local_entity":0,"match":{"countdown_until":300,"ctrl":-1,"final":false,"next":"","phase":3,"rot":2675,"scores":[6,1],"sd":false,"state":3,"tick":4525,"zone":"A"},"max_err":3.405,"mean_err":0.0341,"ms":84960,"out_bytes":236441,"pending":5,"pos":[-19.64,-18.27],"reconciles":1604,"server_tick":4825,"snaps":1607,"teleports":3}
[client] {"a":7,"dup":false,"ev":"game","ms":85078,"predicted":false,"t":1,"tick":4827,"type":"hit"}
[client] {"a":6,"dup":false,"ev":"game","ms":85126,"predicted":false,"t":1,"tick":4830,"type":"hit"}
[client] {"a":3,"dup":false,"ev":"game","ms":85292,"predicted":false,"t":7,"tick":4840,"type":"hit"}
[client] {"a":3,"dup":false,"ev":"game","ms":85327,"predicted":false,"t":5,"tick":4842,"type":"hit"}
[client] {"a":3,"dup":false,"ev":"game","ms":85347,"predicted":false,"t":6,"tick":4843,"type":"hit"}
[client] {"a":9,"dup":false,"ev":"game","ms":85769,"predicted":false,"t":3,"tick":4869,"type":"hit"}
[client] {"a":9,"dup":false,"ev":"game","ms":85825,"predicted":false,"t":4,"tick":4872,"type":"hit"}
[client] {"a":1,"dup":false,"ev":"game","ms":86320,"predicted":false,"t":7,"tick":4902,"type":"hit"}
[client] {"a":1,"dup":false,"ev":"game","ms":86342,"predicted":false,"t":9,"tick":4903,"type":"hit"}
[client] {"a":6,"dup":false,"ev":"game","ms":86342,"predicted":false,"t":1,"tick":4903,"type":"hit"}
[client] {"a":6,"dup":false,"ev":"game","ms":86708,"predicted":false,"t":1,"tick":4925,"type":"hit"}
[client] {"a":3,"dup":false,"ev":"game","ms":86769,"predicted":false,"t":6,"tick":4929,"type":"hit"}
[client] {"a":4,"dup":false,"ev":"game","ms":86790,"predicted":false,"t":6,"tick":4930,"type":"hit"}
[client] {"a":6,"dup":false,"ev":"game","ms":86790,"predicted":false,"t":-1,"tick":4930,"type":"ko"}
[client] {"a":3,"dup":false,"ev":"game","ms":87121,"predicted":false,"t":5,"tick":4950,"type":"hit"}
[client] {"a":7,"dup":false,"ev":"game","ms":87342,"predicted":false,"t":4,"tick":4963,"type":"hit"}
[client] {"a":3,"dup":false,"ev":"game","ms":87438,"predicted":false,"t":5,"tick":4969,"type":"hit"}
[client] {"a":9,"dup":false,"ev":"game","ms":87638,"predicted":false,"t":1,"tick":4981,"type":"hit"}
[client] {"a":9,"dup":false,"ev":"game","ms":87652,"predicted":false,"t":3,"tick":4982,"type":"hit"}
[client] {"a":3,"dup":false,"ev":"game","ms":87652,"predicted":false,"t":-1,"tick":4982,"type":"ko"}
[client] {"a":4,"dup":false,"ev":"game","ms":88439,"predicted":false,"t":7,"tick":5029,"type":"hit"}
[client] {"a":1,"dup":false,"ev":"game","ms":88791,"predicted":false,"t":7,"tick":5050,"type":"hit"}
[client] {"a":9,"dup":false,"ev":"game","ms":88991,"predicted":false,"t":1,"tick":5062,"type":"hit"}
[client] {"a":7,"dup":false,"ev":"game","ms":89439,"predicted":false,"t":0,"tick":5089,"type":"hit"}
[client] {"a":7,"dup":false,"ev":"game","ms":89653,"predicted":false,"t":0,"tick":5102,"type":"hit"}
[client] {"counts":{"blocks_on_me":1,"conf_actions":46,"confirmed_hits":256,"dup_confirmed":0,"hits_on_me":25,"pred_actions":53,"predicted_confirmed":33,"predicted_hits":74,"reconnects":0},"ev":"stats","hp":184.0,"in_bytes":1168809,"late":0,"local_entity":0,"match":{"countdown_until":300,"ctrl":-1,"final":false,"next":"","phase":3,"rot":2375,"scores":[6,1],"sd":false,"state":3,"tick":4825,"zone":"A"},"max_err":3.405,"mean_err":0.0328,"ms":89955,"out_bytes":251141,"pending":5,"pos":[-39.88,-1.8],"reconciles":1703,"server_tick":5124,"snaps":1706,"teleports":3}
[client] {"a":1,"dup":false,"ev":"game","ms":89992,"predicted":false,"t":9,"tick":5122,"type":"hit"}
[client] {"a":7,"dup":false,"ev":"game","ms":90157,"predicted":false,"t":0,"tick":5132,"type":"hit"}
[client] {"a":9,"dup":false,"ev":"game","ms":90405,"predicted":false,"t":1,"tick":5147,"type":"hit"}
[client] {"a":0,"dup":false,"ev":"game","ms":90474,"predicted":false,"t":7,"tick":5156,"type":"hit"}
[client] {"a":7,"dup":false,"ev":"game","ms":90557,"predicted":false,"t":-1,"tick":5156,"type":"ko"}
[client] {"a":4,"dup":false,"ev":"game","ms":90888,"predicted":false,"t":5,"tick":5176,"type":"hit"}
[client] {"a":0,"dup":true,"ev":"game","ms":91253,"predicted":false,"t":9,"tick":5203,"type":"hit"}
[client] {"a":5,"dup":false,"ev":"game","ms":91557,"predicted":false,"t":0,"tick":5216,"type":"hit"}
[client] {"a":1,"dup":false,"ev":"game","ms":92109,"predicted":false,"t":9,"tick":5249,"type":"hit"}
[client] {"a":1,"dup":false,"ev":"game","ms":92771,"predicted":false,"t":9,"tick":5289,"type":"hit"}
[client] {"a":5,"dup":false,"ev":"game","ms":93075,"predicted":false,"t":1,"tick":5307,"type":"hit"}
[client] {"a":1,"dup":false,"ev":"game","ms":93075,"predicted":false,"t":-1,"tick":5307,"type":"ko"}
[client] {"a":0,"dup":true,"ev":"game","ms":93090,"predicted":false,"t":5,"tick":5313,"type":"hit"}
[client] {"a":4,"dup":false,"ev":"game","ms":93593,"predicted":false,"t":9,"tick":5338,"type":"hit"}
[client] {"a":0,"dup":true,"ev":"game","ms":93910,"predicted":false,"t":9,"tick":5362,"type":"hit"}
[client] {"a":4,"dup":false,"ev":"game","ms":94324,"predicted":false,"t":5,"tick":5382,"type":"hit"}
[client] {"a":2,"dup":false,"ev":"game","ms":94359,"predicted":false,"t":-1,"tick":5384,"type":"respawn"}
[client] {"a":4,"dup":false,"ev":"game","ms":94663,"predicted":false,"t":5,"tick":5402,"type":"hit"}
[client] {"a":9,"dup":false,"ev":"game","ms":94724,"predicted":false,"t":0,"tick":5406,"type":"hit"}
[client] {"a":8,"dup":false,"ev":"game","ms":94759,"predicted":false,"t":-1,"tick":5408,"type":"respawn"}
[client] {"counts":{"blocks_on_me":1,"conf_actions":56,"confirmed_hits":272,"dup_confirmed":0,"hits_on_me":28,"pred_actions":62,"predicted_confirmed":36,"predicted_hits":84,"reconnects":0},"ev":"stats","hp":130.0,"in_bytes":1235470,"late":0,"local_entity":0,"match":{"countdown_until":300,"ctrl":-1,"final":false,"next":"","phase":3,"rot":2075,"scores":[6,1],"sd":false,"state":3,"tick":5125,"zone":"A"},"max_err":3.405,"mean_err":0.0319,"ms":94958,"out_bytes":265841,"pending":5,"pos":[-40.35,-1.94],"reconciles":1803,"server_tick":5425,"snaps":1806,"teleports":3}
[client] {"a":5,"dup":false,"ev":"game","ms":95028,"predicted":false,"t":4,"tick":5424,"type":"hit"}
[client] {"a":9,"dup":false,"ev":"game","ms":95062,"predicted":false,"t":0,"tick":5426,"type":"hit"}
[client] {"a":0,"dup":true,"ev":"game","ms":95325,"predicted":false,"t":9,"tick":5447,"type":"hit"}
[client] {"a":4,"dup":false,"ev":"game","ms":95442,"predicted":false,"t":5,"tick":5449,"type":"hit"}
[client] {"a":5,"dup":false,"ev":"game","ms":95442,"predicted":false,"t":-1,"tick":5449,"type":"ko"}
[client] {"a":9,"dup":false,"ev":"game","ms":95773,"predicted":false,"t":0,"tick":5469,"type":"hit"}
[client] {"a":9,"dup":false,"ev":"game","ms":96442,"predicted":false,"t":0,"tick":5509,"type":"hit"}
[client] {"a":4,"dup":false,"ev":"game","ms":96628,"predicted":false,"t":9,"tick":5520,"type":"hit"}
[client] {"a":6,"dup":false,"ev":"game","ms":96794,"predicted":false,"t":-1,"tick":5530,"type":"respawn"}
[client] {"a":4,"dup":false,"ev":"game","ms":96877,"predicted":false,"t":9,"tick":5535,"type":"hit"}
[client] {"a":9,"dup":false,"ev":"game","ms":96877,"predicted":false,"t":-1,"tick":5535,"type":"ko"}
[client] {"a":3,"dup":false,"ev":"game","ms":97664,"predicted":false,"t":-1,"tick":5582,"type":"respawn"}
[client] {"counts":{"blocks_on_me":1,"conf_actions":60,"confirmed_hits":280,"dup_confirmed":0,"hits_on_me":31,"pred_actions":66,"predicted_confirmed":37,"predicted_hits":86,"reconnects":0},"ev":"stats","hp":76.0,"in_bytes":1293352,"late":0,"local_entity":0,"match":{"countdown_until":300,"ctrl":0,"final":false,"next":"","phase":3,"rot":1775,"scores":[9,1],"sd":false,"state":2,"tick":5425,"zone":"A"},"max_err":3.405,"mean_err":0.0314,"ms":99960,"out_bytes":280541,"pending":5,"pos":[-41.63,0.15],"reconciles":1903,"server_tick":5725,"snaps":1906,"teleports":3}
[client] {"a":7,"dup":false,"ev":"game","ms":100561,"predicted":false,"t":-1,"tick":5756,"type":"respawn"}
[client] {"a":1,"dup":false,"ev":"game","ms":103073,"predicted":false,"t":-1,"tick":5907,"type":"respawn"}
[client] {"counts":{"blocks_on_me":1,"conf_actions":60,"confirmed_hits":280,"dup_confirmed":0,"hits_on_me":31,"pred_actions":66,"predicted_confirmed":37,"predicted_hits":86,"reconnects":0},"ev":"stats","hp":120.7,"in_bytes":1348887,"late":0,"local_entity":0,"match":{"countdown_until":300,"ctrl":-1,"final":false,"next":"","phase":3,"rot":1475,"scores":[13,1],"sd":false,"state":3,"tick":5725,"zone":"A"},"max_err":3.405,"mean_err":0.0299,"ms":104956,"out_bytes":295241,"pending":5,"pos":[-41.63,0.15],"reconciles":2003,"server_tick":6024,"snaps":2006,"teleports":3}
[client] {"a":5,"dup":false,"ev":"game","ms":105440,"predicted":false,"t":-1,"tick":6049,"type":"respawn"}
[client] {"a":8,"dup":false,"ev":"game","ms":105509,"predicted":false,"t":0,"tick":6053,"type":"hit"}
[client] {"a":8,"dup":false,"ev":"game","ms":105806,"predicted":false,"t":0,"tick":6071,"type":"hit"}
[client] {"a":8,"dup":false,"ev":"game","ms":106088,"predicted":false,"t":0,"tick":6088,"type":"hit"}
[client] {"a":4,"dup":false,"ev":"game","ms":106393,"predicted":false,"t":8,"tick":6106,"type":"hit"}
[client] {"a":2,"dup":false,"ev":"game","ms":106427,"predicted":false,"t":8,"tick":6108,"type":"hit"}
[client] {"a":0,"dup":false,"ev":"game","ms":106723,"predicted":false,"t":8,"tick":6131,"type":"hit"}
[client] {"a":4,"dup":false,"ev":"game","ms":106779,"predicted":false,"t":8,"tick":6129,"type":"hit"}
[client] {"a":9,"dup":false,"ev":"game","ms":106875,"predicted":false,"t":-1,"tick":6135,"type":"respawn"}
[client] {"a":6,"dup":false,"ev":"game","ms":106945,"predicted":false,"t":2,"tick":6139,"type":"hit"}
[client] {"a":4,"dup":false,"ev":"game","ms":107193,"predicted":false,"t":8,"tick":6154,"type":"hit"}
[client] {"a":0,"dup":true,"ev":"game","ms":107827,"predicted":false,"t":6,"tick":6197,"type":"hit"}
[client] {"a":4,"dup":false,"ev":"game","ms":107924,"predicted":false,"t":6,"tick":6198,"type":"hit"}
[client] {"a":4,"dup":false,"ev":"game","ms":108195,"predicted":false,"t":6,"tick":6214,"type":"hit"}
[client] {"a":8,"dup":false,"ev":"game","ms":108710,"predicted":false,"t":0,"tick":6245,"type":"hit"}
[client] {"a":8,"dup":false,"ev":"game","ms":108724,"predicted":false,"t":4,"tick":6246,"type":"hit"}
[client] {"a":3,"dup":false,"ev":"game","ms":109263,"predicted":false,"t":6,"tick":6278,"type":"hit"}
[client] {"a":8,"dup":false,"ev":"game","ms":109511,"predicted":false,"t":0,"tick":6293,"type":"hit"}
[client] {"a":3,"dup":false,"ev":"game","ms":109580,"predicted":false,"t":6,"tick":6297,"type":"hit"}
[client] {"a":8,"dup":false,"ev":"game","ms":109828,"predicted":false,"t":0,"tick":6312,"type":"hit"}
[client] {"counts":{"blocks_on_me":1,"conf_actions":70,"confirmed_hits":298,"dup_confirmed":0,"hits_on_me":37,"pred_actions":77,"predicted_confirmed":38,"predicted_hits":90,"reconnects":0},"ev":"stats","hp":16.6999999999995,"in_bytes":1417150,"late":0,"local_entity":0,"match":{"countdown_until":300,"ctrl":-1,"final":false,"next":"","phase":3,"rot":1175,"scores":[13,1],"sd":false,"state":3,"tick":6025,"zone":"A"},"max_err":3.405,"mean_err":0.0311,"ms":109959,"out_bytes":309941,"pending":5,"pos":[-41.92,0.34],"reconciles":2102,"server_tick":6324,"snaps":2105,"teleports":3}
[client] {"a":0,"dup":false,"ev":"game","ms":110042,"predicted":false,"t":-1,"tick":6330,"type":"ko"}
[client] {"a":8,"dup":false,"ev":"game","ms":110125,"predicted":false,"t":0,"tick":6330,"type":"hit"}
[client] {"a":4,"dup":false,"ev":"game","ms":110146,"predicted":false,"t":8,"tick":6331,"type":"hit"}
[client] {"a":6,"dup":false,"ev":"game","ms":110277,"predicted":false,"t":3,"tick":6339,"type":"block"}
[client] {"a":8,"dup":false,"ev":"game","ms":110546,"predicted":false,"t":4,"tick":6355,"type":"hit"}
[client] {"a":2,"dup":false,"ev":"game","ms":110698,"predicted":false,"t":8,"tick":6364,"type":"hit"}
[client] {"a":6,"dup":false,"ev":"game","ms":110898,"predicted":false,"t":3,"tick":6376,"type":"hit"}
[client] {"a":7,"dup":false,"ev":"game","ms":111098,"predicted":false,"t":3,"tick":6388,"type":"hit"}
[client] {"a":3,"dup":false,"ev":"game","ms":112099,"predicted":false,"t":6,"tick":6448,"type":"hit"}
[client] {"a":7,"dup":false,"ev":"game","ms":112395,"predicted":false,"t":3,"tick":6466,"type":"hit"}
[client] {"a":2,"dup":false,"ev":"game","ms":112429,"predicted":false,"t":7,"tick":6468,"type":"hit"}
[client] {"a":8,"dup":false,"ev":"game","ms":112781,"predicted":false,"t":2,"tick":6489,"type":"hit"}
[client] {"a":2,"dup":false,"ev":"game","ms":113148,"predicted":false,"t":8,"tick":6511,"type":"hit"}
[client] {"a":2,"dup":false,"ev":"game","ms":113465,"predicted":false,"t":8,"tick":6530,"type":"hit"}
[client] {"a":8,"dup":false,"ev":"game","ms":113865,"predicted":false,"t":2,"tick":6554,"type":"hit"}
[client] {"a":8,"dup":false,"ev":"game","ms":113906,"predicted":false,"t":4,"tick":6557,"type":"hit"}
[client] {"a":2,"dup":false,"ev":"game","ms":114424,"predicted":false,"t":8,"tick":6588,"type":"hit"}
[client] {"a":3,"dup":false,"ev":"game","ms":114458,"predicted":false,"t":8,"tick":6590,"type":"hit"}
[client] {"a":6,"dup":false,"ev":"game","ms":114458,"predicted":false,"t":4,"tick":6590,"type":"hit"}
[client] {"a":8,"dup":false,"ev":"game","ms":114458,"predicted":false,"t":-1,"tick":6590,"type":"ko"}
[client] {"counts":{"blocks_on_me":1,"conf_actions":70,"confirmed_hits":315,"dup_confirmed":0,"hits_on_me":38,"pred_actions":77,"predicted_confirmed":38,"predicted_hits":90,"reconnects":0},"ev":"stats","hp":0.0,"in_bytes":1488227,"late":0,"local_entity":0,"match":{"countdown_until":300,"ctrl":-1,"final":false,"next":"C","phase":3,"rot":875,"scores":[13,1],"sd":false,"state":3,"tick":6325,"zone":"A"},"max_err":3.405,"mean_err":0.0297,"ms":114954,"out_bytes":324641,"pending":5,"pos":[-41.93,0.35],"reconciles":2202,"server_tick":6625,"snaps":2205,"teleports":3}
[client] {"a":6,"dup":false,"ev":"game","ms":115141,"predicted":false,"t":1,"tick":6631,"type":"hit"}
[client] {"a":7,"dup":false,"ev":"game","ms":115258,"predicted":false,"t":1,"tick":6638,"type":"hit"}
[client] {"a":2,"dup":false,"ev":"game","ms":115542,"predicted":false,"t":7,"tick":6655,"type":"hit"}
[client] {"a":3,"dup":false,"ev":"game","ms":115611,"predicted":false,"t":7,"tick":6659,"type":"hit"}
[client] {"a":1,"dup":false,"ev":"game","ms":115990,"predicted":false,"t":6,"tick":6682,"type":"hit"}
[client] {"a":7,"dup":false,"ev":"game","ms":116093,"predicted":false,"t":3,"tick":6688,"type":"hit"}
[client] {"a":1,"dup":false,"ev":"game","ms":116307,"predicted":false,"t":6,"tick":6701,"type":"hit"}
[client] {"a":7,"dup":false,"ev":"game","ms":116591,"predicted":false,"t":3,"tick":6718,"type":"hit"}
[client] {"a":7,"dup":false,"ev":"game","ms":116612,"predicted":false,"t":2,"tick":6719,"type":"hit"}
[client] {"a":7,"dup":false,"ev":"game","ms":116639,"predicted":false,"t":4,"tick":6721,"type":"hit"}
[client] {"a":1,"dup":false,"ev":"game","ms":116874,"predicted":false,"t":7,"tick":6735,"type":"hit"}
[client] {"a":2,"dup":false,"ev":"game","ms":117059,"predicted":false,"t":7,"tick":6746,"type":"hit"}
[client] {"a":6,"dup":false,"ev":"game","ms":117261,"predicted":false,"t":1,"tick":6758,"type":"hit"}
[client] {"a":6,"dup":false,"ev":"game","ms":117309,"predicted":false,"t":3,"tick":6761,"type":"hit"}
[client] {"a":9,"dup":false,"ev":"game","ms":117756,"predicted":false,"t":3,"tick":6788,"type":"hit"}
[client] {"a":4,"dup":false,"ev":"game","ms":117874,"predicted":false,"t":5,"tick":6795,"type":"block"}
[client] {"a":9,"dup":false,"ev":"game","ms":118074,"predicted":false,"t":3,"tick":6807,"type":"hit"}
[client] {"a":6,"dup":false,"ev":"game","ms":118212,"predicted":false,"t":2,"tick":6815,"type":"hit"}
[client] {"a":4,"dup":false,"ev":"game","ms":118343,"predicted":false,"t":5,"tick":6823,"type":"block"}
[client] {"a":9,"dup":false,"ev":"game","ms":118391,"predicted":false,"t":1,"tick":6826,"type":"hit"}
[client] {"a":7,"dup":false,"ev":"game","ms":118509,"predicted":false,"t":2,"tick":6833,"type":"hit"}
[client] {"a":6,"dup":false,"ev":"game","ms":118543,"predicted":false,"t":2,"tick":6835,"type":"hit"}
[client] {"a":2,"dup":false,"ev":"game","ms":118909,"predicted":false,"t":7,"tick":6857,"type":"hit"}
[client] {"a":3,"dup":false,"ev":"game","ms":118957,"predicted":false,"t":9,"tick":6860,"type":"hit"}
[client] {"a":2,"dup":false,"ev":"game","ms":119240,"predicted":false,"t":7,"tick":6877,"type":"hit"}
[client] {"a":6,"dup":false,"ev":"game","ms":119357,"predicted":false,"t":4,"tick":6884,"type":"hit"}
[client] {"a":9,"dup":false,"ev":"game","ms":119461,"predicted":false,"t":1,"tick":6890,"type":"hit"}
[client] {"a":9,"dup":false,"ev":"game","ms":119495,"predicted":false,"t":3,"tick":6892,"type":"hit"}
[client] {"a":9,"dup":false,"ev":"game","ms":119757,"predicted":false,"t":1,"tick":6908,"type":"hit"}
[client] {"a":3,"dup":false,"ev":"game","ms":119861,"predicted":false,"t":5,"tick":6914,"type":"hit"}
[client] {"counts":{"blocks_on_me":1,"conf_actions":70,"confirmed_hits":343,"dup_confirmed":0,"hits_on_me":38,"pred_actions":77,"predicted_confirmed":38,"predicted_hits":90,"reconnects":0},"ev":"stats","hp":0.0,"in_bytes":1560575,"late":0,"local_entity":0,"match":{"countdown_until":300,"ctrl":-1,"final":false,"next":"C","phase":3,"rot":575,"scores":[13,1],"sd":false,"state":3,"tick":6625,"zone":"A"},"max_err":3.405,"mean_err":0.0284,"ms":119957,"out_bytes":339341,"pending":5,"pos":[-41.93,0.35],"reconciles":2302,"server_tick":6925,"snaps":2305,"teleports":3}
[client] {"a":4,"dup":false,"ev":"game","ms":120026,"predicted":false,"t":9,"tick":6924,"type":"hit"}
[client] {"a":0,"dup":false,"ev":"game","ms":120061,"predicted":false,"t":-1,"tick":6930,"type":"respawn"}
[client] {"a":1,"dup":false,"ev":"game","ms":120145,"predicted":false,"t":5,"tick":6931,"type":"hit"}
[client] {"a":2,"dup":false,"ev":"game","ms":120213,"predicted":false,"t":6,"tick":6935,"type":"hit"}
[client] {"a":9,"dup":false,"ev":"game","ms":120344,"predicted":false,"t":1,"tick":6943,"type":"hit"}
[client] {"a":4,"dup":false,"ev":"game","ms":120379,"predicted":false,"t":9,"tick":6945,"type":"hit"}
[client] {"a":3,"dup":false,"ev":"game","ms":120510,"predicted":false,"t":5,"tick":6953,"type":"hit"}
[client] {"a":1,"dup":false,"ev":"game","ms":120710,"predicted":false,"t":5,"tick":6965,"type":"hit"}
[client] {"a":4,"dup":false,"ev":"game","ms":120723,"predicted":false,"t":9,"tick":6966,"type":"parry"}
[client] {"a":6,"dup":false,"ev":"game","ms":120897,"predicted":false,"t":1,"tick":6976,"type":"hit"}
[client] {"a":9,"dup":false,"ev":"game","ms":120993,"predicted":false,"t":3,"tick":6982,"type":"hit"}
[client] {"a":7,"dup":false,"ev":"game","ms":121041,"predicted":false,"t":2,"tick":6985,"type":"hit"}
[client] {"a":6,"dup":false,"ev":"game","ms":121324,"predicted":false,"t":1,"tick":7002,"type":"hit"}
[client] {"a":5,"dup":false,"ev":"game","ms":121358,"predicted":false,"t":1,"tick":7004,"type":"hit"}
[client] {"a":1,"dup":false,"ev":"game","ms":121358,"predicted":false,"t":-1,"tick":7004,"type":"ko"}
[client] {"a":9,"dup":false,"ev":"game","ms":121393,"predicted":false,"t":3,"tick":7006,"type":"hit"}
[client] {"a":5,"dup":false,"ev":"game","ms":121414,"predicted":false,"t":3,"tick":7007,"type":"hit"}
[client] {"a":2,"dup":false,"ev":"game","ms":121524,"predicted":false,"t":6,"tick":7014,"type":"hit"}
[client] {"a":2,"dup":false,"ev":"game","ms":121841,"predicted":false,"t":6,"tick":7033,"type":"hit"}
[client] {"a":6,"dup":false,"ev":"game","ms":121842,"predicted":false,"t":-1,"tick":7033,"type":"ko"}
[client] {"a":9,"dup":false,"ev":"game","ms":121910,"predicted":false,"t":4,"tick":7037,"type":"hit"}
[client] {"a":5,"dup":false,"ev":"game","ms":122076,"predicted":false,"t":2,"tick":7047,"type":"hit"}
[client] {"a":3,"dup":false,"ev":"game","ms":122145,"predicted":false,"t":7,"tick":7051,"type":"hit"}
[client] {"a":3,"dup":false,"ev":"game","ms":122697,"predicted":false,"t":7,"tick":7084,"type":"hit"}
[client] {"a":4,"dup":false,"ev":"game","ms":123145,"predicted":false,"t":9,"tick":7111,"type":"hit"}
[client] {"a":2,"dup":false,"ev":"game","ms":123614,"predicted":false,"t":5,"tick":7140,"type":"hit"}
[client] {"a":2,"dup":false,"ev":"game","ms":123732,"predicted":false,"t":9,"tick":7146,"type":"hit"}
[client] {"a":7,"dup":false,"ev":"game","ms":124112,"predicted":false,"t":4,"tick":7169,"type":"hit"}
[client] {"a":8,"dup":false,"ev":"game","ms":124463,"predicted":false,"t":-1,"tick":7190,"type":"respawn"}
[client] {"a":4,"dup":false,"ev":"game","ms":124511,"predicted":false,"t":7,"tick":7193,"type":"hit"}
[client] {"a":3,"dup":false,"ev":"game","ms":124698,"predicted":false,"t":7,"tick":7204,"type":"hit"}
[client] {"a":7,"dup":false,"ev":"game","ms":124698,"predicted":false,"t":-1,"tick":7204,"type":"ko"}
[client] {"a":2,"dup":false,"ev":"game","ms":124863,"predicted":false,"t":5,"tick":7214,"type":"hit"}
[client] {"a":9,"dup":false,"ev":"game","ms":124946,"predicted":false,"t":2,"tick":7220,"type":"hit"}
[client] {"counts":{"blocks_on_me":1,"conf_actions":71,"confirmed_hits":371,"dup_confirmed":0,"hits_on_me":38,"pred_actions":77,"predicted_confirmed":38,"predicted_hits":90,"reconnects":0},"ev":"stats","hp":220.0,"in_bytes":1631199,"late":0,"local_entity":0,"match":{"countdown_until":300,"ctrl":-1,"final":false,"next":"C","phase":3,"rot":275,"scores":[13,1],"sd":false,"state":3,"tick":6925,"zone":"A"},"max_err":3.405,"mean_err":0.0273,"ms":124959,"out_bytes":354041,"pending":5,"pos":[-4.8,-19.22],"reconciles":2401,"server_tick":7225,"snaps":2405,"teleports":4}
[client] {"a":5,"dup":false,"ev":"game","ms":125381,"predicted":false,"t":4,"tick":7246,"type":"hit"}
[client] {"a":4,"dup":false,"ev":"game","ms":125381,"predicted":false,"t":-1,"tick":7246,"type":"ko"}
[client] {"a":3,"dup":false,"ev":"game","ms":125664,"predicted":false,"t":5,"tick":7262,"type":"hit"}
[client] {"a":9,"dup":false,"ev":"game","ms":125879,"predicted":false,"t":3,"tick":7275,"type":"hit"}
[client] {"a":3,"dup":false,"ev":"game","ms":125879,"predicted":false,"t":-1,"tick":7275,"type":"ko"}
[client] {"a":9,"dup":false,"ev":"game","ms":125933,"predicted":false,"t":2,"tick":7278,"type":"hit"}
[client] {"a":5,"dup":false,"ev":"game","ms":126499,"predicted":false,"t":2,"tick":7312,"type":"hit"}
[client] {"a":9,"dup":false,"ev":"game","ms":126547,"predicted":false,"t":2,"tick":7316,"type":"hit"}
[client] {"a":2,"dup":false,"ev":"game","ms":126547,"predicted":false,"t":-1,"tick":7316,"type":"ko"}
[client] {"a":-1,"dup":false,"ev":"game","ms":129611,"predicted":false,"t":-1,"tick":7499,"type":"zone_rotated"}
[client] {"counts":{"blocks_on_me":1,"conf_actions":71,"confirmed_hits":377,"dup_confirmed":0,"hits_on_me":38,"pred_actions":77,"predicted_confirmed":38,"predicted_hits":90,"reconnects":0},"ev":"stats","hp":220.0,"in_bytes":1687109,"late":0,"local_entity":0,"match":{"countdown_until":300,"ctrl":-1,"final":false,"next":"","phase":3,"rot":3575,"scores":[13,4],"sd":false,"state":1,"tick":7225,"zone":"C"},"max_err":3.405,"mean_err":0.0262,"ms":129955,"out_bytes":368741,"pending":5,"pos":[-30.96,-5.61],"reconciles":2501,"server_tick":7525,"snaps":2505,"teleports":4}
[client] {"a":1,"dup":false,"ev":"game","ms":131357,"predicted":false,"t":-1,"tick":7604,"type":"respawn"}
[client] {"a":6,"dup":false,"ev":"game","ms":131846,"predicted":false,"t":-1,"tick":7633,"type":"respawn"}
[client] {"a":7,"dup":false,"ev":"game","ms":134697,"predicted":false,"t":-1,"tick":7804,"type":"respawn"}
[client] {"counts":{"blocks_on_me":1,"conf_actions":71,"confirmed_hits":377,"dup_confirmed":0,"hits_on_me":38,"pred_actions":77,"predicted_confirmed":38,"predicted_hits":90,"reconnects":0},"ev":"stats","hp":220.0,"in_bytes":1744006,"late":0,"local_entity":0,"match":{"countdown_until":300,"ctrl":-1,"final":false,"next":"","phase":3,"rot":3275,"scores":[13,4],"sd":false,"state":1,"tick":7525,"zone":"C"},"max_err":3.405,"mean_err":0.0252,"ms":134957,"out_bytes":383441,"pending":5,"pos":[5.03,-4.87],"reconciles":2601,"server_tick":7825,"snaps":2605,"teleports":4}
[client] {"a":4,"dup":false,"ev":"game","ms":135394,"predicted":false,"t":-1,"tick":7846,"type":"respawn"}
[client] {"a":3,"dup":false,"ev":"game","ms":135876,"predicted":false,"t":-1,"tick":7875,"type":"respawn"}
[client] {"a":2,"dup":false,"ev":"game","ms":136566,"predicted":false,"t":-1,"tick":7916,"type":"respawn"}
[client] {"counts":{"blocks_on_me":1,"conf_actions":71,"confirmed_hits":377,"dup_confirmed":0,"hits_on_me":38,"pred_actions":78,"predicted_confirmed":38,"predicted_hits":90,"reconnects":0},"ev":"stats","hp":220.0,"in_bytes":1803106,"late":0,"local_entity":0,"match":{"countdown_until":300,"ctrl":-1,"final":false,"next":"","phase":3,"rot":2975,"scores":[13,6],"sd":false,"state":3,"tick":7825,"zone":"C"},"max_err":3.405,"mean_err":0.0242,"ms":139960,"out_bytes":398141,"pending":5,"pos":[39.93,-0.79],"reconciles":2701,"server_tick":8125,"snaps":2705,"teleports":4}
[client] {"a":0,"dup":true,"ev":"game","ms":140541,"predicted":false,"t":8,"tick":8160,"type":"hit"}
[client] {"a":6,"dup":false,"ev":"game","ms":141375,"predicted":false,"t":0,"tick":8205,"type":"hit"}
[client] {"a":6,"dup":false,"ev":"game","ms":141693,"predicted":false,"t":1,"tick":8224,"type":"hit"}
[client] {"a":8,"dup":false,"ev":"game","ms":141975,"predicted":false,"t":0,"tick":8241,"type":"hit"}
[client] {"a":6,"dup":false,"ev":"game","ms":142045,"predicted":false,"t":0,"tick":8245,"type":"hit"}
[client] {"a":6,"dup":false,"ev":"game","ms":142307,"predicted":false,"t":0,"tick":8261,"type":"hit"}
[client] {"a":6,"dup":false,"ev":"game","ms":142328,"predicted":false,"t":1,"tick":8262,"type":"hit"}
[client] {"a":0,"dup":true,"ev":"game","ms":142732,"predicted":false,"t":9,"tick":8292,"type":"hit"}
[client] {"a":1,"dup":false,"ev":"game","ms":143111,"predicted":false,"t":8,"tick":8309,"type":"hit"}
[client] {"a":1,"dup":false,"ev":"game","ms":143145,"predicted":false,"t":9,"tick":8311,"type":"hit"}
[client] {"a":5,"dup":false,"ev":"game","ms":143449,"predicted":false,"t":0,"tick":8329,"type":"hit"}
[client] {"a":5,"dup":false,"ev":"game","ms":143746,"predicted":false,"t":0,"tick":8347,"type":"hit"}
[client] {"a":1,"dup":false,"ev":"game","ms":143911,"predicted":false,"t":5,"tick":8357,"type":"hit"}
[client] {"a":9,"dup":false,"ev":"game","ms":144181,"predicted":false,"t":0,"tick":8374,"type":"hit"}
[client] {"a":1,"dup":false,"ev":"game","ms":144215,"predicted":false,"t":5,"tick":8375,"type":"hit"}
[client] {"a":4,"dup":false,"ev":"game","ms":144263,"predicted":false,"t":5,"tick":8378,"type":"hit"}
[client] {"a":1,"dup":false,"ev":"game","ms":144884,"predicted":false,"t":9,"tick":8415,"type":"hit"}
[client] {"counts":{"blocks_on_me":1,"conf_actions":80,"confirmed_hits":394,"dup_confirmed":0,"hits_on_me":45,"pred_actions":87,"predicted_confirmed":40,"predicted_hits":97,"reconnects":0},"ev":"stats","hp":76.0,"in_bytes":1877475,"late":0,"local_entity":0,"match":{"countdown_until":300,"ctrl":-1,"final":false,"next":"","phase":3,"rot":2675,"scores":[13,6],"sd":false,"state":3,"tick":8125,"zone":"C"},"max_err":3.405,"mean_err":0.0255,"ms":144966,"out_bytes":412841,"pending":5,"pos":[40.27,-1.53],"reconciles":2801,"server_tick":8425,"snaps":2805,"teleports":4}
[client] {"a":5,"dup":false,"ev":"game","ms":145381,"predicted":false,"t":0,"tick":8446,"type":"hit"}
[client] {"a":1,"dup":false,"ev":"game","ms":145684,"predicted":false,"t":5,"tick":8461,"type":"hit"}
[client] {"a":5,"dup":false,"ev":"game","ms":146015,"predicted":false,"t":1,"tick":8483,"type":"hit"}
[client] {"a":9,"dup":false,"ev":"game","ms":146228,"predicted":false,"t":1,"tick":8496,"type":"hit"}
[client] {"a":9,"dup":false,"ev":"game","ms":146263,"predicted":false,"t":4,"tick":8498,"type":"hit"}
[client] {"a":3,"dup":false,"ev":"game","ms":146311,"predicted":false,"t":5,"tick":8501,"type":"hit"}
[client] {"a":3,"dup":false,"ev":"game","ms":146780,"predicted":false,"t":9,"tick":8529,"type":"hit"}
[client] {"a":5,"dup":false,"ev":"game","ms":147015,"predicted":false,"t":3,"tick":8543,"type":"hit"}
[client] {"a":5,"dup":false,"ev":"game","ms":147063,"predicted":false,"t":0,"tick":8546,"type":"hit"}
[client] {"a":9,"dup":false,"ev":"game","ms":147111,"predicted":false,"t":3,"tick":8549,"type":"hit"}
[client] {"a":1,"dup":false,"ev":"game","ms":147166,"predicted":false,"t":5,"tick":8552,"type":"hit"}
[client] {"a":6,"dup":false,"ev":"game","ms":147526,"predicted":false,"t":4,"tick":8574,"type":"hit"}
[client] {"a":1,"dup":false,"ev":"game","ms":147670,"predicted":false,"t":5,"tick":8583,"type":"hit"}
[client] {"a":3,"dup":false,"ev":"game","ms":147760,"predicted":false,"t":9,"tick":8588,"type":"hit"}
[client] {"a":8,"dup":false,"ev":"game","ms":147940,"predicted":false,"t":4,"tick":8599,"type":"hit"}
[client] {"a":5,"dup":false,"ev":"game","ms":148057,"predicted":false,"t":1,"tick":8606,"type":"hit"}
[client] {"a":3,"dup":false,"ev":"game","ms":148091,"predicted":false,"t":9,"tick":8608,"type":"hit"}
[client] {"a":2,"dup":false,"ev":"game","ms":148161,"predicted":false,"t":5,"tick":8612,"type":"hit"}
[client] {"a":9,"dup":false,"ev":"game","ms":148409,"predicted":false,"t":3,"tick":8627,"type":"hit"}
[client] {"a":6,"dup":false,"ev":"game","ms":148492,"predicted":false,"t":1,"tick":8632,"type":"hit"}
[client] {"a":5,"dup":false,"ev":"game","ms":148574,"predicted":false,"t":1,"tick":8637,"type":"hit"}
[client] {"a":9,"dup":false,"ev":"game","ms":148789,"predicted":false,"t":3,"tick":8650,"type":"hit"}
[client] {"a":4,"dup":false,"ev":"game","ms":148809,"predicted":false,"t":8,"tick":8651,"type":"hit"}
[client] {"a":5,"dup":false,"ev":"game","ms":148905,"predicted":false,"t":2,"tick":8657,"type":"hit"}
[client] {"a":0,"dup":true,"ev":"game","ms":148940,"predicted":false,"t":9,"tick":8664,"type":"hit"}
[client] {"a":3,"dup":false,"ev":"game","ms":149161,"predicted":false,"t":9,"tick":8672,"type":"hit"}
[client] {"a":2,"dup":false,"ev":"game","ms":149678,"predicted":false,"t":5,"tick":8703,"type":"hit"}
[client] {"a":3,"dup":false,"ev":"game","ms":149706,"predicted":false,"t":5,"tick":8705,"type":"hit"}
[client] {"a":0,"dup":true,"ev":"game","ms":149761,"predicted":false,"t":5,"tick":8713,"type":"hit"}
[client] {"a":8,"dup":false,"ev":"game","ms":149823,"predicted":false,"t":4,"tick":8712,"type":"hit"}
[client] {"counts":{"blocks_on_me":1,"conf_actions":88,"confirmed_hits":424,"dup_confirmed":0,"hits_on_me":47,"pred_actions":94,"predicted_confirmed":42,"predicted_hits":101,"reconnects":0},"ev":"stats","hp":12.0,"in_bytes":1956886,"late":0,"local_entity":0,"match":{"countdown_until":300,"ctrl":-1,"final":false,"next":"","phase":3,"rot":2375,"scores":[13,6],"sd":false,"state":3,"tick":8425,"zone":"C"},"max_err":3.405,"mean_err":0.0261,"ms":149960,"out_bytes":427541,"pending":5,"pos":[39.89,-1.22],"reconciles":2900,"server_tick":8725,"snaps":2904,"teleports":4}
[client] {"counts":{"blocks_on_me":1,"conf_actions":88,"confirmed_hits":424,"dup_confirmed":0,"hits_on_me":47,"pred_actions":94,"predicted_confirmed":42,"predicted_hits":101,"reconnects":0},"ev":"stats","hp":12.0,"in_bytes":1957507,"late":0,"local_entity":0,"match":{"countdown_until":300,"ctrl":-1,"final":false,"next":"","phase":3,"rot":2372,"scores":[13,6],"sd":false,"state":3,"tick":8428,"zone":"C"},"max_err":3.405,"mean_err":0.0261,"ms":150009,"out_bytes":427688,"pending":5,"pos":[39.92,-1.24],"reconciles":2901,"server_tick":8728,"snaps":2905,"teleports":4}
