Godot Engine v4.7.2.stable.official.ed1daf0bf - https://godotengine.org

[client] {"detail":"127.0.0.1:24610","ev":"status","ms":0,"status":"connecting"}
[client] {"detail":"","ev":"status","ms":15,"status":"connected"}
[client] {"ev":"welcome","ms":23,"observer":false,"pid":3}
[client] {"ev":"pick","f":"bruno","ms":2617}
[client] {"ev":"lock","f":"bruno","ms":3769}
[client] {"ev":"match_setup","fighters":10,"ms":4819,"you":5}
[client] {"counts":{"blocks_on_me":0,"conf_actions":0,"confirmed_hits":0,"dup_confirmed":0,"hits_on_me":0,"pred_actions":0,"predicted_confirmed":0,"predicted_hits":0,"reconnects":0},"ev":"stats","hp":280.0,"in_bytes":77434,"late":0,"local_entity":5,"match":{"countdown_until":300,"ctrl":-1,"final":false,"next":"","phase":2,"rot":3600,"scores":[0,0],"sd":false,"state":1,"tick":0,"zone":""},"max_err":0.0,"mean_err":0.0,"ms":4947,"out_bytes":461,"pending":6,"pos":[-5.96,47.76],"reconciles":1,"server_tick":9,"snaps":3,"teleports":1}
[client] {"counts":{"blocks_on_me":0,"conf_actions":0,"confirmed_hits":0,"dup_confirmed":0,"hits_on_me":0,"pred_actions":0,"predicted_confirmed":0,"predicted_hits":0,"reconnects":0},"ev":"stats","hp":280.0,"in_bytes":118590,"late":0,"local_entity":5,"match":{"countdown_until":300,"ctrl":-1,"final":false,"next":"","phase":3,"rot":3593,"scores":[0,0],"sd":false,"state":1,"tick":7,"zone":"B"},"max_err":0.455,"mean_err":0.1721,"ms":9942,"out_bytes":15161,"pending":6,"pos":[-5.83,47.05],"reconciles":100,"server_tick":309,"snaps":101,"teleports":1}
[client] {"counts":{"blocks_on_me":0,"conf_actions":0,"confirmed_hits":0,"dup_confirmed":0,"hits_on_me":0,"pred_actions":0,"predicted_confirmed":0,"predicted_hits":0,"reconnects":0},"ev":"stats","hp":280.0,"in_bytes":172580,"late":0,"local_entity":5,"match":{"countdown_until":300,"ctrl":1,"final":false,"next":"","phase":3,"rot":3290,"scores":[0,0],"sd":false,"state":2,"tick":310,"zone":"B"},"max_err":0.455,"mean_err":0.086,"ms":14952,"out_bytes":29861,"pending":6,"pos":[-2.42,14.58],"reconciles":200,"server_tick":608,"snaps":202,"teleports":1}
[client] {"a":6,"dup":false,"ev":"game","ms":16830,"predicted":false,"t":1,"tick":717,"type":"hit"}
[client] {"a":6,"dup":false,"ev":"game","ms":16857,"predicted":false,"t":0,"tick":719,"type":"hit"}
[client] {"a":1,"dup":false,"ev":"game","ms":17175,"predicted":false,"t":6,"tick":738,"type":"hit"}
[client] {"a":0,"dup":false,"ev":"game","ms":17244,"predicted":false,"t":6,"tick":742,"type":"hit"}
[client] {"a":8,"dup":false,"ev":"game","ms":17313,"predicted":false,"t":1,"tick":746,"type":"hit"}
[client] {"a":8,"dup":false,"ev":"game","ms":17575,"predicted":false,"t":1,"tick":762,"type":"hit"}
[client] {"a":0,"dup":false,"ev":"game","ms":17596,"predicted":false,"t":8,"tick":763,"type":"hit"}
[client] {"a":0,"dup":false,"ev":"game","ms":17609,"predicted":false,"t":6,"tick":764,"type":"hit"}
[client] {"a":1,"dup":false,"ev":"game","ms":17961,"predicted":false,"t":8,"tick":785,"type":"hit"}
[client] {"a":6,"dup":false,"ev":"game","ms":17996,"predicted":false,"t":1,"tick":787,"type":"hit"}
[client] {"a":0,"dup":false,"ev":"game","ms":18010,"predicted":false,"t":8,"tick":788,"type":"hit"}
[client] {"a":0,"dup":false,"ev":"game","ms":18044,"predicted":false,"t":6,"tick":790,"type":"hit"}
[client] {"a":9,"dup":false,"ev":"game","ms":18175,"predicted":false,"t":0,"tick":798,"type":"hit"}
[client] {"a":7,"dup":false,"ev":"game","ms":18231,"predicted":false,"t":1,"tick":801,"type":"hit"}
[client] {"a":7,"dup":false,"ev":"game","ms":18244,"predicted":false,"t":0,"tick":802,"type":"hit"}
[client] {"a":2,"dup":false,"ev":"game","ms":18631,"predicted":false,"t":7,"tick":825,"type":"hit"}
[client] {"a":9,"dup":false,"ev":"game","ms":18810,"predicted":false,"t":2,"tick":836,"type":"hit"}
[client] {"a":4,"dup":false,"ev":"game","ms":18997,"predicted":false,"t":9,"tick":847,"type":"hit"}
[client] {"a":4,"dup":false,"ev":"game","ms":19031,"predicted":false,"t":8,"tick":849,"type":"hit"}
[client] {"a":6,"dup":false,"ev":"game","ms":19293,"predicted":false,"t":4,"tick":865,"type":"hit"}
[client] {"a":2,"dup":false,"ev":"game","ms":19727,"predicted":false,"t":5,"tick":891,"type":"hit"}
[client] {"a":1,"dup":false,"ev":"game","ms":19894,"predicted":false,"t":6,"tick":901,"type":"hit"}
[client] {"counts":{"blocks_on_me":0,"conf_actions":5,"confirmed_hits":22,"dup_confirmed":0,"hits_on_me":1,"pred_actions":5,"predicted_confirmed":0,"predicted_hits":0,"reconnects":0},"ev":"stats","hp":262.0,"in_bytes":241972,"late":0,"local_entity":5,"match":{"countdown_until":300,"ctrl":-1,"final":false,"next":"","phase":3,"rot":2990,"scores":[0,0],"sd":false,"state":3,"tick":610,"zone":"B"},"max_err":0.455,"mean_err":0.0656,"ms":19948,"out_bytes":44561,"pending":6,"pos":[-2.13,-2.6],"reconciles":300,"server_tick":908,"snaps":302,"teleports":1}
[client] {"a":2,"dup":false,"ev":"game","ms":19997,"predicted":false,"t":5,"tick":907,"type":"hit"}
[client] {"a":4,"dup":false,"ev":"game","ms":20259,"predicted":false,"t":5,"tick":923,"type":"hit"}
[client] {"a":8,"dup":false,"ev":"game","ms":20314,"predicted":false,"t":2,"tick":926,"type":"hit"}
[client] {"a":6,"dup":false,"ev":"game","ms":20362,"predicted":false,"t":2,"tick":929,"type":"hit"}
[client] {"a":1,"dup":false,"ev":"game","ms":20431,"predicted":false,"t":7,"tick":933,"type":"hit"}
[client] {"a":1,"dup":false,"ev":"game","ms":20446,"predicted":false,"t":6,"tick":934,"type":"hit"}
[client] {"a":9,"dup":false,"ev":"game","ms":20446,"predicted":false,"t":2,"tick":934,"type":"hit"}
[client] {"a":1,"dup":false,"ev":"game","ms":20459,"predicted":false,"t":8,"tick":935,"type":"hit"}
[client] {"a":1,"dup":false,"ev":"game","ms":20459,"predicted":false,"t":9,"tick":935,"type":"hit"}
[client] {"a":0,"dup":false,"ev":"game","ms":20659,"predicted":false,"t":9,"tick":947,"type":"hit"}
[client] {"a":8,"dup":false,"ev":"game","ms":21177,"predicted":false,"t":0,"tick":978,"type":"hit"}
[client] {"a":7,"dup":false,"ev":"game","ms":21280,"predicted":false,"t":0,"tick":984,"type":"hit"}
[client] {"a":5,"dup":true,"ev":"game","ms":21715,"predicted":false,"t":0,"tick":1015,"type":"hit"}
[client] {"a":8,"dup":false,"ev":"game","ms":21847,"predicted":false,"t":0,"tick":1018,"type":"hit"}
[client] {"a":7,"dup":false,"ev":"game","ms":22495,"predicted":false,"t":2,"tick":1057,"type":"hit"}
[client] {"a":0,"dup":false,"ev":"game","ms":22515,"predicted":false,"t":5,"tick":1058,"type":"hit"}
[client] {"a":0,"dup":false,"ev":"game","ms":22577,"predicted":false,"t":7,"tick":1062,"type":"hit"}
[client] {"a":0,"dup":false,"ev":"game","ms":22598,"predicted":false,"t":6,"tick":1063,"type":"hit"}
[client] {"a":8,"dup":false,"ev":"game","ms":22916,"predicted":false,"t":0,"tick":1082,"type":"hit"}
[client] {"a":4,"dup":false,"ev":"game","ms":23281,"predicted":false,"t":8,"tick":1104,"type":"hit"}
[client] {"a":4,"dup":false,"ev":"game","ms":23599,"predicted":false,"t":8,"tick":1123,"type":"hit"}
[client] {"a":0,"dup":false,"ev":"game","ms":23667,"predicted":false,"t":8,"tick":1127,"type":"hit"}
[client] {"a":0,"dup":false,"ev":"game","ms":24496,"predicted":false,"t":5,"tick":1177,"type":"hit"}
[client] {"a":0,"dup":false,"ev":"game","ms":24516,"predicted":false,"t":9,"tick":1178,"type":"hit"}
[client] {"a":7,"dup":false,"ev":"game","ms":24620,"predicted":false,"t":0,"tick":1184,"type":"hit"}
[client] {"a":7,"dup":false,"ev":"game","ms":24620,"predicted":false,"t":1,"tick":1184,"type":"hit"}
[client] {"a":7,"dup":false,"ev":"game","ms":24848,"predicted":false,"t":0,"tick":1198,"type":"hit"}
[client] {"a":0,"dup":false,"ev":"game","ms":24848,"predicted":false,"t":-1,"tick":1198,"type":"ko"}
[client] {"a":7,"dup":false,"ev":"game","ms":24896,"predicted":false,"t":2,"tick":1201,"type":"hit"}
[client] {"counts":{"blocks_on_me":0,"conf_actions":12,"confirmed_hits":50,"dup_confirmed":0,"hits_on_me":5,"pred_actions":14,"predicted_confirmed":1,"predicted_hits":5,"reconnects":0},"ev":"stats","hp":150.0,"in_bytes":319902,"late":0,"local_entity":5,"match":{"countdown_until":300,"ctrl":-1,"final":false,"next":"","phase":3,"rot":2690,"scores":[0,0],"sd":false,"state":3,"tick":910,"zone":"B"},"max_err":1.017,"mean_err":0.0619,"ms":24950,"out_bytes":59261,"pending":6,"pos":[-1.84,-2.69],"reconciles":400,"server_tick":1209,"snaps":402,"teleports":1}
[client] {"a":1,"dup":false,"ev":"game","ms":25096,"predicted":false,"t":7,"tick":1213,"type":"hit"}
[client] {"a":6,"dup":false,"ev":"game","ms":25366,"predicted":false,"t":3,"tick":1229,"type":"hit"}
[client] {"a":1,"dup":false,"ev":"game","ms":25414,"predicted":false,"t":7,"tick":1232,"type":"hit"}
[client] {"a":1,"dup":false,"ev":"game","ms":25732,"predicted":false,"t":7,"tick":1251,"type":"hit"}
[client] {"a":1,"dup":false,"ev":"game","ms":25765,"predicted":false,"t":9,"tick":1253,"type":"hit"}
[client] {"a":3,"dup":false,"ev":"game","ms":26131,"predicted":false,"t":5,"tick":1275,"type":"hit"}
[client] {"a":7,"dup":false,"ev":"game","ms":26131,"predicted":false,"t":3,"tick":1275,"type":"hit"}
[client] {"a":8,"dup":false,"ev":"game","ms":26214,"predicted":false,"t":3,"tick":1280,"type":"hit"}
[client] {"a":5,"dup":true,"ev":"game","ms":26414,"predicted":false,"t":3,"tick":1297,"type":"hit"}
[client] {"a":8,"dup":false,"ev":"game","ms":26517,"predicted":false,"t":3,"tick":1298,"type":"hit"}
[client] {"a":1,"dup":false,"ev":"game","ms":26634,"predicted":false,"t":5,"tick":1305,"type":"hit"}
[client] {"a":1,"dup":false,"ev":"game","ms":26635,"predicted":false,"t":7,"tick":1305,"type":"hit"}
[client] {"a":1,"dup":false,"ev":"game","ms":26648,"predicted":false,"t":8,"tick":1306,"type":"hit"}
[client] {"a":4,"dup":false,"ev":"game","ms":26697,"predicted":false,"t":7,"tick":1309,"type":"hit"}
[client] {"a":9,"dup":false,"ev":"game","ms":26848,"predicted":false,"t":1,"tick":1318,"type":"hit"}
[client] {"a":6,"dup":false,"ev":"game","ms":26897,"predicted":false,"t":2,"tick":1321,"type":"hit"}
[client] {"a":3,"dup":false,"ev":"game","ms":27097,"predicted":false,"t":9,"tick":1333,"type":"hit"}
[client] {"a":6,"dup":false,"ev":"game","ms":27229,"predicted":false,"t":2,"tick":1341,"type":"hit"}
[client] {"a":7,"dup":false,"ev":"game","ms":27428,"predicted":false,"t":1,"tick":1353,"type":"hit"}
[client] {"a":2,"dup":false,"ev":"game","ms":27546,"predicted":false,"t":7,"tick":1360,"type":"hit"}
[client] {"a":7,"dup":false,"ev":"game","ms":27546,"predicted":false,"t":-1,"tick":1360,"type":"ko"}
[client] {"a":5,"dup":true,"ev":"game","ms":27595,"predicted":false,"t":3,"tick":1367,"type":"hit"}
[client] {"a":8,"dup":false,"ev":"game","ms":27628,"predicted":false,"t":3,"tick":1365,"type":"hit"}
[client] {"a":6,"dup":false,"ev":"game","ms":27726,"predicted":false,"t":2,"tick":1371,"type":"hit"}
[client] {"a":5,"dup":true,"ev":"game","ms":27925,"predicted":false,"t":3,"tick":1388,"type":"hit"}
[client] {"a":9,"dup":false,"ev":"game","ms":28312,"predicted":false,"t":2,"tick":1406,"type":"hit"}
[client] {"a":6,"dup":false,"ev":"game","ms":28329,"predicted":false,"t":4,"tick":1407,"type":"hit"}
[client] {"a":3,"dup":false,"ev":"game","ms":28408,"predicted":false,"t":5,"tick":1412,"type":"hit"}
[client] {"a":1,"dup":false,"ev":"game","ms":28576,"predicted":false,"t":5,"tick":1422,"type":"hit"}
[client] {"a":6,"dup":false,"ev":"game","ms":28594,"predicted":false,"t":4,"tick":1423,"type":"hit"}
[client] {"a":6,"dup":false,"ev":"game","ms":28608,"predicted":false,"t":2,"tick":1424,"type":"hit"}
[client] {"a":8,"dup":false,"ev":"game","ms":28746,"predicted":false,"t":3,"tick":1432,"type":"hit"}
[client] {"a":8,"dup":false,"ev":"game","ms":28760,"predicted":false,"t":1,"tick":1433,"type":"hit"}
[client] {"a":4,"dup":false,"ev":"game","ms":29229,"predicted":false,"t":9,"tick":1461,"type":"hit"}
[client] {"a":6,"dup":false,"ev":"game","ms":29264,"predicted":false,"t":3,"tick":1463,"type":"hit"}
[client] {"a":4,"dup":false,"ev":"game","ms":29278,"predicted":false,"t":8,"tick":1464,"type":"hit"}
[client] {"a":6,"dup":false,"ev":"game","ms":29278,"predicted":false,"t":1,"tick":1464,"type":"hit"}
[client] {"a":8,"dup":false,"ev":"game","ms":29278,"predicted":false,"t":-1,"tick":1464,"type":"ko"}
[client] {"a":9,"dup":false,"ev":"game","ms":29581,"predicted":false,"t":2,"tick":1482,"type":"hit"}
[client] {"a":4,"dup":false,"ev":"game","ms":29596,"predicted":false,"t":9,"tick":1483,"type":"hit"}
[client] {"a":6,"dup":false,"ev":"game","ms":29596,"predicted":false,"t":3,"tick":1483,"type":"hit"}
[client] {"a":6,"dup":false,"ev":"game","ms":29629,"predicted":false,"t":1,"tick":1485,"type":"hit"}
[client] {"a":1,"dup":false,"ev":"game","ms":29629,"predicted":false,"t":-1,"tick":1485,"type":"ko"}
[client] {"a":5,"dup":true,"ev":"game","ms":29864,"predicted":false,"t":4,"tick":1504,"type":"hit"}
[client] {"a":6,"dup":false,"ev":"game","ms":29927,"predicted":false,"t":3,"tick":1503,"type":"hit"}
[client] {"counts":{"blocks_on_me":0,"conf_actions":21,"confirmed_hits":92,"dup_confirmed":0,"hits_on_me":9,"pred_actions":24,"predicted_confirmed":5,"predicted_hits":12,"reconnects":0},"ev":"stats","hp":38.0,"in_bytes":399998,"late":0,"local_entity":5,"match":{"countdown_until":300,"ctrl":-1,"final":false,"next":"","phase":3,"rot":2390,"scores":[0,0],"sd":false,"state":3,"tick":1210,"zone":"B"},"max_err":1.29,"mean_err":0.0581,"ms":29946,"out_bytes":73961,"pending":6,"pos":[-3.45,-1.75],"reconciles":500,"server_tick":1508,"snaps":502,"teleports":1}
[client] {"a":9,"dup":false,"ev":"game","ms":29961,"predicted":false,"t":4,"tick":1505,"type":"hit"}
[client] {"a":2,"dup":false,"ev":"game","ms":30561,"predicted":false,"t":6,"tick":1541,"type":"hit"}
[client] {"a":9,"dup":false,"ev":"game","ms":30596,"predicted":false,"t":3,"tick":1543,"type":"hit"}
[client] {"a":3,"dup":false,"ev":"game","ms":30596,"predicted":false,"t":-1,"tick":1543,"type":"ko"}
[client] {"a":5,"dup":true,"ev":"game","ms":30948,"predicted":false,"t":4,"tick":1569,"type":"hit"}
[client] {"a":4,"dup":false,"ev":"game","ms":31030,"predicted":false,"t":6,"tick":1569,"type":"hit"}
[client] {"a":2,"dup":false,"ev":"game","ms":31362,"predicted":false,"t":6,"tick":1589,"type":"hit"}
[client] {"a":4,"dup":false,"ev":"game","ms":31396,"predicted":false,"t":6,"tick":1591,"type":"hit"}
[client] {"a":9,"dup":false,"ev":"game","ms":31563,"predicted":false,"t":2,"tick":1601,"type":"hit"}
[client] {"a":4,"dup":false,"ev":"game","ms":31727,"predicted":false,"t":6,"tick":1611,"type":"hit"}
[client] {"a":6,"dup":false,"ev":"game","ms":31727,"predicted":false,"t":-1,"tick":1611,"type":"ko"}
[client] {"a":2,"dup":false,"ev":"game","ms":32161,"predicted":false,"t":9,"tick":1637,"type":"hit"}
[client] {"a":5,"dup":true,"ev":"game","ms":32162,"predicted":false,"t":4,"tick":1642,"type":"hit"}
[client] {"a":9,"dup":false,"ev":"game","ms":32493,"predicted":false,"t":2,"tick":1657,"type":"hit"}
[client] {"a":2,"dup":false,"ev":"game","ms":32831,"predicted":false,"t":5,"tick":1677,"type":"hit"}
[client] {"a":9,"dup":false,"ev":"game","ms":33197,"predicted":false,"t":2,"tick":1699,"type":"hit"}
[client] {"a":2,"dup":false,"ev":"game","ms":33197,"predicted":false,"t":-1,"tick":1699,"type":"ko"}
[client] {"a":5,"dup":false,"ev":"game","ms":33631,"predicted":false,"t":4,"tick":1730,"type":"hit"}
[client] {"a":5,"dup":true,"ev":"game","ms":34584,"predicted":false,"t":4,"tick":1787,"type":"hit"}
[client] {"a":0,"dup":false,"ev":"game","ms":34847,"predicted":false,"t":-1,"tick":1798,"type":"respawn"}
[client] {"counts":{"blocks_on_me":0,"conf_actions":29,"confirmed_hits":108,"dup_confirmed":0,"hits_on_me":10,"pred_actions":31,"predicted_confirmed":8,"predicted_hits":20,"reconnects":0},"ev":"stats","hp":20.0,"in_bytes":465362,"late":0,"local_entity":5,"match":{"countdown_until":300,"ctrl":-1,"final":false,"next":"","phase":3,"rot":2090,"scores":[0,0],"sd":false,"state":3,"tick":1510,"zone":"B"},"max_err":1.29,"mean_err":0.0498,"ms":34948,"out_bytes":88661,"pending":6,"pos":[-1.54,-3.2],"reconciles":600,"server_tick":1808,"snaps":602,"teleports":1}
[client] {"a":5,"dup":true,"ev":"game","ms":34964,"predicted":false,"t":4,"tick":1810,"type":"hit"}
[client] {"a":4,"dup":false,"ev":"game","ms":35448,"predicted":false,"t":9,"tick":1834,"type":"hit"}
[client] {"a":4,"dup":false,"ev":"game","ms":35715,"predicted":false,"t":9,"tick":1850,"type":"hit"}
[client] {"a":9,"dup":false,"ev":"game","ms":36667,"predicted":false,"t":4,"tick":1907,"type":"hit"}
[client] {"a":4,"dup":false,"ev":"game","ms":37026,"predicted":false,"t":5,"tick":1929,"type":"hit"}
[client] {"a":5,"dup":false,"ev":"game","ms":37310,"predicted":false,"t":-1,"tick":1951,"type":"ko"}
[client] {"a":4,"dup":false,"ev":"game","ms":37392,"predicted":false,"t":5,"tick":1951,"type":"hit"}
[client] {"a":7,"dup":false,"ev":"game","ms":37544,"predicted":false,"t":-1,"tick":1960,"type":"respawn"}
[client] {"a":9,"dup":false,"ev":"game","ms":37592,"predicted":false,"t":4,"tick":1963,"type":"hit"}
[client] {"a":4,"dup":false,"ev":"game","ms":37592,"predicted":false,"t":-1,"tick":1963,"type":"ko"}
[client] {"a":8,"dup":false,"ev":"game","ms":39275,"predicted":false,"t":-1,"tick":2064,"type":"respawn"}
[client] {"a":1,"dup":false,"ev":"game","ms":39628,"predicted":false,"t":-1,"tick":2085,"type":"respawn"}
[client] {"counts":{"blocks_on_me":0,"conf_actions":32,"confirmed_hits":115,"dup_confirmed":0,"hits_on_me":12,"pred_actions":34,"predicted_confirmed":9,"predicted_hits":25,"reconnects":0},"ev":"stats","hp":0.0,"in_bytes":521317,"late":0,"local_entity":5,"match":{"countdown_until":300,"ctrl":1,"final":false,"next":"","phase":3,"rot":1790,"scores":[0,2],"sd":false,"state":2,"tick":1810,"zone":"B"},"max_err":1.29,"mean_err":0.0448,"ms":39944,"out_bytes":103361,"pending":6,"pos":[-1.58,-3.22],"reconciles":700,"server_tick":2109,"snaps":702,"teleports":1}
[client] {"a":3,"dup":false,"ev":"game","ms":40594,"predicted":false,"t":-1,"tick":2143,"type":"respawn"}
[client] {"a":6,"dup":false,"ev":"game","ms":41725,"predicted":false,"t":-1,"tick":2211,"type":"respawn"}
[client] {"a":0,"dup":false,"ev":"game","ms":42043,"predicted":false,"t":9,"tick":2230,"type":"hit"}
[client] {"a":0,"dup":false,"ev":"game","ms":42463,"predicted":false,"t":9,"tick":2255,"type":"hit"}
[client] {"a":9,"dup":false,"ev":"game","ms":42463,"predicted":false,"t":-1,"tick":2255,"type":"ko"}
[client] {"a":2,"dup":false,"ev":"game","ms":43194,"predicted":false,"t":-1,"tick":2299,"type":"respawn"}
[client] {"counts":{"blocks_on_me":0,"conf_actions":32,"confirmed_hits":117,"dup_confirmed":0,"hits_on_me":12,"pred_actions":34,"predicted_confirmed":9,"predicted_hits":25,"reconnects":0},"ev":"stats","hp":0.0,"in_bytes":577337,"late":0,"local_entity":5,"match":{"countdown_until":300,"ctrl":-1,"final":false,"next":"","phase":3,"rot":1490,"scores":[1,3],"sd":false,"state":3,"tick":2110,"zone":"B"},"max_err":1.29,"mean_err":0.0392,"ms":44940,"out_bytes":118061,"pending":6,"pos":[-1.58,-3.22],"reconciles":800,"server_tick":2409,"snaps":802,"teleports":1}
[client] {"a":7,"dup":false,"ev":"game","ms":45584,"predicted":false,"t":0,"tick":2442,"type":"hit"}
[client] {"a":7,"dup":false,"ev":"game","ms":45928,"predicted":false,"t":0,"tick":2463,"type":"hit"}
[client] {"a":0,"dup":false,"ev":"game","ms":46300,"predicted":false,"t":7,"tick":2485,"type":"hit"}
[client] {"a":5,"dup":false,"ev":"game","ms":47315,"predicted":false,"t":-1,"tick":2551,"type":"respawn"}
[client] {"a":1,"dup":false,"ev":"game","ms":47398,"predicted":false,"t":7,"tick":2551,"type":"hit"}
[client] {"a":4,"dup":false,"ev":"game","ms":47598,"predicted":false,"t":-1,"tick":2563,"type":"respawn"}
[client] {"a":1,"dup":false,"ev":"game","ms":48047,"predicted":false,"t":7,"tick":2590,"type":"hit"}
[client] {"a":3,"dup":false,"ev":"game","ms":48047,"predicted":false,"t":7,"tick":2590,"type":"hit"}
[client] {"a":1,"dup":false,"ev":"game","ms":48351,"predicted":false,"t":8,"tick":2608,"type":"hit"}
[client] {"a":3,"dup":false,"ev":"game","ms":48564,"predicted":false,"t":8,"tick":2621,"type":"hit"}
[client] {"a":1,"dup":false,"ev":"game","ms":48667,"predicted":false,"t":8,"tick":2627,"type":"hit"}
[client] {"a":0,"dup":false,"ev":"game","ms":48930,"predicted":false,"t":6,"tick":2643,"type":"hit"}
[client] {"a":0,"dup":false,"ev":"game","ms":49233,"predicted":false,"t":6,"tick":2661,"type":"hit"}
[client] {"a":7,"dup":false,"ev":"game","ms":49413,"predicted":false,"t":0,"tick":2672,"type":"hit"}
[client] {"a":8,"dup":false,"ev":"game","ms":49447,"predicted":false,"t":1,"tick":2674,"type":"hit"}
[client] {"a":8,"dup":false,"ev":"game","ms":49516,"predicted":false,"t":3,"tick":2678,"type":"hit"}
[client] {"a":6,"dup":false,"ev":"game","ms":49675,"predicted":false,"t":0,"tick":2688,"type":"hit"}
[client] {"counts":{"blocks_on_me":0,"conf_actions":32,"confirmed_hits":132,"dup_confirmed":0,"hits_on_me":12,"pred_actions":34,"predicted_confirmed":9,"predicted_hits":25,"reconnects":0},"ev":"stats","hp":280.0,"in_bytes":642995,"late":0,"local_entity":5,"match":{"countdown_until":300,"ctrl":-1,"final":false,"next":"","phase":3,"rot":1190,"scores":[1,3],"sd":false,"state":3,"tick":2410,"zone":"B"},"max_err":1.29,"mean_err":0.0349,"ms":49943,"out_bytes":132761,"pending":6,"pos":[2.09,31.79],"reconciles":899,"server_tick":2709,"snaps":902,"teleports":2}
[client] {"a":6,"dup":false,"ev":"game","ms":50006,"predicted":false,"t":0,"tick":2708,"type":"hit"}
[client] {"a":2,"dup":false,"ev":"game","ms":50241,"predicted":false,"t":8,"tick":2722,"type":"hit"}
[client] {"a":6,"dup":false,"ev":"game","ms":50509,"predicted":false,"t":0,"tick":2738,"type":"hit"}
[client] {"a":2,"dup":false,"ev":"game","ms":50544,"predicted":false,"t":8,"tick":2740,"type":"hit"}
[client] {"a":7,"dup":false,"ev":"game","ms":50675,"predicted":false,"t":0,"tick":2748,"type":"hit"}
[client] {"a":8,"dup":false,"ev":"game","ms":50896,"predicted":false,"t":2,"tick":2761,"type":"hit"}
[client] {"a":1,"dup":false,"ev":"game","ms":51124,"predicted":false,"t":8,"tick":2775,"type":"hit"}
[client] {"a":3,"dup":false,"ev":"game","ms":51545,"predicted":false,"t":8,"tick":2800,"type":"hit"}
[client] {"a":7,"dup":false,"ev":"game","ms":51749,"predicted":false,"t":0,"tick":2812,"type":"hit"}
[client] {"a":6,"dup":false,"ev":"game","ms":52463,"predicted":false,"t":1,"tick":2855,"type":"hit"}
[client] {"a":9,"dup":false,"ev":"game","ms":52463,"predicted":false,"t":-1,"tick":2855,"type":"respawn"}
[client] {"a":1,"dup":false,"ev":"game","ms":52925,"predicted":false,"t":6,"tick":2883,"type":"hit"}
[client] {"a":3,"dup":false,"ev":"game","ms":52925,"predicted":false,"t":6,"tick":2883,"type":"hit"}
[client] {"a":1,"dup":false,"ev":"game","ms":52960,"predicted":false,"t":8,"tick":2885,"type":"hit"}
[client] {"a":1,"dup":false,"ev":"game","ms":53277,"predicted":false,"t":7,"tick":2904,"type":"hit"}
[client] {"a":1,"dup":false,"ev":"game","ms":53297,"predicted":false,"t":8,"tick":2905,"type":"hit"}
[client] {"a":1,"dup":false,"ev":"game","ms":53580,"predicted":false,"t":7,"tick":2922,"type":"hit"}
[client] {"a":6,"dup":false,"ev":"game","ms":53843,"predicted":false,"t":1,"tick":2938,"type":"hit"}
[client] {"a":6,"dup":false,"ev":"game","ms":54195,"predicted":false,"t":1,"tick":2959,"type":"hit"}
[client] {"a":0,"dup":false,"ev":"game","ms":54525,"predicted":false,"t":7,"tick":2979,"type":"hit"}
[client] {"a":1,"dup":false,"ev":"game","ms":54546,"predicted":false,"t":8,"tick":2980,"type":"hit"}
[client] {"a":1,"dup":false,"ev":"game","ms":54581,"predicted":false,"t":6,"tick":2982,"type":"hit"}
[client] {"a":4,"dup":false,"ev":"game","ms":54615,"predicted":false,"t":8,"tick":2984,"type":"hit"}
[client] {"counts":{"blocks_on_me":0,"conf_actions":33,"confirmed_hits":154,"dup_confirmed":0,"hits_on_me":12,"pred_actions":35,"predicted_confirmed":9,"predicted_hits":25,"reconnects":0},"ev":"stats","hp":280.0,"in_bytes":714986,"late":0,"local_entity":5,"match":{"countdown_until":300,"ctrl":-1,"final":false,"next":"A","phase":3,"rot":890,"scores":[1,3],"sd":false,"state":3,"tick":2710,"zone":"B"},"max_err":1.29,"mean_err":0.0314,"ms":54945,"out_bytes":147461,"pending":6,"pos":[-2.79,0.91],"reconciles":998,"server_tick":3008,"snaps":1001,"teleports":2}
[client] {"a":4,"dup":false,"ev":"game","ms":54948,"predicted":false,"t":7,"tick":3004,"type":"hit"}
[client] {"a":1,"dup":false,"ev":"game","ms":54960,"predicted":false,"t":7,"tick":3005,"type":"hit"}
[client] {"a":8,"dup":false,"ev":"game","ms":55279,"predicted":false,"t":4,"tick":3024,"type":"hit"}
[client] {"a":8,"dup":false,"ev":"game","ms":55299,"predicted":false,"t":3,"tick":3025,"type":"block"}
[client] {"a":6,"dup":false,"ev":"game","ms":55361,"predicted":false,"t":0,"tick":3029,"type":"hit"}
[client] {"a":6,"dup":false,"ev":"game","ms":55596,"predicted":false,"t":0,"tick":3043,"type":"hit"}
[client] {"a":8,"dup":false,"ev":"game","ms":55899,"predicted":false,"t":3,"tick":3061,"type":"block"}
[client] {"a":0,"dup":false,"ev":"game","ms":56100,"predicted":false,"t":7,"tick":3073,"type":"hit"}
[client] {"a":6,"dup":false,"ev":"game","ms":56264,"predicted":false,"t":1,"tick":3083,"type":"hit"}
[client] {"a":2,"dup":false,"ev":"game","ms":56382,"predicted":false,"t":8,"tick":3090,"type":"hit"}
[client] {"a":8,"dup":false,"ev":"game","ms":56382,"predicted":false,"t":-1,"tick":3090,"type":"ko"}
[client] {"a":0,"dup":false,"ev":"game","ms":56416,"predicted":false,"t":7,"tick":3092,"type":"hit"}
[client] {"a":7,"dup":false,"ev":"game","ms":56416,"predicted":false,"t":-1,"tick":3092,"type":"ko"}
[client] {"a":6,"dup":false,"ev":"game","ms":56948,"predicted":false,"t":0,"tick":3124,"type":"hit"}
[client] {"a":0,"dup":false,"ev":"game","ms":56948,"predicted":false,"t":-1,"tick":3124,"type":"ko"}
[client] {"a":6,"dup":false,"ev":"game","ms":57845,"predicted":false,"t":2,"tick":3178,"type":"hit"}
[client] {"a":6,"dup":false,"ev":"game","ms":58183,"predicted":false,"t":2,"tick":3198,"type":"hit"}
[client] {"a":5,"dup":true,"ev":"game","ms":58501,"predicted":false,"t":3,"tick":3223,"type":"hit"}
[client] {"a":2,"dup":false,"ev":"game","ms":58934,"predicted":false,"t":5,"tick":3243,"type":"hit"}
[client] {"a":1,"dup":false,"ev":"game","ms":59000,"predicted":false,"t":5,"tick":3247,"type":"hit"}
[client] {"a":2,"dup":false,"ev":"game","ms":59245,"predicted":false,"t":5,"tick":3262,"type":"hit"}
[client] {"a":1,"dup":false,"ev":"game","ms":59314,"predicted":false,"t":5,"tick":3266,"type":"hit"}
[client] {"a":1,"dup":false,"ev":"game","ms":59649,"predicted":false,"t":5,"tick":3286,"type":"hit"}
[client] {"counts":{"blocks_on_me":0,"conf_actions":37,"confirmed_hits":172,"dup_confirmed":0,"hits_on_me":17,"pred_actions":40,"predicted_confirmed":10,"predicted_hits":29,"reconnects":0},"ev":"stats","hp":190.0,"in_bytes":787001,"late":0,"local_entity":5,"match":{"countdown_until":300,"ctrl":-1,"final":false,"next":"A","phase":3,"rot":590,"scores":[1,3],"sd":false,"state":3,"tick":3010,"zone":"B"},"max_err":1.29,"mean_err":0.0305,"ms":59948,"out_bytes":162161,"pending":6,"pos":[-2.21,-1.93],"reconciles":1098,"server_tick":3308,"snaps":1101,"teleports":2}
[client] {"a":5,"dup":true,"ev":"game","ms":60066,"predicted":false,"t":1,"tick":3316,"type":"hit"}
[client] {"a":2,"dup":false,"ev":"game","ms":60480,"predicted":false,"t":5,"tick":3336,"type":"hit"}
[client] {"a":2,"dup":false,"ev":"game","ms":60535,"predicted":false,"t":9,"tick":3339,"type":"hit"}
[client] {"a":1,"dup":false,"ev":"game","ms":60563,"predicted":false,"t":5,"tick":3341,"type":"hit"}
[client] {"a":2,"dup":false,"ev":"game","ms":61136,"predicted":false,"t":5,"tick":3375,"type":"hit"}
[client] {"a":6,"dup":false,"ev":"game","ms":61150,"predicted":false,"t":3,"tick":3376,"type":"hit"}
[client] {"a":4,"dup":false,"ev":"game","ms":61363,"predicted":false,"t":5,"tick":3389,"type":"hit"}
[client] {"a":6,"dup":false,"ev":"game","ms":61515,"predicted":false,"t":3,"tick":3398,"type":"hit"}
[client] {"a":2,"dup":false,"ev":"game","ms":61763,"predicted":false,"t":5,"tick":3413,"type":"hit"}
[client] {"a":3,"dup":false,"ev":"game","ms":61902,"predicted":false,"t":6,"tick":3421,"type":"hit"}
[client] {"a":4,"dup":false,"ev":"game","ms":62219,"predicted":false,"t":9,"tick":3440,"type":"hit"}
[client] {"a":3,"dup":false,"ev":"game","ms":62267,"predicted":false,"t":6,"tick":3443,"type":"hit"}
[client] {"a":1,"dup":false,"ev":"game","ms":62309,"predicted":false,"t":6,"tick":3446,"type":"hit"}
[client] {"a":9,"dup":false,"ev":"game","ms":62544,"predicted":false,"t":4,"tick":3460,"type":"hit"}
[client] {"a":2,"dup":false,"ev":"game","ms":62709,"predicted":false,"t":9,"tick":3470,"type":"hit"}
[client] {"a":4,"dup":false,"ev":"game","ms":62943,"predicted":false,"t":5,"tick":3484,"type":"hit"}
[client] {"a":4,"dup":false,"ev":"game","ms":63178,"predicted":false,"t":5,"tick":3498,"type":"hit"}
[client] {"a":6,"dup":false,"ev":"game","ms":63461,"predicted":false,"t":3,"tick":3515,"type":"hit"}
[client] {"a":4,"dup":false,"ev":"game","ms":63661,"predicted":false,"t":9,"tick":3527,"type":"hit"}
[client] {"a":5,"dup":true,"ev":"game","ms":63930,"predicted":false,"t":4,"tick":3548,"type":"hit"}
[client] {"a":4,"dup":false,"ev":"game","ms":64013,"predicted":false,"t":9,"tick":3548,"type":"hit"}
[client] {"a":5,"dup":false,"ev":"game","ms":64075,"predicted":false,"t":-1,"tick":3557,"type":"ko"}
[client] {"a":2,"dup":false,"ev":"game","ms":64157,"predicted":false,"t":5,"tick":3557,"type":"hit"}
[client] {"a":1,"dup":false,"ev":"game","ms":64310,"predicted":false,"t":6,"tick":3566,"type":"hit"}
[client] {"a":4,"dup":false,"ev":"game","ms":64544,"predicted":false,"t":9,"tick":3580,"type":"hit"}
[client] {"a":1,"dup":false,"ev":"game","ms":64613,"predicted":false,"t":6,"tick":3584,"type":"hit"}
[client] {"counts":{"blocks_on_me":0,"conf_actions":43,"confirmed_hits":197,"dup_confirmed":0,"hits_on_me":25,"pred_actions":47,"predicted_confirmed":12,"predicted_hits":31,"reconnects":0},"ev":"stats","hp":0.0,"in_bytes":859180,"late":0,"local_entity":5,"match":{"countdown_until":300,"ctrl":-1,"final":false,"next":"A","phase":3,"rot":290,"scores":[1,3],"sd":false,"state":3,"tick":3310,"zone":"B"},"max_err":1.29,"mean_err":0.031,"ms":64943,"out_bytes":176861,"pending":6,"pos":[-3.45,0.31],"reconciles":1198,"server_tick":3608,"snaps":1201,"teleports":2}
[client] {"a":1,"dup":false,"ev":"game","ms":65193,"predicted":false,"t":6,"tick":3619,"type":"hit"}
[client] {"a":9,"dup":false,"ev":"game","ms":65359,"predicted":false,"t":4,"tick":3629,"type":"hit"}
[client] {"a":6,"dup":false,"ev":"game","ms":65896,"predicted":false,"t":1,"tick":3661,"type":"hit"}
[client] {"a":9,"dup":false,"ev":"game","ms":65931,"predicted":false,"t":4,"tick":3663,"type":"hit"}
[client] {"a":6,"dup":false,"ev":"game","ms":66262,"predicted":false,"t":1,"tick":3683,"type":"hit"}
[client] {"a":9,"dup":false,"ev":"game","ms":66310,"predicted":false,"t":4,"tick":3686,"type":"hit"}
[client] {"a":8,"dup":false,"ev":"game","ms":66379,"predicted":false,"t":-1,"tick":3690,"type":"respawn"}
[client] {"a":7,"dup":false,"ev":"game","ms":66414,"predicted":false,"t":-1,"tick":3692,"type":"respawn"}
[client] {"a":6,"dup":false,"ev":"game","ms":66511,"predicted":false,"t":1,"tick":3698,"type":"hit"}
[client] {"a":4,"dup":false,"ev":"game","ms":66676,"predicted":false,"t":9,"tick":3708,"type":"hit"}
[client] {"a":0,"dup":false,"ev":"game","ms":66945,"predicted":false,"t":-1,"tick":3724,"type":"respawn"}
[client] {"a":9,"dup":false,"ev":"game","ms":66994,"predicted":false,"t":4,"tick":3727,"type":"hit"}
[client] {"a":4,"dup":false,"ev":"game","ms":67380,"predicted":false,"t":9,"tick":3750,"type":"hit"}
[client] {"a":6,"dup":false,"ev":"game","ms":67414,"predicted":false,"t":3,"tick":3752,"type":"hit"}
[client] {"a":9,"dup":false,"ev":"game","ms":67849,"predicted":false,"t":4,"tick":3778,"type":"hit"}
[client] {"a":1,"dup":false,"ev":"game","ms":68015,"predicted":false,"t":6,"tick":3788,"type":"hit"}
[client] {"a":6,"dup":false,"ev":"game","ms":68015,"predicted":false,"t":-1,"tick":3788,"type":"ko"}
[client] {"a":3,"dup":false,"ev":"game","ms":69512,"predicted":false,"t":9,"tick":3878,"type":"hit"}
[client] {"a":3,"dup":false,"ev":"game","ms":69850,"predicted":false,"t":9,"tick":3898,"type":"hit"}
[client] {"a":-1,"dup":false,"ev":"game","ms":69864,"predicted":false,"t":-1,"tick":3899,"type":"zone_rotated"}
[client] {"counts":{"blocks_on_me":0,"conf_actions":43,"confirmed_hits":212,"dup_confirmed":0,"hits_on_me":25,"pred_actions":47,"predicted_confirmed":12,"predicted_hits":31,"reconnects":0},"ev":"stats","hp":0.0,"in_bytes":925242,"late":0,"local_entity":5,"match":{"countdown_until":300,"ctrl":-1,"final":false,"next":"","phase":3,"rot":3590,"scores":[1,3],"sd":false,"state":1,"tick":3610,"zone":"A"},"max_err":1.29,"mean_err":0.0286,"ms":69946,"out_bytes":191561,"pending":6,"pos":[-3.45,0.31],"reconciles":1298,"server_tick":3908,"snaps":1301,"teleports":2}
[client] {"a":4,"dup":false,"ev":"game","ms":70216,"predicted":false,"t":9,"tick":3920,"type":"hit"}
[client] {"a":2,"dup":false,"ev":"game","ms":70747,"predicted":false,"t":9,"tick":3952,"type":"hit"}
[client] {"a":9,"dup":false,"ev":"game","ms":70747,"predicted":false,"t":-1,"tick":3952,"type":"ko"}
[client] {"a":5,"dup":false,"ev":"game","ms":74076,"predicted":false,"t":-1,"tick":4157,"type":"respawn"}
[client] {"counts":{"blocks_on_me":0,"conf_actions":43,"confirmed_hits":214,"dup_confirmed":0,"hits_on_me":25,"pred_actions":47,"predicted_confirmed":12,"predicted_hits":31,"reconnects":0},"ev":"stats","hp":280.0,"in_bytes":989142,"late":0,"local_entity":5,"match":{"countdown_until":300,"ctrl":-1,"final":false,"next":"","phase":3,"rot":3290,"scores":[1,3],"sd":false,"state":1,"tick":3910,"zone":"A"},"max_err":1.29,"mean_err":0.0266,"ms":74944,"out_bytes":206261,"pending":7,"pos":[5.06,43.07],"reconciles":1397,"server_tick":4209,"snaps":1401,"teleports":3}
[client] {"a":7,"dup":false,"ev":"game","ms":75511,"predicted":false,"t":3,"tick":4238,"type":"hit"}
[client] {"a":6,"dup":false,"ev":"game","ms":78016,"predicted":false,"t":-1,"tick":4388,"type":"respawn"}
[client] {"a":7,"dup":false,"ev":"game","ms":78077,"predicted":false,"t":3,"tick":4392,"type":"hit"}
[client] {"a":7,"dup":false,"ev":"game","ms":78147,"predicted":false,"t":4,"tick":4396,"type":"hit"}
[client] {"a":2,"dup":false,"ev":"game","ms":78167,"predicted":false,"t":7,"tick":4397,"type":"hit"}
[client] {"a":8,"dup":false,"ev":"game","ms":78416,"predicted":false,"t":2,"tick":4412,"type":"hit"}
[client] {"a":8,"dup":false,"ev":"game","ms":78430,"predicted":false,"t":1,"tick":4413,"type":"hit"}
[client] {"a":7,"dup":false,"ev":"game","ms":78512,"predicted":false,"t":2,"tick":4418,"type":"hit"}
[client] {"a":0,"dup":false,"ev":"game","ms":78781,"predicted":false,"t":8,"tick":4434,"type":"hit"}
[client] {"a":7,"dup":false,"ev":"game","ms":79182,"predicted":false,"t":0,"tick":4458,"type":"hit"}
[client] {"a":7,"dup":false,"ev":"game","ms":79230,"predicted":false,"t":1,"tick":4461,"type":"hit"}
[client] {"a":1,"dup":false,"ev":"game","ms":79230,"predicted":false,"t":-1,"tick":4461,"type":"ko"}
[client] {"a":8,"dup":false,"ev":"game","ms":79596,"predicted":false,"t":3,"tick":4483,"type":"hit"}
[client] {"a":2,"dup":false,"ev":"game","ms":79631,"predicted":false,"t":7,"tick":4485,"type":"block"}
[client] {"a":8,"dup":false,"ev":"game","ms":79631,"predicted":false,"t":2,"tick":4485,"type":"hit"}
[client] {"counts":{"blocks_on_me":0,"conf_actions":43,"confirmed_hits":226,"dup_confirmed":0,"hits_on_me":25,"pred_actions":47,"predicted_confirmed":12,"predicted_hits":31,"reconnects":0},"ev":"stats","hp":280.0,"in_bytes":1055845,"late":0,"local_entity":5,"match":{"countdown_until":300,"ctrl":-1,"final":false,"next":"","phase":3,"rot":2990,"scores":[2,3],"sd":false,"state":3,"tick":4210,"zone":"A"},"max_err":1.29,"mean_err":0.0248,"ms":79947,"out_bytes":220961,"pending":7,"pos":[-10.42,17.47],"reconciles":1497,"server_tick":4509,"snaps":1501,"teleports":3}
[client] {"a":4,"dup":false,"ev":"game","ms":80149,"predicted":false,"t":7,"tick":4516,"type":"hit"}
[client] {"a":0,"dup":false,"ev":"game","ms":80300,"predicted":false,"t":7,"tick":4525,"type":"hit"}
[client] {"a":4,"dup":false,"ev":"game","ms":80452,"predicted":false,"t":7,"tick":4534,"type":"hit"}
[client] {"a":8,"dup":false,"ev":"game","ms":80713,"predicted":false,"t":0,"tick":4550,"type":"hit"}
[client] {"a":9,"dup":false,"ev":"game","ms":80748,"predicted":false,"t":-1,"tick":4552,"type":"respawn"}
[client] {"a":8,"dup":false,"ev":"game","ms":80769,"predicted":false,"t":2,"tick":4553,"type":"hit"}
[client] {"a":3,"dup":false,"ev":"game","ms":80914,"predicted":false,"t":7,"tick":4562,"type":"hit"}
[client] {"a":4,"dup":false,"ev":"game","ms":81114,"predicted":false,"t":7,"tick":4574,"type":"hit"}
[client] {"a":8,"dup":false,"ev":"game","ms":81632,"predicted":false,"t":3,"tick":4605,"type":"hit"}
[client] {"a":3,"dup":false,"ev":"game","ms":81632,"predicted":false,"t":-1,"tick":4605,"type":"ko"}
[client] {"a":2,"dup":false,"ev":"game","ms":81784,"predicted":false,"t":8,"tick":4614,"type":"hit"}
[client] {"a":0,"dup":false,"ev":"game","ms":81950,"predicted":false,"t":8,"tick":4624,"type":"hit"}
[client] {"a":7,"dup":false,"ev":"game","ms":82232,"predicted":false,"t":4,"tick":4641,"type":"hit"}
[client] {"a":4,"dup":false,"ev":"game","ms":82783,"predicted":false,"t":7,"tick":4674,"type":"hit"}
[client] {"a":0,"dup":false,"ev":"game","ms":83232,"predicted":false,"t":7,"tick":4701,"type":"hit"}
[client] {"a":2,"dup":false,"ev":"game","ms":83302,"predicted":false,"t":7,"tick":4705,"type":"hit"}
[client] {"a":7,"dup":false,"ev":"game","ms":83302,"predicted":false,"t":-1,"tick":4705,"type":"ko"}
[client] {"a":4,"dup":false,"ev":"game","ms":84095,"predicted":false,"t":8,"tick":4753,"type":"hit"}
[client] {"counts":{"blocks_on_me":0,"conf_actions":43,"confirmed_hits":241,"dup_confirmed":0,"hits_on_me":25,"pred_actions":47,"predicted_confirmed":12,"predicted_hits":31,"reconnects":0},"ev":"stats","hp":280.0,"in_bytes":1119469,"late":0,"local_entity":5,"match":{"countdown_until":300,"ctrl":-1,"final":false,"next":"","phase":3,"rot":2690,"scores":[2,3],"sd":false,"state":3,"tick":4510,"zone":"A"},"max_err":1.29,"mean_err":0.0233,"ms":84942,"out_bytes":235661,"pending":7,"pos":[-39.21,1.66],"reconciles":1597,"server_tick":4809,"snaps":1601,"teleports":3}
[client] {"a":4,"dup":false,"ev":"game","ms":85378,"predicted":false,"t":8,"tick":4830,"type":"hit"}
[client] {"a":8,"dup":false,"ev":"game","ms":85778,"predicted":false,"t":4,"tick":4854,"type":"hit"}
[client] {"a":0,"dup":false,"ev":"game","ms":85792,"predicted":false,"t":5,"tick":4855,"type":"hit"}
[client] {"a":4,"dup":false,"ev":"game","ms":86213,"predicted":false,"t":8,"tick":4880,"type":"hit"}
[client] {"a":4,"dup":false,"ev":"game","ms":86545,"predicted":false,"t":8,"tick":4900,"type":"hit"}
[client] {"a":4,"dup":false,"ev":"game","ms":86882,"predicted":false,"t":8,"tick":4920,"type":"hit"}
[client] {"a":2,"dup":false,"ev":"game","ms":86899,"predicted":false,"t":8,"tick":4921,"type":"hit"}
[client] {"a":5,"dup":true,"ev":"game","ms":86899,"predicted":false,"t":0,"tick":4926,"type":"hit"}
[client] {"a":8,"dup":false,"ev":"game","ms":87296,"predicted":false,"t":4,"tick":4945,"type":"hit"}
[client] {"a":0,"dup":false,"ev":"game","ms":87428,"predicted":false,"t":5,"tick":4953,"type":"block"}
[client] {"a":2,"dup":false,"ev":"game","ms":87795,"predicted":false,"t":8,"tick":4975,"type":"block"}
[client] {"a":4,"dup":false,"ev":"game","ms":87883,"predicted":false,"t":5,"tick":4980,"type":"block"}
[client] {"a":0,"dup":false,"ev":"game","ms":88097,"predicted":false,"t":5,"tick":4993,"type":"block"}
[client] {"a":0,"dup":false,"ev":"game","ms":88165,"predicted":false,"t":6,"tick":4997,"type":"hit"}
[client] {"a":2,"dup":false,"ev":"game","ms":88580,"predicted":false,"t":8,"tick":5022,"type":"hit"}
[client] {"a":0,"dup":false,"ev":"game","ms":88697,"predicted":false,"t":5,"tick":5029,"type":"block"}
[client] {"a":8,"dup":false,"ev":"game","ms":89098,"predicted":false,"t":2,"tick":5053,"type":"hit"}
[client] {"a":1,"dup":false,"ev":"game","ms":89228,"predicted":false,"t":-1,"tick":5061,"type":"respawn"}
[client] {"a":8,"dup":false,"ev":"game","ms":89415,"predicted":false,"t":2,"tick":5072,"type":"hit"}
[client] {"a":4,"dup":false,"ev":"game","ms":89449,"predicted":false,"t":8,"tick":5074,"type":"hit"}
[client] {"a":8,"dup":false,"ev":"game","ms":89449,"predicted":false,"t":-1,"tick":5074,"type":"ko"}
[client] {"a":0,"dup":false,"ev":"game","ms":89511,"predicted":false,"t":5,"tick":5078,"type":"hit"}
[client] {"a":0,"dup":false,"ev":"game","ms":89533,"predicted":false,"t":6,"tick":5079,"type":"hit"}
[client] {"counts":{"blocks_on_me":4,"conf_actions":48,"confirmed_hits":257,"dup_confirmed":0,"hits_on_me":27,"pred_actions":53,"predicted_confirmed":13,"predicted_hits":32,"reconnects":0},"ev":"stats","hp":204.0,"in_bytes":1185693,"late":0,"local_entity":5,"match":{"countdown_until":300,"ctrl":-1,"final":false,"next":"","phase":3,"rot":2390,"scores":[2,3],"sd":false,"state":3,"tick":4810,"zone":"A"},"max_err":1.497,"mean_err":0.0245,"ms":89949,"out_bytes":250361,"pending":7,"pos":[-38.25,2.95],"reconciles":1697,"server_tick":5109,"snaps":1701,"teleports":3}
[client] {"a":0,"dup":false,"ev":"game","ms":90429,"predicted":false,"t":5,"tick":5133,"type":"hit"}
[client] {"a":0,"dup":false,"ev":"game","ms":90532,"predicted":false,"t":6,"tick":5139,"type":"hit"}
[client] {"a":3,"dup":false,"ev":"game","ms":91629,"predicted":false,"t":-1,"tick":5205,"type":"respawn"}
[client] {"a":6,"dup":false,"ev":"game","ms":92251,"predicted":false,"t":0,"tick":5242,"type":"hit"}
[client] {"a":6,"dup":false,"ev":"game","ms":92568,"predicted":false,"t":4,"tick":5261,"type":"hit"}
[client] {"a":4,"dup":false,"ev":"game","ms":92569,"predicted":false,"t":-1,"tick":5261,"type":"ko"}
[client] {"a":0,"dup":false,"ev":"game","ms":92651,"predicted":false,"t":6,"tick":5266,"type":"hit"}
[client] {"a":0,"dup":false,"ev":"game","ms":93051,"predicted":false,"t":6,"tick":5290,"type":"hit"}
[client] {"a":0,"dup":false,"ev":"game","ms":93085,"predicted":false,"t":5,"tick":5292,"type":"hit"}
[client] {"a":7,"dup":false,"ev":"game","ms":93300,"predicted":false,"t":-1,"tick":5305,"type":"respawn"}
[client] {"a":5,"dup":true,"ev":"game","ms":93403,"predicted":false,"t":0,"tick":5317,"type":"hit"}
[client] {"a":9,"dup":false,"ev":"game","ms":93584,"predicted":false,"t":0,"tick":5323,"type":"hit"}
[client] {"a":2,"dup":false,"ev":"game","ms":94199,"predicted":false,"t":5,"tick":5359,"type":"hit"}
[client] {"a":6,"dup":false,"ev":"game","ms":94397,"predicted":false,"t":2,"tick":5371,"type":"hit"}
[client] {"a":5,"dup":true,"ev":"game","ms":94562,"predicted":false,"t":2,"tick":5386,"type":"hit"}
[client] {"counts":{"blocks_on_me":4,"conf_actions":57,"confirmed_hits":269,"dup_confirmed":0,"hits_on_me":30,"pred_actions":62,"predicted_confirmed":15,"predicted_hits":35,"reconnects":0},"ev":"stats","hp":130.0,"in_bytes":1251874,"late":0,"local_entity":5,"match":{"countdown_until":300,"ctrl":-1,"final":false,"next":"","phase":3,"rot":2090,"scores":[2,3],"sd":false,"state":3,"tick":5110,"zone":"A"},"max_err":1.497,"mean_err":0.0249,"ms":94940,"out_bytes":265061,"pending":7,"pos":[-41.53,1.45],"reconciles":1797,"server_tick":5409,"snaps":1801,"teleports":3}
[client] {"a":2,"dup":false,"ev":"game","ms":95024,"predicted":false,"t":5,"tick":5409,"type":"hit"}
[client] {"a":6,"dup":false,"ev":"game","ms":95045,"predicted":false,"t":2,"tick":5410,"type":"hit"}
[client] {"a":6,"dup":false,"ev":"game","ms":95708,"predicted":false,"t":2,"tick":5450,"type":"hit"}
[client] {"a":6,"dup":false,"ev":"game","ms":96163,"predicted":false,"t":2,"tick":5477,"type":"hit"}
[client] {"a":2,"dup":false,"ev":"game","ms":96163,"predicted":false,"t":-1,"tick":5477,"type":"ko"}
[client] {"a":0,"dup":false,"ev":"game","ms":97115,"predicted":false,"t":6,"tick":5534,"type":"hit"}
[client] {"a":0,"dup":false,"ev":"game","ms":97564,"predicted":false,"t":6,"tick":5561,"type":"hit"}
[client] {"a":0,"dup":false,"ev":"game","ms":97860,"predicted":false,"t":6,"tick":5579,"type":"hit"}
[client] {"a":5,"dup":true,"ev":"game","ms":98096,"predicted":false,"t":0,"tick":5598,"type":"hit"}
[client] {"a":0,"dup":false,"ev":"game","ms":98177,"predicted":false,"t":6,"tick":5598,"type":"hit"}
[client] {"a":8,"dup":false,"ev":"game","ms":99447,"predicted":false,"t":-1,"tick":5674,"type":"respawn"}
[client] {"a":0,"dup":false,"ev":"game","ms":99495,"predicted":false,"t":5,"tick":5677,"type":"hit"}
[client] {"a":0,"dup":false,"ev":"game","ms":99495,"predicted":false,"t":9,"tick":5677,"type":"hit"}
[client] {"counts":{"blocks_on_me":4,"conf_actions":60,"confirmed_hits":280,"dup_confirmed":0,"hits_on_me":32,"pred_actions":65,"predicted_confirmed":16,"predicted_hits":38,"reconnects":0},"ev":"stats","hp":78.0,"in_bytes":1314780,"late":0,"local_entity":5,"match":{"countdown_until":300,"ctrl":-1,"final":false,"next":"","phase":3,"rot":1790,"scores":[2,3],"sd":false,"state":3,"tick":5410,"zone":"A"},"max_err":1.497,"mean_err":0.0253,"ms":99943,"out_bytes":279761,"pending":7,"pos":[-42.9,0.59],"reconciles":1897,"server_tick":5709,"snaps":1901,"teleports":3}
[client] {"a":1,"dup":false,"ev":"game","ms":100365,"predicted":false,"t":6,"tick":5729,"type":"hit"}
[client] {"a":6,"dup":false,"ev":"game","ms":100365,"predicted":false,"t":-1,"tick":5729,"type":"ko"}
[client] {"a":9,"dup":false,"ev":"game","ms":100461,"predicted":false,"t":1,"tick":5735,"type":"hit"}
[client] {"a":9,"dup":false,"ev":"game","ms":100780,"predicted":false,"t":1,"tick":5754,"type":"hit"}
[client] {"a":5,"dup":true,"ev":"game","ms":100862,"predicted":false,"t":0,"tick":5764,"type":"hit"}
[client] {"a":0,"dup":false,"ev":"game","ms":100917,"predicted":false,"t":9,"tick":5762,"type":"hit"}
[client] {"a":0,"dup":false,"ev":"game","ms":101331,"predicted":false,"t":5,"tick":5787,"type":"hit"}
[client] {"a":1,"dup":false,"ev":"game","ms":101617,"predicted":false,"t":5,"tick":5804,"type":"hit"}
[client] {"a":9,"dup":false,"ev":"game","ms":101848,"predicted":false,"t":1,"tick":5818,"type":"hit"}
[client] {"a":0,"dup":false,"ev":"game","ms":102097,"predicted":false,"t":9,"tick":5833,"type":"hit"}
[client] {"a":4,"dup":false,"ev":"game","ms":102566,"predicted":false,"t":-1,"tick":5861,"type":"respawn"}
[client] {"a":5,"dup":true,"ev":"game","ms":102630,"predicted":false,"t":0,"tick":5870,"type":"hit"}
[client] {"a":5,"dup":true,"ev":"game","ms":103084,"predicted":false,"t":0,"tick":5897,"type":"hit"}
[client] {"a":0,"dup":false,"ev":"game","ms":103166,"predicted":false,"t":-1,"tick":5897,"type":"ko"}
[client] {"a":1,"dup":false,"ev":"game","ms":103601,"predicted":false,"t":5,"tick":5923,"type":"hit"}
[client] {"a":3,"dup":false,"ev":"game","ms":103850,"predicted":false,"t":9,"tick":5938,"type":"hit"}
[client] {"a":5,"dup":true,"ev":"game","ms":103884,"predicted":false,"t":1,"tick":5945,"type":"hit"}
[client] {"a":5,"dup":false,"ev":"game","ms":103934,"predicted":false,"t":3,"tick":5948,"type":"hit"}
[client] {"a":7,"dup":false,"ev":"game","ms":104181,"predicted":false,"t":1,"tick":5958,"type":"hit"}
[client] {"a":5,"dup":true,"ev":"game","ms":104367,"predicted":false,"t":1,"tick":5974,"type":"hit"}
[client] {"a":5,"dup":false,"ev":"game","ms":104367,"predicted":false,"t":3,"tick":5974,"type":"block"}
[client] {"a":7,"dup":false,"ev":"game","ms":104498,"predicted":false,"t":1,"tick":5978,"type":"hit"}
[client] {"a":5,"dup":false,"ev":"game","ms":104774,"predicted":false,"t":-1,"tick":5999,"type":"ko"}
[client] {"a":1,"dup":false,"ev":"game","ms":104846,"predicted":false,"t":5,"tick":5999,"type":"hit"}
[client] {"a":7,"dup":false,"ev":"game","ms":104856,"predicted":false,"t":1,"tick":6000,"type":"hit"}
[client] {"counts":{"blocks_on_me":4,"conf_actions":67,"confirmed_hits":300,"dup_confirmed":0,"hits_on_me":36,"pred_actions":72,"predicted_confirmed":21,"predicted_hits":51,"reconnects":0},"ev":"stats","hp":0.0,"in_bytes":1385837,"late":0,"local_entity":5,"match":{"countdown_until":300,"ctrl":-1,"final":false,"next":"","phase":3,"rot":1490,"scores":[2,3],"sd":false,"state":3,"tick":5710,"zone":"A"},"max_err":1.497,"mean_err":0.0259,"ms":104938,"out_bytes":294461,"pending":7,"pos":[-41.59,-0.23],"reconciles":1997,"server_tick":6009,"snaps":2001,"teleports":3}
[client] {"a":7,"dup":false,"ev":"game","ms":105457,"predicted":false,"t":3,"tick":6035,"type":"block"}
[client] {"a":1,"dup":false,"ev":"game","ms":105526,"predicted":false,"t":7,"tick":6039,"type":"hit"}
[client] {"a":1,"dup":false,"ev":"game","ms":105843,"predicted":false,"t":7,"tick":6058,"type":"hit"}
[client] {"a":9,"dup":false,"ev":"game","ms":105892,"predicted":false,"t":3,"tick":6061,"type":"hit"}
[client] {"a":2,"dup":false,"ev":"game","ms":106160,"predicted":false,"t":-1,"tick":6077,"type":"respawn"}
[client] {"a":9,"dup":false,"ev":"game","ms":106575,"predicted":false,"t":3,"tick":6102,"type":"hit"}
[client] {"a":1,"dup":false,"ev":"game","ms":106726,"predicted":false,"t":9,"tick":6111,"type":"hit"}
[client] {"a":9,"dup":false,"ev":"game","ms":107327,"predicted":false,"t":1,"tick":6147,"type":"hit"}
[client] {"a":3,"dup":false,"ev":"game","ms":107375,"predicted":false,"t":9,"tick":6150,"type":"hit"}
[client] {"a":3,"dup":false,"ev":"game","ms":107727,"predicted":false,"t":9,"tick":6171,"type":"hit"}
[client] {"a":1,"dup":false,"ev":"game","ms":107796,"predicted":false,"t":9,"tick":6175,"type":"hit"}
[client] {"a":1,"dup":false,"ev":"game","ms":108161,"predicted":false,"t":9,"tick":6197,"type":"hit"}
[client] {"a":3,"dup":false,"ev":"game","ms":108444,"predicted":false,"t":9,"tick":6214,"type":"hit"}
[client] {"a":7,"dup":false,"ev":"game","ms":108645,"predicted":false,"t":1,"tick":6226,"type":"hit"}
[client] {"a":7,"dup":false,"ev":"game","ms":108679,"predicted":false,"t":3,"tick":6228,"type":"hit"}
[client] {"a":9,"dup":false,"ev":"game","ms":109494,"predicted":false,"t":1,"tick":6277,"type":"hit"}
[client] {"a":1,"dup":false,"ev":"game","ms":109494,"predicted":false,"t":-1,"tick":6277,"type":"ko"}
[client] {"a":7,"dup":false,"ev":"game","ms":109597,"predicted":false,"t":3,"tick":6283,"type":"hit"}
[client] {"counts":{"blocks_on_me":4,"conf_actions":67,"confirmed_hits":315,"dup_confirmed":0,"hits_on_me":36,"pred_actions":72,"predicted_confirmed":21,"predicted_hits":51,"reconnects":0},"ev":"stats","hp":0.0,"in_bytes":1449067,"late":0,"local_entity":5,"match":{"countdown_until":300,"ctrl":-1,"final":false,"next":"","phase":3,"rot":1190,"scores":[2,3],"sd":false,"state":3,"tick":6010,"zone":"A"},"max_err":1.497,"mean_err":0.0247,"ms":109941,"out_bytes":309161,"pending":7,"pos":[-41.59,-0.23],"reconciles":2097,"server_tick":6309,"snaps":2101,"teleports":3}
[client] {"a":7,"dup":false,"ev":"game","ms":109963,"predicted":false,"t":3,"tick":6305,"type":"hit"}
[client] {"a":7,"dup":false,"ev":"game","ms":110280,"predicted":false,"t":3,"tick":6324,"type":"hit"}
[client] {"a":8,"dup":false,"ev":"game","ms":110328,"predicted":false,"t":3,"tick":6327,"type":"hit"}
[client] {"a":6,"dup":false,"ev":"game","ms":110363,"predicted":false,"t":-1,"tick":6329,"type":"respawn"}
[client] {"a":3,"dup":false,"ev":"game","ms":110694,"predicted":false,"t":7,"tick":6349,"type":"hit"}
[client] {"a":8,"dup":false,"ev":"game","ms":110763,"predicted":false,"t":3,"tick":6353,"type":"hit"}
[client] {"a":8,"dup":false,"ev":"game","ms":111059,"predicted":false,"t":3,"tick":6371,"type":"hit"}
[client] {"a":9,"dup":false,"ev":"game","ms":111143,"predicted":false,"t":3,"tick":6376,"type":"hit"}
[client] {"a":7,"dup":false,"ev":"game","ms":111363,"predicted":false,"t":3,"tick":6389,"type":"hit"}
[client] {"a":3,"dup":false,"ev":"game","ms":112447,"predicted":false,"t":9,"tick":6454,"type":"hit"}
[client] {"a":9,"dup":false,"ev":"game","ms":112447,"predicted":false,"t":-1,"tick":6454,"type":"ko"}
[client] {"a":4,"dup":false,"ev":"game","ms":113151,"predicted":false,"t":8,"tick":6496,"type":"hit"}
[client] {"a":7,"dup":false,"ev":"game","ms":113164,"predicted":false,"t":3,"tick":6497,"type":"hit"}
[client] {"a":0,"dup":false,"ev":"game","ms":113164,"predicted":false,"t":-1,"tick":6497,"type":"respawn"}
[client] {"a":7,"dup":false,"ev":"game","ms":113564,"predicted":false,"t":3,"tick":6521,"type":"hit"}
[client] {"a":3,"dup":false,"ev":"game","ms":113564,"predicted":false,"t":-1,"tick":6521,"type":"ko"}
[client] {"a":5,"dup":false,"ev":"game","ms":114781,"predicted":false,"t":-1,"tick":6599,"type":"respawn"}
[client] {"counts":{"blocks_on_me":4,"conf_actions":67,"confirmed_hits":327,"dup_confirmed":0,"hits_on_me":36,"pred_actions":72,"predicted_confirmed":21,"predicted_hits":51,"reconnects":0},"ev":"stats","hp":280.0,"in_bytes":1510787,"late":0,"local_entity":5,"match":{"countdown_until":300,"ctrl":-1,"final":false,"next":"C","phase":3,"rot":890,"scores":[2,3],"sd":false,"state":3,"tick":6310,"zone":"A"},"max_err":1.497,"mean_err":0.0235,"ms":114950,"out_bytes":323861,"pending":7,"pos":[5.92,47.48],"reconciles":2196,"server_tick":6609,"snaps":2201,"teleports":4}
[client] {"a":4,"dup":false,"ev":"game","ms":115780,"predicted":false,"t":8,"tick":6654,"type":"hit"}
[client] {"a":4,"dup":false,"ev":"game","ms":116117,"predicted":false,"t":8,"tick":6674,"type":"hit"}
[client] {"a":4,"dup":false,"ev":"game","ms":116463,"predicted":false,"t":8,"tick":6695,"type":"hit"}
[client] {"a":4,"dup":false,"ev":"game","ms":116483,"predicted":false,"t":7,"tick":6696,"type":"hit"}
[client] {"a":7,"dup":false,"ev":"game","ms":116863,"predicted":false,"t":4,"tick":6719,"type":"hit"}
[client] {"a":7,"dup":false,"ev":"game","ms":117180,"predicted":false,"t":4,"tick":6738,"type":"hit"}
[client] {"a":4,"dup":false,"ev":"game","ms":117566,"predicted":false,"t":7,"tick":6761,"type":"hit"}
[client] {"a":4,"dup":false,"ev":"game","ms":118049,"predicted":false,"t":7,"tick":6790,"type":"hit"}
[client] {"a":4,"dup":false,"ev":"game","ms":118401,"predicted":false,"t":8,"tick":6811,"type":"hit"}
[client] {"a":7,"dup":false,"ev":"game","ms":118684,"predicted":false,"t":4,"tick":6829,"type":"hit"}
[client] {"a":7,"dup":false,"ev":"game","ms":119015,"predicted":false,"t":4,"tick":6848,"type":"hit"}
[client] {"a":8,"dup":false,"ev":"game","ms":119437,"predicted":false,"t":4,"tick":6873,"type":"hit"}
[client] {"a":1,"dup":false,"ev":"game","ms":119485,"predicted":false,"t":-1,"tick":6877,"type":"respawn"}
[client] {"a":4,"dup":false,"ev":"game","ms":119781,"predicted":false,"t":7,"tick":6894,"type":"hit"}
[client] {"counts":{"blocks_on_me":4,"conf_actions":67,"confirmed_hits":340,"dup_confirmed":0,"hits_on_me":36,"pred_actions":72,"predicted_confirmed":21,"predicted_hits":51,"reconnects":0},"ev":"stats","hp":280.0,"in_bytes":1570947,"late":0,"local_entity":5,"match":{"countdown_until":300,"ctrl":-1,"final":false,"next":"C","phase":3,"rot":590,"scores":[2,3],"sd":false,"state":3,"tick":6610,"zone":"A"},"max_err":1.497,"mean_err":0.0225,"ms":119946,"out_bytes":338561,"pending":7,"pos":[-6.16,18.93],"reconciles":2296,"server_tick":6909,"snaps":2301,"teleports":4}
[client] {"a":4,"dup":false,"ev":"game","ms":120030,"predicted":false,"t":7,"tick":6909,"type":"hit"}
[client] {"a":2,"dup":false,"ev":"game","ms":120409,"predicted":false,"t":8,"tick":6932,"type":"hit"}
[client] {"a":4,"dup":false,"ev":"game","ms":120810,"predicted":false,"t":8,"tick":6956,"type":"hit"}
[client] {"a":7,"dup":false,"ev":"game","ms":120961,"predicted":false,"t":4,"tick":6965,"type":"hit"}
[client] {"a":2,"dup":false,"ev":"game","ms":121045,"predicted":false,"t":8,"tick":6970,"type":"hit"}
[client] {"a":2,"dup":false,"ev":"game","ms":121095,"predicted":false,"t":7,"tick":6973,"type":"hit"}
[client] {"a":6,"dup":false,"ev":"game","ms":121363,"predicted":false,"t":2,"tick":6989,"type":"hit"}
[client] {"a":6,"dup":false,"ev":"game","ms":121727,"predicted":false,"t":2,"tick":7011,"type":"hit"}
[client] {"a":2,"dup":false,"ev":"game","ms":122079,"predicted":false,"t":8,"tick":7032,"type":"hit"}
[client] {"a":2,"dup":false,"ev":"game","ms":122412,"predicted":false,"t":8,"tick":7052,"type":"hit"}
[client] {"a":9,"dup":false,"ev":"game","ms":122445,"predicted":false,"t":-1,"tick":7054,"type":"respawn"}
[client] {"a":2,"dup":false,"ev":"game","ms":122728,"predicted":false,"t":8,"tick":7071,"type":"hit"}
[client] {"a":8,"dup":false,"ev":"game","ms":123328,"predicted":false,"t":2,"tick":7107,"type":"hit"}
[client] {"a":3,"dup":false,"ev":"game","ms":123563,"predicted":false,"t":-1,"tick":7121,"type":"respawn"}
[client] {"a":7,"dup":false,"ev":"game","ms":123728,"predicted":false,"t":2,"tick":7131,"type":"hit"}
[client] {"a":2,"dup":false,"ev":"game","ms":124080,"predicted":false,"t":8,"tick":7152,"type":"hit"}
[client] {"a":8,"dup":false,"ev":"game","ms":124080,"predicted":false,"t":-1,"tick":7152,"type":"ko"}
[client] {"a":6,"dup":false,"ev":"game","ms":124214,"predicted":false,"t":2,"tick":7160,"type":"hit"}
[client] {"a":4,"dup":false,"ev":"game","ms":124232,"predicted":false,"t":7,"tick":7161,"type":"hit"}
[client] {"a":4,"dup":false,"ev":"game","ms":124550,"predicted":false,"t":7,"tick":7180,"type":"hit"}
[client] {"counts":{"blocks_on_me":4,"conf_actions":67,"confirmed_hits":357,"dup_confirmed":0,"hits_on_me":36,"pred_actions":72,"predicted_confirmed":21,"predicted_hits":51,"reconnects":0},"ev":"stats","hp":280.0,"in_bytes":1636252,"late":0,"local_entity":5,"match":{"countdown_until":300,"ctrl":-1,"final":false,"next":"C","phase":3,"rot":290,"scores":[2,3],"sd":false,"state":3,"tick":6910,"zone":"A"},"max_err":1.497,"mean_err":0.0216,"ms":124948,"out_bytes":353261,"pending":7,"pos":[-35.34,3.96],"reconciles":2396,"server_tick":7209,"snaps":2401,"teleports":4}
[client] {"a":7,"dup":false,"ev":"game","ms":125115,"predicted":false,"t":4,"tick":7214,"type":"hit"}
[client] {"a":7,"dup":false,"ev":"game","ms":125330,"predicted":false,"t":4,"tick":7227,"type":"hit"}
[client] {"a":6,"dup":false,"ev":"game","ms":125632,"predicted":false,"t":2,"tick":7245,"type":"parry"}
[client] {"a":7,"dup":false,"ev":"game","ms":125784,"predicted":false,"t":2,"tick":7254,"type":"hit"}
[client] {"a":7,"dup":false,"ev":"game","ms":125833,"predicted":false,"t":0,"tick":7257,"type":"hit"}
[client] {"a":7,"dup":false,"ev":"game","ms":126082,"predicted":false,"t":0,"tick":7273,"type":"hit"}
[client] {"a":7,"dup":false,"ev":"game","ms":126082,"predicted":false,"t":4,"tick":7273,"type":"hit"}
[client] {"a":2,"dup":false,"ev":"game","ms":126213,"predicted":false,"t":7,"tick":7281,"type":"hit"}
[client] {"a":7,"dup":false,"ev":"game","ms":126213,"predicted":false,"t":-1,"tick":7281,"type":"ko"}
[client] {"a":6,"dup":false,"ev":"game","ms":126667,"predicted":false,"t":2,"tick":7308,"type":"hit"}
[client] {"a":0,"dup":false,"ev":"game","ms":126847,"predicted":false,"t":5,"tick":7319,"type":"hit"}
[client] {"a":4,"dup":false,"ev":"game","ms":127096,"predicted":false,"t":5,"tick":7334,"type":"hit"}
[client] {"a":5,"dup":true,"ev":"game","ms":127635,"predicted":false,"t":0,"tick":7371,"type":"hit"}
[client] {"a":4,"dup":false,"ev":"game","ms":127765,"predicted":false,"t":5,"tick":7374,"type":"hit"}
[client] {"a":2,"dup":false,"ev":"game","ms":127834,"predicted":false,"t":6,"tick":7378,"type":"hit"}
[client] {"a":2,"dup":false,"ev":"game","ms":128117,"predicted":false,"t":6,"tick":7395,"type":"hit"}
[client] {"a":4,"dup":false,"ev":"game","ms":128117,"predicted":false,"t":5,"tick":7395,"type":"hit"}
[client] {"a":4,"dup":false,"ev":"game","ms":128386,"predicted":false,"t":5,"tick":7411,"type":"hit"}
[client] {"a":2,"dup":false,"ev":"game","ms":128883,"predicted":false,"t":6,"tick":7441,"type":"hit"}
[client] {"a":4,"dup":false,"ev":"game","ms":129117,"predicted":false,"t":5,"tick":7455,"type":"hit"}
[client] {"a":2,"dup":false,"ev":"game","ms":129283,"predicted":false,"t":6,"tick":7465,"type":"hit"}
[client] {"a":0,"dup":false,"ev":"game","ms":129767,"predicted":false,"t":6,"tick":7494,"type":"hit"}
[client] {"a":-1,"dup":false,"ev":"game","ms":129849,"predicted":false,"t":-1,"tick":7499,"type":"zone_rotated"}
[client] {"counts":{"blocks_on_me":4,"conf_actions":73,"confirmed_hits":377,"dup_confirmed":0,"hits_on_me":42,"pred_actions":80,"predicted_confirmed":22,"predicted_hits":53,"reconnects":0},"ev":"stats","hp":162.0,"in_bytes":1707690,"late":0,"local_entity":5,"match":{"countdown_until":300,"ctrl":-1,"final":false,"next":"","phase":3,"rot":3590,"scores":[2,3],"sd":false,"state":1,"tick":7210,"zone":"C"},"max_err":1.497,"mean_err":0.0218,"ms":129951,"out_bytes":367961,"pending":7,"pos":[-38.91,0.21],"reconciles":2496,"server_tick":7509,"snaps":2501,"teleports":4}
[client] {"a":5,"dup":true,"ev":"game","ms":130352,"predicted":false,"t":4,"tick":7533,"type":"hit"}
[client] {"a":6,"dup":false,"ev":"game","ms":130449,"predicted":false,"t":2,"tick":7535,"type":"hit"}
[client] {"a":1,"dup":false,"ev":"game","ms":130988,"predicted":false,"t":5,"tick":7567,"type":"hit"}
[client] {"a":5,"dup":true,"ev":"game","ms":131318,"predicted":false,"t":1,"tick":7592,"type":"hit"}
[client] {"a":0,"dup":false,"ev":"game","ms":131387,"predicted":false,"t":6,"tick":7590,"type":"hit"}
[client] {"a":5,"dup":true,"ev":"game","ms":131829,"predicted":false,"t":4,"tick":7622,"type":"hit"}
[client] {"a":1,"dup":false,"ev":"game","ms":132408,"predicted":false,"t":5,"tick":7652,"type":"hit"}
[client] {"a":1,"dup":false,"ev":"game","ms":132712,"predicted":false,"t":5,"tick":7670,"type":"hit"}
[client] {"a":5,"dup":true,"ev":"game","ms":133010,"predicted":false,"t":1,"tick":7693,"type":"hit"}
[client] {"a":5,"dup":true,"ev":"game","ms":133362,"predicted":false,"t":1,"tick":7714,"type":"hit"}
[client] {"a":1,"dup":false,"ev":"game","ms":133962,"predicted":false,"t":5,"tick":7745,"type":"hit"}
[client] {"a":8,"dup":false,"ev":"game","ms":134079,"predicted":false,"t":-1,"tick":7752,"type":"respawn"}
[client] {"a":5,"dup":true,"ev":"game","ms":134245,"predicted":false,"t":1,"tick":7767,"type":"hit"}
[client] {"counts":{"blocks_on_me":4,"conf_actions":83,"confirmed_hits":389,"dup_confirmed":0,"hits_on_me":46,"pred_actions":92,"predicted_confirmed":28,"predicted_hits":64,"reconnects":0},"ev":"stats","hp":90.0,"in_bytes":1781717,"late":0,"local_entity":5,"match":{"countdown_until":300,"ctrl":-1,"final":false,"next":"","phase":3,"rot":3290,"scores":[2,3],"sd":false,"state":1,"tick":7510,"zone":"C"},"max_err":1.497,"mean_err":0.0217,"ms":134946,"out_bytes":382661,"pending":7,"pos":[-37.94,-0.2],"reconciles":2596,"server_tick":7809,"snaps":2601,"teleports":4}
[client] {"a":5,"dup":true,"ev":"game","ms":135631,"predicted":false,"t":1,"tick":7850,"type":"hit"}
[client] {"a":5,"dup":true,"ev":"game","ms":135982,"predicted":false,"t":1,"tick":7871,"type":"hit"}
[client] {"a":7,"dup":false,"ev":"game","ms":136231,"predicted":false,"t":-1,"tick":7881,"type":"respawn"}
[client] {"a":5,"dup":true,"ev":"game","ms":136363,"predicted":false,"t":1,"tick":7894,"type":"hit"}
[client] {"a":5,"dup":true,"ev":"game","ms":137128,"predicted":false,"t":1,"tick":7940,"type":"hit"}
[client] {"a":5,"dup":true,"ev":"game","ms":137466,"predicted":false,"t":1,"tick":7960,"type":"hit"}
[client] {"a":5,"dup":true,"ev":"game","ms":137798,"predicted":false,"t":1,"tick":7980,"type":"hit"}
[client] {"a":1,"dup":false,"ev":"game","ms":138563,"predicted":false,"t":5,"tick":8021,"type":"hit"}
[client] {"counts":{"blocks_on_me":4,"conf_actions":90,"confirmed_hits":396,"dup_confirmed":0,"hits_on_me":47,"pred_actions":99,"predicted_confirmed":34,"predicted_hits":72,"reconnects":0},"ev":"stats","hp":52.0,"in_bytes":1849640,"late":0,"local_entity":5,"match":{"countdown_until":300,"ctrl":-1,"final":false,"next":"","phase":3,"rot":2990,"scores":[2,3],"sd":false,"state":3,"tick":7810,"zone":"C"},"max_err":1.497,"mean_err":0.0214,"ms":139949,"out_bytes":397361,"pending":7,"pos":[-34.89,-3.27],"reconciles":2696,"server_tick":8109,"snaps":2701,"teleports":4}
[client] {"a":1,"dup":false,"ev":"game","ms":140129,"predicted":false,"t":5,"tick":8115,"type":"hit"}
[client] {"a":5,"dup":true,"ev":"game","ms":140419,"predicted":false,"t":1,"tick":8137,"type":"hit"}
[client] {"a":5,"dup":true,"ev":"game","ms":140850,"predicted":false,"t":1,"tick":8163,"type":"hit"}
[client] {"a":5,"dup":true,"ev":"game","ms":141185,"predicted":false,"t":1,"tick":8183,"type":"hit"}
[client] {"a":1,"dup":false,"ev":"game","ms":141268,"predicted":false,"t":-1,"tick":8183,"type":"ko"}
[client] {"a":9,"dup":false,"ev":"game","ms":141587,"predicted":false,"t":3,"tick":8202,"type":"hit"}
[client] {"a":9,"dup":false,"ev":"game","ms":142297,"predicted":false,"t":3,"tick":8245,"type":"hit"}
[client] {"a":2,"dup":false,"ev":"game","ms":142413,"predicted":false,"t":6,"tick":8252,"type":"hit"}
[client] {"a":6,"dup":false,"ev":"game","ms":142814,"predicted":false,"t":2,"tick":8276,"type":"parry"}
[client] {"a":3,"dup":false,"ev":"game","ms":142945,"predicted":false,"t":9,"tick":8284,"type":"hit"}
[client] {"a":4,"dup":false,"ev":"game","ms":143228,"predicted":false,"t":9,"tick":8301,"type":"hit"}
[client] {"a":4,"dup":false,"ev":"game","ms":143560,"predicted":false,"t":9,"tick":8321,"type":"hit"}
[client] {"a":9,"dup":false,"ev":"game","ms":143979,"predicted":false,"t":4,"tick":8346,"type":"hit"}
[client] {"a":8,"dup":false,"ev":"game","ms":144125,"predicted":false,"t":3,"tick":8355,"type":"block"}
[client] {"a":0,"dup":false,"ev":"game","ms":144145,"predicted":false,"t":9,"tick":8356,"type":"hit"}
[client] {"a":0,"dup":false,"ev":"game","ms":144476,"predicted":false,"t":9,"tick":8376,"type":"hit"}
[client] {"a":8,"dup":false,"ev":"game","ms":144476,"predicted":false,"t":3,"tick":8376,"type":"block"}
[client] {"a":9,"dup":false,"ev":"game","ms":144794,"predicted":false,"t":3,"tick":8395,"type":"hit"}
[client] {"counts":{"blocks_on_me":4,"conf_actions":93,"confirmed_hits":410,"dup_confirmed":0,"hits_on_me":48,"pred_actions":103,"predicted_confirmed":37,"predicted_hits":78,"reconnects":0},"ev":"stats","hp":34.0,"in_bytes":1920596,"late":0,"local_entity":5,"match":{"countdown_until":300,"ctrl":-1,"final":false,"next":"","phase":3,"rot":2690,"scores":[2,3],"sd":false,"state":3,"tick":8110,"zone":"C"},"max_err":1.497,"mean_err":0.0207,"ms":144945,"out_bytes":412061,"pending":7,"pos":[-14.29,-5.15],"reconciles":2796,"server_tick":8408,"snaps":2801,"teleports":4}
[client] {"a":4,"dup":false,"ev":"game","ms":145395,"predicted":false,"t":8,"tick":8431,"type":"hit"}
[client] {"a":0,"dup":false,"ev":"game","ms":145429,"predicted":false,"t":9,"tick":8433,"type":"hit"}
[client] {"a":4,"dup":false,"ev":"game","ms":145746,"predicted":false,"t":8,"tick":8452,"type":"hit"}
[client] {"a":9,"dup":false,"ev":"game","ms":145960,"predicted":false,"t":4,"tick":8465,"type":"hit"}
[client] {"a":3,"dup":false,"ev":"game","ms":146044,"predicted":false,"t":8,"tick":8470,"type":"hit"}
[client] {"a":9,"dup":false,"ev":"game","ms":146298,"predicted":false,"t":4,"tick":8485,"type":"hit"}
[client] {"a":7,"dup":false,"ev":"game","ms":146429,"predicted":false,"t":4,"tick":8493,"type":"hit"}
[client] {"a":9,"dup":false,"ev":"game","ms":146678,"predicted":false,"t":4,"tick":8508,"type":"hit"}
[client] {"a":3,"dup":false,"ev":"game","ms":146727,"predicted":false,"t":7,"tick":8511,"type":"hit"}
[client] {"a":8,"dup":false,"ev":"game","ms":147029,"predicted":false,"t":4,"tick":8529,"type":"hit"}
[client] {"a":7,"dup":false,"ev":"game","ms":147112,"predicted":false,"t":4,"tick":8534,"type":"hit"}
[client] {"a":4,"dup":false,"ev":"game","ms":147112,"predicted":false,"t":-1,"tick":8534,"type":"ko"}
[client] {"a":0,"dup":false,"ev":"game","ms":147133,"predicted":false,"t":9,"tick":8535,"type":"hit"}
[client] {"a":3,"dup":false,"ev":"game","ms":147395,"predicted":false,"t":9,"tick":8551,"type":"hit"}
[client] {"a":0,"dup":false,"ev":"game","ms":147816,"predicted":false,"t":9,"tick":8576,"type":"hit"}
[client] {"a":3,"dup":false,"ev":"game","ms":147864,"predicted":false,"t":7,"tick":8579,"type":"hit"}
[client] {"a":0,"dup":false,"ev":"game","ms":148134,"predicted":false,"t":9,"tick":8595,"type":"hit"}
[client] {"a":8,"dup":false,"ev":"game","ms":148161,"predicted":false,"t":3,"tick":8597,"type":"hit"}
[client] {"a":6,"dup":false,"ev":"game","ms":148181,"predicted":false,"t":2,"tick":8598,"type":"hit"}
[client] {"a":2,"dup":false,"ev":"game","ms":148500,"predicted":false,"t":6,"tick":8617,"type":"hit"}
[client] {"a":3,"dup":false,"ev":"game","ms":148583,"predicted":false,"t":8,"tick":8622,"type":"hit"}
[client] {"a":2,"dup":false,"ev":"game","ms":148816,"predicted":false,"t":6,"tick":8636,"type":"hit"}
[client] {"a":0,"dup":false,"ev":"game","ms":148830,"predicted":false,"t":9,"tick":8637,"type":"hit"}
[client] {"a":3,"dup":false,"ev":"game","ms":148935,"predicted":false,"t":8,"tick":8643,"type":"hit"}
[client] {"a":7,"dup":false,"ev":"game","ms":148935,"predicted":false,"t":3,"tick":8643,"type":"hit"}
[client] {"a":7,"dup":false,"ev":"game","ms":149149,"predicted":false,"t":3,"tick":8656,"type":"hit"}
[client] {"a":2,"dup":false,"ev":"game","ms":149363,"predicted":false,"t":6,"tick":8669,"type":"hit"}
[client] {"a":8,"dup":false,"ev":"game","ms":149582,"predicted":false,"t":3,"tick":8682,"type":"hit"}
[client] {"a":6,"dup":false,"ev":"game","ms":149797,"predicted":false,"t":2,"tick":8695,"type":"hit"}
[client] {"counts":{"blocks_on_me":4,"conf_actions":93,"confirmed_hits":438,"dup_confirmed":0,"hits_on_me":48,"pred_actions":103,"predicted_confirmed":37,"predicted_hits":78,"reconnects":0},"ev":"stats","hp":85.2999999999995,"in_bytes":1990727,"late":0,"local_entity":5,"match":{"countdown_until":300,"ctrl":-1,"final":false,"next":"","phase":3,"rot":2390,"scores":[2,3],"sd":false,"state":3,"tick":8410,"zone":"C"},"max_err":1.497,"mean_err":0.02,"ms":149947,"out_bytes":426761,"pending":7,"pos":[18.71,-4.67],"reconciles":2896,"server_tick":8708,"snaps":2901,"teleports":4}
[client] {"counts":{"blocks_on_me":4,"conf_actions":93,"confirmed_hits":438,"dup_confirmed":0,"hits_on_me":48,"pred_actions":103,"predicted_confirmed":37,"predicted_hits":78,"reconnects":0},"ev":"stats","hp":86.4999999999995,"in_bytes":1991220,"late":0,"local_entity":5,"match":{"countdown_until":300,"ctrl":-1,"final":false,"next":"","phase":3,"rot":2387,"scores":[2,3],"sd":false,"state":3,"tick":8413,"zone":"C"},"max_err":1.497,"mean_err":0.02,"ms":150016,"out_bytes":426957,"pending":5,"pos":[19.15,-4.66],"reconciles":2898,"server_tick":8712,"snaps":2902,"teleports":4}
