Godot Engine v4.7.2.stable.official.ed1daf0bf - https://godotengine.org

[client] {"detail":"127.0.0.1:24610","ev":"status","ms":1,"status":"connecting"}
[client] {"detail":"","ev":"status","ms":16,"status":"connected"}
[client] {"ev":"welcome","ms":23,"observer":false,"pid":4}
[client] {"ev":"pick","f":"vex","ms":2231}
[client] {"ev":"lock","f":"vex","ms":3383}
[client] {"ev":"match_setup","fighters":10,"ms":4435,"you":1}
[client] {"counts":{"blocks_on_me":0,"conf_actions":0,"confirmed_hits":0,"dup_confirmed":0,"hits_on_me":0,"pred_actions":0,"predicted_confirmed":0,"predicted_hits":0,"reconnects":0},"ev":"stats","hp":220.0,"in_bytes":79389,"late":0,"local_entity":1,"match":{"countdown_until":300,"ctrl":-1,"final":false,"next":"","phase":2,"rot":3600,"scores":[0,0],"sd":false,"state":1,"tick":0,"zone":""},"max_err":0.525,"mean_err":0.2124,"ms":4965,"out_bytes":1633,"pending":7,"pos":[-3.11,-46.19],"reconciles":8,"server_tick":33,"snaps":10,"teleports":1}
[client] {"counts":{"blocks_on_me":0,"conf_actions":0,"confirmed_hits":0,"dup_confirmed":0,"hits_on_me":0,"pred_actions":0,"predicted_confirmed":0,"predicted_hits":0,"reconnects":0},"ev":"stats","hp":220.0,"in_bytes":120527,"late":0,"local_entity":1,"match":{"countdown_until":300,"ctrl":-1,"final":false,"next":"","phase":3,"rot":3566,"scores":[0,0],"sd":false,"state":1,"tick":34,"zone":"B"},"max_err":0.642,"mean_err":0.2114,"ms":9961,"out_bytes":16333,"pending":8,"pos":[-4.32,-42.7],"reconciles":106,"server_tick":333,"snaps":108,"teleports":1}
[client] {"counts":{"blocks_on_me":0,"conf_actions":0,"confirmed_hits":0,"dup_confirmed":0,"hits_on_me":0,"pred_actions":0,"predicted_confirmed":0,"predicted_hits":0,"reconnects":0},"ev":"stats","hp":220.0,"in_bytes":175414,"late":0,"local_entity":1,"match":{"countdown_until":300,"ctrl":-1,"final":false,"next":"","phase":3,"rot":3266,"scores":[0,0],"sd":false,"state":3,"tick":334,"zone":"B"},"max_err":0.642,"mean_err":0.1095,"ms":14963,"out_bytes":31033,"pending":8,"pos":[-0.38,-8.03],"reconciles":206,"server_tick":633,"snaps":208,"teleports":1}
[client] {"a":6,"dup":false,"ev":"game","ms":16448,"predicted":false,"t":1,"tick":717,"type":"hit"}
[client] {"a":6,"dup":false,"ev":"game","ms":16476,"predicted":false,"t":0,"tick":719,"type":"hit"}
[client] {"a":1,"dup":true,"ev":"game","ms":16711,"predicted":false,"t":6,"tick":738,"type":"hit"}
[client] {"a":0,"dup":false,"ev":"game","ms":16863,"predicted":false,"t":6,"tick":742,"type":"hit"}
[client] {"a":8,"dup":false,"ev":"game","ms":16931,"predicted":false,"t":1,"tick":746,"type":"hit"}
[client] {"a":8,"dup":false,"ev":"game","ms":17193,"predicted":false,"t":1,"tick":762,"type":"hit"}
[client] {"a":0,"dup":false,"ev":"game","ms":17215,"predicted":false,"t":8,"tick":763,"type":"hit"}
[client] {"a":0,"dup":false,"ev":"game","ms":17228,"predicted":false,"t":6,"tick":764,"type":"hit"}
[client] {"a":1,"dup":true,"ev":"game","ms":17498,"predicted":false,"t":8,"tick":785,"type":"hit"}
[client] {"a":6,"dup":false,"ev":"game","ms":17615,"predicted":false,"t":1,"tick":787,"type":"hit"}
[client] {"a":0,"dup":false,"ev":"game","ms":17628,"predicted":false,"t":8,"tick":788,"type":"hit"}
[client] {"a":0,"dup":false,"ev":"game","ms":17663,"predicted":false,"t":6,"tick":790,"type":"hit"}
[client] {"a":9,"dup":false,"ev":"game","ms":17793,"predicted":false,"t":0,"tick":798,"type":"hit"}
[client] {"a":7,"dup":false,"ev":"game","ms":17848,"predicted":false,"t":1,"tick":801,"type":"hit"}
[client] {"a":7,"dup":false,"ev":"game","ms":17863,"predicted":false,"t":0,"tick":802,"type":"hit"}
[client] {"a":2,"dup":false,"ev":"game","ms":18249,"predicted":false,"t":7,"tick":825,"type":"hit"}
[client] {"a":9,"dup":false,"ev":"game","ms":18428,"predicted":false,"t":2,"tick":836,"type":"hit"}
[client] {"a":4,"dup":false,"ev":"game","ms":18615,"predicted":false,"t":9,"tick":847,"type":"hit"}
[client] {"a":4,"dup":false,"ev":"game","ms":18649,"predicted":false,"t":8,"tick":849,"type":"hit"}
[client] {"a":6,"dup":false,"ev":"game","ms":18912,"predicted":false,"t":4,"tick":865,"type":"hit"}
[client] {"a":2,"dup":false,"ev":"game","ms":19346,"predicted":false,"t":5,"tick":891,"type":"hit"}
[client] {"a":1,"dup":true,"ev":"game","ms":19429,"predicted":false,"t":6,"tick":901,"type":"hit"}
[client] {"a":2,"dup":false,"ev":"game","ms":19615,"predicted":false,"t":5,"tick":907,"type":"hit"}
[client] {"a":4,"dup":false,"ev":"game","ms":19878,"predicted":false,"t":5,"tick":923,"type":"hit"}
[client] {"a":8,"dup":false,"ev":"game","ms":19933,"predicted":false,"t":2,"tick":926,"type":"hit"}
[client] {"counts":{"blocks_on_me":0,"conf_actions":8,"confirmed_hits":25,"dup_confirmed":0,"hits_on_me":5,"pred_actions":9,"predicted_confirmed":3,"predicted_hits":13,"reconnects":0},"ev":"stats","hp":113.0,"in_bytes":249389,"late":0,"local_entity":1,"match":{"countdown_until":300,"ctrl":-1,"final":false,"next":"","phase":3,"rot":2966,"scores":[0,0],"sd":false,"state":3,"tick":634,"zone":"B"},"max_err":1.187,"mean_err":0.0899,"ms":19966,"out_bytes":45733,"pending":8,"pos":[-1.09,-2.5],"reconciles":306,"server_tick":933,"snaps":308,"teleports":1}
[client] {"a":1,"dup":true,"ev":"game","ms":19967,"predicted":false,"t":7,"tick":933,"type":"hit"}
[client] {"a":1,"dup":true,"ev":"game","ms":19967,"predicted":false,"t":6,"tick":934,"type":"hit"}
[client] {"a":6,"dup":false,"ev":"game","ms":19981,"predicted":false,"t":2,"tick":929,"type":"hit"}
[client] {"a":1,"dup":true,"ev":"game","ms":19995,"predicted":false,"t":8,"tick":935,"type":"hit"}
[client] {"a":1,"dup":true,"ev":"game","ms":19995,"predicted":false,"t":9,"tick":935,"type":"hit"}
[client] {"a":9,"dup":false,"ev":"game","ms":20064,"predicted":false,"t":2,"tick":934,"type":"hit"}
[client] {"a":0,"dup":false,"ev":"game","ms":20277,"predicted":false,"t":9,"tick":947,"type":"hit"}
[client] {"a":8,"dup":false,"ev":"game","ms":20795,"predicted":false,"t":0,"tick":978,"type":"hit"}
[client] {"a":7,"dup":false,"ev":"game","ms":20899,"predicted":false,"t":0,"tick":984,"type":"hit"}
[client] {"a":5,"dup":false,"ev":"game","ms":21417,"predicted":false,"t":0,"tick":1015,"type":"hit"}
[client] {"a":8,"dup":false,"ev":"game","ms":21464,"predicted":false,"t":0,"tick":1018,"type":"hit"}
[client] {"a":7,"dup":false,"ev":"game","ms":22113,"predicted":false,"t":2,"tick":1057,"type":"hit"}
[client] {"a":0,"dup":false,"ev":"game","ms":22134,"predicted":false,"t":5,"tick":1058,"type":"hit"}
[client] {"a":0,"dup":false,"ev":"game","ms":22196,"predicted":false,"t":7,"tick":1062,"type":"hit"}
[client] {"a":0,"dup":false,"ev":"game","ms":22217,"predicted":false,"t":6,"tick":1063,"type":"hit"}
[client] {"a":8,"dup":false,"ev":"game","ms":22534,"predicted":false,"t":0,"tick":1082,"type":"hit"}
[client] {"a":4,"dup":false,"ev":"game","ms":22900,"predicted":false,"t":8,"tick":1104,"type":"hit"}
[client] {"a":4,"dup":false,"ev":"game","ms":23218,"predicted":false,"t":8,"tick":1123,"type":"hit"}
[client] {"a":0,"dup":false,"ev":"game","ms":23286,"predicted":false,"t":8,"tick":1127,"type":"hit"}
[client] {"a":0,"dup":false,"ev":"game","ms":24114,"predicted":false,"t":5,"tick":1177,"type":"hit"}
[client] {"a":0,"dup":false,"ev":"game","ms":24134,"predicted":false,"t":9,"tick":1178,"type":"hit"}
[client] {"a":7,"dup":false,"ev":"game","ms":24231,"predicted":false,"t":0,"tick":1184,"type":"hit"}
[client] {"a":7,"dup":false,"ev":"game","ms":24231,"predicted":false,"t":1,"tick":1184,"type":"hit"}
[client] {"a":7,"dup":false,"ev":"game","ms":24466,"predicted":false,"t":0,"tick":1198,"type":"hit"}
[client] {"a":0,"dup":false,"ev":"game","ms":24466,"predicted":false,"t":-1,"tick":1198,"type":"ko"}
[client] {"a":7,"dup":false,"ev":"game","ms":24514,"predicted":false,"t":2,"tick":1201,"type":"hit"}
[client] {"a":1,"dup":true,"ev":"game","ms":24619,"predicted":false,"t":7,"tick":1213,"type":"hit"}
[client] {"a":1,"dup":true,"ev":"game","ms":24940,"predicted":false,"t":7,"tick":1232,"type":"hit"}
[client] {"counts":{"blocks_on_me":0,"conf_actions":13,"confirmed_hits":52,"dup_confirmed":0,"hits_on_me":6,"pred_actions":14,"predicted_confirmed":9,"predicted_hits":18,"reconnects":0},"ev":"stats","hp":97.0,"in_bytes":326550,"late":0,"local_entity":1,"match":{"countdown_until":300,"ctrl":-1,"final":false,"next":"","phase":3,"rot":2666,"scores":[0,0],"sd":false,"state":3,"tick":934,"zone":"B"},"max_err":1.344,"mean_err":0.0766,"ms":24969,"out_bytes":60433,"pending":8,"pos":[-0.86,-2.91],"reconciles":406,"server_tick":1233,"snaps":408,"teleports":1}
[client] {"a":6,"dup":false,"ev":"game","ms":24983,"predicted":false,"t":3,"tick":1229,"type":"hit"}
[client] {"a":1,"dup":true,"ev":"game","ms":25266,"predicted":false,"t":7,"tick":1251,"type":"hit"}
[client] {"a":1,"dup":true,"ev":"game","ms":25287,"predicted":false,"t":9,"tick":1253,"type":"hit"}
[client] {"a":3,"dup":false,"ev":"game","ms":25749,"predicted":false,"t":5,"tick":1275,"type":"hit"}
[client] {"a":7,"dup":false,"ev":"game","ms":25749,"predicted":false,"t":3,"tick":1275,"type":"hit"}
[client] {"a":8,"dup":false,"ev":"game","ms":25832,"predicted":false,"t":3,"tick":1280,"type":"hit"}
[client] {"a":5,"dup":false,"ev":"game","ms":26115,"predicted":false,"t":3,"tick":1297,"type":"hit"}
[client] {"a":8,"dup":false,"ev":"game","ms":26136,"predicted":false,"t":3,"tick":1298,"type":"hit"}
[client] {"a":1,"dup":true,"ev":"game","ms":26171,"predicted":false,"t":5,"tick":1305,"type":"hit"}
[client] {"a":1,"dup":true,"ev":"game","ms":26171,"predicted":false,"t":7,"tick":1305,"type":"hit"}
[client] {"a":1,"dup":true,"ev":"game","ms":26171,"predicted":false,"t":8,"tick":1306,"type":"hit"}
[client] {"a":4,"dup":false,"ev":"game","ms":26315,"predicted":false,"t":7,"tick":1309,"type":"hit"}
[client] {"a":9,"dup":false,"ev":"game","ms":26467,"predicted":false,"t":1,"tick":1318,"type":"hit"}
[client] {"a":6,"dup":false,"ev":"game","ms":26515,"predicted":false,"t":2,"tick":1321,"type":"hit"}
[client] {"a":3,"dup":false,"ev":"game","ms":26716,"predicted":false,"t":9,"tick":1333,"type":"hit"}
[client] {"a":6,"dup":false,"ev":"game","ms":26853,"predicted":false,"t":2,"tick":1341,"type":"hit"}
[client] {"a":7,"dup":false,"ev":"game","ms":27053,"predicted":false,"t":1,"tick":1353,"type":"hit"}
[client] {"a":2,"dup":false,"ev":"game","ms":27171,"predicted":false,"t":7,"tick":1360,"type":"hit"}
[client] {"a":7,"dup":false,"ev":"game","ms":27171,"predicted":false,"t":-1,"tick":1360,"type":"ko"}
[client] {"a":8,"dup":false,"ev":"game","ms":27254,"predicted":false,"t":3,"tick":1365,"type":"hit"}
[client] {"a":5,"dup":false,"ev":"game","ms":27288,"predicted":false,"t":3,"tick":1367,"type":"hit"}
[client] {"a":6,"dup":false,"ev":"game","ms":27350,"predicted":false,"t":2,"tick":1371,"type":"hit"}
[client] {"a":5,"dup":false,"ev":"game","ms":27633,"predicted":false,"t":3,"tick":1388,"type":"hit"}
[client] {"a":9,"dup":false,"ev":"game","ms":27937,"predicted":false,"t":2,"tick":1406,"type":"hit"}
[client] {"a":6,"dup":false,"ev":"game","ms":27950,"predicted":false,"t":4,"tick":1407,"type":"hit"}
[client] {"a":3,"dup":false,"ev":"game","ms":28026,"predicted":false,"t":5,"tick":1412,"type":"hit"}
[client] {"a":1,"dup":true,"ev":"game","ms":28130,"predicted":false,"t":5,"tick":1422,"type":"hit"}
[client] {"a":6,"dup":false,"ev":"game","ms":28213,"predicted":false,"t":4,"tick":1423,"type":"hit"}
[client] {"a":6,"dup":false,"ev":"game","ms":28227,"predicted":false,"t":2,"tick":1424,"type":"hit"}
[client] {"a":8,"dup":false,"ev":"game","ms":28365,"predicted":false,"t":3,"tick":1432,"type":"hit"}
[client] {"a":8,"dup":false,"ev":"game","ms":28378,"predicted":false,"t":1,"tick":1433,"type":"hit"}
[client] {"a":4,"dup":false,"ev":"game","ms":28848,"predicted":false,"t":9,"tick":1461,"type":"hit"}
[client] {"a":6,"dup":false,"ev":"game","ms":28882,"predicted":false,"t":3,"tick":1463,"type":"hit"}
[client] {"a":4,"dup":false,"ev":"game","ms":28895,"predicted":false,"t":8,"tick":1464,"type":"hit"}
[client] {"a":6,"dup":false,"ev":"game","ms":28895,"predicted":false,"t":1,"tick":1464,"type":"hit"}
[client] {"a":8,"dup":false,"ev":"game","ms":28895,"predicted":false,"t":-1,"tick":1464,"type":"ko"}
[client] {"a":1,"dup":false,"ev":"game","ms":29165,"predicted":false,"t":-1,"tick":1485,"type":"ko"}
[client] {"a":9,"dup":false,"ev":"game","ms":29199,"predicted":false,"t":2,"tick":1482,"type":"hit"}
[client] {"a":4,"dup":false,"ev":"game","ms":29213,"predicted":false,"t":9,"tick":1483,"type":"hit"}
[client] {"a":6,"dup":false,"ev":"game","ms":29213,"predicted":false,"t":3,"tick":1483,"type":"hit"}
[client] {"a":6,"dup":false,"ev":"game","ms":29247,"predicted":false,"t":1,"tick":1485,"type":"hit"}
[client] {"a":6,"dup":false,"ev":"game","ms":29544,"predicted":false,"t":3,"tick":1503,"type":"hit"}
[client] {"a":5,"dup":false,"ev":"game","ms":29565,"predicted":false,"t":4,"tick":1504,"type":"hit"}
[client] {"a":9,"dup":false,"ev":"game","ms":29579,"predicted":false,"t":4,"tick":1505,"type":"hit"}
[client] {"counts":{"blocks_on_me":0,"conf_actions":20,"confirmed_hits":93,"dup_confirmed":0,"hits_on_me":11,"pred_actions":22,"predicted_confirmed":15,"predicted_hits":32,"reconnects":0},"ev":"stats","hp":0.0,"in_bytes":406123,"late":0,"local_entity":1,"match":{"countdown_until":300,"ctrl":-1,"final":false,"next":"","phase":3,"rot":2366,"scores":[0,0],"sd":false,"state":3,"tick":1234,"zone":"B"},"max_err":1.344,"mean_err":0.0697,"ms":29964,"out_bytes":75133,"pending":8,"pos":[-1.24,-2.46],"reconciles":506,"server_tick":1532,"snaps":508,"teleports":1}
[client] {"a":2,"dup":false,"ev":"game","ms":30179,"predicted":false,"t":6,"tick":1541,"type":"hit"}
[client] {"a":9,"dup":false,"ev":"game","ms":30214,"predicted":false,"t":3,"tick":1543,"type":"hit"}
[client] {"a":3,"dup":false,"ev":"game","ms":30214,"predicted":false,"t":-1,"tick":1543,"type":"ko"}
[client] {"a":4,"dup":false,"ev":"game","ms":30648,"predicted":false,"t":6,"tick":1569,"type":"hit"}
[client] {"a":5,"dup":false,"ev":"game","ms":30648,"predicted":false,"t":4,"tick":1569,"type":"hit"}
[client] {"a":2,"dup":false,"ev":"game","ms":30979,"predicted":false,"t":6,"tick":1589,"type":"hit"}
[client] {"a":4,"dup":false,"ev":"game","ms":31014,"predicted":false,"t":6,"tick":1591,"type":"hit"}
[client] {"a":9,"dup":false,"ev":"game","ms":31180,"predicted":false,"t":2,"tick":1601,"type":"hit"}
[client] {"a":4,"dup":false,"ev":"game","ms":31345,"predicted":false,"t":6,"tick":1611,"type":"hit"}
[client] {"a":6,"dup":false,"ev":"game","ms":31345,"predicted":false,"t":-1,"tick":1611,"type":"ko"}
[client] {"a":2,"dup":false,"ev":"game","ms":31781,"predicted":false,"t":9,"tick":1637,"type":"hit"}
[client] {"a":5,"dup":false,"ev":"game","ms":31863,"predicted":false,"t":4,"tick":1642,"type":"hit"}
[client] {"a":9,"dup":false,"ev":"game","ms":32111,"predicted":false,"t":2,"tick":1657,"type":"hit"}
[client] {"a":2,"dup":false,"ev":"game","ms":32451,"predicted":false,"t":5,"tick":1677,"type":"hit"}
[client] {"a":9,"dup":false,"ev":"game","ms":32818,"predicted":false,"t":2,"tick":1699,"type":"hit"}
[client] {"a":2,"dup":false,"ev":"game","ms":32818,"predicted":false,"t":-1,"tick":1699,"type":"ko"}
[client] {"a":5,"dup":false,"ev":"game","ms":33332,"predicted":false,"t":4,"tick":1730,"type":"hit"}
[client] {"a":5,"dup":false,"ev":"game","ms":34284,"predicted":false,"t":4,"tick":1787,"type":"hit"}
[client] {"a":0,"dup":false,"ev":"game","ms":34464,"predicted":false,"t":-1,"tick":1798,"type":"respawn"}
[client] {"a":5,"dup":false,"ev":"game","ms":34664,"predicted":false,"t":4,"tick":1810,"type":"hit"}
[client] {"counts":{"blocks_on_me":0,"conf_actions":20,"confirmed_hits":109,"dup_confirmed":0,"hits_on_me":11,"pred_actions":22,"predicted_confirmed":15,"predicted_hits":32,"reconnects":0},"ev":"stats","hp":0.0,"in_bytes":469965,"late":0,"local_entity":1,"match":{"countdown_until":300,"ctrl":-1,"final":false,"next":"","phase":3,"rot":2066,"scores":[0,0],"sd":false,"state":3,"tick":1534,"zone":"B"},"max_err":1.344,"mean_err":0.0582,"ms":34967,"out_bytes":89833,"pending":8,"pos":[-1.24,-2.46],"reconciles":606,"server_tick":1833,"snaps":608,"teleports":1}
[client] {"a":4,"dup":false,"ev":"game","ms":35064,"predicted":false,"t":9,"tick":1834,"type":"hit"}
[client] {"a":4,"dup":false,"ev":"game","ms":35333,"predicted":false,"t":9,"tick":1850,"type":"hit"}
[client] {"a":9,"dup":false,"ev":"game","ms":36265,"predicted":false,"t":4,"tick":1907,"type":"hit"}
[client] {"a":4,"dup":false,"ev":"game","ms":36652,"predicted":false,"t":5,"tick":1929,"type":"hit"}
[client] {"a":4,"dup":false,"ev":"game","ms":37003,"predicted":false,"t":5,"tick":1951,"type":"hit"}
[client] {"a":5,"dup":false,"ev":"game","ms":37003,"predicted":false,"t":-1,"tick":1951,"type":"ko"}
[client] {"a":7,"dup":false,"ev":"game","ms":37169,"predicted":false,"t":-1,"tick":1960,"type":"respawn"}
[client] {"a":9,"dup":false,"ev":"game","ms":37203,"predicted":false,"t":4,"tick":1963,"type":"hit"}
[client] {"a":4,"dup":false,"ev":"game","ms":37203,"predicted":false,"t":-1,"tick":1963,"type":"ko"}
[client] {"a":8,"dup":false,"ev":"game","ms":38887,"predicted":false,"t":-1,"tick":2064,"type":"respawn"}
[client] {"a":1,"dup":false,"ev":"game","ms":39171,"predicted":false,"t":-1,"tick":2085,"type":"respawn"}
[client] {"counts":{"blocks_on_me":0,"conf_actions":21,"confirmed_hits":115,"dup_confirmed":0,"hits_on_me":11,"pred_actions":22,"predicted_confirmed":15,"predicted_hits":32,"reconnects":0},"ev":"stats","hp":220.0,"in_bytes":525309,"late":0,"local_entity":1,"match":{"countdown_until":300,"ctrl":1,"final":false,"next":"","phase":3,"rot":1766,"scores":[0,2],"sd":false,"state":2,"tick":1834,"zone":"B"},"max_err":1.344,"mean_err":0.05,"ms":39969,"out_bytes":104533,"pending":8,"pos":[5.7,-45.37],"reconciles":705,"server_tick":2133,"snaps":708,"teleports":2}
[client] {"a":3,"dup":false,"ev":"game","ms":40205,"predicted":false,"t":-1,"tick":2143,"type":"respawn"}
[client] {"a":6,"dup":false,"ev":"game","ms":41345,"predicted":false,"t":-1,"tick":2211,"type":"respawn"}
[client] {"a":0,"dup":false,"ev":"game","ms":41663,"predicted":false,"t":9,"tick":2230,"type":"hit"}
[client] {"a":0,"dup":false,"ev":"game","ms":42084,"predicted":false,"t":9,"tick":2255,"type":"hit"}
[client] {"a":9,"dup":false,"ev":"game","ms":42084,"predicted":false,"t":-1,"tick":2255,"type":"ko"}
[client] {"a":2,"dup":false,"ev":"game","ms":42815,"predicted":false,"t":-1,"tick":2299,"type":"respawn"}
[client] {"counts":{"blocks_on_me":0,"conf_actions":21,"confirmed_hits":117,"dup_confirmed":0,"hits_on_me":11,"pred_actions":22,"predicted_confirmed":15,"predicted_hits":32,"reconnects":0},"ev":"stats","hp":220.0,"in_bytes":578901,"late":0,"local_entity":1,"match":{"countdown_until":300,"ctrl":-1,"final":false,"next":"","phase":3,"rot":1466,"scores":[1,3],"sd":false,"state":3,"tick":2134,"zone":"B"},"max_err":1.344,"mean_err":0.0439,"ms":44960,"out_bytes":119233,"pending":8,"pos":[0.66,-10.94],"reconciles":803,"server_tick":2432,"snaps":806,"teleports":2}
[client] {"a":7,"dup":false,"ev":"game","ms":45199,"predicted":false,"t":0,"tick":2442,"type":"hit"}
[client] {"a":7,"dup":false,"ev":"game","ms":45544,"predicted":false,"t":0,"tick":2463,"type":"hit"}
[client] {"a":0,"dup":false,"ev":"game","ms":45917,"predicted":false,"t":7,"tick":2485,"type":"hit"}
[client] {"a":1,"dup":true,"ev":"game","ms":46931,"predicted":false,"t":7,"tick":2551,"type":"hit"}
[client] {"a":5,"dup":false,"ev":"game","ms":47015,"predicted":false,"t":-1,"tick":2551,"type":"respawn"}
[client] {"a":4,"dup":false,"ev":"game","ms":47215,"predicted":false,"t":-1,"tick":2563,"type":"respawn"}
[client] {"a":1,"dup":true,"ev":"game","ms":47579,"predicted":false,"t":7,"tick":2590,"type":"hit"}
[client] {"a":3,"dup":false,"ev":"game","ms":47663,"predicted":false,"t":7,"tick":2590,"type":"hit"}
[client] {"a":1,"dup":true,"ev":"game","ms":47883,"predicted":false,"t":8,"tick":2608,"type":"hit"}
[client] {"a":3,"dup":false,"ev":"game","ms":48179,"predicted":false,"t":8,"tick":2621,"type":"hit"}
[client] {"a":1,"dup":true,"ev":"game","ms":48200,"predicted":false,"t":8,"tick":2627,"type":"hit"}
[client] {"a":0,"dup":false,"ev":"game","ms":48545,"predicted":false,"t":6,"tick":2643,"type":"hit"}
[client] {"a":0,"dup":false,"ev":"game","ms":48849,"predicted":false,"t":6,"tick":2661,"type":"hit"}
[client] {"a":7,"dup":false,"ev":"game","ms":49035,"predicted":false,"t":0,"tick":2672,"type":"hit"}
[client] {"a":8,"dup":false,"ev":"game","ms":49063,"predicted":false,"t":1,"tick":2674,"type":"hit"}
[client] {"a":8,"dup":false,"ev":"game","ms":49131,"predicted":false,"t":3,"tick":2678,"type":"hit"}
[client] {"a":6,"dup":false,"ev":"game","ms":49297,"predicted":false,"t":0,"tick":2688,"type":"hit"}
[client] {"a":6,"dup":false,"ev":"game","ms":49636,"predicted":false,"t":0,"tick":2708,"type":"hit"}
[client] {"a":2,"dup":false,"ev":"game","ms":49864,"predicted":false,"t":8,"tick":2722,"type":"hit"}
[client] {"counts":{"blocks_on_me":0,"conf_actions":28,"confirmed_hits":134,"dup_confirmed":0,"hits_on_me":12,"pred_actions":29,"predicted_confirmed":19,"predicted_hits":39,"reconnects":0},"ev":"stats","hp":182.0,"in_bytes":645717,"late":0,"local_entity":1,"match":{"countdown_until":300,"ctrl":-1,"final":false,"next":"","phase":3,"rot":1166,"scores":[1,3],"sd":false,"state":3,"tick":2434,"zone":"B"},"max_err":1.586,"mean_err":0.0418,"ms":49965,"out_bytes":133933,"pending":8,"pos":[0.0,-2.73],"reconciles":903,"server_tick":2733,"snaps":906,"teleports":2}
[client] {"a":6,"dup":false,"ev":"game","ms":50132,"predicted":false,"t":0,"tick":2738,"type":"hit"}
[client] {"a":2,"dup":false,"ev":"game","ms":50167,"predicted":false,"t":8,"tick":2740,"type":"hit"}
[client] {"a":7,"dup":false,"ev":"game","ms":50298,"predicted":false,"t":0,"tick":2748,"type":"hit"}
[client] {"a":8,"dup":false,"ev":"game","ms":50519,"predicted":false,"t":2,"tick":2761,"type":"hit"}
[client] {"a":1,"dup":true,"ev":"game","ms":50664,"predicted":false,"t":8,"tick":2775,"type":"hit"}
[client] {"a":3,"dup":false,"ev":"game","ms":51168,"predicted":false,"t":8,"tick":2800,"type":"hit"}
[client] {"a":7,"dup":false,"ev":"game","ms":51367,"predicted":false,"t":0,"tick":2812,"type":"hit"}
[client] {"a":6,"dup":false,"ev":"game","ms":52085,"predicted":false,"t":1,"tick":2855,"type":"hit"}
[client] {"a":9,"dup":false,"ev":"game","ms":52085,"predicted":false,"t":-1,"tick":2855,"type":"respawn"}
[client] {"a":1,"dup":true,"ev":"game","ms":52465,"predicted":false,"t":6,"tick":2883,"type":"hit"}
[client] {"a":1,"dup":false,"ev":"game","ms":52485,"predicted":false,"t":8,"tick":2885,"type":"hit"}
[client] {"a":3,"dup":false,"ev":"game","ms":52554,"predicted":false,"t":6,"tick":2883,"type":"hit"}
[client] {"a":1,"dup":true,"ev":"game","ms":52817,"predicted":false,"t":7,"tick":2904,"type":"hit"}
[client] {"a":1,"dup":true,"ev":"game","ms":52837,"predicted":false,"t":8,"tick":2905,"type":"hit"}
[client] {"a":1,"dup":true,"ev":"game","ms":53121,"predicted":false,"t":7,"tick":2922,"type":"hit"}
[client] {"a":6,"dup":false,"ev":"game","ms":53465,"predicted":false,"t":1,"tick":2938,"type":"hit"}
[client] {"a":6,"dup":false,"ev":"game","ms":53817,"predicted":false,"t":1,"tick":2959,"type":"hit"}
[client] {"a":1,"dup":true,"ev":"game","ms":54086,"predicted":false,"t":8,"tick":2980,"type":"hit"}
[client] {"a":1,"dup":true,"ev":"game","ms":54121,"predicted":false,"t":6,"tick":2982,"type":"hit"}
[client] {"a":0,"dup":false,"ev":"game","ms":54155,"predicted":false,"t":7,"tick":2979,"type":"hit"}
[client] {"a":4,"dup":false,"ev":"game","ms":54238,"predicted":false,"t":8,"tick":2984,"type":"hit"}
[client] {"a":1,"dup":true,"ev":"game","ms":54486,"predicted":false,"t":7,"tick":3005,"type":"hit"}
[client] {"a":4,"dup":false,"ev":"game","ms":54569,"predicted":false,"t":7,"tick":3004,"type":"hit"}
[client] {"a":8,"dup":false,"ev":"game","ms":54900,"predicted":false,"t":4,"tick":3024,"type":"hit"}
[client] {"a":8,"dup":false,"ev":"game","ms":54921,"predicted":false,"t":3,"tick":3025,"type":"block"}
[client] {"counts":{"blocks_on_me":0,"conf_actions":37,"confirmed_hits":157,"dup_confirmed":0,"hits_on_me":15,"pred_actions":40,"predicted_confirmed":27,"predicted_hits":53,"reconnects":0},"ev":"stats","hp":128.0,"in_bytes":722403,"late":0,"local_entity":1,"match":{"countdown_until":300,"ctrl":-1,"final":false,"next":"A","phase":3,"rot":866,"scores":[1,3],"sd":false,"state":3,"tick":2734,"zone":"B"},"max_err":1.586,"mean_err":0.0399,"ms":54968,"out_bytes":148633,"pending":5,"pos":[-2.43,-2.51],"reconciles":1004,"server_tick":3033,"snaps":1006,"teleports":2}
[client] {"a":6,"dup":false,"ev":"game","ms":54983,"predicted":false,"t":0,"tick":3029,"type":"hit"}
[client] {"a":6,"dup":false,"ev":"game","ms":55217,"predicted":false,"t":0,"tick":3043,"type":"hit"}
[client] {"a":8,"dup":false,"ev":"game","ms":55521,"predicted":false,"t":3,"tick":3061,"type":"block"}
[client] {"a":0,"dup":false,"ev":"game","ms":55722,"predicted":false,"t":7,"tick":3073,"type":"hit"}
[client] {"a":6,"dup":false,"ev":"game","ms":55887,"predicted":false,"t":1,"tick":3083,"type":"hit"}
[client] {"a":2,"dup":false,"ev":"game","ms":56004,"predicted":false,"t":8,"tick":3090,"type":"hit"}
[client] {"a":8,"dup":false,"ev":"game","ms":56004,"predicted":false,"t":-1,"tick":3090,"type":"ko"}
[client] {"a":0,"dup":false,"ev":"game","ms":56018,"predicted":false,"t":7,"tick":3092,"type":"hit"}
[client] {"a":7,"dup":false,"ev":"game","ms":56018,"predicted":false,"t":-1,"tick":3092,"type":"ko"}
[client] {"a":6,"dup":false,"ev":"game","ms":56570,"predicted":false,"t":0,"tick":3124,"type":"hit"}
[client] {"a":0,"dup":false,"ev":"game","ms":56570,"predicted":false,"t":-1,"tick":3124,"type":"ko"}
[client] {"a":6,"dup":false,"ev":"game","ms":57467,"predicted":false,"t":2,"tick":3178,"type":"hit"}
[client] {"a":6,"dup":false,"ev":"game","ms":57798,"predicted":false,"t":2,"tick":3198,"type":"hit"}
[client] {"a":5,"dup":false,"ev":"game","ms":58213,"predicted":false,"t":3,"tick":3223,"type":"hit"}
[client] {"a":1,"dup":true,"ev":"game","ms":58531,"predicted":false,"t":5,"tick":3247,"type":"hit"}
[client] {"a":2,"dup":false,"ev":"game","ms":58550,"predicted":false,"t":5,"tick":3243,"type":"hit"}
[client] {"a":1,"dup":true,"ev":"game","ms":58847,"predicted":false,"t":5,"tick":3266,"type":"hit"}
[client] {"a":2,"dup":false,"ev":"game","ms":58868,"predicted":false,"t":5,"tick":3262,"type":"hit"}
[client] {"a":1,"dup":true,"ev":"game","ms":59178,"predicted":false,"t":5,"tick":3286,"type":"hit"}
[client] {"a":5,"dup":false,"ev":"game","ms":59765,"predicted":false,"t":1,"tick":3316,"type":"hit"}
[client] {"counts":{"blocks_on_me":0,"conf_actions":44,"confirmed_hits":173,"dup_confirmed":0,"hits_on_me":17,"pred_actions":46,"predicted_confirmed":30,"predicted_hits":59,"reconnects":0},"ev":"stats","hp":80.0,"in_bytes":790918,"late":0,"local_entity":1,"match":{"countdown_until":300,"ctrl":-1,"final":false,"next":"A","phase":3,"rot":566,"scores":[1,3],"sd":false,"state":3,"tick":3034,"zone":"B"},"max_err":1.586,"mean_err":0.0408,"ms":59964,"out_bytes":163333,"pending":8,"pos":[-0.98,-2.56],"reconciles":1103,"server_tick":3333,"snaps":1106,"teleports":2}
[client] {"a":2,"dup":false,"ev":"game","ms":60096,"predicted":false,"t":5,"tick":3336,"type":"hit"}
[client] {"a":1,"dup":true,"ev":"game","ms":60097,"predicted":false,"t":5,"tick":3341,"type":"hit"}
[client] {"a":2,"dup":false,"ev":"game","ms":60151,"predicted":false,"t":9,"tick":3339,"type":"hit"}
[client] {"a":2,"dup":false,"ev":"game","ms":60751,"predicted":false,"t":5,"tick":3375,"type":"hit"}
[client] {"a":6,"dup":false,"ev":"game","ms":60766,"predicted":false,"t":3,"tick":3376,"type":"hit"}
[client] {"a":4,"dup":false,"ev":"game","ms":60979,"predicted":false,"t":5,"tick":3389,"type":"hit"}
[client] {"a":6,"dup":false,"ev":"game","ms":61133,"predicted":false,"t":3,"tick":3398,"type":"hit"}
[client] {"a":2,"dup":false,"ev":"game","ms":61380,"predicted":false,"t":5,"tick":3413,"type":"hit"}
[client] {"a":3,"dup":false,"ev":"game","ms":61518,"predicted":false,"t":6,"tick":3421,"type":"hit"}
[client] {"a":4,"dup":false,"ev":"game","ms":61835,"predicted":false,"t":9,"tick":3440,"type":"hit"}
[client] {"a":1,"dup":true,"ev":"game","ms":61848,"predicted":false,"t":6,"tick":3446,"type":"hit"}
[client] {"a":3,"dup":false,"ev":"game","ms":61883,"predicted":false,"t":6,"tick":3443,"type":"hit"}
[client] {"a":9,"dup":false,"ev":"game","ms":62166,"predicted":false,"t":4,"tick":3460,"type":"hit"}
[client] {"a":2,"dup":false,"ev":"game","ms":62332,"predicted":false,"t":9,"tick":3470,"type":"hit"}
[client] {"a":4,"dup":false,"ev":"game","ms":62567,"predicted":false,"t":5,"tick":3484,"type":"hit"}
[client] {"a":4,"dup":false,"ev":"game","ms":62800,"predicted":false,"t":5,"tick":3498,"type":"hit"}
[client] {"a":6,"dup":false,"ev":"game","ms":63083,"predicted":false,"t":3,"tick":3515,"type":"hit"}
[client] {"a":4,"dup":false,"ev":"game","ms":63283,"predicted":false,"t":9,"tick":3527,"type":"hit"}
[client] {"a":4,"dup":false,"ev":"game","ms":63636,"predicted":false,"t":9,"tick":3548,"type":"hit"}
[client] {"a":5,"dup":false,"ev":"game","ms":63636,"predicted":false,"t":4,"tick":3548,"type":"hit"}
[client] {"a":2,"dup":false,"ev":"game","ms":63780,"predicted":false,"t":5,"tick":3557,"type":"hit"}
[client] {"a":5,"dup":false,"ev":"game","ms":63780,"predicted":false,"t":-1,"tick":3557,"type":"ko"}
[client] {"a":1,"dup":false,"ev":"game","ms":63835,"predicted":false,"t":6,"tick":3566,"type":"hit"}
[client] {"a":1,"dup":true,"ev":"game","ms":64153,"predicted":false,"t":6,"tick":3584,"type":"hit"}
[client] {"a":4,"dup":false,"ev":"game","ms":64166,"predicted":false,"t":9,"tick":3580,"type":"hit"}
[client] {"a":1,"dup":true,"ev":"game","ms":64719,"predicted":false,"t":6,"tick":3619,"type":"hit"}
[client] {"counts":{"blocks_on_me":0,"conf_actions":50,"confirmed_hits":198,"dup_confirmed":0,"hits_on_me":17,"pred_actions":52,"predicted_confirmed":34,"predicted_hits":66,"reconnects":0},"ev":"stats","hp":80.0,"in_bytes":861597,"late":0,"local_entity":1,"match":{"countdown_until":300,"ctrl":-1,"final":false,"next":"A","phase":3,"rot":266,"scores":[1,3],"sd":false,"state":3,"tick":3334,"zone":"B"},"max_err":1.586,"mean_err":0.0384,"ms":64966,"out_bytes":178033,"pending":5,"pos":[1.26,-3.74],"reconciles":1204,"server_tick":3633,"snaps":1206,"teleports":2}
[client] {"a":9,"dup":false,"ev":"game","ms":64981,"predicted":false,"t":4,"tick":3629,"type":"hit"}
[client] {"a":6,"dup":false,"ev":"game","ms":65519,"predicted":false,"t":1,"tick":3661,"type":"hit"}
[client] {"a":9,"dup":false,"ev":"game","ms":65547,"predicted":false,"t":4,"tick":3663,"type":"hit"}
[client] {"a":6,"dup":false,"ev":"game","ms":65885,"predicted":false,"t":1,"tick":3683,"type":"hit"}
[client] {"a":9,"dup":false,"ev":"game","ms":65933,"predicted":false,"t":4,"tick":3686,"type":"hit"}
[client] {"a":8,"dup":false,"ev":"game","ms":66003,"predicted":false,"t":-1,"tick":3690,"type":"respawn"}
[client] {"a":7,"dup":false,"ev":"game","ms":66037,"predicted":false,"t":-1,"tick":3692,"type":"respawn"}
[client] {"a":6,"dup":false,"ev":"game","ms":66133,"predicted":false,"t":1,"tick":3698,"type":"hit"}
[client] {"a":4,"dup":false,"ev":"game","ms":66299,"predicted":false,"t":9,"tick":3708,"type":"hit"}
[client] {"a":0,"dup":false,"ev":"game","ms":66568,"predicted":false,"t":-1,"tick":3724,"type":"respawn"}
[client] {"a":9,"dup":false,"ev":"game","ms":66617,"predicted":false,"t":4,"tick":3727,"type":"hit"}
[client] {"a":4,"dup":false,"ev":"game","ms":67003,"predicted":false,"t":9,"tick":3750,"type":"hit"}
[client] {"a":6,"dup":false,"ev":"game","ms":67037,"predicted":false,"t":3,"tick":3752,"type":"hit"}
[client] {"a":9,"dup":false,"ev":"game","ms":67465,"predicted":false,"t":4,"tick":3778,"type":"hit"}
[client] {"a":1,"dup":true,"ev":"game","ms":67555,"predicted":false,"t":6,"tick":3788,"type":"hit"}
[client] {"a":6,"dup":false,"ev":"game","ms":67638,"predicted":false,"t":-1,"tick":3788,"type":"ko"}
[client] {"a":3,"dup":false,"ev":"game","ms":69134,"predicted":false,"t":9,"tick":3878,"type":"hit"}
[client] {"a":3,"dup":false,"ev":"game","ms":69466,"predicted":false,"t":9,"tick":3898,"type":"hit"}
[client] {"a":-1,"dup":false,"ev":"game","ms":69487,"predicted":false,"t":-1,"tick":3899,"type":"zone_rotated"}
[client] {"a":4,"dup":false,"ev":"game","ms":69838,"predicted":false,"t":9,"tick":3920,"type":"hit"}
[client] {"counts":{"blocks_on_me":0,"conf_actions":55,"confirmed_hits":213,"dup_confirmed":0,"hits_on_me":20,"pred_actions":57,"predicted_confirmed":35,"predicted_hits":67,"reconnects":0},"ev":"stats","hp":28.0,"in_bytes":924737,"late":0,"local_entity":1,"match":{"countdown_until":300,"ctrl":-1,"final":false,"next":"","phase":3,"rot":3566,"scores":[1,3],"sd":false,"state":1,"tick":3634,"zone":"A"},"max_err":1.586,"mean_err":0.0384,"ms":69968,"out_bytes":192733,"pending":8,"pos":[-1.31,-2.78],"reconciles":1303,"server_tick":3933,"snaps":1306,"teleports":2}
[client] {"a":2,"dup":false,"ev":"game","ms":70370,"predicted":false,"t":9,"tick":3952,"type":"hit"}
[client] {"a":9,"dup":false,"ev":"game","ms":70370,"predicted":false,"t":-1,"tick":3952,"type":"ko"}
[client] {"a":5,"dup":false,"ev":"game","ms":73779,"predicted":false,"t":-1,"tick":4157,"type":"respawn"}
[client] {"counts":{"blocks_on_me":0,"conf_actions":56,"confirmed_hits":214,"dup_confirmed":0,"hits_on_me":20,"pred_actions":58,"predicted_confirmed":35,"predicted_hits":67,"reconnects":0},"ev":"stats","hp":28.0,"in_bytes":980708,"late":0,"local_entity":1,"match":{"countdown_until":300,"ctrl":0,"final":false,"next":"","phase":3,"rot":3266,"scores":[1,3],"sd":false,"state":2,"tick":3934,"zone":"A"},"max_err":1.586,"mean_err":0.0366,"ms":74964,"out_bytes":207433,"pending":8,"pos":[-25.67,-9.04],"reconciles":1402,"server_tick":4233,"snaps":1405,"teleports":2}
[client] {"a":7,"dup":false,"ev":"game","ms":75131,"predicted":false,"t":3,"tick":4238,"type":"hit"}
[client] {"a":6,"dup":false,"ev":"game","ms":77635,"predicted":false,"t":-1,"tick":4388,"type":"respawn"}
[client] {"a":7,"dup":false,"ev":"game","ms":77697,"predicted":false,"t":3,"tick":4392,"type":"hit"}
[client] {"a":7,"dup":false,"ev":"game","ms":77767,"predicted":false,"t":4,"tick":4396,"type":"hit"}
[client] {"a":2,"dup":false,"ev":"game","ms":77780,"predicted":false,"t":7,"tick":4397,"type":"hit"}
[client] {"a":8,"dup":false,"ev":"game","ms":78035,"predicted":false,"t":2,"tick":4412,"type":"hit"}
[client] {"a":8,"dup":false,"ev":"game","ms":78050,"predicted":false,"t":1,"tick":4413,"type":"hit"}
[client] {"a":7,"dup":false,"ev":"game","ms":78132,"predicted":false,"t":2,"tick":4418,"type":"hit"}
[client] {"a":0,"dup":false,"ev":"game","ms":78401,"predicted":false,"t":8,"tick":4434,"type":"hit"}
[client] {"a":1,"dup":false,"ev":"game","ms":78767,"predicted":false,"t":-1,"tick":4461,"type":"ko"}
[client] {"a":7,"dup":false,"ev":"game","ms":78802,"predicted":false,"t":0,"tick":4458,"type":"hit"}
[client] {"a":7,"dup":false,"ev":"game","ms":78850,"predicted":false,"t":1,"tick":4461,"type":"hit"}
[client] {"a":8,"dup":false,"ev":"game","ms":79216,"predicted":false,"t":3,"tick":4483,"type":"hit"}
[client] {"a":2,"dup":false,"ev":"game","ms":79250,"predicted":false,"t":7,"tick":4485,"type":"block"}
[client] {"a":8,"dup":false,"ev":"game","ms":79250,"predicted":false,"t":2,"tick":4485,"type":"hit"}
[client] {"a":4,"dup":false,"ev":"game","ms":79768,"predicted":false,"t":7,"tick":4516,"type":"hit"}
[client] {"a":0,"dup":false,"ev":"game","ms":79919,"predicted":false,"t":7,"tick":4525,"type":"hit"}
[client] {"counts":{"blocks_on_me":0,"conf_actions":59,"confirmed_hits":228,"dup_confirmed":0,"hits_on_me":22,"pred_actions":61,"predicted_confirmed":35,"predicted_hits":67,"reconnects":0},"ev":"stats","hp":0.0,"in_bytes":1041363,"late":0,"local_entity":1,"match":{"countdown_until":300,"ctrl":-1,"final":false,"next":"","phase":3,"rot":2966,"scores":[2,3],"sd":false,"state":3,"tick":4234,"zone":"A"},"max_err":1.586,"mean_err":0.0354,"ms":79967,"out_bytes":222133,"pending":8,"pos":[-40.18,-1.42],"reconciles":1502,"server_tick":4533,"snaps":1505,"teleports":2}
[client] {"a":4,"dup":false,"ev":"game","ms":80071,"predicted":false,"t":7,"tick":4534,"type":"hit"}
[client] {"a":8,"dup":false,"ev":"game","ms":80333,"predicted":false,"t":0,"tick":4550,"type":"hit"}
[client] {"a":9,"dup":false,"ev":"game","ms":80368,"predicted":false,"t":-1,"tick":4552,"type":"respawn"}
[client] {"a":8,"dup":false,"ev":"game","ms":80381,"predicted":false,"t":2,"tick":4553,"type":"hit"}
[client] {"a":3,"dup":false,"ev":"game","ms":80533,"predicted":false,"t":7,"tick":4562,"type":"hit"}
[client] {"a":4,"dup":false,"ev":"game","ms":80733,"predicted":false,"t":7,"tick":4574,"type":"hit"}
[client] {"a":8,"dup":false,"ev":"game","ms":81251,"predicted":false,"t":3,"tick":4605,"type":"hit"}
[client] {"a":3,"dup":false,"ev":"game","ms":81251,"predicted":false,"t":-1,"tick":4605,"type":"ko"}
[client] {"a":2,"dup":false,"ev":"game","ms":81403,"predicted":false,"t":8,"tick":4614,"type":"hit"}
[client] {"a":0,"dup":false,"ev":"game","ms":81568,"predicted":false,"t":8,"tick":4624,"type":"hit"}
[client] {"a":7,"dup":false,"ev":"game","ms":81851,"predicted":false,"t":4,"tick":4641,"type":"hit"}
[client] {"a":4,"dup":false,"ev":"game","ms":82403,"predicted":false,"t":7,"tick":4674,"type":"hit"}
[client] {"a":0,"dup":false,"ev":"game","ms":82852,"predicted":false,"t":7,"tick":4701,"type":"hit"}
[client] {"a":2,"dup":false,"ev":"game","ms":82921,"predicted":false,"t":7,"tick":4705,"type":"hit"}
[client] {"a":7,"dup":false,"ev":"game","ms":82921,"predicted":false,"t":-1,"tick":4705,"type":"ko"}
[client] {"a":4,"dup":false,"ev":"game","ms":83714,"predicted":false,"t":8,"tick":4753,"type":"hit"}
[client] {"counts":{"blocks_on_me":0,"conf_actions":59,"confirmed_hits":241,"dup_confirmed":0,"hits_on_me":22,"pred_actions":61,"predicted_confirmed":35,"predicted_hits":67,"reconnects":0},"ev":"stats","hp":0.0,"in_bytes":1105541,"late":0,"local_entity":1,"match":{"countdown_until":300,"ctrl":-1,"final":false,"next":"","phase":3,"rot":2666,"scores":[2,3],"sd":false,"state":3,"tick":4534,"zone":"A"},"max_err":1.586,"mean_err":0.0332,"ms":84962,"out_bytes":236833,"pending":8,"pos":[-40.18,-1.42],"reconciles":1602,"server_tick":4833,"snaps":1605,"teleports":2}
[client] {"a":4,"dup":false,"ev":"game","ms":84998,"predicted":false,"t":8,"tick":4830,"type":"hit"}
[client] {"a":8,"dup":false,"ev":"game","ms":85398,"predicted":false,"t":4,"tick":4854,"type":"hit"}
[client] {"a":0,"dup":false,"ev":"game","ms":85412,"predicted":false,"t":5,"tick":4855,"type":"hit"}
[client] {"a":4,"dup":false,"ev":"game","ms":85833,"predicted":false,"t":8,"tick":4880,"type":"hit"}
[client] {"a":4,"dup":false,"ev":"game","ms":86164,"predicted":false,"t":8,"tick":4900,"type":"hit"}
[client] {"a":4,"dup":false,"ev":"game","ms":86495,"predicted":false,"t":8,"tick":4920,"type":"hit"}
[client] {"a":2,"dup":false,"ev":"game","ms":86516,"predicted":false,"t":8,"tick":4921,"type":"hit"}
[client] {"a":5,"dup":false,"ev":"game","ms":86598,"predicted":false,"t":0,"tick":4926,"type":"hit"}
[client] {"a":8,"dup":false,"ev":"game","ms":86916,"predicted":false,"t":4,"tick":4945,"type":"hit"}
[client] {"a":0,"dup":false,"ev":"game","ms":87047,"predicted":false,"t":5,"tick":4953,"type":"block"}
[client] {"a":2,"dup":false,"ev":"game","ms":87413,"predicted":false,"t":8,"tick":4975,"type":"block"}
[client] {"a":4,"dup":false,"ev":"game","ms":87495,"predicted":false,"t":5,"tick":4980,"type":"block"}
[client] {"a":0,"dup":false,"ev":"game","ms":87716,"predicted":false,"t":5,"tick":4993,"type":"block"}
[client] {"a":0,"dup":false,"ev":"game","ms":87786,"predicted":false,"t":6,"tick":4997,"type":"hit"}
[client] {"a":2,"dup":false,"ev":"game","ms":88199,"predicted":false,"t":8,"tick":5022,"type":"hit"}
[client] {"a":0,"dup":false,"ev":"game","ms":88317,"predicted":false,"t":5,"tick":5029,"type":"block"}
[client] {"a":8,"dup":false,"ev":"game","ms":88717,"predicted":false,"t":2,"tick":5053,"type":"hit"}
[client] {"a":1,"dup":false,"ev":"game","ms":88766,"predicted":false,"t":-1,"tick":5061,"type":"respawn"}
[client] {"a":8,"dup":false,"ev":"game","ms":89034,"predicted":false,"t":2,"tick":5072,"type":"hit"}
[client] {"a":4,"dup":false,"ev":"game","ms":89069,"predicted":false,"t":8,"tick":5074,"type":"hit"}
[client] {"a":8,"dup":false,"ev":"game","ms":89069,"predicted":false,"t":-1,"tick":5074,"type":"ko"}
[client] {"a":0,"dup":false,"ev":"game","ms":89131,"predicted":false,"t":5,"tick":5078,"type":"hit"}
[client] {"a":0,"dup":false,"ev":"game","ms":89152,"predicted":false,"t":6,"tick":5079,"type":"hit"}
[client] {"counts":{"blocks_on_me":0,"conf_actions":59,"confirmed_hits":257,"dup_confirmed":0,"hits_on_me":22,"pred_actions":61,"predicted_confirmed":35,"predicted_hits":67,"reconnects":0},"ev":"stats","hp":220.0,"in_bytes":1171478,"late":0,"local_entity":1,"match":{"countdown_until":300,"ctrl":-1,"final":false,"next":"","phase":3,"rot":2366,"scores":[2,3],"sd":false,"state":3,"tick":4834,"zone":"A"},"max_err":1.586,"mean_err":0.0313,"ms":89960,"out_bytes":251533,"pending":8,"pos":[4.71,-39.98],"reconciles":1701,"server_tick":5133,"snaps":1705,"teleports":3}
[client] {"a":0,"dup":false,"ev":"game","ms":90044,"predicted":false,"t":5,"tick":5133,"type":"hit"}
[client] {"a":0,"dup":false,"ev":"game","ms":90147,"predicted":false,"t":6,"tick":5139,"type":"hit"}
[client] {"a":3,"dup":false,"ev":"game","ms":91244,"predicted":false,"t":-1,"tick":5205,"type":"respawn"}
[client] {"a":6,"dup":false,"ev":"game","ms":91867,"predicted":false,"t":0,"tick":5242,"type":"hit"}
[client] {"a":6,"dup":false,"ev":"game","ms":92182,"predicted":false,"t":4,"tick":5261,"type":"hit"}
[client] {"a":4,"dup":false,"ev":"game","ms":92182,"predicted":false,"t":-1,"tick":5261,"type":"ko"}
[client] {"a":0,"dup":false,"ev":"game","ms":92265,"predicted":false,"t":6,"tick":5266,"type":"hit"}
[client] {"a":0,"dup":false,"ev":"game","ms":92666,"predicted":false,"t":6,"tick":5290,"type":"hit"}
[client] {"a":0,"dup":false,"ev":"game","ms":92700,"predicted":false,"t":5,"tick":5292,"type":"hit"}
[client] {"a":7,"dup":false,"ev":"game","ms":92914,"predicted":false,"t":-1,"tick":5305,"type":"respawn"}
[client] {"a":5,"dup":false,"ev":"game","ms":93114,"predicted":false,"t":0,"tick":5317,"type":"hit"}
[client] {"a":9,"dup":false,"ev":"game","ms":93197,"predicted":false,"t":0,"tick":5323,"type":"hit"}
[client] {"a":2,"dup":false,"ev":"game","ms":93798,"predicted":false,"t":5,"tick":5359,"type":"hit"}
[client] {"a":6,"dup":false,"ev":"game","ms":93997,"predicted":false,"t":2,"tick":5371,"type":"hit"}
[client] {"a":5,"dup":false,"ev":"game","ms":94267,"predicted":false,"t":2,"tick":5386,"type":"hit"}
[client] {"a":2,"dup":false,"ev":"game","ms":94646,"predicted":false,"t":5,"tick":5409,"type":"hit"}
[client] {"a":6,"dup":false,"ev":"game","ms":94668,"predicted":false,"t":2,"tick":5410,"type":"hit"}
[client] {"counts":{"blocks_on_me":0,"conf_actions":59,"confirmed_hits":271,"dup_confirmed":0,"hits_on_me":22,"pred_actions":61,"predicted_confirmed":35,"predicted_hits":67,"reconnects":0},"ev":"stats","hp":220.0,"in_bytes":1234023,"late":0,"local_entity":1,"match":{"countdown_until":300,"ctrl":-1,"final":false,"next":"","phase":3,"rot":2066,"scores":[2,3],"sd":false,"state":3,"tick":5134,"zone":"A"},"max_err":1.586,"mean_err":0.0295,"ms":94962,"out_bytes":266233,"pending":8,"pos":[-15.7,-19.03],"reconciles":1801,"server_tick":5433,"snaps":1805,"teleports":3}
[client] {"a":6,"dup":false,"ev":"game","ms":95329,"predicted":false,"t":2,"tick":5450,"type":"hit"}
[client] {"a":6,"dup":false,"ev":"game","ms":95784,"predicted":false,"t":2,"tick":5477,"type":"hit"}
[client] {"a":2,"dup":false,"ev":"game","ms":95784,"predicted":false,"t":-1,"tick":5477,"type":"ko"}
[client] {"a":0,"dup":false,"ev":"game","ms":96730,"predicted":false,"t":6,"tick":5534,"type":"hit"}
[client] {"a":0,"dup":false,"ev":"game","ms":97186,"predicted":false,"t":6,"tick":5561,"type":"hit"}
[client] {"a":0,"dup":false,"ev":"game","ms":97482,"predicted":false,"t":6,"tick":5579,"type":"hit"}
[client] {"a":0,"dup":false,"ev":"game","ms":97799,"predicted":false,"t":6,"tick":5598,"type":"hit"}
[client] {"a":5,"dup":false,"ev":"game","ms":97799,"predicted":false,"t":0,"tick":5598,"type":"hit"}
[client] {"a":8,"dup":false,"ev":"game","ms":99069,"predicted":false,"t":-1,"tick":5674,"type":"respawn"}
[client] {"a":0,"dup":false,"ev":"game","ms":99117,"predicted":false,"t":5,"tick":5677,"type":"hit"}
[client] {"a":0,"dup":false,"ev":"game","ms":99117,"predicted":false,"t":9,"tick":5677,"type":"hit"}
[client] {"a":1,"dup":true,"ev":"game","ms":99883,"predicted":false,"t":6,"tick":5729,"type":"hit"}
[client] {"counts":{"blocks_on_me":0,"conf_actions":60,"confirmed_hits":281,"dup_confirmed":0,"hits_on_me":22,"pred_actions":62,"predicted_confirmed":36,"predicted_hits":68,"reconnects":0},"ev":"stats","hp":220.0,"in_bytes":1296442,"late":0,"local_entity":1,"match":{"countdown_until":300,"ctrl":-1,"final":false,"next":"","phase":3,"rot":1766,"scores":[2,3],"sd":false,"state":3,"tick":5434,"zone":"A"},"max_err":1.586,"mean_err":0.028,"ms":99965,"out_bytes":280933,"pending":5,"pos":[-40.96,-0.66],"reconciles":1902,"server_tick":5733,"snaps":1905,"teleports":3}
[client] {"a":6,"dup":false,"ev":"game","ms":99966,"predicted":false,"t":-1,"tick":5729,"type":"ko"}
[client] {"a":9,"dup":false,"ev":"game","ms":100069,"predicted":false,"t":1,"tick":5735,"type":"hit"}
[client] {"a":9,"dup":false,"ev":"game","ms":100386,"predicted":false,"t":1,"tick":5754,"type":"hit"}
[client] {"a":0,"dup":false,"ev":"game","ms":100518,"predicted":false,"t":9,"tick":5762,"type":"hit"}
[client] {"a":5,"dup":false,"ev":"game","ms":100553,"predicted":false,"t":0,"tick":5764,"type":"hit"}
[client] {"a":0,"dup":false,"ev":"game","ms":100932,"predicted":false,"t":5,"tick":5787,"type":"hit"}
[client] {"a":1,"dup":true,"ev":"game","ms":101146,"predicted":false,"t":5,"tick":5804,"type":"hit"}
[client] {"a":9,"dup":false,"ev":"game","ms":101464,"predicted":false,"t":1,"tick":5818,"type":"hit"}
[client] {"a":0,"dup":false,"ev":"game","ms":101711,"predicted":false,"t":9,"tick":5833,"type":"hit"}
[client] {"a":4,"dup":false,"ev":"game","ms":102181,"predicted":false,"t":-1,"tick":5861,"type":"respawn"}
[client] {"a":5,"dup":false,"ev":"game","ms":102333,"predicted":false,"t":0,"tick":5870,"type":"hit"}
[client] {"a":5,"dup":false,"ev":"game","ms":102781,"predicted":false,"t":0,"tick":5897,"type":"hit"}
[client] {"a":0,"dup":false,"ev":"game","ms":102781,"predicted":false,"t":-1,"tick":5897,"type":"ko"}
[client] {"a":1,"dup":true,"ev":"game","ms":103133,"predicted":false,"t":5,"tick":5923,"type":"hit"}
[client] {"a":3,"dup":false,"ev":"game","ms":103464,"predicted":false,"t":9,"tick":5938,"type":"hit"}
[client] {"a":5,"dup":false,"ev":"game","ms":103581,"predicted":false,"t":1,"tick":5945,"type":"hit"}
[client] {"a":5,"dup":false,"ev":"game","ms":103629,"predicted":false,"t":3,"tick":5948,"type":"hit"}
[client] {"a":7,"dup":false,"ev":"game","ms":103795,"predicted":false,"t":1,"tick":5958,"type":"hit"}
[client] {"a":5,"dup":false,"ev":"game","ms":104064,"predicted":false,"t":1,"tick":5974,"type":"hit"}
[client] {"a":5,"dup":false,"ev":"game","ms":104064,"predicted":false,"t":3,"tick":5974,"type":"block"}
[client] {"a":7,"dup":false,"ev":"game","ms":104133,"predicted":false,"t":1,"tick":5978,"type":"hit"}
[client] {"a":1,"dup":true,"ev":"game","ms":104382,"predicted":false,"t":5,"tick":5999,"type":"hit"}
[client] {"a":5,"dup":false,"ev":"game","ms":104479,"predicted":false,"t":-1,"tick":5999,"type":"ko"}
[client] {"a":7,"dup":false,"ev":"game","ms":104499,"predicted":false,"t":1,"tick":6000,"type":"hit"}
[client] {"counts":{"blocks_on_me":0,"conf_actions":68,"confirmed_hits":300,"dup_confirmed":0,"hits_on_me":30,"pred_actions":70,"predicted_confirmed":39,"predicted_hits":77,"reconnects":0},"ev":"stats","hp":68.0,"in_bytes":1366655,"late":0,"local_entity":1,"match":{"countdown_until":300,"ctrl":-1,"final":false,"next":"","phase":3,"rot":1466,"scores":[2,3],"sd":false,"state":3,"tick":5734,"zone":"A"},"max_err":1.813,"mean_err":0.0304,"ms":104960,"out_bytes":295633,"pending":8,"pos":[-41.11,-1.15],"reconciles":2001,"server_tick":6033,"snaps":2005,"teleports":3}
[client] {"a":1,"dup":false,"ev":"game","ms":105066,"predicted":false,"t":7,"tick":6039,"type":"hit"}
[client] {"a":7,"dup":false,"ev":"game","ms":105079,"predicted":false,"t":3,"tick":6035,"type":"block"}
[client] {"a":1,"dup":true,"ev":"game","ms":105382,"predicted":false,"t":7,"tick":6058,"type":"hit"}
[client] {"a":9,"dup":false,"ev":"game","ms":105513,"predicted":false,"t":3,"tick":6061,"type":"hit"}
[client] {"a":2,"dup":false,"ev":"game","ms":105782,"predicted":false,"t":-1,"tick":6077,"type":"respawn"}
[client] {"a":9,"dup":false,"ev":"game","ms":106196,"predicted":false,"t":3,"tick":6102,"type":"hit"}
[client] {"a":1,"dup":true,"ev":"game","ms":106266,"predicted":false,"t":9,"tick":6111,"type":"hit"}
[client] {"a":9,"dup":false,"ev":"game","ms":106948,"predicted":false,"t":1,"tick":6147,"type":"hit"}
[client] {"a":3,"dup":false,"ev":"game","ms":106997,"predicted":false,"t":9,"tick":6150,"type":"hit"}
[client] {"a":1,"dup":true,"ev":"game","ms":107335,"predicted":false,"t":9,"tick":6175,"type":"hit"}
[client] {"a":3,"dup":false,"ev":"game","ms":107349,"predicted":false,"t":9,"tick":6171,"type":"hit"}
[client] {"a":1,"dup":false,"ev":"game","ms":107701,"predicted":false,"t":9,"tick":6197,"type":"hit"}
[client] {"a":3,"dup":false,"ev":"game","ms":108067,"predicted":false,"t":9,"tick":6214,"type":"hit"}
[client] {"a":7,"dup":false,"ev":"game","ms":108267,"predicted":false,"t":1,"tick":6226,"type":"hit"}
[client] {"a":7,"dup":false,"ev":"game","ms":108301,"predicted":false,"t":3,"tick":6228,"type":"hit"}
[client] {"a":1,"dup":false,"ev":"game","ms":109019,"predicted":false,"t":-1,"tick":6277,"type":"ko"}
[client] {"a":9,"dup":false,"ev":"game","ms":109115,"predicted":false,"t":1,"tick":6277,"type":"hit"}
[client] {"a":7,"dup":false,"ev":"game","ms":109219,"predicted":false,"t":3,"tick":6283,"type":"hit"}
[client] {"a":7,"dup":false,"ev":"game","ms":109584,"predicted":false,"t":3,"tick":6305,"type":"hit"}
[client] {"a":7,"dup":false,"ev":"game","ms":109902,"predicted":false,"t":3,"tick":6324,"type":"hit"}
[client] {"a":8,"dup":false,"ev":"game","ms":109950,"predicted":false,"t":3,"tick":6327,"type":"hit"}
[client] {"counts":{"blocks_on_me":0,"conf_actions":75,"confirmed_hits":318,"dup_confirmed":0,"hits_on_me":33,"pred_actions":78,"predicted_confirmed":42,"predicted_hits":82,"reconnects":0},"ev":"stats","hp":0.0,"in_bytes":1434463,"late":0,"local_entity":1,"match":{"countdown_until":300,"ctrl":-1,"final":false,"next":"","phase":3,"rot":1166,"scores":[2,3],"sd":false,"state":3,"tick":6034,"zone":"A"},"max_err":1.813,"mean_err":0.0304,"ms":109963,"out_bytes":310333,"pending":8,"pos":[-43.6,0.87],"reconciles":2101,"server_tick":6333,"snaps":2105,"teleports":3}
[client] {"a":6,"dup":false,"ev":"game","ms":109985,"predicted":false,"t":-1,"tick":6329,"type":"respawn"}
[client] {"a":3,"dup":false,"ev":"game","ms":110315,"predicted":false,"t":7,"tick":6349,"type":"hit"}
[client] {"a":8,"dup":false,"ev":"game","ms":110385,"predicted":false,"t":3,"tick":6353,"type":"hit"}
[client] {"a":8,"dup":false,"ev":"game","ms":110681,"predicted":false,"t":3,"tick":6371,"type":"hit"}
[client] {"a":9,"dup":false,"ev":"game","ms":110764,"predicted":false,"t":3,"tick":6376,"type":"hit"}
[client] {"a":7,"dup":false,"ev":"game","ms":110985,"predicted":false,"t":3,"tick":6389,"type":"hit"}
[client] {"a":3,"dup":false,"ev":"game","ms":112068,"predicted":false,"t":9,"tick":6454,"type":"hit"}
[client] {"a":9,"dup":false,"ev":"game","ms":112068,"predicted":false,"t":-1,"tick":6454,"type":"ko"}
[client] {"a":4,"dup":false,"ev":"game","ms":112766,"predicted":false,"t":8,"tick":6496,"type":"hit"}
[client] {"a":7,"dup":false,"ev":"game","ms":112786,"predicted":false,"t":3,"tick":6497,"type":"hit"}
[client] {"a":0,"dup":false,"ev":"game","ms":112786,"predicted":false,"t":-1,"tick":6497,"type":"respawn"}
[client] {"a":7,"dup":false,"ev":"game","ms":113186,"predicted":false,"t":3,"tick":6521,"type":"hit"}
[client] {"a":3,"dup":false,"ev":"game","ms":113186,"predicted":false,"t":-1,"tick":6521,"type":"ko"}
[client] {"a":5,"dup":false,"ev":"game","ms":114483,"predicted":false,"t":-1,"tick":6599,"type":"respawn"}
[client] {"counts":{"blocks_on_me":0,"conf_actions":75,"confirmed_hits":327,"dup_confirmed":0,"hits_on_me":33,"pred_actions":78,"predicted_confirmed":42,"predicted_hits":82,"reconnects":0},"ev":"stats","hp":0.0,"in_bytes":1495649,"late":0,"local_entity":1,"match":{"countdown_until":300,"ctrl":-1,"final":false,"next":"C","phase":3,"rot":866,"scores":[2,3],"sd":false,"state":3,"tick":6334,"zone":"A"},"max_err":1.813,"mean_err":0.029,"ms":114958,"out_bytes":325033,"pending":8,"pos":[-43.6,0.87],"reconciles":2201,"server_tick":6633,"snaps":2205,"teleports":3}
[client] {"a":4,"dup":false,"ev":"game","ms":115394,"predicted":false,"t":8,"tick":6654,"type":"hit"}
[client] {"a":4,"dup":false,"ev":"game","ms":115732,"predicted":false,"t":8,"tick":6674,"type":"hit"}
[client] {"a":4,"dup":false,"ev":"game","ms":116077,"predicted":false,"t":8,"tick":6695,"type":"hit"}
[client] {"a":4,"dup":false,"ev":"game","ms":116098,"predicted":false,"t":7,"tick":6696,"type":"hit"}
[client] {"a":7,"dup":false,"ev":"game","ms":116477,"predicted":false,"t":4,"tick":6719,"type":"hit"}
[client] {"a":7,"dup":false,"ev":"game","ms":116795,"predicted":false,"t":4,"tick":6738,"type":"hit"}
[client] {"a":4,"dup":false,"ev":"game","ms":117181,"predicted":false,"t":7,"tick":6761,"type":"hit"}
[client] {"a":4,"dup":false,"ev":"game","ms":117664,"predicted":false,"t":7,"tick":6790,"type":"hit"}
[client] {"a":4,"dup":false,"ev":"game","ms":118016,"predicted":false,"t":8,"tick":6811,"type":"hit"}
[client] {"a":7,"dup":false,"ev":"game","ms":118313,"predicted":false,"t":4,"tick":6829,"type":"hit"}
[client] {"a":7,"dup":false,"ev":"game","ms":118630,"predicted":false,"t":4,"tick":6848,"type":"hit"}
[client] {"a":1,"dup":false,"ev":"game","ms":119017,"predicted":false,"t":-1,"tick":6877,"type":"respawn"}
[client] {"a":8,"dup":false,"ev":"game","ms":119052,"predicted":false,"t":4,"tick":6873,"type":"hit"}
[client] {"a":4,"dup":false,"ev":"game","ms":119396,"predicted":false,"t":7,"tick":6894,"type":"hit"}
[client] {"a":4,"dup":false,"ev":"game","ms":119652,"predicted":false,"t":7,"tick":6909,"type":"hit"}
[client] {"counts":{"blocks_on_me":0,"conf_actions":75,"confirmed_hits":341,"dup_confirmed":0,"hits_on_me":33,"pred_actions":78,"predicted_confirmed":42,"predicted_hits":82,"reconnects":0},"ev":"stats","hp":220.0,"in_bytes":1558537,"late":0,"local_entity":1,"match":{"countdown_until":300,"ctrl":-1,"final":false,"next":"C","phase":3,"rot":566,"scores":[2,3],"sd":false,"state":3,"tick":6634,"zone":"A"},"max_err":1.813,"mean_err":0.0278,"ms":119968,"out_bytes":339733,"pending":8,"pos":[5.22,-42.41],"reconciles":2300,"server_tick":6933,"snaps":2305,"teleports":4}
[client] {"a":2,"dup":false,"ev":"game","ms":120031,"predicted":false,"t":8,"tick":6932,"type":"hit"}
[client] {"a":4,"dup":false,"ev":"game","ms":120424,"predicted":false,"t":8,"tick":6956,"type":"hit"}
[client] {"a":7,"dup":false,"ev":"game","ms":120576,"predicted":false,"t":4,"tick":6965,"type":"hit"}
[client] {"a":2,"dup":false,"ev":"game","ms":120659,"predicted":false,"t":8,"tick":6970,"type":"hit"}
[client] {"a":2,"dup":false,"ev":"game","ms":120707,"predicted":false,"t":7,"tick":6973,"type":"hit"}
[client] {"a":6,"dup":false,"ev":"game","ms":120976,"predicted":false,"t":2,"tick":6989,"type":"hit"}
[client] {"a":6,"dup":false,"ev":"game","ms":121342,"predicted":false,"t":2,"tick":7011,"type":"hit"}
[client] {"a":2,"dup":false,"ev":"game","ms":121694,"predicted":false,"t":8,"tick":7032,"type":"hit"}
[client] {"a":2,"dup":false,"ev":"game","ms":122025,"predicted":false,"t":8,"tick":7052,"type":"hit"}
[client] {"a":9,"dup":false,"ev":"game","ms":122060,"predicted":false,"t":-1,"tick":7054,"type":"respawn"}
[client] {"a":2,"dup":false,"ev":"game","ms":122343,"predicted":false,"t":8,"tick":7071,"type":"hit"}
[client] {"a":8,"dup":false,"ev":"game","ms":122943,"predicted":false,"t":2,"tick":7107,"type":"hit"}
[client] {"a":3,"dup":false,"ev":"game","ms":123177,"predicted":false,"t":-1,"tick":7121,"type":"respawn"}
[client] {"a":7,"dup":false,"ev":"game","ms":123343,"predicted":false,"t":2,"tick":7131,"type":"hit"}
[client] {"a":2,"dup":false,"ev":"game","ms":123695,"predicted":false,"t":8,"tick":7152,"type":"hit"}
[client] {"a":8,"dup":false,"ev":"game","ms":123695,"predicted":false,"t":-1,"tick":7152,"type":"ko"}
[client] {"a":6,"dup":false,"ev":"game","ms":123826,"predicted":false,"t":2,"tick":7160,"type":"hit"}
[client] {"a":4,"dup":false,"ev":"game","ms":123846,"predicted":false,"t":7,"tick":7161,"type":"hit"}
[client] {"a":4,"dup":false,"ev":"game","ms":124164,"predicted":false,"t":7,"tick":7180,"type":"hit"}
[client] {"a":7,"dup":false,"ev":"game","ms":124730,"predicted":false,"t":4,"tick":7214,"type":"hit"}
[client] {"a":7,"dup":false,"ev":"game","ms":124944,"predicted":false,"t":4,"tick":7227,"type":"hit"}
[client] {"counts":{"blocks_on_me":0,"conf_actions":75,"confirmed_hits":359,"dup_confirmed":0,"hits_on_me":33,"pred_actions":78,"predicted_confirmed":42,"predicted_hits":82,"reconnects":0},"ev":"stats","hp":220.0,"in_bytes":1625732,"late":0,"local_entity":1,"match":{"countdown_until":300,"ctrl":-1,"final":false,"next":"C","phase":3,"rot":266,"scores":[2,3],"sd":false,"state":3,"tick":6934,"zone":"A"},"max_err":1.813,"mean_err":0.0266,"ms":124963,"out_bytes":354433,"pending":8,"pos":[-13.23,-19.07],"reconciles":2400,"server_tick":7233,"snaps":2405,"teleports":4}
[client] {"a":6,"dup":false,"ev":"game","ms":125248,"predicted":false,"t":2,"tick":7245,"type":"parry"}
[client] {"a":7,"dup":false,"ev":"game","ms":125392,"predicted":false,"t":2,"tick":7254,"type":"hit"}
[client] {"a":7,"dup":false,"ev":"game","ms":125448,"predicted":false,"t":0,"tick":7257,"type":"hit"}
[client] {"a":7,"dup":false,"ev":"game","ms":125709,"predicted":false,"t":0,"tick":7273,"type":"hit"}
[client] {"a":7,"dup":false,"ev":"game","ms":125710,"predicted":false,"t":4,"tick":7273,"type":"hit"}
[client] {"a":2,"dup":false,"ev":"game","ms":125848,"predicted":false,"t":7,"tick":7281,"type":"hit"}
[client] {"a":7,"dup":false,"ev":"game","ms":125848,"predicted":false,"t":-1,"tick":7281,"type":"ko"}
[client] {"a":6,"dup":false,"ev":"game","ms":126296,"predicted":false,"t":2,"tick":7308,"type":"hit"}
[client] {"a":0,"dup":false,"ev":"game","ms":126482,"predicted":false,"t":5,"tick":7319,"type":"hit"}
[client] {"a":4,"dup":false,"ev":"game","ms":126731,"predicted":false,"t":5,"tick":7334,"type":"hit"}
[client] {"a":5,"dup":false,"ev":"game","ms":127331,"predicted":false,"t":0,"tick":7371,"type":"hit"}
[client] {"a":4,"dup":false,"ev":"game","ms":127393,"predicted":false,"t":5,"tick":7374,"type":"hit"}
[client] {"a":2,"dup":false,"ev":"game","ms":127463,"predicted":false,"t":6,"tick":7378,"type":"hit"}
[client] {"a":2,"dup":false,"ev":"game","ms":127747,"predicted":false,"t":6,"tick":7395,"type":"hit"}
[client] {"a":4,"dup":false,"ev":"game","ms":127747,"predicted":false,"t":5,"tick":7395,"type":"hit"}
[client] {"a":4,"dup":false,"ev":"game","ms":128014,"predicted":false,"t":5,"tick":7411,"type":"hit"}
[client] {"a":2,"dup":false,"ev":"game","ms":128498,"predicted":false,"t":6,"tick":7441,"type":"hit"}
[client] {"a":4,"dup":false,"ev":"game","ms":128745,"predicted":false,"t":5,"tick":7455,"type":"hit"}
[client] {"a":2,"dup":false,"ev":"game","ms":128911,"predicted":false,"t":6,"tick":7465,"type":"hit"}
[client] {"a":0,"dup":false,"ev":"game","ms":129395,"predicted":false,"t":6,"tick":7494,"type":"hit"}
[client] {"a":-1,"dup":false,"ev":"game","ms":129484,"predicted":false,"t":-1,"tick":7499,"type":"zone_rotated"}
[client] {"counts":{"blocks_on_me":0,"conf_actions":75,"confirmed_hits":377,"dup_confirmed":0,"hits_on_me":33,"pred_actions":79,"predicted_confirmed":42,"predicted_hits":82,"reconnects":0},"ev":"stats","hp":220.0,"in_bytes":1689527,"late":0,"local_entity":1,"match":{"countdown_until":300,"ctrl":-1,"final":false,"next":"","phase":3,"rot":3566,"scores":[2,3],"sd":false,"state":1,"tick":7234,"zone":"C"},"max_err":1.813,"mean_err":0.0255,"ms":129966,"out_bytes":369133,"pending":8,"pos":[-38.92,-1.15],"reconciles":2500,"server_tick":7533,"snaps":2505,"teleports":4}
[client] {"a":5,"dup":false,"ev":"game","ms":130050,"predicted":false,"t":4,"tick":7533,"type":"hit"}
[client] {"a":6,"dup":false,"ev":"game","ms":130084,"predicted":false,"t":2,"tick":7535,"type":"hit"}
[client] {"a":1,"dup":true,"ev":"game","ms":130533,"predicted":false,"t":5,"tick":7567,"type":"hit"}
[client] {"a":0,"dup":false,"ev":"game","ms":131002,"predicted":false,"t":6,"tick":7590,"type":"hit"}
[client] {"a":5,"dup":false,"ev":"game","ms":131029,"predicted":false,"t":1,"tick":7592,"type":"hit"}
[client] {"a":5,"dup":false,"ev":"game","ms":131534,"predicted":false,"t":4,"tick":7622,"type":"hit"}
[client] {"a":1,"dup":true,"ev":"game","ms":131951,"predicted":false,"t":5,"tick":7652,"type":"hit"}
[client] {"a":1,"dup":true,"ev":"game","ms":132251,"predicted":false,"t":5,"tick":7670,"type":"hit"}
[client] {"a":5,"dup":false,"ev":"game","ms":132713,"predicted":false,"t":1,"tick":7693,"type":"hit"}
[client] {"a":5,"dup":false,"ev":"game","ms":133066,"predicted":false,"t":1,"tick":7714,"type":"hit"}
[client] {"a":1,"dup":true,"ev":"game","ms":133486,"predicted":false,"t":5,"tick":7745,"type":"hit"}
[client] {"a":8,"dup":false,"ev":"game","ms":133686,"predicted":false,"t":-1,"tick":7752,"type":"respawn"}
[client] {"a":5,"dup":false,"ev":"game","ms":133935,"predicted":false,"t":1,"tick":7767,"type":"hit"}
[client] {"counts":{"blocks_on_me":0,"conf_actions":86,"confirmed_hits":389,"dup_confirmed":0,"hits_on_me":37,"pred_actions":89,"predicted_confirmed":46,"predicted_hits":95,"reconnects":0},"ev":"stats","hp":148.0,"in_bytes":1755320,"late":0,"local_entity":1,"match":{"countdown_until":300,"ctrl":-1,"final":false,"next":"","phase":3,"rot":3266,"scores":[2,3],"sd":false,"state":1,"tick":7534,"zone":"C"},"max_err":1.813,"mean_err":0.0262,"ms":134968,"out_bytes":383833,"pending":8,"pos":[-39.38,-1.19],"reconciles":2600,"server_tick":7833,"snaps":2605,"teleports":4}
[client] {"a":5,"dup":false,"ev":"game","ms":135335,"predicted":false,"t":1,"tick":7850,"type":"hit"}
[client] {"a":5,"dup":false,"ev":"game","ms":135687,"predicted":false,"t":1,"tick":7871,"type":"hit"}
[client] {"a":7,"dup":false,"ev":"game","ms":135852,"predicted":false,"t":-1,"tick":7881,"type":"respawn"}
[client] {"a":5,"dup":false,"ev":"game","ms":136067,"predicted":false,"t":1,"tick":7894,"type":"hit"}
[client] {"a":5,"dup":false,"ev":"game","ms":136832,"predicted":false,"t":1,"tick":7940,"type":"hit"}
[client] {"a":5,"dup":false,"ev":"game","ms":137171,"predicted":false,"t":1,"tick":7960,"type":"hit"}
[client] {"a":5,"dup":false,"ev":"game","ms":137502,"predicted":false,"t":1,"tick":7980,"type":"hit"}
[client] {"a":1,"dup":true,"ev":"game","ms":138088,"predicted":false,"t":5,"tick":8021,"type":"hit"}
[client] {"a":1,"dup":true,"ev":"game","ms":139669,"predicted":false,"t":5,"tick":8115,"type":"hit"}
[client] {"counts":{"blocks_on_me":0,"conf_actions":94,"confirmed_hits":397,"dup_confirmed":0,"hits_on_me":43,"pred_actions":97,"predicted_confirmed":48,"predicted_hits":101,"reconnects":0},"ev":"stats","hp":40.0,"in_bytes":1818855,"late":0,"local_entity":1,"match":{"countdown_until":300,"ctrl":-1,"final":false,"next":"","phase":3,"rot":2966,"scores":[2,3],"sd":false,"state":3,"tick":7834,"zone":"C"},"max_err":1.813,"mean_err":0.0268,"ms":139971,"out_bytes":398533,"pending":8,"pos":[-35.79,-3.57],"reconciles":2700,"server_tick":8133,"snaps":2705,"teleports":4}
[client] {"a":5,"dup":false,"ev":"game","ms":140124,"predicted":false,"t":1,"tick":8137,"type":"hit"}
[client] {"a":5,"dup":false,"ev":"game","ms":140551,"predicted":false,"t":1,"tick":8163,"type":"hit"}
[client] {"a":1,"dup":false,"ev":"game","ms":140800,"predicted":false,"t":-1,"tick":8183,"type":"ko"}
[client] {"a":5,"dup":false,"ev":"game","ms":140883,"predicted":false,"t":1,"tick":8183,"type":"hit"}
[client] {"a":9,"dup":false,"ev":"game","ms":141200,"predicted":false,"t":3,"tick":8202,"type":"hit"}
[client] {"a":9,"dup":false,"ev":"game","ms":141918,"predicted":false,"t":3,"tick":8245,"type":"hit"}
[client] {"a":2,"dup":false,"ev":"game","ms":142029,"predicted":false,"t":6,"tick":8252,"type":"hit"}
[client] {"a":6,"dup":false,"ev":"game","ms":142428,"predicted":false,"t":2,"tick":8276,"type":"parry"}
[client] {"a":3,"dup":false,"ev":"game","ms":142567,"predicted":false,"t":9,"tick":8284,"type":"hit"}
[client] {"a":4,"dup":false,"ev":"game","ms":142849,"predicted":false,"t":9,"tick":8301,"type":"hit"}
[client] {"a":4,"dup":false,"ev":"game","ms":143180,"predicted":false,"t":9,"tick":8321,"type":"hit"}
[client] {"a":9,"dup":false,"ev":"game","ms":143602,"predicted":false,"t":4,"tick":8346,"type":"hit"}
[client] {"a":8,"dup":false,"ev":"game","ms":143746,"predicted":false,"t":3,"tick":8355,"type":"block"}
[client] {"a":0,"dup":false,"ev":"game","ms":143767,"predicted":false,"t":9,"tick":8356,"type":"hit"}
[client] {"a":0,"dup":false,"ev":"game","ms":144098,"predicted":false,"t":9,"tick":8376,"type":"hit"}
[client] {"a":8,"dup":false,"ev":"game","ms":144098,"predicted":false,"t":3,"tick":8376,"type":"block"}
[client] {"a":9,"dup":false,"ev":"game","ms":144415,"predicted":false,"t":3,"tick":8395,"type":"hit"}
[client] {"counts":{"blocks_on_me":0,"conf_actions":95,"confirmed_hits":410,"dup_confirmed":0,"hits_on_me":46,"pred_actions":98,"predicted_confirmed":48,"predicted_hits":101,"reconnects":0},"ev":"stats","hp":0.0,"in_bytes":1890329,"late":0,"local_entity":1,"match":{"countdown_until":300,"ctrl":-1,"final":false,"next":"","phase":3,"rot":2666,"scores":[2,3],"sd":false,"state":3,"tick":8134,"zone":"C"},"max_err":1.813,"mean_err":0.0262,"ms":144966,"out_bytes":413233,"pending":8,"pos":[-36.14,-3.69],"reconciles":2800,"server_tick":8433,"snaps":2805,"teleports":4}
[client] {"a":4,"dup":false,"ev":"game","ms":145016,"predicted":false,"t":8,"tick":8431,"type":"hit"}
[client] {"a":0,"dup":false,"ev":"game","ms":145050,"predicted":false,"t":9,"tick":8433,"type":"hit"}
[client] {"a":4,"dup":false,"ev":"game","ms":145368,"predicted":false,"t":8,"tick":8452,"type":"hit"}
[client] {"a":9,"dup":false,"ev":"game","ms":145581,"predicted":false,"t":4,"tick":8465,"type":"hit"}
[client] {"a":3,"dup":false,"ev":"game","ms":145665,"predicted":false,"t":8,"tick":8470,"type":"hit"}
[client] {"a":9,"dup":false,"ev":"game","ms":145920,"predicted":false,"t":4,"tick":8485,"type":"hit"}
[client] {"a":7,"dup":false,"ev":"game","ms":146051,"predicted":false,"t":4,"tick":8493,"type":"hit"}
[client] {"a":9,"dup":false,"ev":"game","ms":146299,"predicted":false,"t":4,"tick":8508,"type":"hit"}
[client] {"a":3,"dup":false,"ev":"game","ms":146347,"predicted":false,"t":7,"tick":8511,"type":"hit"}
[client] {"a":8,"dup":false,"ev":"game","ms":146651,"predicted":false,"t":4,"tick":8529,"type":"hit"}
[client] {"a":7,"dup":false,"ev":"game","ms":146734,"predicted":false,"t":4,"tick":8534,"type":"hit"}
[client] {"a":4,"dup":false,"ev":"game","ms":146734,"predicted":false,"t":-1,"tick":8534,"type":"ko"}
[client] {"a":0,"dup":false,"ev":"game","ms":146751,"predicted":false,"t":9,"tick":8535,"type":"hit"}
[client] {"a":3,"dup":false,"ev":"game","ms":147018,"predicted":false,"t":9,"tick":8551,"type":"hit"}
[client] {"a":0,"dup":false,"ev":"game","ms":147438,"predicted":false,"t":9,"tick":8576,"type":"hit"}
[client] {"a":3,"dup":false,"ev":"game","ms":147486,"predicted":false,"t":7,"tick":8579,"type":"hit"}
[client] {"a":0,"dup":false,"ev":"game","ms":147748,"predicted":false,"t":9,"tick":8595,"type":"hit"}
[client] {"a":8,"dup":false,"ev":"game","ms":147783,"predicted":false,"t":3,"tick":8597,"type":"hit"}
[client] {"a":6,"dup":false,"ev":"game","ms":147804,"predicted":false,"t":2,"tick":8598,"type":"hit"}
[client] {"a":2,"dup":false,"ev":"game","ms":148121,"predicted":false,"t":6,"tick":8617,"type":"hit"}
[client] {"a":3,"dup":false,"ev":"game","ms":148204,"predicted":false,"t":8,"tick":8622,"type":"hit"}
[client] {"a":2,"dup":false,"ev":"game","ms":148438,"predicted":false,"t":6,"tick":8636,"type":"hit"}
[client] {"a":0,"dup":false,"ev":"game","ms":148452,"predicted":false,"t":9,"tick":8637,"type":"hit"}
[client] {"a":3,"dup":false,"ev":"game","ms":148548,"predicted":false,"t":8,"tick":8643,"type":"hit"}
[client] {"a":7,"dup":false,"ev":"game","ms":148549,"predicted":false,"t":3,"tick":8643,"type":"hit"}
[client] {"a":7,"dup":false,"ev":"game","ms":148770,"predicted":false,"t":3,"tick":8656,"type":"hit"}
[client] {"a":2,"dup":false,"ev":"game","ms":148983,"predicted":false,"t":6,"tick":8669,"type":"hit"}
[client] {"a":8,"dup":false,"ev":"game","ms":149204,"predicted":false,"t":3,"tick":8682,"type":"hit"}
[client] {"a":6,"dup":false,"ev":"game","ms":149418,"predicted":false,"t":2,"tick":8695,"type":"hit"}
[client] {"a":6,"dup":false,"ev":"game","ms":149839,"predicted":false,"t":2,"tick":8720,"type":"hit"}
[client] {"counts":{"blocks_on_me":0,"conf_actions":95,"confirmed_hits":439,"dup_confirmed":0,"hits_on_me":46,"pred_actions":98,"predicted_confirmed":48,"predicted_hits":101,"reconnects":0},"ev":"stats","hp":0.0,"in_bytes":1963321,"late":0,"local_entity":1,"match":{"countdown_until":300,"ctrl":-1,"final":false,"next":"","phase":3,"rot":2366,"scores":[2,3],"sd":false,"state":3,"tick":8434,"zone":"C"},"max_err":1.813,"mean_err":0.0253,"ms":149969,"out_bytes":427933,"pending":8,"pos":[-36.14,-3.69],"reconciles":2900,"server_tick":8733,"snaps":2905,"teleports":4}
[client] {"counts":{"blocks_on_me":0,"conf_actions":95,"confirmed_hits":439,"dup_confirmed":0,"hits_on_me":46,"pred_actions":98,"predicted_confirmed":48,"predicted_hits":101,"reconnects":0},"ev":"stats","hp":0.0,"in_bytes":1963857,"late":0,"local_entity":1,"match":{"countdown_until":300,"ctrl":-1,"final":false,"next":"","phase":3,"rot":2366,"scores":[2,3],"sd":false,"state":3,"tick":8434,"zone":"C"},"max_err":1.813,"mean_err":0.0253,"ms":150003,"out_bytes":428031,"pending":7,"pos":[-36.14,-3.69],"reconciles":2901,"server_tick":8735,"snaps":2905,"teleports":4}
