Godot Engine v4.7.2.stable.official.ed1daf0bf - https://godotengine.org

[client] {"detail":"127.0.0.1:24610","ev":"status","ms":0,"status":"connecting"}
[client] {"detail":"","ev":"status","ms":15,"status":"connected"}
[client] {"ev":"welcome","ms":22,"observer":false,"pid":5}
[client] {"ev":"pick","f":"hops","ms":1975}
[client] {"ev":"lock","f":"hops","ms":3127}
[client] {"ev":"match_setup","fighters":10,"ms":4166,"you":6}
[client] {"counts":{"blocks_on_me":0,"conf_actions":0,"confirmed_hits":0,"dup_confirmed":0,"hits_on_me":0,"pred_actions":0,"predicted_confirmed":0,"predicted_hits":0,"reconnects":0},"ev":"stats","hp":230.0,"in_bytes":80370,"late":0,"local_entity":6,"match":{"countdown_until":300,"ctrl":-1,"final":false,"next":"","phase":2,"rot":3600,"scores":[0,0],"sd":false,"state":1,"tick":0,"zone":""},"max_err":0.525,"mean_err":0.2086,"ms":4962,"out_bytes":2368,"pending":7,"pos":[-3.11,46.19],"reconciles":13,"server_tick":48,"snaps":15,"teleports":1}
[client] {"counts":{"blocks_on_me":0,"conf_actions":0,"confirmed_hits":0,"dup_confirmed":0,"hits_on_me":0,"pred_actions":0,"predicted_confirmed":0,"predicted_hits":0,"reconnects":0},"ev":"stats","hp":230.0,"in_bytes":122298,"late":0,"local_entity":6,"match":{"countdown_until":300,"ctrl":-1,"final":false,"next":"","phase":3,"rot":3551,"scores":[0,0],"sd":false,"state":1,"tick":49,"zone":"B"},"max_err":0.525,"mean_err":0.1814,"ms":9957,"out_bytes":17068,"pending":7,"pos":[-4.48,40.66],"reconciles":113,"server_tick":348,"snaps":115,"teleports":1}
[client] {"counts":{"blocks_on_me":0,"conf_actions":0,"confirmed_hits":0,"dup_confirmed":0,"hits_on_me":0,"pred_actions":0,"predicted_confirmed":0,"predicted_hits":0,"reconnects":0},"ev":"stats","hp":230.0,"in_bytes":178038,"late":0,"local_entity":6,"match":{"countdown_until":300,"ctrl":-1,"final":false,"next":"","phase":3,"rot":3251,"scores":[0,0],"sd":false,"state":3,"tick":349,"zone":"B"},"max_err":0.525,"mean_err":0.0963,"ms":14953,"out_bytes":31768,"pending":7,"pos":[-2.71,3.05],"reconciles":213,"server_tick":648,"snaps":215,"teleports":1}
[client] {"a":6,"dup":true,"ev":"game","ms":16114,"predicted":false,"t":1,"tick":717,"type":"hit"}
[client] {"a":6,"dup":true,"ev":"game","ms":16148,"predicted":false,"t":0,"tick":719,"type":"hit"}
[client] {"a":1,"dup":false,"ev":"game","ms":16548,"predicted":false,"t":6,"tick":738,"type":"hit"}
[client] {"a":0,"dup":false,"ev":"game","ms":16617,"predicted":false,"t":6,"tick":742,"type":"hit"}
[client] {"a":8,"dup":false,"ev":"game","ms":16679,"predicted":false,"t":1,"tick":746,"type":"hit"}
[client] {"a":8,"dup":false,"ev":"game","ms":16949,"predicted":false,"t":1,"tick":762,"type":"hit"}
[client] {"a":0,"dup":false,"ev":"game","ms":16962,"predicted":false,"t":8,"tick":763,"type":"hit"}
[client] {"a":0,"dup":false,"ev":"game","ms":16983,"predicted":false,"t":6,"tick":764,"type":"hit"}
[client] {"a":6,"dup":true,"ev":"game","ms":17280,"predicted":false,"t":1,"tick":787,"type":"hit"}
[client] {"a":1,"dup":false,"ev":"game","ms":17335,"predicted":false,"t":8,"tick":785,"type":"hit"}
[client] {"a":0,"dup":false,"ev":"game","ms":17383,"predicted":false,"t":8,"tick":788,"type":"hit"}
[client] {"a":0,"dup":false,"ev":"game","ms":17417,"predicted":false,"t":6,"tick":790,"type":"hit"}
[client] {"a":9,"dup":false,"ev":"game","ms":17549,"predicted":false,"t":0,"tick":798,"type":"hit"}
[client] {"a":7,"dup":false,"ev":"game","ms":17597,"predicted":false,"t":1,"tick":801,"type":"hit"}
[client] {"a":7,"dup":false,"ev":"game","ms":17618,"predicted":false,"t":0,"tick":802,"type":"hit"}
[client] {"a":2,"dup":false,"ev":"game","ms":17997,"predicted":false,"t":7,"tick":825,"type":"hit"}
[client] {"a":9,"dup":false,"ev":"game","ms":18176,"predicted":false,"t":2,"tick":836,"type":"hit"}
[client] {"a":4,"dup":false,"ev":"game","ms":18356,"predicted":false,"t":9,"tick":847,"type":"hit"}
[client] {"a":4,"dup":false,"ev":"game","ms":18390,"predicted":false,"t":8,"tick":849,"type":"hit"}
[client] {"a":6,"dup":true,"ev":"game","ms":18577,"predicted":false,"t":4,"tick":865,"type":"hit"}
[client] {"a":2,"dup":false,"ev":"game","ms":19094,"predicted":false,"t":5,"tick":891,"type":"hit"}
[client] {"a":1,"dup":false,"ev":"game","ms":19261,"predicted":false,"t":6,"tick":901,"type":"hit"}
[client] {"a":2,"dup":false,"ev":"game","ms":19357,"predicted":false,"t":5,"tick":907,"type":"hit"}
[client] {"a":4,"dup":false,"ev":"game","ms":19625,"predicted":false,"t":5,"tick":923,"type":"hit"}
[client] {"a":6,"dup":true,"ev":"game","ms":19647,"predicted":false,"t":2,"tick":929,"type":"hit"}
[client] {"a":8,"dup":false,"ev":"game","ms":19674,"predicted":false,"t":2,"tick":926,"type":"hit"}
[client] {"a":1,"dup":false,"ev":"game","ms":19791,"predicted":false,"t":7,"tick":933,"type":"hit"}
[client] {"a":1,"dup":false,"ev":"game","ms":19812,"predicted":false,"t":6,"tick":934,"type":"hit"}
[client] {"a":9,"dup":false,"ev":"game","ms":19812,"predicted":false,"t":2,"tick":934,"type":"hit"}
[client] {"a":1,"dup":false,"ev":"game","ms":19825,"predicted":false,"t":8,"tick":935,"type":"hit"}
[client] {"a":1,"dup":false,"ev":"game","ms":19825,"predicted":false,"t":9,"tick":935,"type":"hit"}
[client] {"counts":{"blocks_on_me":0,"conf_actions":9,"confirmed_hits":31,"dup_confirmed":0,"hits_on_me":6,"pred_actions":10,"predicted_confirmed":5,"predicted_hits":16,"reconnects":0},"ev":"stats","hp":122.0,"in_bytes":254446,"late":0,"local_entity":6,"match":{"countdown_until":300,"ctrl":-1,"final":false,"next":"","phase":3,"rot":2951,"scores":[0,0],"sd":false,"state":3,"tick":649,"zone":"B"},"max_err":1.315,"mean_err":0.0849,"ms":19955,"out_bytes":46468,"pending":7,"pos":[-4.23,-1.17],"reconciles":313,"server_tick":948,"snaps":315,"teleports":1}
[client] {"a":0,"dup":false,"ev":"game","ms":20025,"predicted":false,"t":9,"tick":947,"type":"hit"}
[client] {"a":8,"dup":false,"ev":"game","ms":20543,"predicted":false,"t":0,"tick":978,"type":"hit"}
[client] {"a":7,"dup":false,"ev":"game","ms":20648,"predicted":false,"t":0,"tick":984,"type":"hit"}
[client] {"a":5,"dup":false,"ev":"game","ms":21157,"predicted":false,"t":0,"tick":1015,"type":"hit"}
[client] {"a":8,"dup":false,"ev":"game","ms":21213,"predicted":false,"t":0,"tick":1018,"type":"hit"}
[client] {"a":7,"dup":false,"ev":"game","ms":21862,"predicted":false,"t":2,"tick":1057,"type":"hit"}
[client] {"a":0,"dup":false,"ev":"game","ms":21875,"predicted":false,"t":5,"tick":1058,"type":"hit"}
[client] {"a":0,"dup":false,"ev":"game","ms":21944,"predicted":false,"t":7,"tick":1062,"type":"hit"}
[client] {"a":0,"dup":false,"ev":"game","ms":21958,"predicted":false,"t":6,"tick":1063,"type":"hit"}
[client] {"a":8,"dup":false,"ev":"game","ms":22275,"predicted":false,"t":0,"tick":1082,"type":"hit"}
[client] {"a":4,"dup":false,"ev":"game","ms":22648,"predicted":false,"t":8,"tick":1104,"type":"hit"}
[client] {"a":4,"dup":false,"ev":"game","ms":22958,"predicted":false,"t":8,"tick":1123,"type":"hit"}
[client] {"a":0,"dup":false,"ev":"game","ms":23027,"predicted":false,"t":8,"tick":1127,"type":"hit"}
[client] {"a":0,"dup":false,"ev":"game","ms":23863,"predicted":false,"t":5,"tick":1177,"type":"hit"}
[client] {"a":0,"dup":false,"ev":"game","ms":23876,"predicted":false,"t":9,"tick":1178,"type":"hit"}
[client] {"a":7,"dup":false,"ev":"game","ms":23979,"predicted":false,"t":0,"tick":1184,"type":"hit"}
[client] {"a":7,"dup":false,"ev":"game","ms":23979,"predicted":false,"t":1,"tick":1184,"type":"hit"}
[client] {"a":7,"dup":false,"ev":"game","ms":24214,"predicted":false,"t":0,"tick":1198,"type":"hit"}
[client] {"a":0,"dup":false,"ev":"game","ms":24214,"predicted":false,"t":-1,"tick":1198,"type":"ko"}
[client] {"a":7,"dup":false,"ev":"game","ms":24263,"predicted":false,"t":2,"tick":1201,"type":"hit"}
[client] {"a":1,"dup":false,"ev":"game","ms":24463,"predicted":false,"t":7,"tick":1213,"type":"hit"}
[client] {"a":6,"dup":true,"ev":"game","ms":24649,"predicted":false,"t":3,"tick":1229,"type":"hit"}
[client] {"a":1,"dup":false,"ev":"game","ms":24780,"predicted":false,"t":7,"tick":1232,"type":"hit"}
[client] {"counts":{"blocks_on_me":0,"conf_actions":16,"confirmed_hits":53,"dup_confirmed":0,"hits_on_me":7,"pred_actions":17,"predicted_confirmed":6,"predicted_hits":18,"reconnects":0},"ev":"stats","hp":84.0,"in_bytes":332450,"late":0,"local_entity":6,"match":{"countdown_until":300,"ctrl":-1,"final":false,"next":"","phase":3,"rot":2651,"scores":[0,0],"sd":false,"state":3,"tick":949,"zone":"B"},"max_err":1.436,"mean_err":0.0753,"ms":24958,"out_bytes":61168,"pending":7,"pos":[2.15,-3.9],"reconciles":413,"server_tick":1248,"snaps":415,"teleports":1}
[client] {"a":1,"dup":false,"ev":"game","ms":25097,"predicted":false,"t":7,"tick":1251,"type":"hit"}
[client] {"a":1,"dup":false,"ev":"game","ms":25131,"predicted":false,"t":9,"tick":1253,"type":"hit"}
[client] {"a":3,"dup":false,"ev":"game","ms":25498,"predicted":false,"t":5,"tick":1275,"type":"hit"}
[client] {"a":7,"dup":false,"ev":"game","ms":25498,"predicted":false,"t":3,"tick":1275,"type":"hit"}
[client] {"a":8,"dup":false,"ev":"game","ms":25580,"predicted":false,"t":3,"tick":1280,"type":"hit"}
[client] {"a":5,"dup":false,"ev":"game","ms":25863,"predicted":false,"t":3,"tick":1297,"type":"hit"}
[client] {"a":8,"dup":false,"ev":"game","ms":25877,"predicted":false,"t":3,"tick":1298,"type":"hit"}
[client] {"a":1,"dup":false,"ev":"game","ms":25995,"predicted":false,"t":5,"tick":1305,"type":"hit"}
[client] {"a":1,"dup":false,"ev":"game","ms":25995,"predicted":false,"t":7,"tick":1305,"type":"hit"}
[client] {"a":1,"dup":false,"ev":"game","ms":26016,"predicted":false,"t":8,"tick":1306,"type":"hit"}
[client] {"a":4,"dup":false,"ev":"game","ms":26063,"predicted":false,"t":7,"tick":1309,"type":"hit"}
[client] {"a":6,"dup":true,"ev":"game","ms":26167,"predicted":false,"t":2,"tick":1321,"type":"hit"}
[client] {"a":9,"dup":false,"ev":"game","ms":26215,"predicted":false,"t":1,"tick":1318,"type":"hit"}
[client] {"a":3,"dup":false,"ev":"game","ms":26463,"predicted":false,"t":9,"tick":1333,"type":"hit"}
[client] {"a":6,"dup":true,"ev":"game","ms":26513,"predicted":false,"t":2,"tick":1341,"type":"hit"}
[client] {"a":7,"dup":false,"ev":"game","ms":26794,"predicted":false,"t":1,"tick":1353,"type":"hit"}
[client] {"a":2,"dup":false,"ev":"game","ms":26912,"predicted":false,"t":7,"tick":1360,"type":"hit"}
[client] {"a":7,"dup":false,"ev":"game","ms":26912,"predicted":false,"t":-1,"tick":1360,"type":"ko"}
[client] {"a":8,"dup":false,"ev":"game","ms":26995,"predicted":false,"t":3,"tick":1365,"type":"hit"}
[client] {"a":6,"dup":true,"ev":"game","ms":27016,"predicted":false,"t":2,"tick":1371,"type":"hit"}
[client] {"a":5,"dup":false,"ev":"game","ms":27029,"predicted":false,"t":3,"tick":1367,"type":"hit"}
[client] {"a":5,"dup":false,"ev":"game","ms":27381,"predicted":false,"t":3,"tick":1388,"type":"hit"}
[client] {"a":6,"dup":true,"ev":"game","ms":27617,"predicted":false,"t":4,"tick":1407,"type":"hit"}
[client] {"a":9,"dup":false,"ev":"game","ms":27677,"predicted":false,"t":2,"tick":1406,"type":"hit"}
[client] {"a":3,"dup":false,"ev":"game","ms":27781,"predicted":false,"t":5,"tick":1412,"type":"hit"}
[client] {"a":6,"dup":true,"ev":"game","ms":27878,"predicted":false,"t":4,"tick":1423,"type":"hit"}
[client] {"a":6,"dup":false,"ev":"game","ms":27898,"predicted":false,"t":2,"tick":1424,"type":"hit"}
[client] {"a":1,"dup":false,"ev":"game","ms":27947,"predicted":false,"t":5,"tick":1422,"type":"hit"}
[client] {"a":8,"dup":false,"ev":"game","ms":28113,"predicted":false,"t":3,"tick":1432,"type":"hit"}
[client] {"a":8,"dup":false,"ev":"game","ms":28133,"predicted":false,"t":1,"tick":1433,"type":"hit"}
[client] {"a":6,"dup":true,"ev":"game","ms":28547,"predicted":false,"t":3,"tick":1463,"type":"hit"}
[client] {"a":6,"dup":true,"ev":"game","ms":28568,"predicted":false,"t":1,"tick":1464,"type":"hit"}
[client] {"a":4,"dup":false,"ev":"game","ms":28595,"predicted":false,"t":9,"tick":1461,"type":"hit"}
[client] {"a":4,"dup":false,"ev":"game","ms":28651,"predicted":false,"t":8,"tick":1464,"type":"hit"}
[client] {"a":8,"dup":false,"ev":"game","ms":28651,"predicted":false,"t":-1,"tick":1464,"type":"ko"}
[client] {"a":6,"dup":true,"ev":"game","ms":28879,"predicted":false,"t":3,"tick":1483,"type":"hit"}
[client] {"a":6,"dup":true,"ev":"game","ms":28913,"predicted":false,"t":1,"tick":1485,"type":"hit"}
[client] {"a":9,"dup":false,"ev":"game","ms":28947,"predicted":false,"t":2,"tick":1482,"type":"hit"}
[client] {"a":4,"dup":false,"ev":"game","ms":28969,"predicted":false,"t":9,"tick":1483,"type":"hit"}
[client] {"a":1,"dup":false,"ev":"game","ms":28996,"predicted":false,"t":-1,"tick":1485,"type":"ko"}
[client] {"a":6,"dup":true,"ev":"game","ms":29217,"predicted":false,"t":3,"tick":1503,"type":"hit"}
[client] {"a":5,"dup":false,"ev":"game","ms":29313,"predicted":false,"t":4,"tick":1504,"type":"hit"}
[client] {"a":9,"dup":false,"ev":"game","ms":29334,"predicted":false,"t":4,"tick":1505,"type":"hit"}
[client] {"a":2,"dup":false,"ev":"game","ms":29934,"predicted":false,"t":6,"tick":1541,"type":"hit"}
[client] {"counts":{"blocks_on_me":0,"conf_actions":24,"confirmed_hits":94,"dup_confirmed":0,"hits_on_me":8,"pred_actions":25,"predicted_confirmed":16,"predicted_hits":36,"reconnects":0},"ev":"stats","hp":72.0,"in_bytes":413680,"late":0,"local_entity":6,"match":{"countdown_until":300,"ctrl":-1,"final":false,"next":"","phase":3,"rot":2351,"scores":[0,0],"sd":false,"state":3,"tick":1249,"zone":"B"},"max_err":1.436,"mean_err":0.0696,"ms":29967,"out_bytes":75868,"pending":7,"pos":[-2.89,-4.43],"reconciles":513,"server_tick":1548,"snaps":515,"teleports":1}
[client] {"a":9,"dup":false,"ev":"game","ms":29969,"predicted":false,"t":3,"tick":1543,"type":"hit"}
[client] {"a":3,"dup":false,"ev":"game","ms":29969,"predicted":false,"t":-1,"tick":1543,"type":"ko"}
[client] {"a":4,"dup":false,"ev":"game","ms":30396,"predicted":false,"t":6,"tick":1569,"type":"hit"}
[client] {"a":5,"dup":false,"ev":"game","ms":30396,"predicted":false,"t":4,"tick":1569,"type":"hit"}
[client] {"a":2,"dup":false,"ev":"game","ms":30734,"predicted":false,"t":6,"tick":1589,"type":"hit"}
[client] {"a":4,"dup":false,"ev":"game","ms":30769,"predicted":false,"t":6,"tick":1591,"type":"hit"}
[client] {"a":9,"dup":false,"ev":"game","ms":30935,"predicted":false,"t":2,"tick":1601,"type":"hit"}
[client] {"a":6,"dup":false,"ev":"game","ms":31017,"predicted":false,"t":-1,"tick":1611,"type":"ko"}
[client] {"a":4,"dup":false,"ev":"game","ms":31102,"predicted":false,"t":6,"tick":1611,"type":"hit"}
[client] {"a":2,"dup":false,"ev":"game","ms":31534,"predicted":false,"t":9,"tick":1637,"type":"hit"}
[client] {"a":5,"dup":false,"ev":"game","ms":31617,"predicted":false,"t":4,"tick":1642,"type":"hit"}
[client] {"a":9,"dup":false,"ev":"game","ms":31866,"predicted":false,"t":2,"tick":1657,"type":"hit"}
[client] {"a":2,"dup":false,"ev":"game","ms":32197,"predicted":false,"t":5,"tick":1677,"type":"hit"}
[client] {"a":9,"dup":false,"ev":"game","ms":32564,"predicted":false,"t":2,"tick":1699,"type":"hit"}
[client] {"a":2,"dup":false,"ev":"game","ms":32564,"predicted":false,"t":-1,"tick":1699,"type":"ko"}
[client] {"a":5,"dup":false,"ev":"game","ms":33073,"predicted":false,"t":4,"tick":1730,"type":"hit"}
[client] {"a":5,"dup":false,"ev":"game","ms":34026,"predicted":false,"t":4,"tick":1787,"type":"hit"}
[client] {"a":0,"dup":false,"ev":"game","ms":34213,"predicted":false,"t":-1,"tick":1798,"type":"respawn"}
[client] {"a":5,"dup":false,"ev":"game","ms":34412,"predicted":false,"t":4,"tick":1810,"type":"hit"}
[client] {"a":4,"dup":false,"ev":"game","ms":34815,"predicted":false,"t":9,"tick":1834,"type":"hit"}
[client] {"counts":{"blocks_on_me":0,"conf_actions":27,"confirmed_hits":110,"dup_confirmed":0,"hits_on_me":12,"pred_actions":28,"predicted_confirmed":16,"predicted_hits":40,"reconnects":0},"ev":"stats","hp":0.0,"in_bytes":474699,"late":0,"local_entity":6,"match":{"countdown_until":300,"ctrl":-1,"final":false,"next":"","phase":3,"rot":2051,"scores":[0,0],"sd":false,"state":3,"tick":1549,"zone":"B"},"max_err":1.436,"mean_err":0.0604,"ms":34963,"out_bytes":90568,"pending":7,"pos":[-2.46,-4.92],"reconciles":613,"server_tick":1847,"snaps":615,"teleports":1}
[client] {"a":4,"dup":false,"ev":"game","ms":35081,"predicted":false,"t":9,"tick":1850,"type":"hit"}
[client] {"a":9,"dup":false,"ev":"game","ms":36026,"predicted":false,"t":4,"tick":1907,"type":"hit"}
[client] {"a":4,"dup":false,"ev":"game","ms":36385,"predicted":false,"t":5,"tick":1929,"type":"hit"}
[client] {"a":4,"dup":false,"ev":"game","ms":36758,"predicted":false,"t":5,"tick":1951,"type":"hit"}
[client] {"a":5,"dup":false,"ev":"game","ms":36758,"predicted":false,"t":-1,"tick":1951,"type":"ko"}
[client] {"a":7,"dup":false,"ev":"game","ms":36903,"predicted":false,"t":-1,"tick":1960,"type":"respawn"}
[client] {"a":9,"dup":false,"ev":"game","ms":36958,"predicted":false,"t":4,"tick":1963,"type":"hit"}
[client] {"a":4,"dup":false,"ev":"game","ms":36958,"predicted":false,"t":-1,"tick":1963,"type":"ko"}
[client] {"a":8,"dup":false,"ev":"game","ms":38642,"predicted":false,"t":-1,"tick":2064,"type":"respawn"}
[client] {"a":1,"dup":false,"ev":"game","ms":38987,"predicted":false,"t":-1,"tick":2085,"type":"respawn"}
[client] {"counts":{"blocks_on_me":0,"conf_actions":27,"confirmed_hits":115,"dup_confirmed":0,"hits_on_me":12,"pred_actions":28,"predicted_confirmed":16,"predicted_hits":40,"reconnects":0},"ev":"stats","hp":0.0,"in_bytes":528657,"late":0,"local_entity":6,"match":{"countdown_until":300,"ctrl":1,"final":false,"next":"","phase":3,"rot":1751,"scores":[0,3],"sd":false,"state":2,"tick":1849,"zone":"B"},"max_err":1.436,"mean_err":0.052,"ms":39959,"out_bytes":105268,"pending":7,"pos":[-2.46,-4.92],"reconciles":713,"server_tick":2147,"snaps":715,"teleports":1}
[client] {"a":3,"dup":false,"ev":"game","ms":39960,"predicted":false,"t":-1,"tick":2143,"type":"respawn"}
[client] {"a":6,"dup":false,"ev":"game","ms":41008,"predicted":false,"t":-1,"tick":2211,"type":"respawn"}
[client] {"a":0,"dup":false,"ev":"game","ms":41409,"predicted":false,"t":9,"tick":2230,"type":"hit"}
[client] {"a":0,"dup":false,"ev":"game","ms":41823,"predicted":false,"t":9,"tick":2255,"type":"hit"}
[client] {"a":9,"dup":false,"ev":"game","ms":41823,"predicted":false,"t":-1,"tick":2255,"type":"ko"}
[client] {"a":2,"dup":false,"ev":"game","ms":42561,"predicted":false,"t":-1,"tick":2299,"type":"respawn"}
[client] {"a":7,"dup":false,"ev":"game","ms":44936,"predicted":false,"t":0,"tick":2442,"type":"hit"}
[client] {"counts":{"blocks_on_me":0,"conf_actions":27,"confirmed_hits":118,"dup_confirmed":0,"hits_on_me":12,"pred_actions":28,"predicted_confirmed":16,"predicted_hits":40,"reconnects":0},"ev":"stats","hp":230.0,"in_bytes":584627,"late":0,"local_entity":6,"match":{"countdown_until":300,"ctrl":-1,"final":false,"next":"","phase":3,"rot":1451,"scores":[1,3],"sd":false,"state":3,"tick":2149,"zone":"B"},"max_err":1.436,"mean_err":0.0456,"ms":44962,"out_bytes":119968,"pending":7,"pos":[-2.3,19.53],"reconciles":812,"server_tick":2448,"snaps":815,"teleports":2}
[client] {"a":7,"dup":false,"ev":"game","ms":45295,"predicted":false,"t":0,"tick":2463,"type":"hit"}
[client] {"a":0,"dup":false,"ev":"game","ms":45661,"predicted":false,"t":7,"tick":2485,"type":"hit"}
[client] {"a":1,"dup":false,"ev":"game","ms":46765,"predicted":false,"t":7,"tick":2551,"type":"hit"}
[client] {"a":5,"dup":false,"ev":"game","ms":46765,"predicted":false,"t":-1,"tick":2551,"type":"respawn"}
[client] {"a":4,"dup":false,"ev":"game","ms":46965,"predicted":false,"t":-1,"tick":2563,"type":"respawn"}
[client] {"a":1,"dup":false,"ev":"game","ms":47414,"predicted":false,"t":7,"tick":2590,"type":"hit"}
[client] {"a":3,"dup":false,"ev":"game","ms":47414,"predicted":false,"t":7,"tick":2590,"type":"hit"}
[client] {"a":1,"dup":false,"ev":"game","ms":47711,"predicted":false,"t":8,"tick":2608,"type":"hit"}
[client] {"a":3,"dup":false,"ev":"game","ms":47931,"predicted":false,"t":8,"tick":2621,"type":"hit"}
[client] {"a":1,"dup":false,"ev":"game","ms":48027,"predicted":false,"t":8,"tick":2627,"type":"hit"}
[client] {"a":0,"dup":false,"ev":"game","ms":48296,"predicted":false,"t":6,"tick":2643,"type":"hit"}
[client] {"a":0,"dup":false,"ev":"game","ms":48593,"predicted":false,"t":6,"tick":2661,"type":"hit"}
[client] {"a":7,"dup":false,"ev":"game","ms":48780,"predicted":false,"t":0,"tick":2672,"type":"hit"}
[client] {"a":8,"dup":false,"ev":"game","ms":48815,"predicted":false,"t":1,"tick":2674,"type":"hit"}
[client] {"a":8,"dup":false,"ev":"game","ms":48883,"predicted":false,"t":3,"tick":2678,"type":"hit"}
[client] {"a":6,"dup":true,"ev":"game","ms":48967,"predicted":false,"t":0,"tick":2688,"type":"hit"}
[client] {"a":6,"dup":true,"ev":"game","ms":49297,"predicted":false,"t":0,"tick":2708,"type":"hit"}
[client] {"a":2,"dup":false,"ev":"game","ms":49615,"predicted":false,"t":8,"tick":2722,"type":"hit"}
[client] {"a":6,"dup":true,"ev":"game","ms":49794,"predicted":false,"t":0,"tick":2738,"type":"hit"}
[client] {"a":2,"dup":false,"ev":"game","ms":49911,"predicted":false,"t":8,"tick":2740,"type":"hit"}
[client] {"counts":{"blocks_on_me":0,"conf_actions":32,"confirmed_hits":136,"dup_confirmed":0,"hits_on_me":14,"pred_actions":33,"predicted_confirmed":19,"predicted_hits":44,"reconnects":0},"ev":"stats","hp":194.0,"in_bytes":653821,"late":0,"local_entity":6,"match":{"countdown_until":300,"ctrl":-1,"final":false,"next":"","phase":3,"rot":1151,"scores":[1,3],"sd":false,"state":3,"tick":2449,"zone":"B"},"max_err":1.436,"mean_err":0.0418,"ms":49965,"out_bytes":134668,"pending":7,"pos":[-3.22,0.1],"reconciles":912,"server_tick":2748,"snaps":915,"teleports":2}
[client] {"a":7,"dup":false,"ev":"game","ms":50049,"predicted":false,"t":0,"tick":2748,"type":"hit"}
[client] {"a":8,"dup":false,"ev":"game","ms":50263,"predicted":false,"t":2,"tick":2761,"type":"hit"}
[client] {"a":1,"dup":false,"ev":"game","ms":50497,"predicted":false,"t":8,"tick":2775,"type":"hit"}
[client] {"a":3,"dup":false,"ev":"game","ms":50911,"predicted":false,"t":8,"tick":2800,"type":"hit"}
[client] {"a":7,"dup":false,"ev":"game","ms":51113,"predicted":false,"t":0,"tick":2812,"type":"hit"}
[client] {"a":6,"dup":true,"ev":"game","ms":51747,"predicted":false,"t":1,"tick":2855,"type":"hit"}
[client] {"a":9,"dup":false,"ev":"game","ms":51829,"predicted":false,"t":-1,"tick":2855,"type":"respawn"}
[client] {"a":1,"dup":false,"ev":"game","ms":52299,"predicted":false,"t":6,"tick":2883,"type":"hit"}
[client] {"a":3,"dup":false,"ev":"game","ms":52299,"predicted":false,"t":6,"tick":2883,"type":"hit"}
[client] {"a":1,"dup":false,"ev":"game","ms":52333,"predicted":false,"t":8,"tick":2885,"type":"hit"}
[client] {"a":1,"dup":false,"ev":"game","ms":52650,"predicted":false,"t":7,"tick":2904,"type":"hit"}
[client] {"a":1,"dup":false,"ev":"game","ms":52664,"predicted":false,"t":8,"tick":2905,"type":"hit"}
[client] {"a":1,"dup":false,"ev":"game","ms":52947,"predicted":false,"t":7,"tick":2922,"type":"hit"}
[client] {"a":6,"dup":true,"ev":"game","ms":53133,"predicted":false,"t":1,"tick":2938,"type":"hit"}
[client] {"a":6,"dup":true,"ev":"game","ms":53485,"predicted":false,"t":1,"tick":2959,"type":"hit"}
[client] {"a":0,"dup":false,"ev":"game","ms":53899,"predicted":false,"t":7,"tick":2979,"type":"hit"}
[client] {"a":1,"dup":false,"ev":"game","ms":53913,"predicted":false,"t":8,"tick":2980,"type":"hit"}
[client] {"a":1,"dup":false,"ev":"game","ms":53947,"predicted":false,"t":6,"tick":2982,"type":"hit"}
[client] {"a":4,"dup":false,"ev":"game","ms":53984,"predicted":false,"t":8,"tick":2984,"type":"hit"}
[client] {"a":4,"dup":false,"ev":"game","ms":54313,"predicted":false,"t":7,"tick":3004,"type":"hit"}
[client] {"a":1,"dup":false,"ev":"game","ms":54334,"predicted":false,"t":7,"tick":3005,"type":"hit"}
[client] {"a":8,"dup":false,"ev":"game","ms":54644,"predicted":false,"t":4,"tick":3024,"type":"hit"}
[client] {"a":6,"dup":true,"ev":"game","ms":54644,"predicted":false,"t":0,"tick":3029,"type":"hit"}
[client] {"a":8,"dup":false,"ev":"game","ms":54658,"predicted":false,"t":3,"tick":3025,"type":"block"}
[client] {"a":6,"dup":true,"ev":"game","ms":54879,"predicted":false,"t":0,"tick":3043,"type":"hit"}
[client] {"counts":{"blocks_on_me":0,"conf_actions":40,"confirmed_hits":159,"dup_confirmed":0,"hits_on_me":17,"pred_actions":41,"predicted_confirmed":24,"predicted_hits":51,"reconnects":0},"ev":"stats","hp":120.0,"in_bytes":730293,"late":0,"local_entity":6,"match":{"countdown_until":300,"ctrl":-1,"final":false,"next":"A","phase":3,"rot":851,"scores":[1,3],"sd":false,"state":3,"tick":2749,"zone":"B"},"max_err":1.436,"mean_err":0.0402,"ms":54961,"out_bytes":149368,"pending":7,"pos":[-3.11,-1.13],"reconciles":1012,"server_tick":3048,"snaps":1015,"teleports":2}
[client] {"a":8,"dup":false,"ev":"game","ms":55259,"predicted":false,"t":3,"tick":3061,"type":"block"}
[client] {"a":0,"dup":false,"ev":"game","ms":55459,"predicted":false,"t":7,"tick":3073,"type":"hit"}
[client] {"a":6,"dup":true,"ev":"game","ms":55541,"predicted":false,"t":1,"tick":3083,"type":"hit"}
[client] {"a":2,"dup":false,"ev":"game","ms":55741,"predicted":false,"t":8,"tick":3090,"type":"hit"}
[client] {"a":8,"dup":false,"ev":"game","ms":55741,"predicted":false,"t":-1,"tick":3090,"type":"ko"}
[client] {"a":0,"dup":false,"ev":"game","ms":55776,"predicted":false,"t":7,"tick":3092,"type":"hit"}
[client] {"a":7,"dup":false,"ev":"game","ms":55776,"predicted":false,"t":-1,"tick":3092,"type":"ko"}
[client] {"a":6,"dup":false,"ev":"game","ms":56224,"predicted":false,"t":0,"tick":3124,"type":"hit"}
[client] {"a":0,"dup":false,"ev":"game","ms":56308,"predicted":false,"t":-1,"tick":3124,"type":"ko"}
[client] {"a":6,"dup":true,"ev":"game","ms":57128,"predicted":false,"t":2,"tick":3178,"type":"hit"}
[client] {"a":6,"dup":true,"ev":"game","ms":57463,"predicted":false,"t":2,"tick":3198,"type":"hit"}
[client] {"a":5,"dup":false,"ev":"game","ms":57964,"predicted":false,"t":3,"tick":3223,"type":"hit"}
[client] {"a":2,"dup":false,"ev":"game","ms":58294,"predicted":false,"t":5,"tick":3243,"type":"hit"}
[client] {"a":1,"dup":false,"ev":"game","ms":58363,"predicted":false,"t":5,"tick":3247,"type":"hit"}
[client] {"a":2,"dup":false,"ev":"game","ms":58613,"predicted":false,"t":5,"tick":3262,"type":"hit"}
[client] {"a":1,"dup":false,"ev":"game","ms":58681,"predicted":false,"t":5,"tick":3266,"type":"hit"}
[client] {"a":1,"dup":false,"ev":"game","ms":59012,"predicted":false,"t":5,"tick":3286,"type":"hit"}
[client] {"a":5,"dup":false,"ev":"game","ms":59512,"predicted":false,"t":1,"tick":3316,"type":"hit"}
[client] {"a":2,"dup":false,"ev":"game","ms":59847,"predicted":false,"t":5,"tick":3336,"type":"hit"}
[client] {"a":2,"dup":false,"ev":"game","ms":59895,"predicted":false,"t":9,"tick":3339,"type":"hit"}
[client] {"a":1,"dup":false,"ev":"game","ms":59930,"predicted":false,"t":5,"tick":3341,"type":"hit"}
[client] {"counts":{"blocks_on_me":0,"conf_actions":47,"confirmed_hits":176,"dup_confirmed":0,"hits_on_me":17,"pred_actions":48,"predicted_confirmed":27,"predicted_hits":56,"reconnects":0},"ev":"stats","hp":120.0,"in_bytes":805090,"late":0,"local_entity":6,"match":{"countdown_until":300,"ctrl":-1,"final":false,"next":"A","phase":3,"rot":551,"scores":[1,3],"sd":false,"state":3,"tick":3049,"zone":"B"},"max_err":1.447,"mean_err":0.039,"ms":59963,"out_bytes":164068,"pending":7,"pos":[1.89,-4.31],"reconciles":1112,"server_tick":3348,"snaps":1115,"teleports":2}
[client] {"a":6,"dup":false,"ev":"game","ms":60427,"predicted":false,"t":3,"tick":3376,"type":"hit"}
[client] {"a":2,"dup":false,"ev":"game","ms":60496,"predicted":false,"t":5,"tick":3375,"type":"hit"}
[client] {"a":4,"dup":false,"ev":"game","ms":60730,"predicted":false,"t":5,"tick":3389,"type":"hit"}
[client] {"a":6,"dup":true,"ev":"game","ms":60799,"predicted":false,"t":3,"tick":3398,"type":"hit"}
[client] {"a":2,"dup":false,"ev":"game","ms":61131,"predicted":false,"t":5,"tick":3413,"type":"hit"}
[client] {"a":3,"dup":false,"ev":"game","ms":61262,"predicted":false,"t":6,"tick":3421,"type":"hit"}
[client] {"a":4,"dup":false,"ev":"game","ms":61579,"predicted":false,"t":9,"tick":3440,"type":"hit"}
[client] {"a":3,"dup":false,"ev":"game","ms":61627,"predicted":false,"t":6,"tick":3443,"type":"hit"}
[client] {"a":1,"dup":false,"ev":"game","ms":61673,"predicted":false,"t":6,"tick":3446,"type":"hit"}
[client] {"a":9,"dup":false,"ev":"game","ms":61908,"predicted":false,"t":4,"tick":3460,"type":"hit"}
[client] {"a":2,"dup":false,"ev":"game","ms":62073,"predicted":false,"t":9,"tick":3470,"type":"hit"}
[client] {"a":4,"dup":false,"ev":"game","ms":62309,"predicted":false,"t":5,"tick":3484,"type":"hit"}
[client] {"a":4,"dup":false,"ev":"game","ms":62535,"predicted":false,"t":5,"tick":3498,"type":"hit"}
[client] {"a":6,"dup":true,"ev":"game","ms":62735,"predicted":false,"t":3,"tick":3515,"type":"hit"}
[client] {"a":4,"dup":false,"ev":"game","ms":63018,"predicted":false,"t":9,"tick":3527,"type":"hit"}
[client] {"a":4,"dup":false,"ev":"game","ms":63370,"predicted":false,"t":9,"tick":3548,"type":"hit"}
[client] {"a":5,"dup":false,"ev":"game","ms":63370,"predicted":false,"t":4,"tick":3548,"type":"hit"}
[client] {"a":2,"dup":false,"ev":"game","ms":63523,"predicted":false,"t":5,"tick":3557,"type":"hit"}
[client] {"a":5,"dup":false,"ev":"game","ms":63523,"predicted":false,"t":-1,"tick":3557,"type":"ko"}
[client] {"a":1,"dup":false,"ev":"game","ms":63674,"predicted":false,"t":6,"tick":3566,"type":"hit"}
[client] {"a":4,"dup":false,"ev":"game","ms":63909,"predicted":false,"t":9,"tick":3580,"type":"hit"}
[client] {"a":1,"dup":false,"ev":"game","ms":63971,"predicted":false,"t":6,"tick":3584,"type":"hit"}
[client] {"a":1,"dup":false,"ev":"game","ms":64557,"predicted":false,"t":6,"tick":3619,"type":"hit"}
[client] {"a":9,"dup":false,"ev":"game","ms":64723,"predicted":false,"t":4,"tick":3629,"type":"hit"}
[client] {"counts":{"blocks_on_me":0,"conf_actions":53,"confirmed_hits":199,"dup_confirmed":0,"hits_on_me":23,"pred_actions":55,"predicted_confirmed":29,"predicted_hits":63,"reconnects":0},"ev":"stats","hp":10.0,"in_bytes":878235,"late":0,"local_entity":6,"match":{"countdown_until":300,"ctrl":-1,"final":false,"next":"A","phase":3,"rot":251,"scores":[1,3],"sd":false,"state":3,"tick":3349,"zone":"B"},"max_err":1.447,"mean_err":0.0396,"ms":64956,"out_bytes":178768,"pending":7,"pos":[2.61,-4.42],"reconciles":1212,"server_tick":3647,"snaps":1215,"teleports":2}
[client] {"a":6,"dup":true,"ev":"game","ms":65171,"predicted":false,"t":1,"tick":3661,"type":"hit"}
[client] {"a":9,"dup":false,"ev":"game","ms":65288,"predicted":false,"t":4,"tick":3663,"type":"hit"}
[client] {"a":6,"dup":true,"ev":"game","ms":65537,"predicted":false,"t":1,"tick":3683,"type":"hit"}
[client] {"a":9,"dup":false,"ev":"game","ms":65675,"predicted":false,"t":4,"tick":3686,"type":"hit"}
[client] {"a":8,"dup":false,"ev":"game","ms":65737,"predicted":false,"t":-1,"tick":3690,"type":"respawn"}
[client] {"a":7,"dup":false,"ev":"game","ms":65772,"predicted":false,"t":-1,"tick":3692,"type":"respawn"}
[client] {"a":6,"dup":true,"ev":"game","ms":65792,"predicted":false,"t":1,"tick":3698,"type":"hit"}
[client] {"a":4,"dup":false,"ev":"game","ms":66041,"predicted":false,"t":9,"tick":3708,"type":"hit"}
[client] {"a":0,"dup":false,"ev":"game","ms":66310,"predicted":false,"t":-1,"tick":3724,"type":"respawn"}
[client] {"a":9,"dup":false,"ev":"game","ms":66358,"predicted":false,"t":4,"tick":3727,"type":"hit"}
[client] {"a":6,"dup":true,"ev":"game","ms":66689,"predicted":false,"t":3,"tick":3752,"type":"hit"}
[client] {"a":4,"dup":false,"ev":"game","ms":66737,"predicted":false,"t":9,"tick":3750,"type":"hit"}
[client] {"a":9,"dup":false,"ev":"game","ms":67207,"predicted":false,"t":4,"tick":3778,"type":"hit"}
[client] {"a":6,"dup":false,"ev":"game","ms":67290,"predicted":false,"t":-1,"tick":3788,"type":"ko"}
[client] {"a":1,"dup":false,"ev":"game","ms":67373,"predicted":false,"t":6,"tick":3788,"type":"hit"}
[client] {"a":3,"dup":false,"ev":"game","ms":68877,"predicted":false,"t":9,"tick":3878,"type":"hit"}
[client] {"a":3,"dup":false,"ev":"game","ms":69208,"predicted":false,"t":9,"tick":3898,"type":"hit"}
[client] {"a":-1,"dup":false,"ev":"game","ms":69229,"predicted":false,"t":-1,"tick":3899,"type":"zone_rotated"}
[client] {"a":4,"dup":false,"ev":"game","ms":69573,"predicted":false,"t":9,"tick":3920,"type":"hit"}
[client] {"counts":{"blocks_on_me":0,"conf_actions":57,"confirmed_hits":213,"dup_confirmed":0,"hits_on_me":24,"pred_actions":58,"predicted_confirmed":33,"predicted_hits":71,"reconnects":0},"ev":"stats","hp":0.0,"in_bytes":947033,"late":0,"local_entity":6,"match":{"countdown_until":300,"ctrl":-1,"final":false,"next":"","phase":3,"rot":3551,"scores":[1,3],"sd":false,"state":1,"tick":3649,"zone":"A"},"max_err":1.447,"mean_err":0.0371,"ms":69959,"out_bytes":193468,"pending":7,"pos":[1.64,-3.79],"reconciles":1312,"server_tick":3947,"snaps":1315,"teleports":2}
[client] {"a":2,"dup":false,"ev":"game","ms":70112,"predicted":false,"t":9,"tick":3952,"type":"hit"}
[client] {"a":9,"dup":false,"ev":"game","ms":70112,"predicted":false,"t":-1,"tick":3952,"type":"ko"}
[client] {"a":5,"dup":false,"ev":"game","ms":73523,"predicted":false,"t":-1,"tick":4157,"type":"respawn"}
[client] {"a":7,"dup":false,"ev":"game","ms":74874,"predicted":false,"t":3,"tick":4238,"type":"hit"}
[client] {"counts":{"blocks_on_me":0,"conf_actions":57,"confirmed_hits":215,"dup_confirmed":0,"hits_on_me":24,"pred_actions":58,"predicted_confirmed":33,"predicted_hits":71,"reconnects":0},"ev":"stats","hp":0.0,"in_bytes":1011937,"late":0,"local_entity":6,"match":{"countdown_until":300,"ctrl":0,"final":false,"next":"","phase":3,"rot":3251,"scores":[1,3],"sd":false,"state":2,"tick":3949,"zone":"A"},"max_err":1.447,"mean_err":0.0345,"ms":74957,"out_bytes":208168,"pending":7,"pos":[1.64,-3.79],"reconciles":1412,"server_tick":4247,"snaps":1415,"teleports":2}
[client] {"a":6,"dup":false,"ev":"game","ms":77289,"predicted":false,"t":-1,"tick":4388,"type":"respawn"}
[client] {"a":7,"dup":false,"ev":"game","ms":77440,"predicted":false,"t":3,"tick":4392,"type":"hit"}
[client] {"a":7,"dup":false,"ev":"game","ms":77510,"predicted":false,"t":4,"tick":4396,"type":"hit"}
[client] {"a":2,"dup":false,"ev":"game","ms":77524,"predicted":false,"t":7,"tick":4397,"type":"hit"}
[client] {"a":8,"dup":false,"ev":"game","ms":77772,"predicted":false,"t":2,"tick":4412,"type":"hit"}
[client] {"a":8,"dup":false,"ev":"game","ms":77793,"predicted":false,"t":1,"tick":4413,"type":"hit"}
[client] {"a":7,"dup":false,"ev":"game","ms":77877,"predicted":false,"t":2,"tick":4418,"type":"hit"}
[client] {"a":0,"dup":false,"ev":"game","ms":78144,"predicted":false,"t":8,"tick":4434,"type":"hit"}
[client] {"a":7,"dup":false,"ev":"game","ms":78545,"predicted":false,"t":0,"tick":4458,"type":"hit"}
[client] {"a":7,"dup":false,"ev":"game","ms":78593,"predicted":false,"t":1,"tick":4461,"type":"hit"}
[client] {"a":1,"dup":false,"ev":"game","ms":78593,"predicted":false,"t":-1,"tick":4461,"type":"ko"}
[client] {"a":8,"dup":false,"ev":"game","ms":78959,"predicted":false,"t":3,"tick":4483,"type":"hit"}
[client] {"a":2,"dup":false,"ev":"game","ms":78993,"predicted":false,"t":7,"tick":4485,"type":"block"}
[client] {"a":8,"dup":false,"ev":"game","ms":78993,"predicted":false,"t":2,"tick":4485,"type":"hit"}
[client] {"a":4,"dup":false,"ev":"game","ms":79512,"predicted":false,"t":7,"tick":4516,"type":"hit"}
[client] {"a":0,"dup":false,"ev":"game","ms":79656,"predicted":false,"t":7,"tick":4525,"type":"hit"}
[client] {"a":4,"dup":false,"ev":"game","ms":79809,"predicted":false,"t":7,"tick":4534,"type":"hit"}
[client] {"counts":{"blocks_on_me":0,"conf_actions":57,"confirmed_hits":229,"dup_confirmed":0,"hits_on_me":24,"pred_actions":58,"predicted_confirmed":33,"predicted_hits":71,"reconnects":0},"ev":"stats","hp":230.0,"in_bytes":1079248,"late":0,"local_entity":6,"match":{"countdown_until":300,"ctrl":-1,"final":false,"next":"","phase":3,"rot":2951,"scores":[2,3],"sd":false,"state":3,"tick":4249,"zone":"A"},"max_err":1.447,"mean_err":0.0323,"ms":79958,"out_bytes":222868,"pending":7,"pos":[0.85,29.52],"reconciles":1511,"server_tick":4547,"snaps":1515,"teleports":3}
[client] {"a":8,"dup":false,"ev":"game","ms":80076,"predicted":false,"t":0,"tick":4550,"type":"hit"}
[client] {"a":9,"dup":false,"ev":"game","ms":80111,"predicted":false,"t":-1,"tick":4552,"type":"respawn"}
[client] {"a":8,"dup":false,"ev":"game","ms":80126,"predicted":false,"t":2,"tick":4553,"type":"hit"}
[client] {"a":3,"dup":false,"ev":"game","ms":80276,"predicted":false,"t":7,"tick":4562,"type":"hit"}
[client] {"a":4,"dup":false,"ev":"game","ms":80476,"predicted":false,"t":7,"tick":4574,"type":"hit"}
[client] {"a":8,"dup":false,"ev":"game","ms":80995,"predicted":false,"t":3,"tick":4605,"type":"hit"}
[client] {"a":3,"dup":false,"ev":"game","ms":80995,"predicted":false,"t":-1,"tick":4605,"type":"ko"}
[client] {"a":2,"dup":false,"ev":"game","ms":81146,"predicted":false,"t":8,"tick":4614,"type":"hit"}
[client] {"a":0,"dup":false,"ev":"game","ms":81312,"predicted":false,"t":8,"tick":4624,"type":"hit"}
[client] {"a":7,"dup":false,"ev":"game","ms":81594,"predicted":false,"t":4,"tick":4641,"type":"hit"}
[client] {"a":4,"dup":false,"ev":"game","ms":82146,"predicted":false,"t":7,"tick":4674,"type":"hit"}
[client] {"a":0,"dup":false,"ev":"game","ms":82595,"predicted":false,"t":7,"tick":4701,"type":"hit"}
[client] {"a":2,"dup":false,"ev":"game","ms":82665,"predicted":false,"t":7,"tick":4705,"type":"hit"}
[client] {"a":7,"dup":false,"ev":"game","ms":82665,"predicted":false,"t":-1,"tick":4705,"type":"ko"}
[client] {"a":4,"dup":false,"ev":"game","ms":83464,"predicted":false,"t":8,"tick":4753,"type":"hit"}
[client] {"a":4,"dup":false,"ev":"game","ms":84747,"predicted":false,"t":8,"tick":4830,"type":"hit"}
[client] {"counts":{"blocks_on_me":0,"conf_actions":57,"confirmed_hits":242,"dup_confirmed":0,"hits_on_me":24,"pred_actions":58,"predicted_confirmed":33,"predicted_hits":71,"reconnects":0},"ev":"stats","hp":230.0,"in_bytes":1141178,"late":0,"local_entity":6,"match":{"countdown_until":300,"ctrl":-1,"final":false,"next":"","phase":3,"rot":2651,"scores":[2,3],"sd":false,"state":3,"tick":4549,"zone":"A"},"max_err":1.447,"mean_err":0.0303,"ms":84960,"out_bytes":237568,"pending":7,"pos":[-27.3,8.64],"reconciles":1610,"server_tick":4847,"snaps":1614,"teleports":3}
[client] {"a":8,"dup":false,"ev":"game","ms":85148,"predicted":false,"t":4,"tick":4854,"type":"hit"}
[client] {"a":0,"dup":false,"ev":"game","ms":85162,"predicted":false,"t":5,"tick":4855,"type":"hit"}
[client] {"a":4,"dup":false,"ev":"game","ms":85576,"predicted":false,"t":8,"tick":4880,"type":"hit"}
[client] {"a":4,"dup":false,"ev":"game","ms":85914,"predicted":false,"t":8,"tick":4900,"type":"hit"}
[client] {"a":4,"dup":false,"ev":"game","ms":86245,"predicted":false,"t":8,"tick":4920,"type":"hit"}
[client] {"a":2,"dup":false,"ev":"game","ms":86266,"predicted":false,"t":8,"tick":4921,"type":"hit"}
[client] {"a":5,"dup":false,"ev":"game","ms":86348,"predicted":false,"t":0,"tick":4926,"type":"hit"}
[client] {"a":8,"dup":false,"ev":"game","ms":86666,"predicted":false,"t":4,"tick":4945,"type":"hit"}
[client] {"a":0,"dup":false,"ev":"game","ms":86797,"predicted":false,"t":5,"tick":4953,"type":"block"}
[client] {"a":2,"dup":false,"ev":"game","ms":87163,"predicted":false,"t":8,"tick":4975,"type":"block"}
[client] {"a":4,"dup":false,"ev":"game","ms":87245,"predicted":false,"t":5,"tick":4980,"type":"block"}
[client] {"a":0,"dup":false,"ev":"game","ms":87467,"predicted":false,"t":5,"tick":4993,"type":"block"}
[client] {"a":0,"dup":false,"ev":"game","ms":87528,"predicted":false,"t":6,"tick":4997,"type":"hit"}
[client] {"a":2,"dup":false,"ev":"game","ms":87950,"predicted":false,"t":8,"tick":5022,"type":"hit"}
[client] {"a":0,"dup":false,"ev":"game","ms":88067,"predicted":false,"t":5,"tick":5029,"type":"block"}
[client] {"a":8,"dup":false,"ev":"game","ms":88467,"predicted":false,"t":2,"tick":5053,"type":"hit"}
[client] {"a":1,"dup":false,"ev":"game","ms":88598,"predicted":false,"t":-1,"tick":5061,"type":"respawn"}
[client] {"a":8,"dup":false,"ev":"game","ms":88784,"predicted":false,"t":2,"tick":5072,"type":"hit"}
[client] {"a":4,"dup":false,"ev":"game","ms":88812,"predicted":false,"t":8,"tick":5074,"type":"hit"}
[client] {"a":8,"dup":false,"ev":"game","ms":88813,"predicted":false,"t":-1,"tick":5074,"type":"ko"}
[client] {"a":0,"dup":false,"ev":"game","ms":88880,"predicted":false,"t":5,"tick":5078,"type":"hit"}
[client] {"a":0,"dup":false,"ev":"game","ms":88895,"predicted":false,"t":6,"tick":5079,"type":"hit"}
[client] {"a":0,"dup":false,"ev":"game","ms":89799,"predicted":false,"t":5,"tick":5133,"type":"hit"}
[client] {"a":0,"dup":false,"ev":"game","ms":89895,"predicted":false,"t":6,"tick":5139,"type":"hit"}
[client] {"counts":{"blocks_on_me":0,"conf_actions":61,"confirmed_hits":259,"dup_confirmed":0,"hits_on_me":27,"pred_actions":63,"predicted_confirmed":33,"predicted_hits":73,"reconnects":0},"ev":"stats","hp":116.0,"in_bytes":1204662,"late":0,"local_entity":6,"match":{"countdown_until":300,"ctrl":-1,"final":false,"next":"","phase":3,"rot":2351,"scores":[2,3],"sd":false,"state":3,"tick":4849,"zone":"A"},"max_err":1.447,"mean_err":0.0308,"ms":89963,"out_bytes":252268,"pending":7,"pos":[-36.42,3.99],"reconciles":1708,"server_tick":5147,"snaps":1712,"teleports":3}
[client] {"a":3,"dup":false,"ev":"game","ms":90999,"predicted":false,"t":-1,"tick":5205,"type":"respawn"}
[client] {"a":6,"dup":true,"ev":"game","ms":91516,"predicted":false,"t":0,"tick":5242,"type":"hit"}
[client] {"a":6,"dup":true,"ev":"game","ms":91840,"predicted":false,"t":4,"tick":5261,"type":"hit"}
[client] {"a":4,"dup":false,"ev":"game","ms":91923,"predicted":false,"t":-1,"tick":5261,"type":"ko"}
[client] {"a":0,"dup":false,"ev":"game","ms":92006,"predicted":false,"t":6,"tick":5266,"type":"hit"}
[client] {"a":0,"dup":false,"ev":"game","ms":92407,"predicted":false,"t":6,"tick":5290,"type":"hit"}
[client] {"a":0,"dup":false,"ev":"game","ms":92441,"predicted":false,"t":5,"tick":5292,"type":"hit"}
[client] {"a":7,"dup":false,"ev":"game","ms":92662,"predicted":false,"t":-1,"tick":5305,"type":"respawn"}
[client] {"a":5,"dup":false,"ev":"game","ms":92862,"predicted":false,"t":0,"tick":5317,"type":"hit"}
[client] {"a":9,"dup":false,"ev":"game","ms":92960,"predicted":false,"t":0,"tick":5323,"type":"hit"}
[client] {"a":2,"dup":false,"ev":"game","ms":93560,"predicted":false,"t":5,"tick":5359,"type":"hit"}
[client] {"a":6,"dup":true,"ev":"game","ms":93676,"predicted":false,"t":2,"tick":5371,"type":"hit"}
[client] {"a":5,"dup":false,"ev":"game","ms":94008,"predicted":false,"t":2,"tick":5386,"type":"hit"}
[client] {"a":6,"dup":true,"ev":"game","ms":94325,"predicted":false,"t":2,"tick":5410,"type":"hit"}
[client] {"a":2,"dup":false,"ev":"game","ms":94394,"predicted":false,"t":5,"tick":5409,"type":"hit"}
[client] {"counts":{"blocks_on_me":0,"conf_actions":70,"confirmed_hits":271,"dup_confirmed":0,"hits_on_me":29,"pred_actions":72,"predicted_confirmed":37,"predicted_hits":84,"reconnects":0},"ev":"stats","hp":80.0,"in_bytes":1269643,"late":0,"local_entity":6,"match":{"countdown_until":300,"ctrl":-1,"final":false,"next":"","phase":3,"rot":2051,"scores":[2,3],"sd":false,"state":3,"tick":5149,"zone":"A"},"max_err":1.447,"mean_err":0.0307,"ms":94958,"out_bytes":266968,"pending":7,"pos":[-41.59,0.63],"reconciles":1808,"server_tick":5448,"snaps":1812,"teleports":3}
[client] {"a":6,"dup":true,"ev":"game","ms":94994,"predicted":false,"t":2,"tick":5450,"type":"hit"}
[client] {"a":6,"dup":true,"ev":"game","ms":95443,"predicted":false,"t":2,"tick":5477,"type":"hit"}
[client] {"a":2,"dup":false,"ev":"game","ms":95525,"predicted":false,"t":-1,"tick":5477,"type":"ko"}
[client] {"a":0,"dup":false,"ev":"game","ms":96477,"predicted":false,"t":6,"tick":5534,"type":"hit"}
[client] {"a":0,"dup":false,"ev":"game","ms":96926,"predicted":false,"t":6,"tick":5561,"type":"hit"}
[client] {"a":0,"dup":false,"ev":"game","ms":97229,"predicted":false,"t":6,"tick":5579,"type":"hit"}
[client] {"a":0,"dup":false,"ev":"game","ms":97547,"predicted":false,"t":6,"tick":5598,"type":"hit"}
[client] {"a":5,"dup":false,"ev":"game","ms":97547,"predicted":false,"t":0,"tick":5598,"type":"hit"}
[client] {"a":8,"dup":false,"ev":"game","ms":98810,"predicted":false,"t":-1,"tick":5674,"type":"respawn"}
[client] {"a":0,"dup":false,"ev":"game","ms":98865,"predicted":false,"t":5,"tick":5677,"type":"hit"}
[client] {"a":0,"dup":false,"ev":"game","ms":98865,"predicted":false,"t":9,"tick":5677,"type":"hit"}
[client] {"a":6,"dup":false,"ev":"game","ms":99631,"predicted":false,"t":-1,"tick":5729,"type":"ko"}
[client] {"a":1,"dup":false,"ev":"game","ms":99713,"predicted":false,"t":6,"tick":5729,"type":"hit"}
[client] {"a":9,"dup":false,"ev":"game","ms":99810,"predicted":false,"t":1,"tick":5735,"type":"hit"}
[client] {"counts":{"blocks_on_me":0,"conf_actions":74,"confirmed_hits":282,"dup_confirmed":0,"hits_on_me":34,"pred_actions":78,"predicted_confirmed":39,"predicted_hits":89,"reconnects":0},"ev":"stats","hp":0.0,"in_bytes":1333162,"late":0,"local_entity":6,"match":{"countdown_until":300,"ctrl":-1,"final":false,"next":"","phase":3,"rot":1751,"scores":[2,3],"sd":false,"state":3,"tick":5449,"zone":"A"},"max_err":1.447,"mean_err":0.0322,"ms":99961,"out_bytes":281668,"pending":4,"pos":[-41.52,-0.11],"reconciles":1909,"server_tick":5748,"snaps":1912,"teleports":3}
[client] {"a":9,"dup":false,"ev":"game","ms":100128,"predicted":false,"t":1,"tick":5754,"type":"hit"}
[client] {"a":0,"dup":false,"ev":"game","ms":100265,"predicted":false,"t":9,"tick":5762,"type":"hit"}
[client] {"a":5,"dup":false,"ev":"game","ms":100300,"predicted":false,"t":0,"tick":5764,"type":"hit"}
[client] {"a":0,"dup":false,"ev":"game","ms":100680,"predicted":false,"t":5,"tick":5787,"type":"hit"}
[client] {"a":1,"dup":false,"ev":"game","ms":100962,"predicted":false,"t":5,"tick":5804,"type":"hit"}
[client] {"a":9,"dup":false,"ev":"game","ms":101197,"predicted":false,"t":1,"tick":5818,"type":"hit"}
[client] {"a":0,"dup":false,"ev":"game","ms":101446,"predicted":false,"t":9,"tick":5833,"type":"hit"}
[client] {"a":4,"dup":false,"ev":"game","ms":101916,"predicted":false,"t":-1,"tick":5861,"type":"respawn"}
[client] {"a":5,"dup":false,"ev":"game","ms":102068,"predicted":false,"t":0,"tick":5870,"type":"hit"}
[client] {"a":5,"dup":false,"ev":"game","ms":102516,"predicted":false,"t":0,"tick":5897,"type":"hit"}
[client] {"a":0,"dup":false,"ev":"game","ms":102516,"predicted":false,"t":-1,"tick":5897,"type":"ko"}
[client] {"a":1,"dup":false,"ev":"game","ms":102958,"predicted":false,"t":5,"tick":5923,"type":"hit"}
[client] {"a":3,"dup":false,"ev":"game","ms":103213,"predicted":false,"t":9,"tick":5938,"type":"hit"}
[client] {"a":5,"dup":false,"ev":"game","ms":103323,"predicted":false,"t":1,"tick":5945,"type":"hit"}
[client] {"a":5,"dup":false,"ev":"game","ms":103379,"predicted":false,"t":3,"tick":5948,"type":"hit"}
[client] {"a":7,"dup":false,"ev":"game","ms":103545,"predicted":false,"t":1,"tick":5958,"type":"hit"}
[client] {"a":5,"dup":false,"ev":"game","ms":103813,"predicted":false,"t":1,"tick":5974,"type":"hit"}
[client] {"a":5,"dup":false,"ev":"game","ms":103813,"predicted":false,"t":3,"tick":5974,"type":"block"}
[client] {"a":7,"dup":false,"ev":"game","ms":103875,"predicted":false,"t":1,"tick":5978,"type":"hit"}
[client] {"a":1,"dup":false,"ev":"game","ms":104227,"predicted":false,"t":5,"tick":5999,"type":"hit"}
[client] {"a":5,"dup":false,"ev":"game","ms":104227,"predicted":false,"t":-1,"tick":5999,"type":"ko"}
[client] {"a":7,"dup":false,"ev":"game","ms":104241,"predicted":false,"t":1,"tick":6000,"type":"hit"}
[client] {"a":7,"dup":false,"ev":"game","ms":104828,"predicted":false,"t":3,"tick":6035,"type":"block"}
[client] {"a":1,"dup":false,"ev":"game","ms":104897,"predicted":false,"t":7,"tick":6039,"type":"hit"}
[client] {"counts":{"blocks_on_me":0,"conf_actions":74,"confirmed_hits":301,"dup_confirmed":0,"hits_on_me":34,"pred_actions":78,"predicted_confirmed":39,"predicted_hits":89,"reconnects":0},"ev":"stats","hp":0.0,"in_bytes":1399592,"late":0,"local_entity":6,"match":{"countdown_until":300,"ctrl":-1,"final":false,"next":"","phase":3,"rot":1451,"scores":[2,3],"sd":false,"state":3,"tick":5749,"zone":"A"},"max_err":1.447,"mean_err":0.0306,"ms":104958,"out_bytes":296368,"pending":7,"pos":[-41.52,-0.11],"reconciles":2008,"server_tick":6048,"snaps":2012,"teleports":3}
[client] {"a":1,"dup":false,"ev":"game","ms":105214,"predicted":false,"t":7,"tick":6058,"type":"hit"}
[client] {"a":9,"dup":false,"ev":"game","ms":105262,"predicted":false,"t":3,"tick":6061,"type":"hit"}
[client] {"a":2,"dup":false,"ev":"game","ms":105524,"predicted":false,"t":-1,"tick":6077,"type":"respawn"}
[client] {"a":9,"dup":false,"ev":"game","ms":105945,"predicted":false,"t":3,"tick":6102,"type":"hit"}
[client] {"a":1,"dup":false,"ev":"game","ms":106098,"predicted":false,"t":9,"tick":6111,"type":"hit"}
[client] {"a":9,"dup":false,"ev":"game","ms":106697,"predicted":false,"t":1,"tick":6147,"type":"hit"}
[client] {"a":3,"dup":false,"ev":"game","ms":106745,"predicted":false,"t":9,"tick":6150,"type":"hit"}
[client] {"a":3,"dup":false,"ev":"game","ms":107098,"predicted":false,"t":9,"tick":6171,"type":"hit"}
[client] {"a":1,"dup":false,"ev":"game","ms":107160,"predicted":false,"t":9,"tick":6175,"type":"hit"}
[client] {"a":1,"dup":false,"ev":"game","ms":107525,"predicted":false,"t":9,"tick":6197,"type":"hit"}
[client] {"a":3,"dup":false,"ev":"game","ms":107815,"predicted":false,"t":9,"tick":6214,"type":"hit"}
[client] {"a":7,"dup":false,"ev":"game","ms":108015,"predicted":false,"t":1,"tick":6226,"type":"hit"}
[client] {"a":7,"dup":false,"ev":"game","ms":108043,"predicted":false,"t":3,"tick":6228,"type":"hit"}
[client] {"a":9,"dup":false,"ev":"game","ms":108864,"predicted":false,"t":1,"tick":6277,"type":"hit"}
[client] {"a":1,"dup":false,"ev":"game","ms":108864,"predicted":false,"t":-1,"tick":6277,"type":"ko"}
[client] {"a":7,"dup":false,"ev":"game","ms":108961,"predicted":false,"t":3,"tick":6283,"type":"hit"}
[client] {"a":7,"dup":false,"ev":"game","ms":109326,"predicted":false,"t":3,"tick":6305,"type":"hit"}
[client] {"a":7,"dup":false,"ev":"game","ms":109644,"predicted":false,"t":3,"tick":6324,"type":"hit"}
[client] {"a":6,"dup":false,"ev":"game","ms":109644,"predicted":false,"t":-1,"tick":6329,"type":"respawn"}
[client] {"a":8,"dup":false,"ev":"game","ms":109699,"predicted":false,"t":3,"tick":6327,"type":"hit"}
[client] {"counts":{"blocks_on_me":0,"conf_actions":75,"confirmed_hits":318,"dup_confirmed":0,"hits_on_me":34,"pred_actions":78,"predicted_confirmed":39,"predicted_hits":89,"reconnects":0},"ev":"stats","hp":230.0,"in_bytes":1462812,"late":0,"local_entity":6,"match":{"countdown_until":300,"ctrl":-1,"final":false,"next":"","phase":3,"rot":1151,"scores":[2,3],"sd":false,"state":3,"tick":6049,"zone":"A"},"max_err":1.447,"mean_err":0.0291,"ms":109960,"out_bytes":311068,"pending":7,"pos":[5.86,47.82],"reconciles":2107,"server_tick":6348,"snaps":2112,"teleports":4}
[client] {"a":3,"dup":false,"ev":"game","ms":110065,"predicted":false,"t":7,"tick":6349,"type":"hit"}
[client] {"a":8,"dup":false,"ev":"game","ms":110134,"predicted":false,"t":3,"tick":6353,"type":"hit"}
[client] {"a":8,"dup":false,"ev":"game","ms":110430,"predicted":false,"t":3,"tick":6371,"type":"hit"}
[client] {"a":9,"dup":false,"ev":"game","ms":110514,"predicted":false,"t":3,"tick":6376,"type":"hit"}
[client] {"a":7,"dup":false,"ev":"game","ms":110734,"predicted":false,"t":3,"tick":6389,"type":"hit"}
[client] {"a":3,"dup":false,"ev":"game","ms":111818,"predicted":false,"t":9,"tick":6454,"type":"hit"}
[client] {"a":9,"dup":false,"ev":"game","ms":111818,"predicted":false,"t":-1,"tick":6454,"type":"ko"}
[client] {"a":4,"dup":false,"ev":"game","ms":112515,"predicted":false,"t":8,"tick":6496,"type":"hit"}
[client] {"a":7,"dup":false,"ev":"game","ms":112535,"predicted":false,"t":3,"tick":6497,"type":"hit"}
[client] {"a":0,"dup":false,"ev":"game","ms":112535,"predicted":false,"t":-1,"tick":6497,"type":"respawn"}
[client] {"a":7,"dup":false,"ev":"game","ms":112935,"predicted":false,"t":3,"tick":6521,"type":"hit"}
[client] {"a":3,"dup":false,"ev":"game","ms":112935,"predicted":false,"t":-1,"tick":6521,"type":"ko"}
[client] {"a":5,"dup":false,"ev":"game","ms":114232,"predicted":false,"t":-1,"tick":6599,"type":"respawn"}
[client] {"counts":{"blocks_on_me":0,"conf_actions":75,"confirmed_hits":327,"dup_confirmed":0,"hits_on_me":34,"pred_actions":78,"predicted_confirmed":39,"predicted_hits":89,"reconnects":0},"ev":"stats","hp":230.0,"in_bytes":1522612,"late":0,"local_entity":6,"match":{"countdown_until":300,"ctrl":-1,"final":false,"next":"C","phase":3,"rot":851,"scores":[2,3],"sd":false,"state":3,"tick":6349,"zone":"A"},"max_err":1.447,"mean_err":0.0278,"ms":114956,"out_bytes":325768,"pending":7,"pos":[-6.66,18.79],"reconciles":2207,"server_tick":6648,"snaps":2212,"teleports":4}
[client] {"a":4,"dup":false,"ev":"game","ms":115143,"predicted":false,"t":8,"tick":6654,"type":"hit"}
[client] {"a":4,"dup":false,"ev":"game","ms":115474,"predicted":false,"t":8,"tick":6674,"type":"hit"}
[client] {"a":4,"dup":false,"ev":"game","ms":115826,"predicted":false,"t":8,"tick":6695,"type":"hit"}
[client] {"a":4,"dup":false,"ev":"game","ms":115840,"predicted":false,"t":7,"tick":6696,"type":"hit"}
[client] {"a":7,"dup":false,"ev":"game","ms":116226,"predicted":false,"t":4,"tick":6719,"type":"hit"}
[client] {"a":7,"dup":false,"ev":"game","ms":116544,"predicted":false,"t":4,"tick":6738,"type":"hit"}
[client] {"a":4,"dup":false,"ev":"game","ms":116930,"predicted":false,"t":7,"tick":6761,"type":"hit"}
[client] {"a":4,"dup":false,"ev":"game","ms":117413,"predicted":false,"t":7,"tick":6790,"type":"hit"}
[client] {"a":4,"dup":false,"ev":"game","ms":117758,"predicted":false,"t":8,"tick":6811,"type":"hit"}
[client] {"a":7,"dup":false,"ev":"game","ms":118062,"predicted":false,"t":4,"tick":6829,"type":"hit"}
[client] {"a":7,"dup":false,"ev":"game","ms":118379,"predicted":false,"t":4,"tick":6848,"type":"hit"}
[client] {"a":8,"dup":false,"ev":"game","ms":118793,"predicted":false,"t":4,"tick":6873,"type":"hit"}
[client] {"a":1,"dup":false,"ev":"game","ms":118862,"predicted":false,"t":-1,"tick":6877,"type":"respawn"}
[client] {"a":4,"dup":false,"ev":"game","ms":119145,"predicted":false,"t":7,"tick":6894,"type":"hit"}
[client] {"a":4,"dup":false,"ev":"game","ms":119393,"predicted":false,"t":7,"tick":6909,"type":"hit"}
[client] {"a":2,"dup":false,"ev":"game","ms":119780,"predicted":false,"t":8,"tick":6932,"type":"hit"}
[client] {"counts":{"blocks_on_me":0,"conf_actions":75,"confirmed_hits":342,"dup_confirmed":0,"hits_on_me":34,"pred_actions":78,"predicted_confirmed":39,"predicted_hits":89,"reconnects":0},"ev":"stats","hp":230.0,"in_bytes":1583581,"late":0,"local_entity":6,"match":{"countdown_until":300,"ctrl":-1,"final":false,"next":"C","phase":3,"rot":551,"scores":[2,3],"sd":false,"state":3,"tick":6649,"zone":"A"},"max_err":1.447,"mean_err":0.0266,"ms":119958,"out_bytes":340468,"pending":7,"pos":[-40.08,1.14],"reconciles":2307,"server_tick":6948,"snaps":2312,"teleports":4}
[client] {"a":4,"dup":false,"ev":"game","ms":120180,"predicted":false,"t":8,"tick":6956,"type":"hit"}
[client] {"a":7,"dup":false,"ev":"game","ms":120332,"predicted":false,"t":4,"tick":6965,"type":"hit"}
[client] {"a":2,"dup":false,"ev":"game","ms":120415,"predicted":false,"t":8,"tick":6970,"type":"hit"}
[client] {"a":2,"dup":false,"ev":"game","ms":120465,"predicted":false,"t":7,"tick":6973,"type":"hit"}
[client] {"a":6,"dup":true,"ev":"game","ms":120650,"predicted":false,"t":2,"tick":6989,"type":"hit"}
[client] {"a":6,"dup":true,"ev":"game","ms":121016,"predicted":false,"t":2,"tick":7011,"type":"hit"}
[client] {"a":2,"dup":false,"ev":"game","ms":121451,"predicted":false,"t":8,"tick":7032,"type":"hit"}
[client] {"a":2,"dup":false,"ev":"game","ms":121781,"predicted":false,"t":8,"tick":7052,"type":"hit"}
[client] {"a":9,"dup":false,"ev":"game","ms":121816,"predicted":false,"t":-1,"tick":7054,"type":"respawn"}
[client] {"a":2,"dup":false,"ev":"game","ms":122098,"predicted":false,"t":8,"tick":7071,"type":"hit"}
[client] {"a":8,"dup":false,"ev":"game","ms":122698,"predicted":false,"t":2,"tick":7107,"type":"hit"}
[client] {"a":3,"dup":false,"ev":"game","ms":122933,"predicted":false,"t":-1,"tick":7121,"type":"respawn"}
[client] {"a":7,"dup":false,"ev":"game","ms":123099,"predicted":false,"t":2,"tick":7131,"type":"hit"}
[client] {"a":2,"dup":false,"ev":"game","ms":123451,"predicted":false,"t":8,"tick":7152,"type":"hit"}
[client] {"a":8,"dup":false,"ev":"game","ms":123451,"predicted":false,"t":-1,"tick":7152,"type":"ko"}
[client] {"a":6,"dup":true,"ev":"game","ms":123499,"predicted":false,"t":2,"tick":7160,"type":"hit"}
[client] {"a":4,"dup":false,"ev":"game","ms":123595,"predicted":false,"t":7,"tick":7161,"type":"hit"}
[client] {"a":4,"dup":false,"ev":"game","ms":123913,"predicted":false,"t":7,"tick":7180,"type":"hit"}
[client] {"a":7,"dup":false,"ev":"game","ms":124479,"predicted":false,"t":4,"tick":7214,"type":"hit"}
[client] {"a":7,"dup":false,"ev":"game","ms":124699,"predicted":false,"t":4,"tick":7227,"type":"hit"}
[client] {"a":6,"dup":false,"ev":"game","ms":124913,"predicted":false,"t":2,"tick":7245,"type":"parry"}
[client] {"counts":{"blocks_on_me":0,"conf_actions":82,"confirmed_hits":359,"dup_confirmed":0,"hits_on_me":34,"pred_actions":85,"predicted_confirmed":42,"predicted_hits":96,"reconnects":0},"ev":"stats","hp":230.0,"in_bytes":1656197,"late":0,"local_entity":6,"match":{"countdown_until":300,"ctrl":-1,"final":false,"next":"C","phase":3,"rot":251,"scores":[2,3],"sd":false,"state":3,"tick":6949,"zone":"A"},"max_err":1.447,"mean_err":0.0272,"ms":124968,"out_bytes":355168,"pending":4,"pos":[-44.68,-0.74],"reconciles":2408,"server_tick":7248,"snaps":2412,"teleports":4}
[client] {"a":7,"dup":false,"ev":"game","ms":125134,"predicted":false,"t":2,"tick":7254,"type":"hit"}
[client] {"a":7,"dup":false,"ev":"game","ms":125182,"predicted":false,"t":0,"tick":7257,"type":"hit"}
[client] {"a":7,"dup":false,"ev":"game","ms":125452,"predicted":false,"t":0,"tick":7273,"type":"hit"}
[client] {"a":7,"dup":false,"ev":"game","ms":125452,"predicted":false,"t":4,"tick":7273,"type":"hit"}
[client] {"a":2,"dup":false,"ev":"game","ms":125583,"predicted":false,"t":7,"tick":7281,"type":"hit"}
[client] {"a":7,"dup":false,"ev":"game","ms":125583,"predicted":false,"t":-1,"tick":7281,"type":"ko"}
[client] {"a":6,"dup":true,"ev":"game","ms":125949,"predicted":false,"t":2,"tick":7308,"type":"hit"}
[client] {"a":0,"dup":false,"ev":"game","ms":126217,"predicted":false,"t":5,"tick":7319,"type":"hit"}
[client] {"a":4,"dup":false,"ev":"game","ms":126459,"predicted":false,"t":5,"tick":7334,"type":"hit"}
[client] {"a":5,"dup":false,"ev":"game","ms":127094,"predicted":false,"t":0,"tick":7371,"type":"hit"}
[client] {"a":4,"dup":false,"ev":"game","ms":127142,"predicted":false,"t":5,"tick":7374,"type":"hit"}
[client] {"a":2,"dup":false,"ev":"game","ms":127211,"predicted":false,"t":6,"tick":7378,"type":"hit"}
[client] {"a":2,"dup":false,"ev":"game","ms":127494,"predicted":false,"t":6,"tick":7395,"type":"hit"}
[client] {"a":4,"dup":false,"ev":"game","ms":127495,"predicted":false,"t":5,"tick":7395,"type":"hit"}
[client] {"a":4,"dup":false,"ev":"game","ms":127763,"predicted":false,"t":5,"tick":7411,"type":"hit"}
[client] {"a":2,"dup":false,"ev":"game","ms":128260,"predicted":false,"t":6,"tick":7441,"type":"hit"}
[client] {"a":4,"dup":false,"ev":"game","ms":128494,"predicted":false,"t":5,"tick":7455,"type":"hit"}
[client] {"a":2,"dup":false,"ev":"game","ms":128660,"predicted":false,"t":6,"tick":7465,"type":"hit"}
[client] {"a":0,"dup":false,"ev":"game","ms":129143,"predicted":false,"t":6,"tick":7494,"type":"hit"}
[client] {"a":-1,"dup":false,"ev":"game","ms":129226,"predicted":false,"t":-1,"tick":7499,"type":"zone_rotated"}
[client] {"a":6,"dup":true,"ev":"game","ms":129744,"predicted":false,"t":2,"tick":7535,"type":"hit"}
[client] {"a":5,"dup":false,"ev":"game","ms":129792,"predicted":false,"t":4,"tick":7533,"type":"hit"}
[client] {"counts":{"blocks_on_me":0,"conf_actions":89,"confirmed_hits":379,"dup_confirmed":0,"hits_on_me":39,"pred_actions":92,"predicted_confirmed":44,"predicted_hits":105,"reconnects":0},"ev":"stats","hp":140.0,"in_bytes":1729936,"late":0,"local_entity":6,"match":{"countdown_until":300,"ctrl":-1,"final":false,"next":"","phase":3,"rot":3551,"scores":[2,3],"sd":false,"state":1,"tick":7249,"zone":"C"},"max_err":1.447,"mean_err":0.0274,"ms":129963,"out_bytes":369868,"pending":7,"pos":[-44.82,-1.17],"reconciles":2507,"server_tick":7548,"snaps":2512,"teleports":4}
[client] {"a":1,"dup":false,"ev":"game","ms":130365,"predicted":false,"t":5,"tick":7567,"type":"hit"}
[client] {"a":0,"dup":false,"ev":"game","ms":130744,"predicted":false,"t":6,"tick":7590,"type":"hit"}
[client] {"a":5,"dup":false,"ev":"game","ms":130779,"predicted":false,"t":1,"tick":7592,"type":"hit"}
[client] {"a":5,"dup":false,"ev":"game","ms":131275,"predicted":false,"t":4,"tick":7622,"type":"hit"}
[client] {"a":1,"dup":false,"ev":"game","ms":131779,"predicted":false,"t":5,"tick":7652,"type":"hit"}
[client] {"a":1,"dup":false,"ev":"game","ms":132082,"predicted":false,"t":5,"tick":7670,"type":"hit"}
[client] {"a":5,"dup":false,"ev":"game","ms":132462,"predicted":false,"t":1,"tick":7693,"type":"hit"}
[client] {"a":5,"dup":false,"ev":"game","ms":132814,"predicted":false,"t":1,"tick":7714,"type":"hit"}
[client] {"a":1,"dup":false,"ev":"game","ms":133332,"predicted":false,"t":5,"tick":7745,"type":"hit"}
[client] {"a":8,"dup":false,"ev":"game","ms":133449,"predicted":false,"t":-1,"tick":7752,"type":"respawn"}
[client] {"a":5,"dup":false,"ev":"game","ms":133697,"predicted":false,"t":1,"tick":7767,"type":"hit"}
[client] {"counts":{"blocks_on_me":0,"conf_actions":91,"confirmed_hits":389,"dup_confirmed":0,"hits_on_me":40,"pred_actions":94,"predicted_confirmed":44,"predicted_hits":107,"reconnects":0},"ev":"stats","hp":102.0,"in_bytes":1799742,"late":0,"local_entity":6,"match":{"countdown_until":300,"ctrl":-1,"final":false,"next":"","phase":3,"rot":3251,"scores":[2,3],"sd":false,"state":1,"tick":7549,"zone":"C"},"max_err":1.447,"mean_err":0.0268,"ms":134966,"out_bytes":384568,"pending":7,"pos":[-22.17,-5.28],"reconciles":2607,"server_tick":7848,"snaps":2612,"teleports":4}
[client] {"a":5,"dup":false,"ev":"game","ms":135084,"predicted":false,"t":1,"tick":7850,"type":"hit"}
[client] {"a":5,"dup":false,"ev":"game","ms":135429,"predicted":false,"t":1,"tick":7871,"type":"hit"}
[client] {"a":7,"dup":false,"ev":"game","ms":135595,"predicted":false,"t":-1,"tick":7881,"type":"respawn"}
[client] {"a":5,"dup":false,"ev":"game","ms":135816,"predicted":false,"t":1,"tick":7894,"type":"hit"}
[client] {"a":5,"dup":false,"ev":"game","ms":136584,"predicted":false,"t":1,"tick":7940,"type":"hit"}
[client] {"a":5,"dup":false,"ev":"game","ms":136913,"predicted":false,"t":1,"tick":7960,"type":"hit"}
[client] {"a":5,"dup":false,"ev":"game","ms":137250,"predicted":false,"t":1,"tick":7980,"type":"hit"}
[client] {"a":1,"dup":false,"ev":"game","ms":137934,"predicted":false,"t":5,"tick":8021,"type":"hit"}
[client] {"a":1,"dup":false,"ev":"game","ms":139493,"predicted":false,"t":5,"tick":8115,"type":"hit"}
[client] {"a":5,"dup":false,"ev":"game","ms":139859,"predicted":false,"t":1,"tick":8137,"type":"hit"}
[client] {"counts":{"blocks_on_me":0,"conf_actions":91,"confirmed_hits":398,"dup_confirmed":0,"hits_on_me":40,"pred_actions":94,"predicted_confirmed":44,"predicted_hits":107,"reconnects":0},"ev":"stats","hp":149.400000000001,"in_bytes":1865694,"late":0,"local_entity":6,"match":{"countdown_until":300,"ctrl":-1,"final":false,"next":"","phase":3,"rot":2951,"scores":[2,3],"sd":false,"state":3,"tick":7849,"zone":"C"},"max_err":1.447,"mean_err":0.0258,"ms":139961,"out_bytes":399268,"pending":7,"pos":[15.83,-4.71],"reconciles":2707,"server_tick":8147,"snaps":2712,"teleports":4}
[client] {"a":5,"dup":false,"ev":"game","ms":140294,"predicted":false,"t":1,"tick":8163,"type":"hit"}
[client] {"a":5,"dup":false,"ev":"game","ms":140625,"predicted":false,"t":1,"tick":8183,"type":"hit"}
[client] {"a":1,"dup":false,"ev":"game","ms":140625,"predicted":false,"t":-1,"tick":8183,"type":"ko"}
[client] {"a":9,"dup":false,"ev":"game","ms":140942,"predicted":false,"t":3,"tick":8202,"type":"hit"}
[client] {"a":9,"dup":false,"ev":"game","ms":141660,"predicted":false,"t":3,"tick":8245,"type":"hit"}
[client] {"a":2,"dup":false,"ev":"game","ms":141777,"predicted":false,"t":6,"tick":8252,"type":"hit"}
[client] {"a":6,"dup":false,"ev":"game","ms":142094,"predicted":false,"t":2,"tick":8276,"type":"parry"}
[client] {"a":3,"dup":false,"ev":"game","ms":142308,"predicted":false,"t":9,"tick":8284,"type":"hit"}
[client] {"a":4,"dup":false,"ev":"game","ms":142598,"predicted":false,"t":9,"tick":8301,"type":"hit"}
[client] {"a":4,"dup":false,"ev":"game","ms":142929,"predicted":false,"t":9,"tick":8321,"type":"hit"}
[client] {"a":9,"dup":false,"ev":"game","ms":143343,"predicted":false,"t":4,"tick":8346,"type":"hit"}
[client] {"a":8,"dup":false,"ev":"game","ms":143495,"predicted":false,"t":3,"tick":8355,"type":"block"}
[client] {"a":0,"dup":false,"ev":"game","ms":143509,"predicted":false,"t":9,"tick":8356,"type":"hit"}
[client] {"a":0,"dup":false,"ev":"game","ms":143847,"predicted":false,"t":9,"tick":8376,"type":"hit"}
[client] {"a":8,"dup":false,"ev":"game","ms":143847,"predicted":false,"t":3,"tick":8376,"type":"block"}
[client] {"a":9,"dup":false,"ev":"game","ms":144165,"predicted":false,"t":3,"tick":8395,"type":"hit"}
[client] {"a":4,"dup":false,"ev":"game","ms":144765,"predicted":false,"t":8,"tick":8431,"type":"hit"}
[client] {"a":0,"dup":false,"ev":"game","ms":144799,"predicted":false,"t":9,"tick":8433,"type":"hit"}
[client] {"counts":{"blocks_on_me":0,"conf_actions":95,"confirmed_hits":412,"dup_confirmed":0,"hits_on_me":41,"pred_actions":99,"predicted_confirmed":44,"predicted_hits":108,"reconnects":0},"ev":"stats","hp":148.800000000001,"in_bytes":1939021,"late":0,"local_entity":6,"match":{"countdown_until":300,"ctrl":-1,"final":false,"next":"","phase":3,"rot":2651,"scores":[2,3],"sd":false,"state":3,"tick":8149,"zone":"C"},"max_err":1.447,"mean_err":0.0256,"ms":144964,"out_bytes":413968,"pending":7,"pos":[24.55,-4.97],"reconciles":2807,"server_tick":8448,"snaps":2812,"teleports":4}
[client] {"a":4,"dup":false,"ev":"game","ms":145110,"predicted":false,"t":8,"tick":8452,"type":"hit"}
[client] {"a":9,"dup":false,"ev":"game","ms":145331,"predicted":false,"t":4,"tick":8465,"type":"hit"}
[client] {"a":3,"dup":false,"ev":"game","ms":145413,"predicted":false,"t":8,"tick":8470,"type":"hit"}
[client] {"a":9,"dup":false,"ev":"game","ms":145662,"predicted":false,"t":4,"tick":8485,"type":"hit"}
[client] {"a":7,"dup":false,"ev":"game","ms":145800,"predicted":false,"t":4,"tick":8493,"type":"hit"}
[client] {"a":9,"dup":false,"ev":"game","ms":146048,"predicted":false,"t":4,"tick":8508,"type":"hit"}
[client] {"a":3,"dup":false,"ev":"game","ms":146097,"predicted":false,"t":7,"tick":8511,"type":"hit"}
[client] {"a":8,"dup":false,"ev":"game","ms":146401,"predicted":false,"t":4,"tick":8529,"type":"hit"}
[client] {"a":7,"dup":false,"ev":"game","ms":146483,"predicted":false,"t":4,"tick":8534,"type":"hit"}
[client] {"a":4,"dup":false,"ev":"game","ms":146483,"predicted":false,"t":-1,"tick":8534,"type":"ko"}
[client] {"a":0,"dup":false,"ev":"game","ms":146497,"predicted":false,"t":9,"tick":8535,"type":"hit"}
[client] {"a":3,"dup":false,"ev":"game","ms":146766,"predicted":false,"t":9,"tick":8551,"type":"hit"}
[client] {"a":0,"dup":false,"ev":"game","ms":147180,"predicted":false,"t":9,"tick":8576,"type":"hit"}
[client] {"a":3,"dup":false,"ev":"game","ms":147228,"predicted":false,"t":7,"tick":8579,"type":"hit"}
[client] {"a":6,"dup":true,"ev":"game","ms":147464,"predicted":false,"t":2,"tick":8598,"type":"hit"}
[client] {"a":0,"dup":false,"ev":"game","ms":147497,"predicted":false,"t":9,"tick":8595,"type":"hit"}
[client] {"a":8,"dup":false,"ev":"game","ms":147532,"predicted":false,"t":3,"tick":8597,"type":"hit"}
[client] {"a":2,"dup":false,"ev":"game","ms":147863,"predicted":false,"t":6,"tick":8617,"type":"hit"}
[client] {"a":3,"dup":false,"ev":"game","ms":147945,"predicted":false,"t":8,"tick":8622,"type":"hit"}
[client] {"a":2,"dup":false,"ev":"game","ms":148180,"predicted":false,"t":6,"tick":8636,"type":"hit"}
[client] {"a":0,"dup":false,"ev":"game","ms":148201,"predicted":false,"t":9,"tick":8637,"type":"hit"}
[client] {"a":3,"dup":false,"ev":"game","ms":148297,"predicted":false,"t":8,"tick":8643,"type":"hit"}
[client] {"a":7,"dup":false,"ev":"game","ms":148298,"predicted":false,"t":3,"tick":8643,"type":"hit"}
[client] {"a":7,"dup":false,"ev":"game","ms":148519,"predicted":false,"t":3,"tick":8656,"type":"hit"}
[client] {"a":2,"dup":false,"ev":"game","ms":148732,"predicted":false,"t":6,"tick":8669,"type":"hit"}
[client] {"a":8,"dup":false,"ev":"game","ms":148946,"predicted":false,"t":3,"tick":8682,"type":"hit"}
[client] {"a":6,"dup":true,"ev":"game","ms":149084,"predicted":false,"t":2,"tick":8695,"type":"hit"}
[client] {"a":6,"dup":true,"ev":"game","ms":149498,"predicted":false,"t":2,"tick":8720,"type":"hit"}
[client] {"a":3,"dup":false,"ev":"game","ms":149829,"predicted":false,"t":9,"tick":8735,"type":"hit"}
[client] {"a":9,"dup":false,"ev":"game","ms":149829,"predicted":false,"t":-1,"tick":8735,"type":"ko"}
[client] {"a":6,"dup":true,"ev":"game","ms":149850,"predicted":false,"t":2,"tick":8741,"type":"hit"}
[client] {"counts":{"blocks_on_me":0,"conf_actions":101,"confirmed_hits":441,"dup_confirmed":0,"hits_on_me":44,"pred_actions":105,"predicted_confirmed":48,"predicted_hits":114,"reconnects":0},"ev":"stats","hp":94.8000000000012,"in_bytes":2015373,"late":0,"local_entity":6,"match":{"countdown_until":300,"ctrl":-1,"final":false,"next":"","phase":3,"rot":2351,"scores":[2,3],"sd":false,"state":3,"tick":8449,"zone":"C"},"max_err":1.447,"mean_err":0.0255,"ms":149966,"out_bytes":428668,"pending":7,"pos":[39.07,-1.12],"reconciles":2906,"server_tick":8748,"snaps":2911,"teleports":4}
[client] {"counts":{"blocks_on_me":0,"conf_actions":101,"confirmed_hits":441,"dup_confirmed":0,"hits_on_me":44,"pred_actions":105,"predicted_confirmed":48,"predicted_hits":115,"reconnects":0},"ev":"stats","hp":94.8000000000012,"in_bytes":2015881,"late":0,"local_entity":6,"match":{"countdown_until":300,"ctrl":-1,"final":false,"next":"","phase":3,"rot":2348,"scores":[2,3],"sd":false,"state":3,"tick":8452,"zone":"C"},"max_err":1.447,"mean_err":0.0255,"ms":150001,"out_bytes":428766,"pending":6,"pos":[39.14,-1.09],"reconciles":2907,"server_tick":8750,"snaps":2912,"teleports":4}
