Godot Engine v4.7.2.stable.official.ed1daf0bf - https://godotengine.org

[client] {"detail":"127.0.0.1:24610","ev":"status","ms":13,"status":"connecting"}
[client] {"detail":"","ev":"status","ms":29,"status":"connected"}
[client] {"ev":"welcome","ms":43,"observer":false,"pid":6}
[client] {"ev":"pick","f":"scrap","ms":1078}
[client] {"ev":"lock","f":"scrap","ms":2061}
[client] {"ev":"match_setup","fighters":10,"ms":3233,"you":2}
[client] {"ev":"stats","hp":260.0,"in_bytes":79033,"late":0,"match":{"countdown_until":300,"ctrl":-1,"final":false,"next":"","phase":2,"rot":3600,"scores":[0,0],"sd":false,"state":1,"tick":0,"zone":""},"max_err":1.143,"mean_err":0.4879,"ms":4969,"out_bytes":5165,"pending":6,"pos":[-0.15,-47.81],"reconciles":17,"server_tick":111,"snaps":20}
[client] {"ev":"stats","hp":260.0,"in_bytes":113797,"late":0,"match":{"countdown_until":300,"ctrl":-1,"final":false,"next":"","phase":3,"rot":3491,"scores":[0,0],"sd":false,"state":1,"tick":109,"zone":"B"},"max_err":1.143,"mean_err":0.2293,"ms":9975,"out_bytes":19865,"pending":11,"pos":[-3.36,-36.93],"reconciles":106,"server_tick":411,"snaps":110}
[client] {"ev":"stats","hp":260.0,"in_bytes":159324,"late":0,"match":{"countdown_until":300,"ctrl":-1,"final":false,"next":"","phase":3,"rot":3236,"scores":[0,0],"sd":false,"state":3,"tick":364,"zone":"B"},"max_err":1.473,"mean_err":0.1953,"ms":14975,"out_bytes":34565,"pending":15,"pos":[-0.37,-7.86],"reconciles":190,"server_tick":676,"snaps":195}
[client] {"a":6,"dup":false,"ev":"game","ms":16476,"predicted":false,"t":0,"tick":741,"type":"hit"}
[client] {"a":2,"dup":true,"ev":"game","ms":16675,"predicted":false,"t":6,"tick":757,"type":"hit"}
[client] {"a":8,"dup":false,"ev":"game","ms":16875,"predicted":false,"t":0,"tick":764,"type":"hit"}
[client] {"a":2,"dup":true,"ev":"game","ms":17007,"predicted":false,"t":6,"tick":777,"type":"hit"}
[client] {"a":8,"dup":false,"ev":"game","ms":17289,"predicted":false,"t":0,"tick":789,"type":"hit"}
[client] {"a":8,"dup":false,"ev":"game","ms":17323,"predicted":false,"t":4,"tick":791,"type":"hit"}
[client] {"a":9,"dup":false,"ev":"game","ms":17386,"predicted":false,"t":2,"tick":795,"type":"hit"}
[client] {"a":9,"dup":false,"ev":"game","ms":17441,"predicted":false,"t":3,"tick":798,"type":"hit"}
[client] {"a":8,"dup":false,"ev":"game","ms":17904,"predicted":false,"t":1,"tick":825,"type":"hit"}
[client] {"a":0,"dup":false,"ev":"game","ms":17987,"predicted":false,"t":8,"tick":830,"type":"hit"}
[client] {"a":2,"dup":true,"ev":"game","ms":18025,"predicted":false,"t":8,"tick":837,"type":"hit"}
[client] {"a":4,"dup":false,"ev":"game","ms":18274,"predicted":false,"t":8,"tick":847,"type":"hit"}
[client] {"a":9,"dup":false,"ev":"game","ms":18795,"predicted":false,"t":0,"tick":878,"type":"hit"}
[client] {"a":8,"dup":false,"ev":"game","ms":19255,"predicted":false,"t":0,"tick":907,"type":"hit"}
[client] {"a":5,"dup":false,"ev":"game","ms":19440,"predicted":false,"t":0,"tick":918,"type":"hit"}
[client] {"a":9,"dup":false,"ev":"game","ms":19665,"predicted":false,"t":4,"tick":930,"type":"hit"}
[client] {"a":1,"dup":false,"ev":"game","ms":19891,"predicted":false,"t":5,"tick":940,"type":"hit"}
[client] {"ev":"stats","hp":222.0,"in_bytes":223858,"late":0,"match":{"countdown_until":300,"ctrl":-1,"final":false,"next":"","phase":3,"rot":2957,"scores":[0,0],"sd":false,"state":3,"tick":643,"zone":"B"},"max_err":1.473,"mean_err":0.162,"ms":19972,"out_bytes":49265,"pending":13,"pos":[-0.13,-3.41],"reconciles":282,"server_tick":951,"snaps":288}
[client] {"a":8,"dup":false,"ev":"game","ms":20074,"predicted":false,"t":4,"tick":946,"type":"hit"}
[client] {"a":9,"dup":false,"ev":"game","ms":20197,"predicted":false,"t":4,"tick":949,"type":"hit"}
[client] {"a":6,"dup":false,"ev":"game","ms":20312,"predicted":false,"t":3,"tick":951,"type":"hit"}
[client] {"a":0,"dup":false,"ev":"game","ms":20563,"predicted":false,"t":5,"tick":959,"type":"hit"}
[client] {"a":8,"dup":false,"ev":"game","ms":20588,"predicted":false,"t":1,"tick":963,"type":"hit"}
[client] {"a":8,"dup":false,"ev":"game","ms":20613,"predicted":false,"t":2,"tick":964,"type":"hit"}
[client] {"a":8,"dup":false,"ev":"game","ms":20613,"predicted":false,"t":0,"tick":966,"type":"hit"}
[client] {"a":9,"dup":false,"ev":"game","ms":20636,"predicted":false,"t":2,"tick":969,"type":"hit"}
[client] {"a":8,"dup":false,"ev":"game","ms":20827,"predicted":false,"t":1,"tick":982,"type":"hit"}
[client] {"a":4,"dup":false,"ev":"game","ms":20894,"predicted":false,"t":9,"tick":985,"type":"hit"}
[client] {"a":6,"dup":false,"ev":"game","ms":21007,"predicted":false,"t":3,"tick":991,"type":"hit"}
[client] {"a":0,"dup":false,"ev":"game","ms":21027,"predicted":false,"t":8,"tick":992,"type":"hit"}
[client] {"a":4,"dup":false,"ev":"game","ms":21278,"predicted":false,"t":9,"tick":1006,"type":"hit"}
[client] {"a":4,"dup":false,"ev":"game","ms":21342,"predicted":false,"t":5,"tick":1010,"type":"hit"}
[client] {"a":8,"dup":false,"ev":"game","ms":21425,"predicted":false,"t":0,"tick":1014,"type":"hit"}
[client] {"a":8,"dup":false,"ev":"game","ms":21462,"predicted":false,"t":2,"tick":1016,"type":"hit"}
[client] {"a":7,"dup":false,"ev":"game","ms":21514,"predicted":false,"t":0,"tick":1019,"type":"hit"}
[client] {"a":4,"dup":false,"ev":"game","ms":21561,"predicted":false,"t":9,"tick":1022,"type":"hit"}
[client] {"a":4,"dup":false,"ev":"game","ms":21592,"predicted":false,"t":5,"tick":1024,"type":"hit"}
[client] {"a":1,"dup":false,"ev":"game","ms":21707,"predicted":false,"t":8,"tick":1030,"type":"hit"}
[client] {"a":2,"dup":true,"ev":"game","ms":22188,"predicted":false,"t":6,"tick":1064,"type":"hit"}
[client] {"a":9,"dup":false,"ev":"game","ms":22298,"predicted":false,"t":4,"tick":1065,"type":"hit"}
[client] {"a":7,"dup":false,"ev":"game","ms":22324,"predicted":false,"t":4,"tick":1067,"type":"hit"}
[client] {"a":1,"dup":false,"ev":"game","ms":22341,"predicted":false,"t":8,"tick":1068,"type":"hit"}
[client] {"a":1,"dup":false,"ev":"game","ms":22404,"predicted":false,"t":7,"tick":1072,"type":"hit"}
[client] {"a":1,"dup":false,"ev":"game","ms":22438,"predicted":false,"t":9,"tick":1074,"type":"hit"}
[client] {"a":0,"dup":false,"ev":"game","ms":22826,"predicted":false,"t":6,"tick":1095,"type":"hit"}
[client] {"a":5,"dup":false,"ev":"game","ms":22896,"predicted":false,"t":4,"tick":1099,"type":"hit"}
[client] {"a":5,"dup":false,"ev":"game","ms":23221,"predicted":false,"t":1,"tick":1119,"type":"hit"}
[client] {"a":7,"dup":false,"ev":"game","ms":23256,"predicted":false,"t":1,"tick":1120,"type":"hit"}
[client] {"a":5,"dup":false,"ev":"game","ms":23291,"predicted":false,"t":4,"tick":1122,"type":"hit"}
[client] {"a":8,"dup":false,"ev":"game","ms":23291,"predicted":false,"t":1,"tick":1122,"type":"hit"}
[client] {"a":8,"dup":false,"ev":"game","ms":23325,"predicted":false,"t":4,"tick":1124,"type":"hit"}
[client] {"a":6,"dup":false,"ev":"game","ms":23825,"predicted":false,"t":3,"tick":1146,"type":"hit"}
[client] {"ev":"stats","hp":168.0,"in_bytes":290773,"late":0,"match":{"countdown_until":300,"ctrl":-1,"final":false,"next":"","phase":3,"rot":2705,"scores":[0,0],"sd":false,"state":3,"tick":895,"zone":"B"},"max_err":1.473,"mean_err":0.1408,"ms":24974,"out_bytes":63965,"pending":8,"pos":[1.81,-2.35],"reconciles":365,"server_tick":1204,"snaps":372}
[client] {"a":8,"dup":false,"ev":"game","ms":24976,"predicted":false,"t":3,"tick":1194,"type":"hit"}
[client] {"a":6,"dup":false,"ev":"game","ms":25775,"predicted":false,"t":2,"tick":1216,"type":"hit"}
[client] {"a":1,"dup":false,"ev":"game","ms":26550,"predicted":false,"t":6,"tick":1235,"type":"hit"}
[client] {"a":7,"dup":false,"ev":"game","ms":26611,"predicted":false,"t":2,"tick":1236,"type":"hit"}
[client] {"a":0,"dup":false,"ev":"game","ms":26776,"predicted":false,"t":8,"tick":1246,"type":"hit"}
[client] {"a":1,"dup":false,"ev":"game","ms":27194,"predicted":false,"t":6,"tick":1269,"type":"hit"}
[client] {"a":1,"dup":false,"ev":"game","ms":27243,"predicted":false,"t":7,"tick":1272,"type":"hit"}
[client] {"a":4,"dup":false,"ev":"game","ms":27425,"predicted":false,"t":8,"tick":1282,"type":"hit"}
[client] {"a":5,"dup":false,"ev":"game","ms":27463,"predicted":false,"t":0,"tick":1284,"type":"hit"}
[client] {"a":4,"dup":false,"ev":"game","ms":27928,"predicted":false,"t":8,"tick":1302,"type":"hit"}
[client] {"a":5,"dup":false,"ev":"game","ms":28049,"predicted":false,"t":0,"tick":1305,"type":"hit"}
[client] {"a":3,"dup":false,"ev":"game","ms":28180,"predicted":false,"t":5,"tick":1318,"type":"hit"}
[client] {"a":2,"dup":true,"ev":"game","ms":28248,"predicted":false,"t":6,"tick":1325,"type":"hit"}
[client] {"a":0,"dup":false,"ev":"game","ms":28382,"predicted":false,"t":5,"tick":1329,"type":"hit"}
[client] {"a":4,"dup":false,"ev":"game","ms":28429,"predicted":false,"t":8,"tick":1332,"type":"hit"}
[client] {"a":8,"dup":false,"ev":"game","ms":28429,"predicted":false,"t":-1,"tick":1332,"type":"ko"}
[client] {"a":5,"dup":false,"ev":"game","ms":28795,"predicted":false,"t":0,"tick":1353,"type":"hit"}
[client] {"a":6,"dup":false,"ev":"game","ms":28822,"predicted":false,"t":1,"tick":1355,"type":"hit"}
[client] {"a":3,"dup":false,"ev":"game","ms":28876,"predicted":false,"t":5,"tick":1358,"type":"hit"}
[client] {"a":9,"dup":false,"ev":"game","ms":29077,"predicted":false,"t":1,"tick":1370,"type":"hit"}
[client] {"a":6,"dup":false,"ev":"game","ms":29159,"predicted":false,"t":1,"tick":1375,"type":"hit"}
[client] {"a":0,"dup":false,"ev":"game","ms":29443,"predicted":false,"t":5,"tick":1392,"type":"hit"}
[client] {"a":3,"dup":false,"ev":"game","ms":29456,"predicted":false,"t":5,"tick":1393,"type":"hit"}
[client] {"a":6,"dup":false,"ev":"game","ms":29527,"predicted":false,"t":1,"tick":1397,"type":"hit"}
[client] {"a":6,"dup":false,"ev":"game","ms":29527,"predicted":false,"t":2,"tick":1397,"type":"hit"}
[client] {"a":4,"dup":false,"ev":"game","ms":29674,"predicted":false,"t":5,"tick":1406,"type":"hit"}
[client] {"a":0,"dup":false,"ev":"game","ms":29742,"predicted":false,"t":5,"tick":1409,"type":"hit"}
[client] {"ev":"stats","hp":110.0,"in_bytes":350154,"late":0,"match":{"countdown_until":300,"ctrl":-1,"final":false,"next":"","phase":3,"rot":2471,"scores":[0,0],"sd":false,"state":3,"tick":1129,"zone":"B"},"max_err":1.473,"mean_err":0.1261,"ms":29968,"out_bytes":78665,"pending":5,"pos":[3.08,-1.51],"reconciles":441,"server_tick":1428,"snaps":450}
[client] {"a":0,"dup":false,"ev":"game","ms":30142,"predicted":false,"t":5,"tick":1432,"type":"hit"}
[client] {"a":2,"dup":true,"ev":"game","ms":30143,"predicted":false,"t":6,"tick":1437,"type":"hit"}
[client] {"a":3,"dup":false,"ev":"game","ms":30160,"predicted":false,"t":5,"tick":1434,"type":"hit"}
[client] {"a":5,"dup":false,"ev":"game","ms":30160,"predicted":false,"t":-1,"tick":1434,"type":"ko"}
[client] {"a":9,"dup":false,"ev":"game","ms":30212,"predicted":false,"t":1,"tick":1437,"type":"block"}
[client] {"a":3,"dup":false,"ev":"game","ms":30246,"predicted":false,"t":7,"tick":1439,"type":"hit"}
[client] {"a":9,"dup":false,"ev":"game","ms":30475,"predicted":false,"t":1,"tick":1453,"type":"hit"}
[client] {"a":1,"dup":false,"ev":"game","ms":30475,"predicted":false,"t":-1,"tick":1453,"type":"ko"}
[client] {"a":0,"dup":false,"ev":"game","ms":30724,"predicted":false,"t":6,"tick":1468,"type":"hit"}
[client] {"a":3,"dup":false,"ev":"game","ms":30792,"predicted":false,"t":6,"tick":1472,"type":"hit"}
[client] {"a":2,"dup":true,"ev":"game","ms":30792,"predicted":false,"t":9,"tick":1477,"type":"hit"}
[client] {"a":3,"dup":false,"ev":"game","ms":30841,"predicted":false,"t":7,"tick":1475,"type":"hit"}
[client] {"a":2,"dup":true,"ev":"game","ms":31096,"predicted":false,"t":9,"tick":1496,"type":"hit"}
[client] {"a":3,"dup":false,"ev":"game","ms":31165,"predicted":false,"t":7,"tick":1494,"type":"hit"}
[client] {"a":0,"dup":false,"ev":"game","ms":31214,"predicted":false,"t":7,"tick":1497,"type":"hit"}
[client] {"a":6,"dup":false,"ev":"game","ms":31343,"predicted":false,"t":4,"tick":1505,"type":"hit"}
[client] {"a":2,"dup":true,"ev":"game","ms":31426,"predicted":false,"t":9,"tick":1516,"type":"hit"}
[client] {"a":6,"dup":false,"ev":"game","ms":31770,"predicted":false,"t":4,"tick":1531,"type":"hit"}
[client] {"a":3,"dup":false,"ev":"game","ms":31852,"predicted":false,"t":7,"tick":1536,"type":"hit"}
[client] {"a":3,"dup":false,"ev":"game","ms":31852,"predicted":false,"t":9,"tick":1536,"type":"hit"}
[client] {"a":6,"dup":false,"ev":"game","ms":32122,"predicted":false,"t":4,"tick":1552,"type":"hit"}
[client] {"a":4,"dup":false,"ev":"game","ms":32122,"predicted":false,"t":-1,"tick":1552,"type":"ko"}
[client] {"a":3,"dup":false,"ev":"game","ms":32336,"predicted":false,"t":9,"tick":1565,"type":"hit"}
[client] {"a":6,"dup":false,"ev":"game","ms":32377,"predicted":false,"t":0,"tick":1567,"type":"hit"}
[client] {"a":0,"dup":false,"ev":"game","ms":32377,"predicted":false,"t":-1,"tick":1567,"type":"ko"}
[client] {"a":3,"dup":false,"ev":"game","ms":32688,"predicted":false,"t":9,"tick":1586,"type":"hit"}
[client] {"a":2,"dup":true,"ev":"game","ms":32839,"predicted":false,"t":9,"tick":1600,"type":"hit"}
[client] {"a":3,"dup":false,"ev":"game","ms":33074,"predicted":false,"t":9,"tick":1609,"type":"hit"}
[client] {"a":9,"dup":false,"ev":"game","ms":33074,"predicted":false,"t":-1,"tick":1609,"type":"ko"}
[client] {"a":7,"dup":false,"ev":"game","ms":33301,"predicted":false,"t":3,"tick":1623,"type":"hit"}
[client] {"a":7,"dup":false,"ev":"game","ms":33620,"predicted":false,"t":3,"tick":1642,"type":"hit"}
[client] {"a":2,"dup":true,"ev":"game","ms":33842,"predicted":false,"t":7,"tick":1661,"type":"hit"}
[client] {"a":3,"dup":false,"ev":"game","ms":33993,"predicted":false,"t":7,"tick":1664,"type":"hit"}
[client] {"a":7,"dup":false,"ev":"game","ms":33993,"predicted":false,"t":-1,"tick":1664,"type":"ko"}
[client] {"a":6,"dup":false,"ev":"game","ms":34159,"predicted":false,"t":3,"tick":1674,"type":"hit"}
[client] {"a":6,"dup":false,"ev":"game","ms":34536,"predicted":false,"t":3,"tick":1697,"type":"hit"}
[client] {"ev":"stats","hp":110.0,"in_bytes":418973,"late":0,"match":{"countdown_until":300,"ctrl":-1,"final":false,"next":"","phase":3,"rot":2171,"scores":[0,0],"sd":false,"state":3,"tick":1429,"zone":"B"},"max_err":1.473,"mean_err":0.1046,"ms":34970,"out_bytes":93365,"pending":3,"pos":[1.28,-2.65],"reconciles":542,"server_tick":1728,"snaps":550}
[client] {"a":3,"dup":false,"ev":"game","ms":35023,"predicted":false,"t":6,"tick":1727,"type":"hit"}
[client] {"a":3,"dup":false,"ev":"game","ms":35359,"predicted":false,"t":6,"tick":1747,"type":"hit"}
[client] {"a":6,"dup":false,"ev":"game","ms":35359,"predicted":false,"t":-1,"tick":1747,"type":"ko"}
[client] {"a":8,"dup":false,"ev":"game","ms":38457,"predicted":false,"t":-1,"tick":1932,"type":"respawn"}
[client] {"ev":"stats","hp":110.0,"in_bytes":464114,"late":0,"match":{"countdown_until":300,"ctrl":0,"final":false,"next":"","phase":3,"rot":1871,"scores":[4,0],"sd":false,"state":2,"tick":1729,"zone":"B"},"max_err":1.473,"mean_err":0.0889,"ms":39972,"out_bytes":108065,"pending":3,"pos":[0.56,-2.75],"reconciles":642,"server_tick":2028,"snaps":650}
[client] {"a":5,"dup":false,"ev":"game","ms":40139,"predicted":false,"t":-1,"tick":2034,"type":"respawn"}
[client] {"a":1,"dup":false,"ev":"game","ms":40456,"predicted":false,"t":-1,"tick":2053,"type":"respawn"}
[client] {"a":4,"dup":false,"ev":"game","ms":42106,"predicted":false,"t":-1,"tick":2152,"type":"respawn"}
[client] {"a":0,"dup":false,"ev":"game","ms":42363,"predicted":false,"t":-1,"tick":2167,"type":"respawn"}
[client] {"a":9,"dup":false,"ev":"game","ms":43059,"predicted":false,"t":-1,"tick":2209,"type":"respawn"}
[client] {"a":7,"dup":false,"ev":"game","ms":43968,"predicted":false,"t":-1,"tick":2264,"type":"respawn"}
[client] {"ev":"stats","hp":177.200000000002,"in_bytes":508598,"late":0,"match":{"countdown_until":300,"ctrl":-1,"final":false,"next":"","phase":3,"rot":1583,"scores":[8,0],"sd":false,"state":3,"tick":2017,"zone":"B"},"max_err":1.473,"mean_err":0.0773,"ms":44968,"out_bytes":122765,"pending":15,"pos":[0.56,-2.75],"reconciles":738,"server_tick":2326,"snaps":746}
[client] {"a":6,"dup":false,"ev":"game","ms":45421,"predicted":false,"t":-1,"tick":2347,"type":"respawn"}
[client] {"a":8,"dup":false,"ev":"game","ms":46236,"predicted":false,"t":3,"tick":2396,"type":"hit"}
[client] {"a":8,"dup":false,"ev":"game","ms":46785,"predicted":false,"t":3,"tick":2430,"type":"hit"}
[client] {"a":8,"dup":false,"ev":"game","ms":46807,"predicted":false,"t":2,"tick":2431,"type":"hit"}
[client] {"a":8,"dup":false,"ev":"game","ms":47635,"predicted":false,"t":3,"tick":2480,"type":"hit"}
[client] {"a":8,"dup":false,"ev":"game","ms":47669,"predicted":false,"t":2,"tick":2482,"type":"hit"}
[client] {"a":1,"dup":false,"ev":"game","ms":47693,"predicted":false,"t":8,"tick":2483,"type":"hit"}
[client] {"a":3,"dup":false,"ev":"game","ms":48318,"predicted":false,"t":5,"tick":2521,"type":"block"}
[client] {"a":8,"dup":false,"ev":"game","ms":48601,"predicted":false,"t":3,"tick":2538,"type":"hit"}
[client] {"a":1,"dup":false,"ev":"game","ms":48811,"predicted":false,"t":5,"tick":2550,"type":"block"}
[client] {"a":8,"dup":false,"ev":"game","ms":48925,"predicted":false,"t":3,"tick":2557,"type":"hit"}
[client] {"a":1,"dup":false,"ev":"game","ms":49204,"predicted":false,"t":5,"tick":2574,"type":"block"}
[client] {"a":3,"dup":false,"ev":"game","ms":49345,"predicted":false,"t":8,"tick":2581,"type":"hit"}
[client] {"a":3,"dup":false,"ev":"game","ms":49348,"predicted":false,"t":5,"tick":2582,"type":"block"}
[client] {"a":0,"dup":false,"ev":"game","ms":49551,"predicted":false,"t":5,"tick":2595,"type":"block"}
[client] {"a":0,"dup":false,"ev":"game","ms":49572,"predicted":false,"t":8,"tick":2596,"type":"hit"}
[client] {"a":1,"dup":false,"ev":"game","ms":49619,"predicted":false,"t":5,"tick":2599,"type":"block"}
[client] {"ev":"stats","hp":162.900000000003,"in_bytes":573159,"late":0,"match":{"countdown_until":300,"ctrl":-1,"final":false,"next":"","phase":3,"rot":1274,"scores":[8,0],"sd":false,"state":3,"tick":2326,"zone":"B"},"max_err":1.473,"mean_err":0.0704,"ms":49968,"out_bytes":137465,"pending":6,"pos":[-0.27,-2.76],"reconciles":839,"server_tick":2625,"snaps":848}
[client] {"a":3,"dup":false,"ev":"game","ms":49999,"predicted":false,"t":5,"tick":2622,"type":"block"}
[client] {"a":0,"dup":false,"ev":"game","ms":50191,"predicted":false,"t":5,"tick":2633,"type":"block"}
[client] {"a":1,"dup":false,"ev":"game","ms":50208,"predicted":false,"t":5,"tick":2634,"type":"block"}
[client] {"a":4,"dup":false,"ev":"game","ms":50219,"predicted":false,"t":8,"tick":2635,"type":"hit"}
[client] {"a":0,"dup":false,"ev":"game","ms":50537,"predicted":false,"t":5,"tick":2654,"type":"block"}
[client] {"a":4,"dup":false,"ev":"game","ms":50550,"predicted":false,"t":8,"tick":2655,"type":"hit"}
[client] {"a":0,"dup":false,"ev":"game","ms":50761,"predicted":false,"t":5,"tick":2668,"type":"guard_break"}
[client] {"a":4,"dup":false,"ev":"game","ms":50890,"predicted":false,"t":8,"tick":2675,"type":"hit"}
[client] {"a":3,"dup":false,"ev":"game","ms":50974,"predicted":false,"t":5,"tick":2680,"type":"hit"}
[client] {"a":9,"dup":false,"ev":"game","ms":50974,"predicted":false,"t":3,"tick":2680,"type":"hit"}
[client] {"a":1,"dup":false,"ev":"game","ms":51123,"predicted":false,"t":5,"tick":2690,"type":"hit"}
[client] {"a":9,"dup":false,"ev":"game","ms":51288,"predicted":false,"t":3,"tick":2700,"type":"hit"}
[client] {"a":8,"dup":false,"ev":"game","ms":51590,"predicted":false,"t":4,"tick":2717,"type":"hit"}
[client] {"a":9,"dup":false,"ev":"game","ms":51984,"predicted":false,"t":1,"tick":2740,"type":"hit"}
[client] {"a":9,"dup":false,"ev":"game","ms":51984,"predicted":false,"t":3,"tick":2740,"type":"hit"}
[client] {"a":3,"dup":false,"ev":"game","ms":51984,"predicted":false,"t":-1,"tick":2740,"type":"ko"}
[client] {"a":0,"dup":false,"ev":"game","ms":52167,"predicted":false,"t":9,"tick":2751,"type":"hit"}
[client] {"a":0,"dup":false,"ev":"game","ms":52270,"predicted":false,"t":7,"tick":2757,"type":"hit"}
[client] {"a":8,"dup":false,"ev":"game","ms":52577,"predicted":false,"t":0,"tick":2776,"type":"hit"}
[client] {"a":4,"dup":false,"ev":"game","ms":52929,"predicted":false,"t":5,"tick":2797,"type":"hit"}
[client] {"a":8,"dup":false,"ev":"game","ms":53007,"predicted":false,"t":0,"tick":2802,"type":"hit"}
[client] {"a":0,"dup":false,"ev":"game","ms":53556,"predicted":false,"t":5,"tick":2835,"type":"hit"}
[client] {"a":0,"dup":false,"ev":"game","ms":53556,"predicted":false,"t":8,"tick":2835,"type":"hit"}
[client] {"a":2,"dup":true,"ev":"game","ms":53626,"predicted":false,"t":8,"tick":2845,"type":"hit"}
[client] {"a":2,"dup":true,"ev":"game","ms":53674,"predicted":false,"t":5,"tick":2848,"type":"hit"}
[client] {"a":0,"dup":false,"ev":"game","ms":53835,"predicted":false,"t":5,"tick":2852,"type":"hit"}
[client] {"a":7,"dup":false,"ev":"game","ms":53863,"predicted":false,"t":2,"tick":2853,"type":"hit"}
[client] {"a":7,"dup":false,"ev":"game","ms":54075,"predicted":false,"t":0,"tick":2866,"type":"hit"}
[client] {"a":7,"dup":false,"ev":"game","ms":54085,"predicted":false,"t":2,"tick":2867,"type":"hit"}
[client] {"a":4,"dup":false,"ev":"game","ms":54589,"predicted":false,"t":5,"tick":2898,"type":"hit"}
[client] {"a":4,"dup":false,"ev":"game","ms":54589,"predicted":false,"t":8,"tick":2898,"type":"hit"}
[client] {"a":8,"dup":false,"ev":"game","ms":54589,"predicted":false,"t":-1,"tick":2898,"type":"ko"}
[client] {"a":7,"dup":false,"ev":"game","ms":54920,"predicted":false,"t":2,"tick":2918,"type":"hit"}
[client] {"ev":"stats","hp":108.900000000003,"in_bytes":648802,"late":0,"match":{"countdown_until":300,"ctrl":-1,"final":false,"next":"","phase":3,"rot":974,"scores":[8,0],"sd":false,"state":3,"tick":2626,"zone":"B"},"max_err":1.473,"mean_err":0.0653,"ms":54967,"out_bytes":152165,"pending":4,"pos":[-1.68,-2.92],"reconciles":940,"server_tick":2925,"snaps":948}
[client] {"a":1,"dup":false,"ev":"game","ms":55024,"predicted":false,"t":6,"tick":2924,"type":"hit"}
[client] {"a":1,"dup":false,"ev":"game","ms":55111,"predicted":false,"t":7,"tick":2929,"type":"hit"}
[client] {"a":5,"dup":false,"ev":"game","ms":55246,"predicted":false,"t":0,"tick":2937,"type":"hit"}
[client] {"a":2,"dup":false,"ev":"game","ms":55273,"predicted":false,"t":5,"tick":2944,"type":"hit"}
[client] {"a":4,"dup":false,"ev":"game","ms":55552,"predicted":false,"t":9,"tick":2956,"type":"hit"}
[client] {"a":7,"dup":false,"ev":"game","ms":55634,"predicted":false,"t":4,"tick":2961,"type":"hit"}
[client] {"a":6,"dup":false,"ev":"game","ms":55868,"predicted":false,"t":0,"tick":2974,"type":"hit"}
[client] {"a":7,"dup":false,"ev":"game","ms":55965,"predicted":false,"t":4,"tick":2980,"type":"hit"}
[client] {"a":9,"dup":false,"ev":"game","ms":56020,"predicted":false,"t":4,"tick":2983,"type":"hit"}
[client] {"a":6,"dup":false,"ev":"game","ms":56220,"predicted":false,"t":0,"tick":2996,"type":"hit"}
[client] {"a":7,"dup":false,"ev":"game","ms":56304,"predicted":false,"t":4,"tick":3000,"type":"hit"}
[client] {"a":9,"dup":false,"ev":"game","ms":56338,"predicted":false,"t":4,"tick":3003,"type":"hit"}
[client] {"a":6,"dup":false,"ev":"game","ms":56634,"predicted":false,"t":1,"tick":3020,"type":"hit"}
[client] {"a":6,"dup":false,"ev":"game","ms":56670,"predicted":false,"t":0,"tick":3022,"type":"hit"}
[client] {"a":9,"dup":false,"ev":"game","ms":56704,"predicted":false,"t":4,"tick":3024,"type":"hit"}
[client] {"a":2,"dup":false,"ev":"game","ms":56986,"predicted":false,"t":5,"tick":3047,"type":"block"}
[client] {"a":1,"dup":false,"ev":"game","ms":57325,"predicted":false,"t":6,"tick":3061,"type":"hit"}
[client] {"a":4,"dup":false,"ev":"game","ms":57448,"predicted":false,"t":7,"tick":3069,"type":"hit"}
[client] {"a":0,"dup":false,"ev":"game","ms":57482,"predicted":false,"t":5,"tick":3071,"type":"hit"}
[client] {"a":2,"dup":true,"ev":"game","ms":57586,"predicted":false,"t":5,"tick":3082,"type":"hit"}
[client] {"a":6,"dup":false,"ev":"game","ms":57742,"predicted":false,"t":1,"tick":3086,"type":"hit"}
[client] {"a":2,"dup":true,"ev":"game","ms":58191,"predicted":false,"t":9,"tick":3119,"type":"hit"}
[client] {"a":5,"dup":false,"ev":"game","ms":58322,"predicted":false,"t":0,"tick":3121,"type":"hit"}
[client] {"a":5,"dup":false,"ev":"game","ms":58343,"predicted":false,"t":2,"tick":3122,"type":"hit"}
[client] {"a":6,"dup":false,"ev":"game","ms":58423,"predicted":false,"t":1,"tick":3127,"type":"hit"}
[client] {"a":9,"dup":false,"ev":"game","ms":58720,"predicted":false,"t":0,"tick":3145,"type":"hit"}
[client] {"a":5,"dup":false,"ev":"game","ms":58988,"predicted":false,"t":1,"tick":3161,"type":"hit"}
[client] {"a":7,"dup":false,"ev":"game","ms":59202,"predicted":false,"t":4,"tick":3174,"type":"hit"}
[client] {"a":5,"dup":false,"ev":"game","ms":59742,"predicted":false,"t":1,"tick":3206,"type":"hit"}
[client] {"ev":"stats","hp":70.9000000000026,"in_bytes":721334,"late":0,"match":{"countdown_until":300,"ctrl":-1,"final":false,"next":"A","phase":3,"rot":674,"scores":[8,0],"sd":false,"state":3,"tick":2926,"zone":"B"},"max_err":1.473,"mean_err":0.0612,"ms":59967,"out_bytes":166865,"pending":7,"pos":[-0.73,-3.76],"reconciles":1039,"server_tick":3224,"snaps":1048}
[client] {"a":2,"dup":true,"ev":"game","ms":60004,"predicted":false,"t":6,"tick":3227,"type":"hit"}
[client] {"a":0,"dup":false,"ev":"game","ms":60048,"predicted":false,"t":9,"tick":3225,"type":"hit"}
[client] {"a":7,"dup":false,"ev":"game","ms":60152,"predicted":false,"t":4,"tick":3231,"type":"hit"}
[client] {"a":0,"dup":false,"ev":"game","ms":60352,"predicted":false,"t":9,"tick":3243,"type":"hit"}
[client] {"a":5,"dup":false,"ev":"game","ms":60366,"predicted":false,"t":1,"tick":3244,"type":"hit"}
[client] {"a":9,"dup":false,"ev":"game","ms":60672,"predicted":false,"t":0,"tick":3262,"type":"hit"}
[client] {"a":1,"dup":false,"ev":"game","ms":60720,"predicted":false,"t":5,"tick":3265,"type":"hit"}
[client] {"a":4,"dup":false,"ev":"game","ms":60904,"predicted":false,"t":7,"tick":3276,"type":"hit"}
[client] {"a":6,"dup":false,"ev":"game","ms":60987,"predicted":false,"t":2,"tick":3281,"type":"hit"}
[client] {"a":5,"dup":false,"ev":"game","ms":61119,"predicted":false,"t":1,"tick":3289,"type":"hit"}
[client] {"a":9,"dup":false,"ev":"game","ms":61167,"predicted":false,"t":0,"tick":3292,"type":"hit"}
[client] {"a":1,"dup":false,"ev":"game","ms":61719,"predicted":false,"t":5,"tick":3325,"type":"hit"}
[client] {"a":3,"dup":false,"ev":"game","ms":61955,"predicted":false,"t":-1,"tick":3340,"type":"respawn"}
[client] {"a":1,"dup":false,"ev":"game","ms":62036,"predicted":false,"t":5,"tick":3344,"type":"hit"}
[client] {"a":5,"dup":false,"ev":"game","ms":62036,"predicted":false,"t":-1,"tick":3344,"type":"ko"}
[client] {"a":9,"dup":false,"ev":"game","ms":62268,"predicted":false,"t":2,"tick":3358,"type":"hit"}
[client] {"a":4,"dup":false,"ev":"game","ms":62433,"predicted":false,"t":7,"tick":3368,"type":"hit"}
[client] {"a":9,"dup":false,"ev":"game","ms":62573,"predicted":false,"t":2,"tick":3376,"type":"hit"}
[client] {"a":1,"dup":false,"ev":"game","ms":62593,"predicted":false,"t":9,"tick":3377,"type":"hit"}
[client] {"a":9,"dup":false,"ev":"game","ms":62941,"predicted":false,"t":0,"tick":3398,"type":"hit"}
[client] {"a":0,"dup":false,"ev":"game","ms":62941,"predicted":false,"t":-1,"tick":3398,"type":"ko"}
[client] {"a":2,"dup":true,"ev":"game","ms":63106,"predicted":false,"t":9,"tick":3414,"type":"hit"}
[client] {"a":4,"dup":false,"ev":"game","ms":63188,"predicted":false,"t":7,"tick":3413,"type":"hit"}
[client] {"a":7,"dup":false,"ev":"game","ms":63568,"predicted":false,"t":4,"tick":3436,"type":"hit"}
[client] {"a":6,"dup":false,"ev":"game","ms":63623,"predicted":false,"t":1,"tick":3439,"type":"hit"}
[client] {"a":7,"dup":false,"ev":"game","ms":63804,"predicted":false,"t":4,"tick":3450,"type":"hit"}
[client] {"a":4,"dup":false,"ev":"game","ms":63804,"predicted":false,"t":-1,"tick":3450,"type":"ko"}
[client] {"a":1,"dup":false,"ev":"game","ms":63971,"predicted":false,"t":6,"tick":3461,"type":"hit"}
[client] {"a":1,"dup":false,"ev":"game","ms":64285,"predicted":false,"t":6,"tick":3480,"type":"hit"}
[client] {"a":1,"dup":false,"ev":"game","ms":64603,"predicted":false,"t":6,"tick":3498,"type":"hit"}
[client] {"a":8,"dup":false,"ev":"game","ms":64603,"predicted":false,"t":-1,"tick":3498,"type":"respawn"}
[client] {"a":1,"dup":false,"ev":"game","ms":64659,"predicted":false,"t":7,"tick":3501,"type":"hit"}
[client] {"ev":"stats","hp":4.90000000000259,"in_bytes":790944,"late":0,"match":{"countdown_until":300,"ctrl":-1,"final":false,"next":"A","phase":3,"rot":374,"scores":[8,0],"sd":false,"state":3,"tick":3226,"zone":"B"},"max_err":1.473,"mean_err":0.058,"ms":64967,"out_bytes":181565,"pending":7,"pos":[-1.44,-2.38],"reconciles":1139,"server_tick":3525,"snaps":1148}
[client] {"a":2,"dup":false,"ev":"game","ms":65464,"predicted":false,"t":-1,"tick":3554,"type":"ko"}
[client] {"a":9,"dup":false,"ev":"game","ms":65546,"predicted":false,"t":2,"tick":3554,"type":"hit"}
[client] {"a":1,"dup":false,"ev":"game","ms":65594,"predicted":false,"t":7,"tick":3557,"type":"hit"}
[client] {"a":7,"dup":false,"ev":"game","ms":66556,"predicted":false,"t":1,"tick":3615,"type":"hit"}
[client] {"a":1,"dup":false,"ev":"game","ms":66556,"predicted":false,"t":-1,"tick":3615,"type":"ko"}
[client] {"a":6,"dup":false,"ev":"game","ms":69052,"predicted":false,"t":3,"tick":3766,"type":"hit"}
[client] {"a":6,"dup":false,"ev":"game","ms":69273,"predicted":false,"t":3,"tick":3779,"type":"hit"}
[client] {"ev":"stats","hp":0.0,"in_bytes":846074,"late":0,"match":{"countdown_until":300,"ctrl":-1,"final":false,"next":"A","phase":3,"rot":74,"scores":[8,1],"sd":false,"state":3,"tick":3526,"zone":"B"},"max_err":1.473,"mean_err":0.0534,"ms":69965,"out_bytes":196265,"pending":7,"pos":[-1.72,-2.9],"reconciles":1239,"server_tick":3825,"snaps":1248}
[client] {"a":3,"dup":false,"ev":"game","ms":70155,"predicted":false,"t":6,"tick":3831,"type":"hit"}
[client] {"a":6,"dup":false,"ev":"game","ms":70918,"predicted":false,"t":3,"tick":3877,"type":"hit"}
[client] {"a":6,"dup":false,"ev":"game","ms":71236,"predicted":false,"t":3,"tick":3896,"type":"hit"}
[client] {"a":-1,"dup":false,"ev":"game","ms":71283,"predicted":false,"t":-1,"tick":3899,"type":"zone_rotated"}
[client] {"a":7,"dup":false,"ev":"game","ms":71339,"predicted":false,"t":3,"tick":3902,"type":"hit"}
[client] {"a":5,"dup":false,"ev":"game","ms":72084,"predicted":false,"t":-1,"tick":3944,"type":"respawn"}
[client] {"a":0,"dup":false,"ev":"game","ms":72989,"predicted":false,"t":-1,"tick":3998,"type":"respawn"}
[client] {"a":4,"dup":false,"ev":"game","ms":73856,"predicted":false,"t":-1,"tick":4050,"type":"respawn"}
[client] {"ev":"stats","hp":0.0,"in_bytes":904298,"late":0,"match":{"countdown_until":300,"ctrl":-1,"final":false,"next":"","phase":3,"rot":3380,"scores":[8,1],"sd":false,"state":1,"tick":3820,"zone":"A"},"max_err":1.473,"mean_err":0.0494,"ms":74966,"out_bytes":210965,"pending":5,"pos":[-1.72,-2.9],"reconciles":1338,"server_tick":4121,"snaps":1346}
[client] {"a":7,"dup":false,"ev":"game","ms":75003,"predicted":false,"t":3,"tick":4119,"type":"hit"}
[client] {"a":2,"dup":false,"ev":"game","ms":75507,"predicted":false,"t":-1,"tick":4154,"type":"respawn"}
[client] {"a":1,"dup":false,"ev":"game","ms":76627,"predicted":false,"t":-1,"tick":4215,"type":"respawn"}
[client] {"a":8,"dup":false,"ev":"game","ms":79008,"predicted":false,"t":3,"tick":4358,"type":"hit"}
[client] {"a":3,"dup":false,"ev":"game","ms":79371,"predicted":false,"t":8,"tick":4380,"type":"hit"}
[client] {"a":6,"dup":false,"ev":"game","ms":79688,"predicted":false,"t":3,"tick":4400,"type":"hit"}
[client] {"a":7,"dup":false,"ev":"game","ms":79770,"predicted":false,"t":3,"tick":4405,"type":"hit"}
[client] {"ev":"stats","hp":260.0,"in_bytes":964807,"late":0,"match":{"countdown_until":300,"ctrl":-1,"final":false,"next":"","phase":3,"rot":3077,"scores":[8,2],"sd":false,"state":3,"tick":4123,"zone":"A"},"max_err":1.473,"mean_err":0.046,"ms":79972,"out_bytes":225665,"pending":5,"pos":[-2.54,-19.57],"reconciles":1437,"server_tick":4421,"snaps":1447}
[client] {"a":7,"dup":false,"ev":"game","ms":80920,"predicted":false,"t":3,"tick":4473,"type":"hit"}
[client] {"a":9,"dup":false,"ev":"game","ms":81308,"predicted":false,"t":3,"tick":4496,"type":"hit"}
[client] {"a":7,"dup":false,"ev":"game","ms":81332,"predicted":false,"t":3,"tick":4498,"type":"hit"}
[client] {"a":8,"dup":false,"ev":"game","ms":81454,"predicted":false,"t":3,"tick":4505,"type":"hit"}
[client] {"a":3,"dup":false,"ev":"game","ms":81454,"predicted":false,"t":-1,"tick":4505,"type":"ko"}
[client] {"a":0,"dup":false,"ev":"game","ms":83926,"predicted":false,"t":9,"tick":4654,"type":"block"}
[client] {"a":9,"dup":false,"ev":"game","ms":84173,"predicted":false,"t":0,"tick":4669,"type":"hit"}
[client] {"a":9,"dup":false,"ev":"game","ms":84229,"predicted":false,"t":4,"tick":4672,"type":"hit"}
[client] {"a":6,"dup":false,"ev":"game","ms":84455,"predicted":false,"t":0,"tick":4686,"type":"hit"}
[client] {"a":9,"dup":false,"ev":"game","ms":84559,"predicted":false,"t":0,"tick":4692,"type":"hit"}
[client] {"a":9,"dup":false,"ev":"game","ms":84608,"predicted":false,"t":4,"tick":4695,"type":"hit"}
[client] {"a":9,"dup":false,"ev":"game","ms":84877,"predicted":false,"t":0,"tick":4711,"type":"hit"}
[client] {"ev":"stats","hp":260.0,"in_bytes":1026117,"late":0,"match":{"countdown_until":300,"ctrl":-1,"final":false,"next":"","phase":3,"rot":2777,"scores":[8,3],"sd":false,"state":3,"tick":4423,"zone":"A"},"max_err":1.473,"mean_err":0.043,"ms":84971,"out_bytes":240365,"pending":5,"pos":[-30.69,-6.53],"reconciles":1537,"server_tick":4721,"snaps":1547}
[client] {"a":4,"dup":false,"ev":"game","ms":85428,"predicted":false,"t":9,"tick":4743,"type":"hit"}
[client] {"a":6,"dup":false,"ev":"game","ms":85456,"predicted":false,"t":4,"tick":4746,"type":"hit"}
[client] {"a":0,"dup":false,"ev":"game","ms":86106,"predicted":false,"t":6,"tick":4785,"type":"hit"}
[client] {"a":4,"dup":false,"ev":"game","ms":86172,"predicted":false,"t":6,"tick":4789,"type":"hit"}
[client] {"a":6,"dup":false,"ev":"game","ms":86172,"predicted":false,"t":-1,"tick":4789,"type":"ko"}
[client] {"a":0,"dup":false,"ev":"game","ms":86190,"predicted":false,"t":8,"tick":4790,"type":"hit"}
[client] {"a":2,"dup":true,"ev":"game","ms":86942,"predicted":false,"t":5,"tick":4839,"type":"hit"}
[client] {"a":8,"dup":false,"ev":"game","ms":87192,"predicted":false,"t":2,"tick":4849,"type":"hit"}
[client] {"a":4,"dup":false,"ev":"game","ms":87269,"predicted":false,"t":8,"tick":4854,"type":"hit"}
[client] {"a":5,"dup":false,"ev":"game","ms":87419,"predicted":false,"t":2,"tick":4863,"type":"hit"}
[client] {"a":4,"dup":false,"ev":"game","ms":87620,"predicted":false,"t":8,"tick":4875,"type":"hit"}
[client] {"a":7,"dup":false,"ev":"game","ms":87620,"predicted":false,"t":0,"tick":4875,"type":"hit"}
[client] {"a":7,"dup":false,"ev":"game","ms":87620,"predicted":false,"t":1,"tick":4875,"type":"hit"}
[client] {"a":2,"dup":true,"ev":"game","ms":87647,"predicted":false,"t":5,"tick":4882,"type":"hit"}
[client] {"a":4,"dup":false,"ev":"game","ms":87937,"predicted":false,"t":8,"tick":4894,"type":"hit"}
[client] {"a":5,"dup":false,"ev":"game","ms":88127,"predicted":false,"t":2,"tick":4905,"type":"hit"}
[client] {"a":8,"dup":false,"ev":"game","ms":88622,"predicted":false,"t":4,"tick":4935,"type":"hit"}
[client] {"a":0,"dup":false,"ev":"game","ms":88669,"predicted":false,"t":7,"tick":4938,"type":"hit"}
[client] {"a":1,"dup":false,"ev":"game","ms":88669,"predicted":false,"t":7,"tick":4938,"type":"hit"}
[client] {"a":5,"dup":false,"ev":"game","ms":88669,"predicted":false,"t":2,"tick":4938,"type":"hit"}
[client] {"a":7,"dup":false,"ev":"game","ms":88669,"predicted":false,"t":-1,"tick":4938,"type":"ko"}
[client] {"a":5,"dup":false,"ev":"game","ms":89269,"predicted":false,"t":2,"tick":4974,"type":"hit"}
[client] {"a":0,"dup":false,"ev":"game","ms":89670,"predicted":false,"t":5,"tick":4998,"type":"hit"}
[client] {"a":1,"dup":false,"ev":"game","ms":89684,"predicted":false,"t":5,"tick":4999,"type":"hit"}
[client] {"a":1,"dup":false,"ev":"game","ms":89684,"predicted":false,"t":8,"tick":4999,"type":"hit"}
[client] {"a":1,"dup":false,"ev":"game","ms":89705,"predicted":false,"t":9,"tick":5000,"type":"hit"}
[client] {"a":0,"dup":false,"ev":"game","ms":89740,"predicted":false,"t":9,"tick":5002,"type":"hit"}
[client] {"a":9,"dup":false,"ev":"game","ms":89740,"predicted":false,"t":-1,"tick":5002,"type":"ko"}
[client] {"a":0,"dup":false,"ev":"game","ms":89766,"predicted":false,"t":8,"tick":5004,"type":"hit"}
[client] {"ev":"stats","hp":170.0,"in_bytes":1093872,"late":0,"match":{"countdown_until":300,"ctrl":-1,"final":false,"next":"","phase":3,"rot":2480,"scores":[8,3],"sd":false,"state":3,"tick":4720,"zone":"A"},"max_err":1.473,"mean_err":0.0429,"ms":89966,"out_bytes":255065,"pending":5,"pos":[-39.26,-0.25],"reconciles":1637,"server_tick":5021,"snaps":1646}
[client] {"a":5,"dup":false,"ev":"game","ms":90504,"predicted":false,"t":1,"tick":5048,"type":"hit"}
[client] {"a":5,"dup":false,"ev":"game","ms":90804,"predicted":false,"t":0,"tick":5066,"type":"hit"}
[client] {"a":5,"dup":false,"ev":"game","ms":90804,"predicted":false,"t":1,"tick":5066,"type":"hit"}
[client] {"a":8,"dup":false,"ev":"game","ms":90871,"predicted":false,"t":0,"tick":5070,"type":"hit"}
[client] {"a":8,"dup":false,"ev":"game","ms":90871,"predicted":false,"t":1,"tick":5070,"type":"hit"}
[client] {"a":8,"dup":false,"ev":"game","ms":90920,"predicted":false,"t":4,"tick":5073,"type":"hit"}
[client] {"a":8,"dup":false,"ev":"game","ms":90939,"predicted":false,"t":2,"tick":5074,"type":"hit"}
[client] {"a":3,"dup":false,"ev":"game","ms":91447,"predicted":false,"t":-1,"tick":5105,"type":"respawn"}
[client] {"a":1,"dup":false,"ev":"game","ms":91675,"predicted":false,"t":8,"tick":5119,"type":"hit"}
[client] {"a":1,"dup":false,"ev":"game","ms":91992,"predicted":false,"t":5,"tick":5138,"type":"hit"}
[client] {"a":1,"dup":false,"ev":"game","ms":91992,"predicted":false,"t":8,"tick":5138,"type":"hit"}
[client] {"a":8,"dup":false,"ev":"game","ms":91992,"predicted":false,"t":-1,"tick":5138,"type":"ko"}
[client] {"a":2,"dup":true,"ev":"game","ms":92074,"predicted":false,"t":5,"tick":5148,"type":"hit"}
[client] {"a":5,"dup":false,"ev":"game","ms":92999,"predicted":false,"t":1,"tick":5198,"type":"hit"}
[client] {"a":5,"dup":false,"ev":"game","ms":93024,"predicted":false,"t":2,"tick":5199,"type":"hit"}
[client] {"a":5,"dup":false,"ev":"game","ms":93318,"predicted":false,"t":1,"tick":5217,"type":"hit"}
[client] {"a":5,"dup":false,"ev":"game","ms":93366,"predicted":false,"t":2,"tick":5220,"type":"hit"}
[client] {"a":0,"dup":false,"ev":"game","ms":93400,"predicted":false,"t":5,"tick":5222,"type":"hit"}
[client] {"a":4,"dup":false,"ev":"game","ms":93553,"predicted":false,"t":5,"tick":5231,"type":"hit"}
[client] {"a":4,"dup":false,"ev":"game","ms":93923,"predicted":false,"t":5,"tick":5253,"type":"hit"}
[client] {"a":1,"dup":false,"ev":"game","ms":94154,"predicted":false,"t":5,"tick":5267,"type":"hit"}
[client] {"a":5,"dup":false,"ev":"game","ms":94154,"predicted":false,"t":-1,"tick":5267,"type":"ko"}
[client] {"ev":"stats","hp":96.0,"in_bytes":1151977,"late":0,"match":{"countdown_until":300,"ctrl":0,"final":false,"next":"","phase":3,"rot":2180,"scores":[8,3],"sd":false,"state":2,"tick":5020,"zone":"A"},"max_err":1.473,"mean_err":0.0421,"ms":94967,"out_bytes":269765,"pending":5,"pos":[-41.55,0.01],"reconciles":1737,"server_tick":5321,"snaps":1746}
[client] {"a":6,"dup":false,"ev":"game","ms":96170,"predicted":false,"t":-1,"tick":5389,"type":"respawn"}
[client] {"a":7,"dup":false,"ev":"game","ms":98674,"predicted":false,"t":-1,"tick":5538,"type":"respawn"}
[client] {"a":9,"dup":false,"ev":"game","ms":99722,"predicted":false,"t":-1,"tick":5602,"type":"respawn"}
[client] {"ev":"stats","hp":107.4,"in_bytes":1196887,"late":0,"match":{"countdown_until":300,"ctrl":0,"final":false,"next":"","phase":3,"rot":1877,"scores":[13,3],"sd":false,"state":2,"tick":5323,"zone":"A"},"max_err":1.473,"mean_err":0.0399,"ms":99970,"out_bytes":284465,"pending":8,"pos":[-41.49,-0.07],"reconciles":1836,"server_tick":5621,"snaps":1847}
[client] {"a":8,"dup":false,"ev":"game","ms":101995,"predicted":false,"t":-1,"tick":5738,"type":"respawn"}
[client] {"a":5,"dup":false,"ev":"game","ms":104278,"predicted":false,"t":-1,"tick":5867,"type":"respawn"}
[client] {"ev":"stats","hp":193.200000000002,"in_bytes":1241796,"late":0,"match":{"countdown_until":300,"ctrl":0,"final":false,"next":"","phase":3,"rot":1589,"scores":[18,3],"sd":false,"state":2,"tick":5611,"zone":"A"},"max_err":1.473,"mean_err":0.0381,"ms":104969,"out_bytes":299165,"pending":3,"pos":[-41.41,0.11],"reconciles":1933,"server_tick":5911,"snaps":1943}
[client] {"a":2,"dup":true,"ev":"game","ms":106397,"predicted":false,"t":6,"tick":5995,"type":"hit"}
[client] {"a":2,"dup":true,"ev":"game","ms":106724,"predicted":false,"t":6,"tick":6015,"type":"hit"}
[client] {"a":1,"dup":false,"ev":"game","ms":107136,"predicted":false,"t":6,"tick":6035,"type":"hit"}
[client] {"a":6,"dup":false,"ev":"game","ms":109156,"predicted":false,"t":2,"tick":6156,"type":"hit"}
[client] {"ev":"stats","hp":176.800000000003,"in_bytes":1299183,"late":0,"match":{"countdown_until":300,"ctrl":-1,"final":false,"next":"","phase":3,"rot":1289,"scores":[18,3],"sd":false,"state":3,"tick":5911,"zone":"A"},"max_err":1.473,"mean_err":0.0377,"ms":109980,"out_bytes":313865,"pending":4,"pos":[-42.48,-0.09],"reconciles":2033,"server_tick":6210,"snaps":2043}
[client] {"a":6,"dup":false,"ev":"game","ms":110002,"predicted":false,"t":3,"tick":6208,"type":"hit"}
[client] {"a":6,"dup":false,"ev":"game","ms":110092,"predicted":false,"t":0,"tick":6213,"type":"hit"}
[client] {"a":2,"dup":true,"ev":"game","ms":110543,"predicted":false,"t":6,"tick":6243,"type":"hit"}
[client] {"a":4,"dup":false,"ev":"game","ms":110703,"predicted":false,"t":6,"tick":6249,"type":"hit"}
[client] {"a":7,"dup":false,"ev":"game","ms":110953,"predicted":false,"t":4,"tick":6264,"type":"hit"}
[client] {"a":7,"dup":false,"ev":"game","ms":111001,"predicted":false,"t":3,"tick":6267,"type":"hit"}
[client] {"a":0,"dup":false,"ev":"game","ms":111320,"predicted":false,"t":7,"tick":6285,"type":"hit"}
[client] {"a":0,"dup":false,"ev":"game","ms":111540,"predicted":false,"t":7,"tick":6298,"type":"hit"}
[client] {"a":9,"dup":false,"ev":"game","ms":112327,"predicted":false,"t":2,"tick":6327,"type":"hit"}
[client] {"a":9,"dup":false,"ev":"game","ms":112338,"predicted":false,"t":1,"tick":6329,"type":"hit"}
[client] {"a":7,"dup":false,"ev":"game","ms":112450,"predicted":false,"t":2,"tick":6334,"type":"hit"}
[client] {"a":4,"dup":false,"ev":"game","ms":112527,"predicted":false,"t":9,"tick":6338,"type":"hit"}
[client] {"a":0,"dup":false,"ev":"game","ms":112692,"predicted":false,"t":9,"tick":6352,"type":"hit"}
[client] {"a":7,"dup":false,"ev":"game","ms":112729,"predicted":false,"t":2,"tick":6353,"type":"hit"}
[client] {"a":6,"dup":false,"ev":"game","ms":113138,"predicted":false,"t":3,"tick":6377,"type":"hit"}
[client] {"a":2,"dup":true,"ev":"game","ms":113242,"predicted":false,"t":7,"tick":6389,"type":"hit"}
[client] {"a":4,"dup":false,"ev":"game","ms":113441,"predicted":false,"t":7,"tick":6396,"type":"hit"}
[client] {"a":9,"dup":false,"ev":"game","ms":113492,"predicted":false,"t":3,"tick":6399,"type":"hit"}
[client] {"a":4,"dup":false,"ev":"game","ms":113843,"predicted":false,"t":7,"tick":6420,"type":"hit"}
[client] {"a":9,"dup":false,"ev":"game","ms":113904,"predicted":false,"t":3,"tick":6424,"type":"hit"}
[client] {"a":8,"dup":false,"ev":"game","ms":114139,"predicted":false,"t":3,"tick":6434,"type":"hit"}
[client] {"a":7,"dup":false,"ev":"game","ms":114193,"predicted":false,"t":3,"tick":6441,"type":"hit"}
[client] {"a":9,"dup":false,"ev":"game","ms":114221,"predicted":false,"t":3,"tick":6443,"type":"hit"}
[client] {"a":8,"dup":false,"ev":"game","ms":114475,"predicted":false,"t":3,"tick":6458,"type":"hit"}
[client] {"a":6,"dup":false,"ev":"game","ms":114503,"predicted":false,"t":4,"tick":6460,"type":"hit"}
[client] {"a":7,"dup":false,"ev":"game","ms":114559,"predicted":false,"t":3,"tick":6463,"type":"hit"}
[client] {"a":2,"dup":true,"ev":"game","ms":114572,"predicted":false,"t":7,"tick":6469,"type":"hit"}
[client] {"a":0,"dup":false,"ev":"game","ms":114671,"predicted":false,"t":9,"tick":6470,"type":"hit"}
[client] {"a":6,"dup":false,"ev":"game","ms":114841,"predicted":false,"t":4,"tick":6480,"type":"hit"}
[client] {"a":1,"dup":false,"ev":"game","ms":114972,"predicted":false,"t":9,"tick":6488,"type":"hit"}
[client] {"a":1,"dup":false,"ev":"game","ms":115029,"predicted":false,"t":8,"tick":6491,"type":"hit"}
[client] {"ev":"stats","hp":102.800000000003,"in_bytes":1362760,"late":0,"match":{"countdown_until":300,"ctrl":-1,"final":false,"next":"","phase":3,"rot":1001,"scores":[18,3],"sd":false,"state":3,"tick":6199,"zone":"A"},"max_err":2.305,"mean_err":0.0394,"ms":115063,"out_bytes":328565,"pending":6,"pos":[-39.84,-0.49],"reconciles":2112,"server_tick":6498,"snaps":2125}
[client] {"a":4,"dup":false,"ev":"game","ms":115211,"predicted":false,"t":9,"tick":6502,"type":"hit"}
[client] {"a":1,"dup":false,"ev":"game","ms":115299,"predicted":false,"t":9,"tick":6507,"type":"hit"}
[client] {"a":3,"dup":false,"ev":"game","ms":115340,"predicted":false,"t":6,"tick":6509,"type":"hit"}
[client] {"a":4,"dup":false,"ev":"game","ms":115585,"predicted":false,"t":9,"tick":6524,"type":"hit"}
[client] {"a":0,"dup":false,"ev":"game","ms":115673,"predicted":false,"t":7,"tick":6525,"type":"hit"}
[client] {"a":2,"dup":true,"ev":"game","ms":115707,"predicted":false,"t":9,"tick":6526,"type":"hit"}
[client] {"a":4,"dup":false,"ev":"game","ms":115707,"predicted":false,"t":8,"tick":6526,"type":"hit"}
[client] {"a":4,"dup":false,"ev":"game","ms":116124,"predicted":false,"t":8,"tick":6554,"type":"hit"}
[client] {"a":6,"dup":false,"ev":"game","ms":116391,"predicted":false,"t":3,"tick":6569,"type":"hit"}
[client] {"a":5,"dup":false,"ev":"game","ms":116445,"predicted":false,"t":1,"tick":6571,"type":"hit"}
[client] {"a":0,"dup":false,"ev":"game","ms":116805,"predicted":false,"t":8,"tick":6588,"type":"hit"}
[client] {"a":4,"dup":false,"ev":"game","ms":116876,"predicted":false,"t":5,"tick":6591,"type":"hit"}
[client] {"a":9,"dup":false,"ev":"game","ms":117246,"predicted":false,"t":4,"tick":6613,"type":"hit"}
[client] {"a":3,"dup":false,"ev":"game","ms":117459,"predicted":false,"t":6,"tick":6626,"type":"hit"}
[client] {"a":2,"dup":true,"ev":"game","ms":117542,"predicted":false,"t":9,"tick":6636,"type":"hit"}
[client] {"a":0,"dup":false,"ev":"game","ms":117787,"predicted":false,"t":9,"tick":6646,"type":"hit"}
[client] {"a":3,"dup":false,"ev":"game","ms":117787,"predicted":false,"t":6,"tick":6646,"type":"hit"}
[client] {"a":8,"dup":false,"ev":"game","ms":118099,"predicted":false,"t":0,"tick":6665,"type":"hit"}
[client] {"a":7,"dup":false,"ev":"game","ms":118120,"predicted":false,"t":4,"tick":6666,"type":"hit"}
[client] {"a":3,"dup":false,"ev":"game","ms":118153,"predicted":false,"t":6,"tick":6669,"type":"hit"}
[client] {"a":2,"dup":true,"ev":"game","ms":118182,"predicted":false,"t":9,"tick":6675,"type":"hit"}
[client] {"a":7,"dup":false,"ev":"game","ms":118437,"predicted":false,"t":4,"tick":6685,"type":"hit"}
[client] {"a":0,"dup":false,"ev":"game","ms":118637,"predicted":false,"t":5,"tick":6697,"type":"hit"}
[client] {"a":3,"dup":false,"ev":"game","ms":118851,"predicted":false,"t":6,"tick":6710,"type":"hit"}
[client] {"a":6,"dup":false,"ev":"game","ms":118851,"predicted":false,"t":-1,"tick":6710,"type":"ko"}
[client] {"a":7,"dup":false,"ev":"game","ms":119037,"predicted":false,"t":0,"tick":6721,"type":"hit"}
[client] {"a":4,"dup":false,"ev":"game","ms":119085,"predicted":false,"t":5,"tick":6724,"type":"hit"}
[client] {"a":9,"dup":false,"ev":"game","ms":119387,"predicted":false,"t":2,"tick":6742,"type":"hit"}
[client] {"a":9,"dup":false,"ev":"game","ms":119401,"predicted":false,"t":0,"tick":6743,"type":"hit"}
[client] {"a":8,"dup":false,"ev":"game","ms":119436,"predicted":false,"t":0,"tick":6745,"type":"hit"}
[client] {"a":7,"dup":false,"ev":"game","ms":119520,"predicted":false,"t":2,"tick":6750,"type":"hit"}
[client] {"a":4,"dup":false,"ev":"game","ms":119699,"predicted":false,"t":7,"tick":6762,"type":"hit"}
[client] {"a":2,"dup":true,"ev":"game","ms":119733,"predicted":false,"t":7,"tick":6769,"type":"hit"}
[client] {"a":4,"dup":false,"ev":"game","ms":119953,"predicted":false,"t":7,"tick":6777,"type":"hit"}
[client] {"a":5,"dup":false,"ev":"game","ms":119969,"predicted":false,"t":2,"tick":6778,"type":"hit"}
[client] {"a":5,"dup":false,"ev":"game","ms":120015,"predicted":false,"t":0,"tick":6781,"type":"hit"}
[client] {"ev":"stats","hp":8.800000000003,"in_bytes":1439064,"late":0,"match":{"countdown_until":300,"ctrl":-1,"final":false,"next":"C","phase":3,"rot":713,"scores":[18,3],"sd":false,"state":3,"tick":6487,"zone":"A"},"max_err":2.305,"mean_err":0.0394,"ms":120049,"out_bytes":343265,"pending":3,"pos":[-40.49,2.02],"reconciles":2207,"server_tick":6787,"snaps":2221}
[client] {"a":9,"dup":false,"ev":"game","ms":120073,"predicted":false,"t":0,"tick":6783,"type":"hit"}
[client] {"a":0,"dup":false,"ev":"game","ms":120438,"predicted":false,"t":9,"tick":6805,"type":"block"}
[client] {"a":1,"dup":false,"ev":"game","ms":120500,"predicted":false,"t":5,"tick":6809,"type":"hit"}
[client] {"a":7,"dup":false,"ev":"game","ms":120589,"predicted":false,"t":1,"tick":6814,"type":"hit"}
[client] {"a":0,"dup":false,"ev":"game","ms":120672,"predicted":false,"t":8,"tick":6819,"type":"hit"}
[client] {"a":0,"dup":false,"ev":"game","ms":120673,"predicted":false,"t":9,"tick":6819,"type":"hit"}
[client] {"a":4,"dup":false,"ev":"game","ms":120816,"predicted":false,"t":5,"tick":6828,"type":"hit"}
[client] {"a":7,"dup":false,"ev":"game","ms":120899,"predicted":false,"t":1,"tick":6833,"type":"hit"}
[client] {"a":4,"dup":false,"ev":"game","ms":121161,"predicted":false,"t":5,"tick":6848,"type":"hit"}
[client] {"a":7,"dup":false,"ev":"game","ms":121223,"predicted":false,"t":1,"tick":6852,"type":"hit"}
[client] {"a":9,"dup":false,"ev":"game","ms":121361,"predicted":false,"t":0,"tick":6860,"type":"hit"}
[client] {"a":8,"dup":false,"ev":"game","ms":121495,"predicted":false,"t":0,"tick":6868,"type":"hit"}
[client] {"a":0,"dup":false,"ev":"game","ms":121495,"predicted":false,"t":-1,"tick":6868,"type":"ko"}
[client] {"a":2,"dup":false,"ev":"game","ms":121599,"predicted":false,"t":-1,"tick":6879,"type":"ko"}
[client] {"a":5,"dup":false,"ev":"game","ms":121658,"predicted":false,"t":4,"tick":6878,"type":"hit"}
[client] {"a":9,"dup":false,"ev":"game","ms":121672,"predicted":false,"t":2,"tick":6879,"type":"hit"}
[client] {"a":3,"dup":false,"ev":"game","ms":121768,"predicted":false,"t":7,"tick":6885,"type":"hit"}
[client] {"a":7,"dup":false,"ev":"game","ms":121768,"predicted":false,"t":-1,"tick":6885,"type":"ko"}
[client] {"a":1,"dup":false,"ev":"game","ms":121872,"predicted":false,"t":5,"tick":6891,"type":"hit"}
[client] {"a":8,"dup":false,"ev":"game","ms":122757,"predicted":false,"t":1,"tick":6944,"type":"hit"}
[client] {"a":8,"dup":false,"ev":"game","ms":123072,"predicted":false,"t":1,"tick":6963,"type":"hit"}
[client] {"a":5,"dup":false,"ev":"game","ms":123136,"predicted":false,"t":1,"tick":6967,"type":"hit"}
[client] {"a":1,"dup":false,"ev":"game","ms":123136,"predicted":false,"t":-1,"tick":6967,"type":"ko"}
[client] {"a":3,"dup":false,"ev":"game","ms":123203,"predicted":false,"t":8,"tick":6971,"type":"hit"}
[client] {"a":9,"dup":false,"ev":"game","ms":123287,"predicted":false,"t":3,"tick":6976,"type":"hit"}
[client] {"a":3,"dup":false,"ev":"game","ms":123288,"predicted":false,"t":-1,"tick":6976,"type":"ko"}
[client] {"a":4,"dup":false,"ev":"game","ms":123521,"predicted":false,"t":8,"tick":6990,"type":"hit"}
[client] {"a":4,"dup":false,"ev":"game","ms":124321,"predicted":false,"t":5,"tick":7038,"type":"hit"}
[client] {"a":9,"dup":false,"ev":"game","ms":124605,"predicted":false,"t":4,"tick":7055,"type":"hit"}
[client] {"ev":"stats","hp":0.0,"in_bytes":1504869,"late":0,"match":{"countdown_until":300,"ctrl":-1,"final":false,"next":"C","phase":3,"rot":413,"scores":[18,3],"sd":false,"state":3,"tick":6787,"zone":"A"},"max_err":2.305,"mean_err":0.0378,"ms":125051,"out_bytes":357965,"pending":5,"pos":[-39.72,2.02],"reconciles":2307,"server_tick":7087,"snaps":2321}
[client] {"a":4,"dup":false,"ev":"game","ms":125418,"predicted":false,"t":5,"tick":7104,"type":"hit"}
[client] {"a":4,"dup":false,"ev":"game","ms":126005,"predicted":false,"t":9,"tick":7139,"type":"hit"}
[client] {"a":9,"dup":false,"ev":"game","ms":126005,"predicted":false,"t":-1,"tick":7139,"type":"ko"}
[client] {"a":4,"dup":false,"ev":"game","ms":126372,"predicted":false,"t":8,"tick":7161,"type":"hit"}
[client] {"a":4,"dup":false,"ev":"game","ms":126730,"predicted":false,"t":8,"tick":7182,"type":"hit"}
[client] {"a":4,"dup":false,"ev":"game","ms":127274,"predicted":false,"t":5,"tick":7216,"type":"hit"}
[client] {"a":8,"dup":false,"ev":"game","ms":127640,"predicted":false,"t":4,"tick":7237,"type":"hit"}
[client] {"a":4,"dup":false,"ev":"game","ms":127640,"predicted":false,"t":-1,"tick":7237,"type":"ko"}
[client] {"a":6,"dup":false,"ev":"game","ms":128848,"predicted":false,"t":-1,"tick":7310,"type":"respawn"}
[client] {"ev":"stats","hp":0.0,"in_bytes":1556003,"late":0,"match":{"countdown_until":300,"ctrl":1,"final":false,"next":"C","phase":3,"rot":113,"scores":[18,5],"sd":false,"state":2,"tick":7087,"zone":"A"},"max_err":2.305,"mean_err":0.0363,"ms":130049,"out_bytes":372665,"pending":5,"pos":[-39.72,2.02],"reconciles":2407,"server_tick":7387,"snaps":2421}
[client] {"a":0,"dup":false,"ev":"game","ms":131479,"predicted":false,"t":-1,"tick":7468,"type":"respawn"}
[client] {"a":2,"dup":false,"ev":"game","ms":131575,"predicted":false,"t":-1,"tick":7479,"type":"respawn"}
[client] {"a":7,"dup":false,"ev":"game","ms":131762,"predicted":false,"t":-1,"tick":7485,"type":"respawn"}
[client] {"a":-1,"dup":false,"ev":"game","ms":131996,"predicted":false,"t":-1,"tick":7499,"type":"zone_rotated"}
[client] {"a":1,"dup":false,"ev":"game","ms":133136,"predicted":false,"t":-1,"tick":7567,"type":"respawn"}
[client] {"a":3,"dup":false,"ev":"game","ms":133287,"predicted":false,"t":-1,"tick":7576,"type":"respawn"}
[client] {"ev":"stats","hp":260.0,"in_bytes":1599628,"late":0,"match":{"countdown_until":300,"ctrl":-1,"final":false,"next":"","phase":3,"rot":3413,"scores":[18,7],"sd":false,"state":1,"tick":7387,"zone":"C"},"max_err":2.305,"mean_err":0.0348,"ms":135048,"out_bytes":387365,"pending":5,"pos":[15.7,-37.03],"reconciles":2506,"server_tick":7687,"snaps":2521}
[client] {"a":9,"dup":false,"ev":"game","ms":136001,"predicted":false,"t":-1,"tick":7739,"type":"respawn"}
[client] {"a":4,"dup":false,"ev":"game","ms":137637,"predicted":false,"t":-1,"tick":7837,"type":"respawn"}
[client] {"ev":"stats","hp":260.0,"in_bytes":1647613,"late":0,"match":{"countdown_until":300,"ctrl":0,"final":false,"next":"","phase":3,"rot":3113,"scores":[18,7],"sd":false,"state":2,"tick":7687,"zone":"C"},"max_err":2.305,"mean_err":0.0335,"ms":140056,"out_bytes":402065,"pending":5,"pos":[28.09,-9.19],"reconciles":2605,"server_tick":7987,"snaps":2621}
[client] {"a":7,"dup":false,"ev":"game","ms":143520,"predicted":false,"t":2,"tick":8158,"type":"hit"}
[client] {"a":7,"dup":false,"ev":"game","ms":143820,"predicted":false,"t":0,"tick":8175,"type":"hit"}
[client] {"a":1,"dup":false,"ev":"game","ms":143908,"predicted":false,"t":7,"tick":8179,"type":"hit"}
[client] {"a":2,"dup":true,"ev":"game","ms":143908,"predicted":false,"t":7,"tick":8181,"type":"hit"}
[client] {"a":1,"dup":false,"ev":"game","ms":144245,"predicted":false,"t":6,"tick":8198,"type":"hit"}
[client] {"a":0,"dup":false,"ev":"game","ms":144505,"predicted":false,"t":6,"tick":8214,"type":"hit"}
[client] {"a":1,"dup":false,"ev":"game","ms":144818,"predicted":false,"t":7,"tick":8229,"type":"hit"}
[client] {"a":3,"dup":false,"ev":"game","ms":144876,"predicted":false,"t":7,"tick":8233,"type":"hit"}
[client] {"ev":"stats","hp":242.0,"in_bytes":1701405,"late":0,"match":{"countdown_until":300,"ctrl":-1,"final":false,"next":"","phase":3,"rot":2855,"scores":[19,7],"sd":false,"state":3,"tick":7945,"zone":"C"},"max_err":2.305,"mean_err":0.0363,"ms":145051,"out_bytes":416765,"pending":12,"pos":[41.3,0.18],"reconciles":2688,"server_tick":8250,"snaps":2707}
[client] {"a":3,"dup":false,"ev":"game","ms":145721,"predicted":false,"t":8,"tick":8275,"type":"hit"}
[client] {"a":8,"dup":false,"ev":"game","ms":146053,"predicted":false,"t":3,"tick":8296,"type":"block"}
[client] {"a":5,"dup":false,"ev":"game","ms":146066,"predicted":false,"t":0,"tick":8297,"type":"hit"}
[client] {"a":2,"dup":true,"ev":"game","ms":146122,"predicted":false,"t":7,"tick":8306,"type":"hit"}
[client] {"a":1,"dup":false,"ev":"game","ms":146287,"predicted":false,"t":7,"tick":8310,"type":"hit"}
[client] {"a":8,"dup":false,"ev":"game","ms":146370,"predicted":false,"t":3,"tick":8315,"type":"block"}
[client] {"a":7,"dup":false,"ev":"game","ms":146687,"predicted":false,"t":2,"tick":8333,"type":"hit"}
[client] {"a":1,"dup":false,"ev":"game","ms":146701,"predicted":false,"t":7,"tick":8334,"type":"hit"}
[client] {"a":6,"dup":false,"ev":"game","ms":146956,"predicted":false,"t":3,"tick":8348,"type":"hit"}
[client] {"a":8,"dup":false,"ev":"game","ms":147039,"predicted":false,"t":3,"tick":8353,"type":"hit"}
[client] {"a":1,"dup":false,"ev":"game","ms":147187,"predicted":false,"t":7,"tick":8361,"type":"hit"}
[client] {"a":3,"dup":false,"ev":"game","ms":147469,"predicted":false,"t":8,"tick":8376,"type":"hit"}
[client] {"a":3,"dup":false,"ev":"game","ms":147858,"predicted":false,"t":8,"tick":8396,"type":"hit"}
[client] {"a":7,"dup":false,"ev":"game","ms":148464,"predicted":false,"t":1,"tick":8432,"type":"hit"}
[client] {"a":3,"dup":false,"ev":"game","ms":148611,"predicted":false,"t":8,"tick":8442,"type":"hit"}
[client] {"a":2,"dup":true,"ev":"game","ms":148721,"predicted":false,"t":7,"tick":8456,"type":"hit"}
[client] {"a":1,"dup":false,"ev":"game","ms":148851,"predicted":false,"t":7,"tick":8456,"type":"hit"}
[client] {"a":3,"dup":false,"ev":"game","ms":148941,"predicted":false,"t":8,"tick":8462,"type":"hit"}
[client] {"a":8,"dup":false,"ev":"game","ms":149396,"predicted":false,"t":3,"tick":8489,"type":"hit"}
[client] {"a":2,"dup":true,"ev":"game","ms":149396,"predicted":false,"t":7,"tick":8493,"type":"hit"}
[client] {"a":2,"dup":true,"ev":"game","ms":149407,"predicted":false,"t":6,"tick":8496,"type":"hit"}
[client] {"a":4,"dup":false,"ev":"game","ms":149973,"predicted":false,"t":9,"tick":8525,"type":"hit"}
[client] {"ev":"stats","hp":224.0,"in_bytes":1776427,"late":0,"match":{"countdown_until":300,"ctrl":-1,"final":false,"next":"","phase":3,"rot":2567,"scores":[19,7],"sd":false,"state":3,"tick":8233,"zone":"C"},"max_err":2.305,"mean_err":0.0357,"ms":150006,"out_bytes":431318,"pending":5,"pos":[42.47,-0.1],"reconciles":2782,"server_tick":8532,"snaps":2803}
