Godot Engine v4.7.2.stable.official.ed1daf0bf - https://godotengine.org

[client] {"detail":"127.0.0.1:24610","ev":"status","ms":1,"status":"connecting"}
[client] {"detail":"","ev":"status","ms":15,"status":"connected"}
[client] {"ev":"welcome","ms":22,"observer":false,"pid":7}
[client] {"ev":"pick","f":"nyx","ms":1126}
[client] {"ev":"lock","f":"nyx","ms":1975}
[client] {"ev":"match_setup","fighters":10,"ms":3020,"you":7}
[client] {"counts":{"blocks_on_me":0,"conf_actions":0,"confirmed_hits":0,"dup_confirmed":0,"hits_on_me":0,"pred_actions":0,"predicted_confirmed":0,"predicted_hits":0,"reconnects":0},"ev":"stats","hp":220.0,"in_bytes":84830,"late":0,"local_entity":7,"match":{"countdown_until":300,"ctrl":-1,"final":false,"next":"","phase":2,"rot":3600,"scores":[0,0],"sd":false,"state":1,"tick":0,"zone":""},"max_err":0.257,"mean_err":0.2033,"ms":4953,"out_bytes":5749,"pending":7,"pos":[0.21,47.75],"reconciles":37,"server_tick":116,"snaps":39,"teleports":1}
[client] {"counts":{"blocks_on_me":0,"conf_actions":0,"confirmed_hits":0,"dup_confirmed":0,"hits_on_me":0,"pred_actions":0,"predicted_confirmed":0,"predicted_hits":0,"reconnects":0},"ev":"stats","hp":220.0,"in_bytes":128410,"late":0,"local_entity":7,"match":{"countdown_until":300,"ctrl":-1,"final":false,"next":"","phase":3,"rot":3485,"scores":[0,0],"sd":false,"state":1,"tick":115,"zone":"B"},"max_err":0.257,"mean_err":0.1541,"ms":9949,"out_bytes":20449,"pending":7,"pos":[3.07,35.87],"reconciles":137,"server_tick":416,"snaps":138,"teleports":1}
[client] {"counts":{"blocks_on_me":0,"conf_actions":0,"confirmed_hits":0,"dup_confirmed":0,"hits_on_me":0,"pred_actions":0,"predicted_confirmed":0,"predicted_hits":0,"reconnects":0},"ev":"stats","hp":220.0,"in_bytes":186618,"late":0,"local_entity":7,"match":{"countdown_until":300,"ctrl":-1,"final":false,"next":"","phase":3,"rot":3182,"scores":[0,0],"sd":false,"state":3,"tick":418,"zone":"B"},"max_err":0.257,"mean_err":0.093,"ms":14951,"out_bytes":35149,"pending":7,"pos":[-2.68,1.31],"reconciles":237,"server_tick":716,"snaps":239,"teleports":1}
[client] {"a":6,"dup":false,"ev":"game","ms":15042,"predicted":false,"t":1,"tick":717,"type":"hit"}
[client] {"a":6,"dup":false,"ev":"game","ms":15070,"predicted":false,"t":0,"tick":719,"type":"hit"}
[client] {"a":6,"dup":false,"ev":"game","ms":15409,"predicted":false,"t":1,"tick":739,"type":"hit"}
[client] {"a":0,"dup":false,"ev":"game","ms":15442,"predicted":false,"t":6,"tick":741,"type":"hit"}
[client] {"a":4,"dup":false,"ev":"game","ms":15753,"predicted":false,"t":6,"tick":760,"type":"hit"}
[client] {"a":4,"dup":false,"ev":"game","ms":15774,"predicted":false,"t":8,"tick":761,"type":"hit"}
[client] {"a":0,"dup":false,"ev":"game","ms":15787,"predicted":false,"t":8,"tick":762,"type":"hit"}
[client] {"a":0,"dup":false,"ev":"game","ms":15809,"predicted":false,"t":6,"tick":763,"type":"hit"}
[client] {"a":1,"dup":false,"ev":"game","ms":15822,"predicted":false,"t":6,"tick":764,"type":"hit"}
[client] {"a":0,"dup":false,"ev":"game","ms":15842,"predicted":false,"t":9,"tick":765,"type":"hit"}
[client] {"a":1,"dup":false,"ev":"game","ms":15842,"predicted":false,"t":8,"tick":765,"type":"hit"}
[client] {"a":4,"dup":false,"ev":"game","ms":16097,"predicted":false,"t":6,"tick":781,"type":"hit"}
[client] {"a":0,"dup":false,"ev":"game","ms":16215,"predicted":false,"t":6,"tick":788,"type":"hit"}
[client] {"a":0,"dup":false,"ev":"game","ms":16215,"predicted":false,"t":8,"tick":788,"type":"hit"}
[client] {"a":0,"dup":false,"ev":"game","ms":16235,"predicted":false,"t":7,"tick":789,"type":"hit"}
[client] {"a":0,"dup":false,"ev":"game","ms":16450,"predicted":false,"t":6,"tick":802,"type":"hit"}
[client] {"a":0,"dup":false,"ev":"game","ms":16463,"predicted":false,"t":5,"tick":803,"type":"hit"}
[client] {"a":0,"dup":false,"ev":"game","ms":16484,"predicted":false,"t":7,"tick":804,"type":"hit"}
[client] {"a":0,"dup":false,"ev":"game","ms":16498,"predicted":false,"t":8,"tick":805,"type":"hit"}
[client] {"a":4,"dup":false,"ev":"game","ms":16519,"predicted":false,"t":6,"tick":806,"type":"hit"}
[client] {"a":8,"dup":false,"ev":"game","ms":17002,"predicted":false,"t":0,"tick":835,"type":"hit"}
[client] {"a":4,"dup":false,"ev":"game","ms":17202,"predicted":false,"t":8,"tick":847,"type":"hit"}
[client] {"a":0,"dup":false,"ev":"game","ms":17367,"predicted":false,"t":7,"tick":857,"type":"hit"}
[client] {"a":0,"dup":false,"ev":"game","ms":17402,"predicted":false,"t":9,"tick":859,"type":"hit"}
[client] {"a":5,"dup":false,"ev":"game","ms":17568,"predicted":false,"t":0,"tick":869,"type":"hit"}
[client] {"a":6,"dup":false,"ev":"game","ms":17602,"predicted":false,"t":0,"tick":871,"type":"hit"}
[client] {"a":9,"dup":false,"ev":"game","ms":17816,"predicted":false,"t":1,"tick":884,"type":"hit"}
[client] {"a":7,"dup":true,"ev":"game","ms":17864,"predicted":false,"t":3,"tick":891,"type":"hit"}
[client] {"a":7,"dup":true,"ev":"game","ms":18203,"predicted":false,"t":3,"tick":912,"type":"hit"}
[client] {"a":4,"dup":false,"ev":"game","ms":18216,"predicted":false,"t":5,"tick":908,"type":"hit"}
[client] {"a":4,"dup":false,"ev":"game","ms":18251,"predicted":false,"t":6,"tick":910,"type":"hit"}
[client] {"a":9,"dup":false,"ev":"game","ms":18451,"predicted":false,"t":4,"tick":922,"type":"hit"}
[client] {"a":7,"dup":true,"ev":"game","ms":18520,"predicted":false,"t":3,"tick":930,"type":"hit"}
[client] {"a":0,"dup":false,"ev":"game","ms":18781,"predicted":false,"t":9,"tick":942,"type":"hit"}
[client] {"a":0,"dup":false,"ev":"game","ms":18805,"predicted":false,"t":8,"tick":943,"type":"hit"}
[client] {"a":1,"dup":false,"ev":"game","ms":18864,"predicted":false,"t":9,"tick":947,"type":"hit"}
[client] {"a":1,"dup":false,"ev":"game","ms":18899,"predicted":false,"t":8,"tick":949,"type":"hit"}
[client] {"a":3,"dup":false,"ev":"game","ms":18982,"predicted":false,"t":7,"tick":954,"type":"hit"}
[client] {"a":2,"dup":false,"ev":"game","ms":19085,"predicted":false,"t":7,"tick":960,"type":"hit"}
[client] {"a":5,"dup":false,"ev":"game","ms":19099,"predicted":false,"t":0,"tick":961,"type":"hit"}
[client] {"a":5,"dup":false,"ev":"game","ms":19520,"predicted":false,"t":4,"tick":986,"type":"hit"}
[client] {"a":0,"dup":false,"ev":"game","ms":19721,"predicted":false,"t":5,"tick":998,"type":"hit"}
[client] {"a":0,"dup":false,"ev":"game","ms":19769,"predicted":false,"t":6,"tick":1001,"type":"hit"}
[client] {"a":9,"dup":false,"ev":"game","ms":19804,"predicted":false,"t":0,"tick":1003,"type":"hit"}
[client] {"a":4,"dup":false,"ev":"game","ms":19921,"predicted":false,"t":5,"tick":1010,"type":"hit"}
[client] {"counts":{"blocks_on_me":0,"conf_actions":8,"confirmed_hits":45,"dup_confirmed":0,"hits_on_me":5,"pred_actions":9,"predicted_confirmed":3,"predicted_hits":8,"reconnects":0},"ev":"stats","hp":130.0,"in_bytes":269930,"late":0,"local_entity":7,"match":{"countdown_until":300,"ctrl":-1,"final":false,"next":"","phase":3,"rot":2882,"scores":[0,0],"sd":false,"state":3,"tick":718,"zone":"B"},"max_err":1.463,"mean_err":0.0837,"ms":19954,"out_bytes":49849,"pending":7,"pos":[2.11,-3.87],"reconciles":337,"server_tick":1016,"snaps":339,"teleports":1}
[client] {"a":1,"dup":false,"ev":"game","ms":20017,"predicted":false,"t":9,"tick":1016,"type":"hit"}
[client] {"a":1,"dup":false,"ev":"game","ms":20038,"predicted":false,"t":5,"tick":1017,"type":"hit"}
[client] {"a":1,"dup":false,"ev":"game","ms":20086,"predicted":false,"t":6,"tick":1020,"type":"hit"}
[client] {"a":6,"dup":false,"ev":"game","ms":20086,"predicted":false,"t":-1,"tick":1020,"type":"ko"}
[client] {"a":8,"dup":false,"ev":"game","ms":20134,"predicted":false,"t":1,"tick":1023,"type":"hit"}
[client] {"a":7,"dup":true,"ev":"game","ms":20453,"predicted":false,"t":3,"tick":1047,"type":"hit"}
[client] {"a":1,"dup":false,"ev":"game","ms":20522,"predicted":false,"t":8,"tick":1046,"type":"hit"}
[client] {"a":9,"dup":false,"ev":"game","ms":20817,"predicted":false,"t":4,"tick":1064,"type":"hit"}
[client] {"a":1,"dup":false,"ev":"game","ms":20845,"predicted":false,"t":8,"tick":1065,"type":"hit"}
[client] {"a":2,"dup":false,"ev":"game","ms":20845,"predicted":false,"t":7,"tick":1065,"type":"hit"}
[client] {"a":8,"dup":false,"ev":"game","ms":20845,"predicted":false,"t":-1,"tick":1065,"type":"ko"}
[client] {"a":7,"dup":false,"ev":"game","ms":21122,"predicted":false,"t":3,"tick":1087,"type":"block"}
[client] {"a":7,"dup":true,"ev":"game","ms":21169,"predicted":false,"t":2,"tick":1090,"type":"hit"}
[client] {"a":4,"dup":false,"ev":"game","ms":21287,"predicted":false,"t":9,"tick":1092,"type":"hit"}
[client] {"a":0,"dup":false,"ev":"game","ms":21370,"predicted":false,"t":9,"tick":1097,"type":"hit"}
[client] {"a":7,"dup":true,"ev":"game","ms":21438,"predicted":false,"t":3,"tick":1106,"type":"hit"}
[client] {"a":5,"dup":false,"ev":"game","ms":21638,"predicted":false,"t":4,"tick":1113,"type":"hit"}
[client] {"a":5,"dup":false,"ev":"game","ms":21666,"predicted":false,"t":0,"tick":1115,"type":"hit"}
[client] {"a":3,"dup":false,"ev":"game","ms":21887,"predicted":false,"t":7,"tick":1128,"type":"hit"}
[client] {"a":3,"dup":false,"ev":"game","ms":22239,"predicted":false,"t":7,"tick":1149,"type":"hit"}
[client] {"a":9,"dup":false,"ev":"game","ms":22370,"predicted":false,"t":1,"tick":1157,"type":"hit"}
[client] {"a":2,"dup":false,"ev":"game","ms":22557,"predicted":false,"t":7,"tick":1168,"type":"hit"}
[client] {"a":0,"dup":false,"ev":"game","ms":22666,"predicted":false,"t":5,"tick":1175,"type":"hit"}
[client] {"a":9,"dup":false,"ev":"game","ms":22689,"predicted":false,"t":1,"tick":1176,"type":"hit"}
[client] {"a":3,"dup":false,"ev":"game","ms":22887,"predicted":false,"t":7,"tick":1188,"type":"hit"}
[client] {"a":5,"dup":false,"ev":"game","ms":23137,"predicted":false,"t":0,"tick":1203,"type":"hit"}
[client] {"a":5,"dup":false,"ev":"game","ms":23170,"predicted":false,"t":1,"tick":1205,"type":"hit"}
[client] {"a":3,"dup":false,"ev":"game","ms":23218,"predicted":false,"t":7,"tick":1208,"type":"hit"}
[client] {"a":0,"dup":false,"ev":"game","ms":23522,"predicted":false,"t":5,"tick":1226,"type":"hit"}
[client] {"a":3,"dup":false,"ev":"game","ms":23618,"predicted":false,"t":7,"tick":1232,"type":"hit"}
[client] {"a":0,"dup":false,"ev":"game","ms":24088,"predicted":false,"t":5,"tick":1260,"type":"hit"}
[client] {"a":7,"dup":true,"ev":"game","ms":24184,"predicted":false,"t":3,"tick":1271,"type":"hit"}
[client] {"a":5,"dup":false,"ev":"game","ms":24488,"predicted":false,"t":0,"tick":1284,"type":"hit"}
[client] {"counts":{"blocks_on_me":0,"conf_actions":17,"confirmed_hits":75,"dup_confirmed":0,"hits_on_me":12,"pred_actions":20,"predicted_confirmed":7,"predicted_hits":18,"reconnects":0},"ev":"stats","hp":8.0,"in_bytes":346913,"late":0,"local_entity":7,"match":{"countdown_until":300,"ctrl":-1,"final":false,"next":"","phase":3,"rot":2582,"scores":[0,0],"sd":false,"state":3,"tick":1018,"zone":"B"},"max_err":1.514,"mean_err":0.075,"ms":24956,"out_bytes":64549,"pending":7,"pos":[1.94,-3.76],"reconciles":437,"server_tick":1316,"snaps":439,"teleports":1}
[client] {"a":0,"dup":false,"ev":"game","ms":25137,"predicted":false,"t":5,"tick":1323,"type":"hit"}
[client] {"a":0,"dup":false,"ev":"game","ms":25158,"predicted":false,"t":9,"tick":1324,"type":"hit"}
[client] {"a":7,"dup":false,"ev":"game","ms":25289,"predicted":false,"t":-1,"tick":1337,"type":"ko"}
[client] {"a":3,"dup":false,"ev":"game","ms":25371,"predicted":false,"t":7,"tick":1337,"type":"hit"}
[client] {"a":0,"dup":false,"ev":"game","ms":25840,"predicted":false,"t":5,"tick":1365,"type":"hit"}
[client] {"a":0,"dup":false,"ev":"game","ms":26040,"predicted":false,"t":5,"tick":1377,"type":"hit"}
[client] {"a":0,"dup":false,"ev":"game","ms":26089,"predicted":false,"t":9,"tick":1380,"type":"hit"}
[client] {"a":0,"dup":false,"ev":"game","ms":26503,"predicted":false,"t":5,"tick":1405,"type":"hit"}
[client] {"a":5,"dup":false,"ev":"game","ms":26503,"predicted":false,"t":-1,"tick":1405,"type":"ko"}
[client] {"a":9,"dup":false,"ev":"game","ms":26572,"predicted":false,"t":0,"tick":1409,"type":"hit"}
[client] {"a":9,"dup":false,"ev":"game","ms":26882,"predicted":false,"t":0,"tick":1428,"type":"hit"}
[client] {"a":9,"dup":false,"ev":"game","ms":27200,"predicted":false,"t":0,"tick":1447,"type":"hit"}
[client] {"a":0,"dup":false,"ev":"game","ms":27200,"predicted":false,"t":-1,"tick":1447,"type":"ko"}
[client] {"a":9,"dup":false,"ev":"game","ms":28469,"predicted":false,"t":4,"tick":1523,"type":"hit"}
[client] {"a":9,"dup":false,"ev":"game","ms":29070,"predicted":false,"t":1,"tick":1559,"type":"hit"}
[client] {"a":1,"dup":false,"ev":"game","ms":29415,"predicted":false,"t":9,"tick":1580,"type":"hit"}
[client] {"a":3,"dup":false,"ev":"game","ms":29435,"predicted":false,"t":9,"tick":1581,"type":"hit"}
[client] {"a":9,"dup":false,"ev":"game","ms":29435,"predicted":false,"t":-1,"tick":1581,"type":"ko"}
[client] {"counts":{"blocks_on_me":0,"conf_actions":18,"confirmed_hits":89,"dup_confirmed":0,"hits_on_me":13,"pred_actions":21,"predicted_confirmed":7,"predicted_hits":18,"reconnects":0},"ev":"stats","hp":0.0,"in_bytes":415531,"late":0,"local_entity":7,"match":{"countdown_until":300,"ctrl":0,"final":false,"next":"","phase":3,"rot":2282,"scores":[0,0],"sd":false,"state":2,"tick":1318,"zone":"B"},"max_err":1.514,"mean_err":0.0612,"ms":29952,"out_bytes":79249,"pending":7,"pos":[1.77,-3.63],"reconciles":537,"server_tick":1616,"snaps":539,"teleports":1}
[client] {"a":6,"dup":false,"ev":"game","ms":30097,"predicted":false,"t":-1,"tick":1620,"type":"respawn"}
[client] {"a":8,"dup":false,"ev":"game","ms":30836,"predicted":false,"t":-1,"tick":1665,"type":"respawn"}
[client] {"counts":{"blocks_on_me":0,"conf_actions":18,"confirmed_hits":89,"dup_confirmed":0,"hits_on_me":13,"pred_actions":21,"predicted_confirmed":7,"predicted_hits":18,"reconnects":0},"ev":"stats","hp":0.0,"in_bytes":466349,"late":0,"local_entity":7,"match":{"countdown_until":300,"ctrl":0,"final":false,"next":"","phase":3,"rot":1982,"scores":[5,0],"sd":false,"state":2,"tick":1618,"zone":"B"},"max_err":1.514,"mean_err":0.0516,"ms":34955,"out_bytes":93949,"pending":7,"pos":[1.77,-3.63],"reconciles":637,"server_tick":1916,"snaps":639,"teleports":1}
[client] {"a":7,"dup":false,"ev":"game","ms":35287,"predicted":false,"t":-1,"tick":1937,"type":"respawn"}
[client] {"a":5,"dup":false,"ev":"game","ms":36501,"predicted":false,"t":-1,"tick":2005,"type":"respawn"}
[client] {"a":0,"dup":false,"ev":"game","ms":37207,"predicted":false,"t":-1,"tick":2047,"type":"respawn"}
[client] {"a":1,"dup":false,"ev":"game","ms":37591,"predicted":false,"t":6,"tick":2070,"type":"hit"}
[client] {"a":4,"dup":false,"ev":"game","ms":38510,"predicted":false,"t":6,"tick":2125,"type":"hit"}
[client] {"a":3,"dup":false,"ev":"game","ms":38641,"predicted":false,"t":6,"tick":2133,"type":"hit"}
[client] {"a":1,"dup":false,"ev":"game","ms":38654,"predicted":false,"t":8,"tick":2134,"type":"hit"}
[client] {"a":4,"dup":false,"ev":"game","ms":38840,"predicted":false,"t":6,"tick":2145,"type":"hit"}
[client] {"a":2,"dup":false,"ev":"game","ms":38875,"predicted":false,"t":6,"tick":2147,"type":"hit"}
[client] {"a":3,"dup":false,"ev":"game","ms":38971,"predicted":false,"t":6,"tick":2153,"type":"hit"}
[client] {"a":8,"dup":false,"ev":"game","ms":39137,"predicted":false,"t":1,"tick":2163,"type":"hit"}
[client] {"a":4,"dup":false,"ev":"game","ms":39255,"predicted":false,"t":6,"tick":2170,"type":"block"}
[client] {"a":2,"dup":false,"ev":"game","ms":39311,"predicted":false,"t":6,"tick":2173,"type":"hit"}
[client] {"a":9,"dup":false,"ev":"game","ms":39441,"predicted":false,"t":-1,"tick":2181,"type":"respawn"}
[client] {"a":8,"dup":false,"ev":"game","ms":39737,"predicted":false,"t":1,"tick":2199,"type":"hit"}
[client] {"a":4,"dup":false,"ev":"game","ms":39911,"predicted":false,"t":6,"tick":2209,"type":"hit"}
[client] {"counts":{"blocks_on_me":0,"conf_actions":19,"confirmed_hits":100,"dup_confirmed":0,"hits_on_me":13,"pred_actions":21,"predicted_confirmed":7,"predicted_hits":18,"reconnects":0},"ev":"stats","hp":220.0,"in_bytes":532517,"late":0,"local_entity":7,"match":{"countdown_until":300,"ctrl":-1,"final":false,"next":"","phase":3,"rot":1682,"scores":[6,0],"sd":false,"state":3,"tick":1918,"zone":"B"},"max_err":1.514,"mean_err":0.0447,"ms":39957,"out_bytes":108649,"pending":7,"pos":[0.02,18.68],"reconciles":736,"server_tick":2217,"snaps":739,"teleports":2}
[client] {"a":4,"dup":false,"ev":"game","ms":40159,"predicted":false,"t":6,"tick":2224,"type":"hit"}
[client] {"a":8,"dup":false,"ev":"game","ms":40323,"predicted":false,"t":1,"tick":2234,"type":"hit"}
[client] {"a":8,"dup":false,"ev":"game","ms":40337,"predicted":false,"t":3,"tick":2235,"type":"hit"}
[client] {"a":4,"dup":false,"ev":"game","ms":41127,"predicted":false,"t":8,"tick":2282,"type":"hit"}
[client] {"a":3,"dup":false,"ev":"game","ms":41413,"predicted":false,"t":8,"tick":2300,"type":"hit"}
[client] {"a":6,"dup":false,"ev":"game","ms":41436,"predicted":false,"t":2,"tick":2301,"type":"hit"}
[client] {"a":4,"dup":false,"ev":"game","ms":41448,"predicted":false,"t":8,"tick":2302,"type":"hit"}
[client] {"a":1,"dup":false,"ev":"game","ms":41517,"predicted":false,"t":8,"tick":2306,"type":"hit"}
[client] {"a":6,"dup":false,"ev":"game","ms":41786,"predicted":false,"t":2,"tick":2322,"type":"hit"}
[client] {"a":3,"dup":false,"ev":"game","ms":41904,"predicted":false,"t":8,"tick":2329,"type":"hit"}
[client] {"a":1,"dup":false,"ev":"game","ms":42214,"predicted":false,"t":8,"tick":2347,"type":"hit"}
[client] {"a":3,"dup":false,"ev":"game","ms":42318,"predicted":false,"t":8,"tick":2353,"type":"hit"}
[client] {"a":6,"dup":false,"ev":"game","ms":42670,"predicted":false,"t":2,"tick":2374,"type":"hit"}
[client] {"a":6,"dup":false,"ev":"game","ms":43001,"predicted":false,"t":2,"tick":2394,"type":"hit"}
[client] {"a":2,"dup":false,"ev":"game","ms":43353,"predicted":false,"t":6,"tick":2415,"type":"hit"}
[client] {"a":2,"dup":false,"ev":"game","ms":43670,"predicted":false,"t":6,"tick":2435,"type":"hit"}
[client] {"a":2,"dup":false,"ev":"game","ms":43987,"predicted":false,"t":6,"tick":2454,"type":"hit"}
[client] {"a":2,"dup":false,"ev":"game","ms":44622,"predicted":false,"t":6,"tick":2492,"type":"hit"}
[client] {"a":6,"dup":false,"ev":"game","ms":44622,"predicted":false,"t":-1,"tick":2492,"type":"ko"}
[client] {"a":1,"dup":false,"ev":"game","ms":44884,"predicted":false,"t":5,"tick":2507,"type":"hit"}
[client] {"counts":{"blocks_on_me":0,"conf_actions":23,"confirmed_hits":119,"dup_confirmed":0,"hits_on_me":13,"pred_actions":25,"predicted_confirmed":7,"predicted_hits":19,"reconnects":0},"ev":"stats","hp":220.0,"in_bytes":604068,"late":0,"local_entity":7,"match":{"countdown_until":300,"ctrl":-1,"final":false,"next":"","phase":3,"rot":1385,"scores":[6,0],"sd":false,"state":3,"tick":2215,"zone":"B"},"max_err":1.514,"mean_err":0.0418,"ms":44952,"out_bytes":123349,"pending":7,"pos":[2.12,-5.23],"reconciles":836,"server_tick":2516,"snaps":838,"teleports":2}
[client] {"a":8,"dup":false,"ev":"game","ms":45168,"predicted":false,"t":0,"tick":2524,"type":"hit"}
[client] {"a":1,"dup":false,"ev":"game","ms":45285,"predicted":false,"t":5,"tick":2531,"type":"hit"}
[client] {"a":8,"dup":false,"ev":"game","ms":45507,"predicted":false,"t":0,"tick":2544,"type":"hit"}
[client] {"a":5,"dup":false,"ev":"game","ms":45636,"predicted":false,"t":0,"tick":2553,"type":"hit"}
[client] {"a":1,"dup":false,"ev":"game","ms":45851,"predicted":false,"t":5,"tick":2566,"type":"hit"}
[client] {"a":8,"dup":false,"ev":"game","ms":46037,"predicted":false,"t":0,"tick":2577,"type":"hit"}
[client] {"a":0,"dup":false,"ev":"game","ms":46403,"predicted":false,"t":7,"tick":2599,"type":"hit"}
[client] {"a":8,"dup":false,"ev":"game","ms":46423,"predicted":false,"t":3,"tick":2600,"type":"hit"}
[client] {"a":0,"dup":false,"ev":"game","ms":46637,"predicted":false,"t":7,"tick":2613,"type":"hit"}
[client] {"a":1,"dup":false,"ev":"game","ms":46789,"predicted":false,"t":5,"tick":2622,"type":"hit"}
[client] {"a":1,"dup":false,"ev":"game","ms":46789,"predicted":false,"t":8,"tick":2622,"type":"hit"}
[client] {"a":3,"dup":false,"ev":"game","ms":47107,"predicted":false,"t":5,"tick":2641,"type":"hit"}
[client] {"a":7,"dup":true,"ev":"game","ms":47107,"predicted":false,"t":0,"tick":2646,"type":"hit"}
[client] {"a":1,"dup":false,"ev":"game","ms":47390,"predicted":false,"t":5,"tick":2658,"type":"hit"}
[client] {"a":1,"dup":false,"ev":"game","ms":47390,"predicted":false,"t":8,"tick":2658,"type":"hit"}
[client] {"a":8,"dup":false,"ev":"game","ms":47390,"predicted":false,"t":-1,"tick":2658,"type":"ko"}
[client] {"a":3,"dup":false,"ev":"game","ms":47438,"predicted":false,"t":5,"tick":2661,"type":"hit"}
[client] {"a":0,"dup":false,"ev":"game","ms":47555,"predicted":false,"t":7,"tick":2668,"type":"hit"}
[client] {"a":9,"dup":false,"ev":"game","ms":47720,"predicted":false,"t":1,"tick":2678,"type":"hit"}
[client] {"a":3,"dup":false,"ev":"game","ms":47768,"predicted":false,"t":5,"tick":2681,"type":"hit"}
[client] {"a":1,"dup":false,"ev":"game","ms":48272,"predicted":false,"t":7,"tick":2711,"type":"hit"}
[client] {"a":5,"dup":false,"ev":"game","ms":48321,"predicted":false,"t":3,"tick":2714,"type":"hit"}
[client] {"a":9,"dup":false,"ev":"game","ms":48438,"predicted":false,"t":3,"tick":2721,"type":"hit"}
[client] {"a":2,"dup":false,"ev":"game","ms":48475,"predicted":false,"t":5,"tick":2723,"type":"hit"}
[client] {"a":2,"dup":false,"ev":"game","ms":48569,"predicted":false,"t":9,"tick":2729,"type":"hit"}
[client] {"a":1,"dup":false,"ev":"game","ms":48624,"predicted":false,"t":7,"tick":2732,"type":"hit"}
[client] {"a":1,"dup":false,"ev":"game","ms":48935,"predicted":false,"t":7,"tick":2751,"type":"hit"}
[client] {"a":3,"dup":false,"ev":"game","ms":49238,"predicted":false,"t":7,"tick":2769,"type":"hit"}
[client] {"a":3,"dup":false,"ev":"game","ms":49556,"predicted":false,"t":7,"tick":2788,"type":"hit"}
[client] {"a":5,"dup":false,"ev":"game","ms":49625,"predicted":false,"t":2,"tick":2792,"type":"hit"}
[client] {"a":1,"dup":false,"ev":"game","ms":49652,"predicted":false,"t":7,"tick":2794,"type":"hit"}
[client] {"counts":{"blocks_on_me":0,"conf_actions":29,"confirmed_hits":149,"dup_confirmed":0,"hits_on_me":22,"pred_actions":33,"predicted_confirmed":8,"predicted_hits":25,"reconnects":0},"ev":"stats","hp":38.0,"in_bytes":683588,"late":0,"local_entity":7,"match":{"countdown_until":300,"ctrl":-1,"final":false,"next":"","phase":3,"rot":1082,"scores":[6,0],"sd":false,"state":3,"tick":2518,"zone":"B"},"max_err":1.514,"mean_err":0.0442,"ms":49956,"out_bytes":138049,"pending":7,"pos":[1.92,-7.03],"reconciles":936,"server_tick":2816,"snaps":939,"teleports":2}
[client] {"a":7,"dup":false,"ev":"game","ms":50310,"predicted":false,"t":-1,"tick":2838,"type":"ko"}
[client] {"a":0,"dup":false,"ev":"game","ms":50390,"predicted":false,"t":7,"tick":2838,"type":"hit"}
[client] {"a":5,"dup":false,"ev":"game","ms":50390,"predicted":false,"t":4,"tick":2838,"type":"hit"}
[client] {"a":5,"dup":false,"ev":"game","ms":50721,"predicted":false,"t":4,"tick":2858,"type":"hit"}
[client] {"a":1,"dup":false,"ev":"game","ms":51005,"predicted":false,"t":5,"tick":2875,"type":"hit"}
[client] {"a":1,"dup":false,"ev":"game","ms":51315,"predicted":false,"t":5,"tick":2893,"type":"hit"}
[client] {"a":9,"dup":false,"ev":"game","ms":51514,"predicted":false,"t":1,"tick":2905,"type":"hit"}
[client] {"a":1,"dup":false,"ev":"game","ms":51514,"predicted":false,"t":-1,"tick":2905,"type":"ko"}
[client] {"a":3,"dup":false,"ev":"game","ms":51549,"predicted":false,"t":5,"tick":2907,"type":"hit"}
[client] {"a":9,"dup":false,"ev":"game","ms":51549,"predicted":false,"t":4,"tick":2907,"type":"hit"}
[client] {"a":9,"dup":false,"ev":"game","ms":51563,"predicted":false,"t":3,"tick":2908,"type":"hit"}
[client] {"a":9,"dup":false,"ev":"game","ms":52183,"predicted":false,"t":0,"tick":2945,"type":"block"}
[client] {"a":3,"dup":false,"ev":"game","ms":52431,"predicted":false,"t":9,"tick":2960,"type":"hit"}
[client] {"a":0,"dup":false,"ev":"game","ms":52729,"predicted":false,"t":5,"tick":2978,"type":"hit"}
[client] {"a":0,"dup":false,"ev":"game","ms":52729,"predicted":false,"t":9,"tick":2978,"type":"hit"}
[client] {"a":5,"dup":false,"ev":"game","ms":52729,"predicted":false,"t":-1,"tick":2978,"type":"ko"}
[client] {"a":2,"dup":false,"ev":"game","ms":52832,"predicted":false,"t":9,"tick":2984,"type":"hit"}
[client] {"a":9,"dup":false,"ev":"game","ms":54446,"predicted":false,"t":2,"tick":3082,"type":"hit"}
[client] {"a":9,"dup":false,"ev":"game","ms":54502,"predicted":false,"t":3,"tick":3085,"type":"hit"}
[client] {"a":3,"dup":false,"ev":"game","ms":54502,"predicted":false,"t":-1,"tick":3085,"type":"ko"}
[client] {"a":9,"dup":false,"ev":"game","ms":54529,"predicted":false,"t":0,"tick":3087,"type":"hit"}
[client] {"a":6,"dup":false,"ev":"game","ms":54619,"predicted":false,"t":-1,"tick":3092,"type":"respawn"}
[client] {"counts":{"blocks_on_me":0,"conf_actions":29,"confirmed_hits":165,"dup_confirmed":0,"hits_on_me":23,"pred_actions":33,"predicted_confirmed":8,"predicted_hits":25,"reconnects":0},"ev":"stats","hp":0.0,"in_bytes":752076,"late":0,"local_entity":7,"match":{"countdown_until":300,"ctrl":-1,"final":false,"next":"A","phase":3,"rot":782,"scores":[6,0],"sd":false,"state":3,"tick":2818,"zone":"B"},"max_err":1.514,"mean_err":0.0401,"ms":54949,"out_bytes":152749,"pending":7,"pos":[1.37,-7.08],"reconciles":1036,"server_tick":3116,"snaps":1039,"teleports":2}
[client] {"a":4,"dup":false,"ev":"game","ms":55303,"predicted":false,"t":9,"tick":3132,"type":"hit"}
[client] {"a":4,"dup":false,"ev":"game","ms":55633,"predicted":false,"t":9,"tick":3153,"type":"hit"}
[client] {"a":9,"dup":false,"ev":"game","ms":56117,"predicted":false,"t":4,"tick":3182,"type":"block"}
[client] {"a":4,"dup":false,"ev":"game","ms":56433,"predicted":false,"t":9,"tick":3201,"type":"hit"}
[client] {"a":8,"dup":false,"ev":"game","ms":57385,"predicted":false,"t":-1,"tick":3258,"type":"respawn"}
[client] {"a":2,"dup":false,"ev":"game","ms":57752,"predicted":false,"t":9,"tick":3280,"type":"hit"}
[client] {"a":9,"dup":false,"ev":"game","ms":58069,"predicted":false,"t":4,"tick":3299,"type":"hit"}
[client] {"a":2,"dup":false,"ev":"game","ms":58085,"predicted":false,"t":9,"tick":3300,"type":"hit"}
[client] {"a":9,"dup":false,"ev":"game","ms":58430,"predicted":false,"t":4,"tick":3321,"type":"hit"}
[client] {"a":2,"dup":false,"ev":"game","ms":58465,"predicted":false,"t":9,"tick":3323,"type":"hit"}
[client] {"counts":{"blocks_on_me":0,"conf_actions":29,"confirmed_hits":173,"dup_confirmed":0,"hits_on_me":23,"pred_actions":33,"predicted_confirmed":8,"predicted_hits":25,"reconnects":0},"ev":"stats","hp":0.0,"in_bytes":815460,"late":0,"local_entity":7,"match":{"countdown_until":300,"ctrl":0,"final":false,"next":"A","phase":3,"rot":482,"scores":[6,0],"sd":false,"state":2,"tick":3118,"zone":"B"},"max_err":1.514,"mean_err":0.0366,"ms":59947,"out_bytes":167449,"pending":7,"pos":[1.37,-7.08],"reconciles":1136,"server_tick":3416,"snaps":1139,"teleports":2}
[client] {"a":9,"dup":false,"ev":"game","ms":60017,"predicted":false,"t":0,"tick":3416,"type":"hit"}
[client] {"a":2,"dup":false,"ev":"game","ms":60017,"predicted":false,"t":9,"tick":3416,"type":"hit"}
[client] {"a":9,"dup":false,"ev":"game","ms":60017,"predicted":false,"t":-1,"tick":3416,"type":"ko"}
[client] {"a":7,"dup":false,"ev":"game","ms":60300,"predicted":false,"t":-1,"tick":3438,"type":"respawn"}
[client] {"a":1,"dup":false,"ev":"game","ms":61501,"predicted":false,"t":-1,"tick":3505,"type":"respawn"}
[client] {"a":5,"dup":false,"ev":"game","ms":62736,"predicted":false,"t":-1,"tick":3578,"type":"respawn"}
[client] {"a":6,"dup":false,"ev":"game","ms":62846,"predicted":false,"t":4,"tick":3585,"type":"hit"}
[client] {"a":4,"dup":false,"ev":"game","ms":62846,"predicted":false,"t":-1,"tick":3585,"type":"ko"}
[client] {"a":0,"dup":false,"ev":"game","ms":63516,"predicted":false,"t":6,"tick":3626,"type":"hit"}
[client] {"a":0,"dup":false,"ev":"game","ms":63833,"predicted":false,"t":6,"tick":3645,"type":"hit"}
[client] {"a":0,"dup":false,"ev":"game","ms":64165,"predicted":false,"t":6,"tick":3665,"type":"hit"}
[client] {"a":3,"dup":false,"ev":"game","ms":64502,"predicted":false,"t":-1,"tick":3685,"type":"respawn"}
[client] {"a":6,"dup":false,"ev":"game","ms":64585,"predicted":false,"t":0,"tick":3690,"type":"hit"}
[client] {"a":6,"dup":false,"ev":"game","ms":64833,"predicted":false,"t":0,"tick":3705,"type":"hit"}
[client] {"counts":{"blocks_on_me":0,"conf_actions":29,"confirmed_hits":181,"dup_confirmed":0,"hits_on_me":23,"pred_actions":33,"predicted_confirmed":8,"predicted_hits":25,"reconnects":0},"ev":"stats","hp":220.0,"in_bytes":872800,"late":0,"local_entity":7,"match":{"countdown_until":300,"ctrl":-1,"final":false,"next":"A","phase":3,"rot":182,"scores":[6,0],"sd":false,"state":3,"tick":3418,"zone":"B"},"max_err":1.514,"mean_err":0.0336,"ms":64950,"out_bytes":182149,"pending":7,"pos":[-0.36,16.44],"reconciles":1235,"server_tick":3716,"snaps":1239,"teleports":3}
[client] {"a":6,"dup":false,"ev":"game","ms":65904,"predicted":false,"t":0,"tick":3769,"type":"hit"}
[client] {"a":6,"dup":false,"ev":"game","ms":66669,"predicted":false,"t":2,"tick":3815,"type":"hit"}
[client] {"a":8,"dup":false,"ev":"game","ms":66869,"predicted":false,"t":0,"tick":3827,"type":"hit"}
[client] {"a":0,"dup":false,"ev":"game","ms":66869,"predicted":false,"t":-1,"tick":3827,"type":"ko"}
[client] {"a":2,"dup":false,"ev":"game","ms":67669,"predicted":false,"t":6,"tick":3875,"type":"hit"}
[client] {"a":2,"dup":false,"ev":"game","ms":67669,"predicted":false,"t":8,"tick":3875,"type":"hit"}
[client] {"a":8,"dup":false,"ev":"game","ms":68035,"predicted":false,"t":2,"tick":3897,"type":"hit"}
[client] {"a":6,"dup":false,"ev":"game","ms":68070,"predicted":false,"t":2,"tick":3899,"type":"hit"}
[client] {"a":-1,"dup":false,"ev":"game","ms":68070,"predicted":false,"t":-1,"tick":3899,"type":"zone_rotated"}
[client] {"a":1,"dup":false,"ev":"game","ms":68257,"predicted":false,"t":6,"tick":3910,"type":"hit"}
[client] {"a":2,"dup":false,"ev":"game","ms":68484,"predicted":false,"t":6,"tick":3924,"type":"hit"}
[client] {"a":2,"dup":false,"ev":"game","ms":68484,"predicted":false,"t":8,"tick":3924,"type":"hit"}
[client] {"a":2,"dup":false,"ev":"game","ms":68505,"predicted":false,"t":7,"tick":3925,"type":"hit"}
[client] {"a":1,"dup":false,"ev":"game","ms":68870,"predicted":false,"t":6,"tick":3947,"type":"hit"}
[client] {"a":1,"dup":false,"ev":"game","ms":68939,"predicted":false,"t":7,"tick":3951,"type":"hit"}
[client] {"a":2,"dup":false,"ev":"game","ms":69270,"predicted":false,"t":8,"tick":3971,"type":"hit"}
[client] {"a":2,"dup":false,"ev":"game","ms":69767,"predicted":false,"t":8,"tick":4001,"type":"hit"}
[client] {"a":1,"dup":false,"ev":"game","ms":69801,"predicted":false,"t":8,"tick":4003,"type":"hit"}
[client] {"counts":{"blocks_on_me":0,"conf_actions":30,"confirmed_hits":197,"dup_confirmed":0,"hits_on_me":25,"pred_actions":34,"predicted_confirmed":8,"predicted_hits":25,"reconnects":0},"ev":"stats","hp":168.0,"in_bytes":936723,"late":0,"local_entity":7,"match":{"countdown_until":300,"ctrl":-1,"final":false,"next":"","phase":3,"rot":3482,"scores":[6,0],"sd":false,"state":1,"tick":3718,"zone":"A"},"max_err":1.514,"mean_err":0.0325,"ms":69952,"out_bytes":196849,"pending":7,"pos":[-7.06,-0.13],"reconciles":1335,"server_tick":4016,"snaps":1339,"teleports":3}
[client] {"a":9,"dup":false,"ev":"game","ms":70023,"predicted":false,"t":-1,"tick":4016,"type":"respawn"}
[client] {"a":2,"dup":false,"ev":"game","ms":70084,"predicted":false,"t":8,"tick":4020,"type":"hit"}
[client] {"a":1,"dup":false,"ev":"game","ms":70436,"predicted":false,"t":8,"tick":4041,"type":"hit"}
[client] {"a":4,"dup":false,"ev":"game","ms":72851,"predicted":false,"t":-1,"tick":4185,"type":"respawn"}
[client] {"counts":{"blocks_on_me":0,"conf_actions":30,"confirmed_hits":199,"dup_confirmed":0,"hits_on_me":25,"pred_actions":34,"predicted_confirmed":8,"predicted_hits":25,"reconnects":0},"ev":"stats","hp":171.3,"in_bytes":992399,"late":0,"local_entity":7,"match":{"countdown_until":300,"ctrl":1,"final":false,"next":"","phase":3,"rot":3185,"scores":[6,1],"sd":false,"state":2,"tick":4015,"zone":"A"},"max_err":1.514,"mean_err":0.0302,"ms":74948,"out_bytes":211549,"pending":7,"pos":[-41.1,-0.5],"reconciles":1435,"server_tick":4316,"snaps":1438,"teleports":3}
[client] {"a":3,"dup":false,"ev":"game","ms":76480,"predicted":false,"t":7,"tick":4404,"type":"hit"}
[client] {"a":5,"dup":false,"ev":"game","ms":76681,"predicted":false,"t":3,"tick":4416,"type":"hit"}
[client] {"a":0,"dup":false,"ev":"game","ms":76867,"predicted":false,"t":-1,"tick":4427,"type":"respawn"}
[client] {"a":3,"dup":false,"ev":"game","ms":77081,"predicted":false,"t":5,"tick":4440,"type":"hit"}
[client] {"a":6,"dup":false,"ev":"game","ms":77267,"predicted":false,"t":3,"tick":4451,"type":"hit"}
[client] {"a":2,"dup":false,"ev":"game","ms":77502,"predicted":false,"t":8,"tick":4465,"type":"hit"}
[client] {"a":3,"dup":false,"ev":"game","ms":79303,"predicted":false,"t":8,"tick":4573,"type":"hit"}
[client] {"a":6,"dup":false,"ev":"game","ms":79503,"predicted":false,"t":1,"tick":4585,"type":"hit"}
[client] {"a":6,"dup":false,"ev":"game","ms":79517,"predicted":false,"t":2,"tick":4586,"type":"hit"}
[client] {"a":3,"dup":false,"ev":"game","ms":79891,"predicted":false,"t":5,"tick":4608,"type":"hit"}
[client] {"a":2,"dup":false,"ev":"game","ms":79904,"predicted":false,"t":5,"tick":4609,"type":"hit"}
[client] {"counts":{"blocks_on_me":0,"conf_actions":33,"confirmed_hits":209,"dup_confirmed":0,"hits_on_me":26,"pred_actions":37,"predicted_confirmed":8,"predicted_hits":25,"reconnects":0},"ev":"stats","hp":173.700000000001,"in_bytes":1059720,"late":0,"local_entity":7,"match":{"countdown_until":300,"ctrl":-1,"final":false,"next":"","phase":3,"rot":2882,"scores":[6,1],"sd":false,"state":3,"tick":4318,"zone":"A"},"max_err":1.514,"mean_err":0.0301,"ms":79950,"out_bytes":226249,"pending":7,"pos":[-41.74,-0.64],"reconciles":1535,"server_tick":4616,"snaps":1539,"teleports":3}
[client] {"a":7,"dup":true,"ev":"game","ms":80104,"predicted":false,"t":2,"tick":4626,"type":"hit"}
[client] {"a":5,"dup":false,"ev":"game","ms":80269,"predicted":false,"t":3,"tick":4631,"type":"hit"}
[client] {"a":7,"dup":true,"ev":"game","ms":80574,"predicted":false,"t":2,"tick":4654,"type":"hit"}
[client] {"a":9,"dup":false,"ev":"game","ms":80622,"predicted":false,"t":3,"tick":4652,"type":"hit"}
[client] {"a":7,"dup":true,"ev":"game","ms":80890,"predicted":false,"t":3,"tick":4673,"type":"hit"}
[client] {"a":5,"dup":false,"ev":"game","ms":81021,"predicted":false,"t":3,"tick":4676,"type":"hit"}
[client] {"a":5,"dup":false,"ev":"game","ms":81069,"predicted":false,"t":2,"tick":4679,"type":"parry"}
[client] {"a":1,"dup":false,"ev":"game","ms":81187,"predicted":false,"t":6,"tick":4686,"type":"hit"}
[client] {"a":1,"dup":false,"ev":"game","ms":81187,"predicted":false,"t":7,"tick":4686,"type":"hit"}
[client] {"a":1,"dup":false,"ev":"game","ms":81222,"predicted":false,"t":8,"tick":4688,"type":"hit"}
[client] {"a":6,"dup":false,"ev":"game","ms":81857,"predicted":false,"t":1,"tick":4726,"type":"hit"}
[client] {"a":3,"dup":false,"ev":"game","ms":81870,"predicted":false,"t":5,"tick":4727,"type":"hit"}
[client] {"a":9,"dup":false,"ev":"game","ms":81891,"predicted":false,"t":3,"tick":4728,"type":"hit"}
[client] {"a":7,"dup":true,"ev":"game","ms":82070,"predicted":false,"t":3,"tick":4744,"type":"hit"}
[client] {"a":9,"dup":false,"ev":"game","ms":82187,"predicted":false,"t":3,"tick":4746,"type":"hit"}
[client] {"a":5,"dup":false,"ev":"game","ms":82256,"predicted":false,"t":3,"tick":4750,"type":"hit"}
[client] {"a":7,"dup":true,"ev":"game","ms":82387,"predicted":false,"t":3,"tick":4763,"type":"hit"}
[client] {"a":5,"dup":false,"ev":"game","ms":82587,"predicted":false,"t":3,"tick":4770,"type":"hit"}
[client] {"a":7,"dup":true,"ev":"game","ms":82739,"predicted":false,"t":2,"tick":4784,"type":"hit"}
[client] {"a":2,"dup":false,"ev":"game","ms":82823,"predicted":false,"t":-1,"tick":4784,"type":"ko"}
[client] {"a":4,"dup":false,"ev":"game","ms":82870,"predicted":false,"t":9,"tick":4787,"type":"hit"}
[client] {"a":3,"dup":false,"ev":"game","ms":83022,"predicted":false,"t":9,"tick":4796,"type":"hit"}
[client] {"a":4,"dup":false,"ev":"game","ms":83118,"predicted":false,"t":9,"tick":4802,"type":"hit"}
[client] {"a":1,"dup":false,"ev":"game","ms":83174,"predicted":false,"t":7,"tick":4805,"type":"hit"}
[client] {"a":4,"dup":false,"ev":"game","ms":83174,"predicted":false,"t":5,"tick":4805,"type":"hit"}
[client] {"a":1,"dup":false,"ev":"game","ms":83222,"predicted":false,"t":8,"tick":4808,"type":"hit"}
[client] {"a":8,"dup":false,"ev":"game","ms":83222,"predicted":false,"t":-1,"tick":4808,"type":"ko"}
[client] {"a":7,"dup":true,"ev":"game","ms":83457,"predicted":false,"t":1,"tick":4827,"type":"hit"}
[client] {"a":6,"dup":false,"ev":"game","ms":83588,"predicted":false,"t":1,"tick":4830,"type":"hit"}
[client] {"a":3,"dup":false,"ev":"game","ms":83754,"predicted":false,"t":7,"tick":4840,"type":"hit"}
[client] {"a":3,"dup":false,"ev":"game","ms":83788,"predicted":false,"t":5,"tick":4842,"type":"hit"}
[client] {"a":3,"dup":false,"ev":"game","ms":83809,"predicted":false,"t":6,"tick":4843,"type":"hit"}
[client] {"a":9,"dup":false,"ev":"game","ms":84229,"predicted":false,"t":3,"tick":4869,"type":"hit"}
[client] {"a":9,"dup":false,"ev":"game","ms":84289,"predicted":false,"t":4,"tick":4872,"type":"hit"}
[client] {"a":1,"dup":false,"ev":"game","ms":84782,"predicted":false,"t":7,"tick":4902,"type":"hit"}
[client] {"a":1,"dup":false,"ev":"game","ms":84804,"predicted":false,"t":9,"tick":4903,"type":"hit"}
[client] {"a":6,"dup":false,"ev":"game","ms":84804,"predicted":false,"t":1,"tick":4903,"type":"hit"}
[client] {"counts":{"blocks_on_me":0,"conf_actions":42,"confirmed_hits":243,"dup_confirmed":0,"hits_on_me":30,"pred_actions":47,"predicted_confirmed":15,"predicted_hits":36,"reconnects":0},"ev":"stats","hp":61.7000000000009,"in_bytes":1137750,"late":0,"local_entity":7,"match":{"countdown_until":300,"ctrl":-1,"final":false,"next":"","phase":3,"rot":2582,"scores":[6,1],"sd":false,"state":3,"tick":4618,"zone":"A"},"max_err":1.514,"mean_err":0.031,"ms":84946,"out_bytes":240949,"pending":7,"pos":[-41.23,1.22],"reconciles":1635,"server_tick":4916,"snaps":1639,"teleports":3}
[client] {"a":6,"dup":false,"ev":"game","ms":85169,"predicted":false,"t":1,"tick":4925,"type":"hit"}
[client] {"a":3,"dup":false,"ev":"game","ms":85231,"predicted":false,"t":6,"tick":4929,"type":"hit"}
[client] {"a":4,"dup":false,"ev":"game","ms":85252,"predicted":false,"t":6,"tick":4930,"type":"hit"}
[client] {"a":6,"dup":false,"ev":"game","ms":85252,"predicted":false,"t":-1,"tick":4930,"type":"ko"}
[client] {"a":3,"dup":false,"ev":"game","ms":85582,"predicted":false,"t":5,"tick":4950,"type":"hit"}
[client] {"a":7,"dup":true,"ev":"game","ms":85734,"predicted":false,"t":4,"tick":4963,"type":"hit"}
[client] {"a":3,"dup":false,"ev":"game","ms":85899,"predicted":false,"t":5,"tick":4969,"type":"hit"}
[client] {"a":9,"dup":false,"ev":"game","ms":86099,"predicted":false,"t":1,"tick":4981,"type":"hit"}
[client] {"a":9,"dup":false,"ev":"game","ms":86113,"predicted":false,"t":3,"tick":4982,"type":"hit"}
[client] {"a":3,"dup":false,"ev":"game","ms":86113,"predicted":false,"t":-1,"tick":4982,"type":"ko"}
[client] {"a":4,"dup":false,"ev":"game","ms":86900,"predicted":false,"t":7,"tick":5029,"type":"hit"}
[client] {"a":1,"dup":false,"ev":"game","ms":87252,"predicted":false,"t":7,"tick":5050,"type":"hit"}
[client] {"a":9,"dup":false,"ev":"game","ms":87452,"predicted":false,"t":1,"tick":5062,"type":"hit"}
[client] {"a":7,"dup":true,"ev":"game","ms":87818,"predicted":false,"t":0,"tick":5089,"type":"hit"}
[client] {"a":7,"dup":true,"ev":"game","ms":88052,"predicted":false,"t":0,"tick":5102,"type":"hit"}
[client] {"a":1,"dup":false,"ev":"game","ms":88453,"predicted":false,"t":9,"tick":5122,"type":"hit"}
[client] {"a":7,"dup":false,"ev":"game","ms":88535,"predicted":false,"t":0,"tick":5132,"type":"hit"}
[client] {"a":9,"dup":false,"ev":"game","ms":88866,"predicted":false,"t":1,"tick":5147,"type":"hit"}
[client] {"a":7,"dup":false,"ev":"game","ms":88935,"predicted":false,"t":-1,"tick":5156,"type":"ko"}
[client] {"a":0,"dup":false,"ev":"game","ms":89018,"predicted":false,"t":7,"tick":5156,"type":"hit"}
[client] {"a":4,"dup":false,"ev":"game","ms":89349,"predicted":false,"t":5,"tick":5176,"type":"hit"}
[client] {"a":0,"dup":false,"ev":"game","ms":89805,"predicted":false,"t":9,"tick":5203,"type":"hit"}
[client] {"counts":{"blocks_on_me":0,"conf_actions":48,"confirmed_hits":262,"dup_confirmed":0,"hits_on_me":33,"pred_actions":54,"predicted_confirmed":18,"predicted_hits":41,"reconnects":0},"ev":"stats","hp":0.0,"in_bytes":1209254,"late":0,"local_entity":7,"match":{"countdown_until":300,"ctrl":-1,"final":false,"next":"","phase":3,"rot":2285,"scores":[6,1],"sd":false,"state":3,"tick":4915,"zone":"A"},"max_err":1.799,"mean_err":0.032,"ms":89949,"out_bytes":255649,"pending":7,"pos":[-39.5,-0.93],"reconciles":1735,"server_tick":5216,"snaps":1738,"teleports":3}
[client] {"a":5,"dup":false,"ev":"game","ms":90018,"predicted":false,"t":0,"tick":5216,"type":"hit"}
[client] {"a":1,"dup":false,"ev":"game","ms":90570,"predicted":false,"t":9,"tick":5249,"type":"hit"}
[client] {"a":1,"dup":false,"ev":"game","ms":91233,"predicted":false,"t":9,"tick":5289,"type":"hit"}
[client] {"a":5,"dup":false,"ev":"game","ms":91538,"predicted":false,"t":1,"tick":5307,"type":"hit"}
[client] {"a":1,"dup":false,"ev":"game","ms":91538,"predicted":false,"t":-1,"tick":5307,"type":"ko"}
[client] {"a":0,"dup":false,"ev":"game","ms":91633,"predicted":false,"t":5,"tick":5313,"type":"hit"}
[client] {"a":4,"dup":false,"ev":"game","ms":92054,"predicted":false,"t":9,"tick":5338,"type":"hit"}
[client] {"a":0,"dup":false,"ev":"game","ms":92454,"predicted":false,"t":9,"tick":5362,"type":"hit"}
[client] {"a":4,"dup":false,"ev":"game","ms":92785,"predicted":false,"t":5,"tick":5382,"type":"hit"}
[client] {"a":2,"dup":false,"ev":"game","ms":92820,"predicted":false,"t":-1,"tick":5384,"type":"respawn"}
[client] {"a":4,"dup":false,"ev":"game","ms":93126,"predicted":false,"t":5,"tick":5402,"type":"hit"}
[client] {"a":9,"dup":false,"ev":"game","ms":93185,"predicted":false,"t":0,"tick":5406,"type":"hit"}
[client] {"a":8,"dup":false,"ev":"game","ms":93220,"predicted":false,"t":-1,"tick":5408,"type":"respawn"}
[client] {"a":5,"dup":false,"ev":"game","ms":93489,"predicted":false,"t":4,"tick":5424,"type":"hit"}
[client] {"a":9,"dup":false,"ev":"game","ms":93525,"predicted":false,"t":0,"tick":5426,"type":"hit"}
[client] {"a":0,"dup":false,"ev":"game","ms":93869,"predicted":false,"t":9,"tick":5447,"type":"hit"}
[client] {"a":4,"dup":false,"ev":"game","ms":93904,"predicted":false,"t":5,"tick":5449,"type":"hit"}
[client] {"a":5,"dup":false,"ev":"game","ms":93904,"predicted":false,"t":-1,"tick":5449,"type":"ko"}
[client] {"a":9,"dup":false,"ev":"game","ms":94235,"predicted":false,"t":0,"tick":5469,"type":"hit"}
[client] {"a":9,"dup":false,"ev":"game","ms":94904,"predicted":false,"t":0,"tick":5509,"type":"hit"}
[client] {"counts":{"blocks_on_me":0,"conf_actions":48,"confirmed_hits":278,"dup_confirmed":0,"hits_on_me":33,"pred_actions":54,"predicted_confirmed":18,"predicted_hits":41,"reconnects":0},"ev":"stats","hp":0.0,"in_bytes":1271263,"late":0,"local_entity":7,"match":{"countdown_until":300,"ctrl":-1,"final":false,"next":"","phase":3,"rot":1982,"scores":[6,1],"sd":false,"state":3,"tick":5218,"zone":"A"},"max_err":1.799,"mean_err":0.0302,"ms":94951,"out_bytes":270349,"pending":7,"pos":[-39.5,-0.93],"reconciles":1835,"server_tick":5516,"snaps":1839,"teleports":3}
[client] {"a":4,"dup":false,"ev":"game","ms":95090,"predicted":false,"t":9,"tick":5520,"type":"hit"}
[client] {"a":6,"dup":false,"ev":"game","ms":95256,"predicted":false,"t":-1,"tick":5530,"type":"respawn"}
[client] {"a":4,"dup":false,"ev":"game","ms":95338,"predicted":false,"t":9,"tick":5535,"type":"hit"}
[client] {"a":9,"dup":false,"ev":"game","ms":95338,"predicted":false,"t":-1,"tick":5535,"type":"ko"}
[client] {"a":3,"dup":false,"ev":"game","ms":96125,"predicted":false,"t":-1,"tick":5582,"type":"respawn"}
[client] {"a":7,"dup":false,"ev":"game","ms":98933,"predicted":false,"t":-1,"tick":5756,"type":"respawn"}
[client] {"counts":{"blocks_on_me":0,"conf_actions":48,"confirmed_hits":280,"dup_confirmed":0,"hits_on_me":33,"pred_actions":54,"predicted_confirmed":18,"predicted_hits":41,"reconnects":0},"ev":"stats","hp":220.0,"in_bytes":1325908,"late":0,"local_entity":7,"match":{"countdown_until":300,"ctrl":0,"final":false,"next":"","phase":3,"rot":1685,"scores":[10,1],"sd":false,"state":2,"tick":5515,"zone":"A"},"max_err":1.799,"mean_err":0.0287,"ms":99947,"out_bytes":285049,"pending":7,"pos":[4.73,42.09],"reconciles":1934,"server_tick":5816,"snaps":1938,"teleports":4}
[client] {"a":1,"dup":false,"ev":"game","ms":101534,"predicted":false,"t":-1,"tick":5907,"type":"respawn"}
[client] {"a":5,"dup":false,"ev":"game","ms":103901,"predicted":false,"t":-1,"tick":6049,"type":"respawn"}
[client] {"a":8,"dup":false,"ev":"game","ms":103971,"predicted":false,"t":0,"tick":6053,"type":"hit"}
[client] {"a":8,"dup":false,"ev":"game","ms":104267,"predicted":false,"t":0,"tick":6071,"type":"hit"}
[client] {"a":8,"dup":false,"ev":"game","ms":104550,"predicted":false,"t":0,"tick":6088,"type":"hit"}
[client] {"a":4,"dup":false,"ev":"game","ms":104854,"predicted":false,"t":8,"tick":6106,"type":"hit"}
[client] {"a":2,"dup":false,"ev":"game","ms":104888,"predicted":false,"t":8,"tick":6108,"type":"hit"}
[client] {"counts":{"blocks_on_me":0,"conf_actions":48,"confirmed_hits":285,"dup_confirmed":0,"hits_on_me":33,"pred_actions":54,"predicted_confirmed":18,"predicted_hits":41,"reconnects":0},"ev":"stats","hp":220.0,"in_bytes":1386787,"late":0,"local_entity":7,"match":{"countdown_until":300,"ctrl":-1,"final":false,"next":"","phase":3,"rot":1385,"scores":[13,1],"sd":false,"state":3,"tick":5815,"zone":"A"},"max_err":1.799,"mean_err":0.0273,"ms":104949,"out_bytes":299749,"pending":7,"pos":[-14.19,16.23],"reconciles":2034,"server_tick":6116,"snaps":2038,"teleports":4}
[client] {"a":4,"dup":false,"ev":"game","ms":105240,"predicted":false,"t":8,"tick":6129,"type":"hit"}
[client] {"a":0,"dup":false,"ev":"game","ms":105268,"predicted":false,"t":8,"tick":6131,"type":"hit"}
[client] {"a":9,"dup":false,"ev":"game","ms":105336,"predicted":false,"t":-1,"tick":6135,"type":"respawn"}
[client] {"a":6,"dup":false,"ev":"game","ms":105405,"predicted":false,"t":2,"tick":6139,"type":"hit"}
[client] {"a":4,"dup":false,"ev":"game","ms":105654,"predicted":false,"t":8,"tick":6154,"type":"hit"}
[client] {"a":0,"dup":false,"ev":"game","ms":106372,"predicted":false,"t":6,"tick":6197,"type":"hit"}
[client] {"a":4,"dup":false,"ev":"game","ms":106386,"predicted":false,"t":6,"tick":6198,"type":"hit"}
[client] {"a":4,"dup":false,"ev":"game","ms":106654,"predicted":false,"t":6,"tick":6214,"type":"hit"}
[client] {"a":8,"dup":false,"ev":"game","ms":107172,"predicted":false,"t":0,"tick":6245,"type":"hit"}
[client] {"a":8,"dup":false,"ev":"game","ms":107186,"predicted":false,"t":4,"tick":6246,"type":"hit"}
[client] {"a":3,"dup":false,"ev":"game","ms":107724,"predicted":false,"t":6,"tick":6278,"type":"hit"}
[client] {"a":8,"dup":false,"ev":"game","ms":107972,"predicted":false,"t":0,"tick":6293,"type":"hit"}
[client] {"a":3,"dup":false,"ev":"game","ms":108041,"predicted":false,"t":6,"tick":6297,"type":"hit"}
[client] {"a":8,"dup":false,"ev":"game","ms":108283,"predicted":false,"t":0,"tick":6312,"type":"hit"}
[client] {"a":8,"dup":false,"ev":"game","ms":108579,"predicted":false,"t":0,"tick":6330,"type":"hit"}
[client] {"a":0,"dup":false,"ev":"game","ms":108579,"predicted":false,"t":-1,"tick":6330,"type":"ko"}
[client] {"a":4,"dup":false,"ev":"game","ms":108601,"predicted":false,"t":8,"tick":6331,"type":"hit"}
[client] {"a":6,"dup":false,"ev":"game","ms":108731,"predicted":false,"t":3,"tick":6339,"type":"block"}
[client] {"a":8,"dup":false,"ev":"game","ms":109001,"predicted":false,"t":4,"tick":6355,"type":"hit"}
[client] {"a":2,"dup":false,"ev":"game","ms":109152,"predicted":false,"t":8,"tick":6364,"type":"hit"}
[client] {"a":6,"dup":false,"ev":"game","ms":109355,"predicted":false,"t":3,"tick":6376,"type":"hit"}
[client] {"a":7,"dup":true,"ev":"game","ms":109483,"predicted":false,"t":3,"tick":6388,"type":"hit"}
[client] {"counts":{"blocks_on_me":0,"conf_actions":49,"confirmed_hits":304,"dup_confirmed":0,"hits_on_me":33,"pred_actions":55,"predicted_confirmed":19,"predicted_hits":43,"reconnects":0},"ev":"stats","hp":220.0,"in_bytes":1457317,"late":0,"local_entity":7,"match":{"countdown_until":300,"ctrl":-1,"final":false,"next":"","phase":3,"rot":1082,"scores":[13,1],"sd":false,"state":3,"tick":6118,"zone":"A"},"max_err":1.799,"mean_err":0.026,"ms":109952,"out_bytes":314449,"pending":7,"pos":[-39.08,1.23],"reconciles":2134,"server_tick":6416,"snaps":2139,"teleports":4}
[client] {"a":3,"dup":false,"ev":"game","ms":110555,"predicted":false,"t":6,"tick":6448,"type":"hit"}
[client] {"a":7,"dup":true,"ev":"game","ms":110767,"predicted":false,"t":3,"tick":6466,"type":"hit"}
[client] {"a":2,"dup":false,"ev":"game","ms":110884,"predicted":false,"t":7,"tick":6468,"type":"hit"}
[client] {"a":8,"dup":false,"ev":"game","ms":111236,"predicted":false,"t":2,"tick":6489,"type":"hit"}
[client] {"a":2,"dup":false,"ev":"game","ms":111602,"predicted":false,"t":8,"tick":6511,"type":"hit"}
[client] {"a":2,"dup":false,"ev":"game","ms":111919,"predicted":false,"t":8,"tick":6530,"type":"hit"}
[client] {"a":8,"dup":false,"ev":"game","ms":112319,"predicted":false,"t":2,"tick":6554,"type":"hit"}
[client] {"a":8,"dup":false,"ev":"game","ms":112368,"predicted":false,"t":4,"tick":6557,"type":"hit"}
[client] {"a":2,"dup":false,"ev":"game","ms":112885,"predicted":false,"t":8,"tick":6588,"type":"hit"}
[client] {"a":3,"dup":false,"ev":"game","ms":112920,"predicted":false,"t":8,"tick":6590,"type":"hit"}
[client] {"a":6,"dup":false,"ev":"game","ms":112920,"predicted":false,"t":4,"tick":6590,"type":"hit"}
[client] {"a":8,"dup":false,"ev":"game","ms":112920,"predicted":false,"t":-1,"tick":6590,"type":"ko"}
[client] {"a":6,"dup":false,"ev":"game","ms":113603,"predicted":false,"t":1,"tick":6631,"type":"hit"}
[client] {"a":7,"dup":true,"ev":"game","ms":113637,"predicted":false,"t":1,"tick":6638,"type":"hit"}
[client] {"a":2,"dup":false,"ev":"game","ms":114003,"predicted":false,"t":7,"tick":6655,"type":"hit"}
[client] {"a":3,"dup":false,"ev":"game","ms":114072,"predicted":false,"t":7,"tick":6659,"type":"hit"}
[client] {"a":1,"dup":false,"ev":"game","ms":114452,"predicted":false,"t":6,"tick":6682,"type":"hit"}
[client] {"a":7,"dup":true,"ev":"game","ms":114472,"predicted":false,"t":3,"tick":6688,"type":"hit"}
[client] {"a":1,"dup":false,"ev":"game","ms":114769,"predicted":false,"t":6,"tick":6701,"type":"hit"}
[client] {"counts":{"blocks_on_me":0,"conf_actions":56,"confirmed_hits":322,"dup_confirmed":0,"hits_on_me":36,"pred_actions":63,"predicted_confirmed":22,"predicted_hits":53,"reconnects":0},"ev":"stats","hp":146.0,"in_bytes":1529417,"late":0,"local_entity":7,"match":{"countdown_until":300,"ctrl":-1,"final":false,"next":"C","phase":3,"rot":782,"scores":[13,1],"sd":false,"state":3,"tick":6418,"zone":"A"},"max_err":1.799,"mean_err":0.0263,"ms":114954,"out_bytes":329149,"pending":7,"pos":[-42.83,-0.22],"reconciles":2234,"server_tick":6716,"snaps":2239,"teleports":4}
[client] {"a":7,"dup":true,"ev":"game","ms":114969,"predicted":false,"t":3,"tick":6718,"type":"hit"}
[client] {"a":7,"dup":false,"ev":"game","ms":115004,"predicted":false,"t":2,"tick":6719,"type":"hit"}
[client] {"a":7,"dup":true,"ev":"game","ms":115039,"predicted":false,"t":4,"tick":6721,"type":"hit"}
[client] {"a":1,"dup":false,"ev":"game","ms":115335,"predicted":false,"t":7,"tick":6735,"type":"hit"}
[client] {"a":2,"dup":false,"ev":"game","ms":115521,"predicted":false,"t":7,"tick":6746,"type":"hit"}
[client] {"a":6,"dup":false,"ev":"game","ms":115722,"predicted":false,"t":1,"tick":6758,"type":"hit"}
[client] {"a":6,"dup":false,"ev":"game","ms":115769,"predicted":false,"t":3,"tick":6761,"type":"hit"}
[client] {"a":9,"dup":false,"ev":"game","ms":116218,"predicted":false,"t":3,"tick":6788,"type":"hit"}
[client] {"a":4,"dup":false,"ev":"game","ms":116335,"predicted":false,"t":5,"tick":6795,"type":"block"}
[client] {"a":9,"dup":false,"ev":"game","ms":116536,"predicted":false,"t":3,"tick":6807,"type":"hit"}
[client] {"a":6,"dup":false,"ev":"game","ms":116673,"predicted":false,"t":2,"tick":6815,"type":"hit"}
[client] {"a":4,"dup":false,"ev":"game","ms":116805,"predicted":false,"t":5,"tick":6823,"type":"block"}
[client] {"a":9,"dup":false,"ev":"game","ms":116854,"predicted":false,"t":1,"tick":6826,"type":"hit"}
[client] {"a":7,"dup":true,"ev":"game","ms":116888,"predicted":false,"t":2,"tick":6833,"type":"hit"}
[client] {"a":6,"dup":false,"ev":"game","ms":117005,"predicted":false,"t":2,"tick":6835,"type":"hit"}
[client] {"a":2,"dup":false,"ev":"game","ms":117370,"predicted":false,"t":7,"tick":6857,"type":"hit"}
[client] {"a":3,"dup":false,"ev":"game","ms":117419,"predicted":false,"t":9,"tick":6860,"type":"hit"}
[client] {"a":2,"dup":false,"ev":"game","ms":117701,"predicted":false,"t":7,"tick":6877,"type":"hit"}
[client] {"a":6,"dup":false,"ev":"game","ms":117819,"predicted":false,"t":4,"tick":6884,"type":"hit"}
[client] {"a":9,"dup":false,"ev":"game","ms":117923,"predicted":false,"t":1,"tick":6890,"type":"hit"}
[client] {"a":9,"dup":false,"ev":"game","ms":117957,"predicted":false,"t":3,"tick":6892,"type":"hit"}
[client] {"a":9,"dup":false,"ev":"game","ms":118219,"predicted":false,"t":1,"tick":6908,"type":"hit"}
[client] {"a":3,"dup":false,"ev":"game","ms":118323,"predicted":false,"t":5,"tick":6914,"type":"hit"}
[client] {"a":4,"dup":false,"ev":"game","ms":118488,"predicted":false,"t":9,"tick":6924,"type":"hit"}
[client] {"a":0,"dup":false,"ev":"game","ms":118585,"predicted":false,"t":-1,"tick":6930,"type":"respawn"}
[client] {"a":1,"dup":false,"ev":"game","ms":118607,"predicted":false,"t":5,"tick":6931,"type":"hit"}
[client] {"a":2,"dup":false,"ev":"game","ms":118675,"predicted":false,"t":6,"tick":6935,"type":"hit"}
[client] {"a":9,"dup":false,"ev":"game","ms":118807,"predicted":false,"t":1,"tick":6943,"type":"hit"}
[client] {"a":4,"dup":false,"ev":"game","ms":118840,"predicted":false,"t":9,"tick":6945,"type":"hit"}
[client] {"a":3,"dup":false,"ev":"game","ms":118971,"predicted":false,"t":5,"tick":6953,"type":"hit"}
[client] {"a":1,"dup":false,"ev":"game","ms":119171,"predicted":false,"t":5,"tick":6965,"type":"hit"}
[client] {"a":4,"dup":false,"ev":"game","ms":119185,"predicted":false,"t":9,"tick":6966,"type":"parry"}
[client] {"a":6,"dup":false,"ev":"game","ms":119358,"predicted":false,"t":1,"tick":6976,"type":"hit"}
[client] {"a":7,"dup":true,"ev":"game","ms":119420,"predicted":false,"t":2,"tick":6985,"type":"hit"}
[client] {"a":9,"dup":false,"ev":"game","ms":119454,"predicted":false,"t":3,"tick":6982,"type":"hit"}
[client] {"a":6,"dup":false,"ev":"game","ms":119786,"predicted":false,"t":1,"tick":7002,"type":"hit"}
[client] {"a":5,"dup":false,"ev":"game","ms":119820,"predicted":false,"t":1,"tick":7004,"type":"hit"}
[client] {"a":1,"dup":false,"ev":"game","ms":119820,"predicted":false,"t":-1,"tick":7004,"type":"ko"}
[client] {"a":9,"dup":false,"ev":"game","ms":119855,"predicted":false,"t":3,"tick":7006,"type":"hit"}
[client] {"a":5,"dup":false,"ev":"game","ms":119875,"predicted":false,"t":3,"tick":7007,"type":"hit"}
[client] {"counts":{"blocks_on_me":0,"conf_actions":64,"confirmed_hits":357,"dup_confirmed":0,"hits_on_me":40,"pred_actions":72,"predicted_confirmed":26,"predicted_hits":56,"reconnects":0},"ev":"stats","hp":78.0,"in_bytes":1609807,"late":0,"local_entity":7,"match":{"countdown_until":300,"ctrl":-1,"final":false,"next":"C","phase":3,"rot":482,"scores":[13,1],"sd":false,"state":3,"tick":6718,"zone":"A"},"max_err":1.799,"mean_err":0.0262,"ms":119957,"out_bytes":343849,"pending":7,"pos":[-43.48,0.6],"reconciles":2334,"server_tick":7016,"snaps":2339,"teleports":4}
[client] {"a":2,"dup":false,"ev":"game","ms":119985,"predicted":false,"t":6,"tick":7014,"type":"hit"}
[client] {"a":2,"dup":false,"ev":"game","ms":120306,"predicted":false,"t":6,"tick":7033,"type":"hit"}
[client] {"a":6,"dup":false,"ev":"game","ms":120306,"predicted":false,"t":-1,"tick":7033,"type":"ko"}
[client] {"a":9,"dup":false,"ev":"game","ms":120372,"predicted":false,"t":4,"tick":7037,"type":"hit"}
[client] {"a":5,"dup":false,"ev":"game","ms":120537,"predicted":false,"t":2,"tick":7047,"type":"hit"}
[client] {"a":3,"dup":false,"ev":"game","ms":120606,"predicted":false,"t":7,"tick":7051,"type":"hit"}
[client] {"a":3,"dup":false,"ev":"game","ms":121158,"predicted":false,"t":7,"tick":7084,"type":"hit"}
[client] {"a":4,"dup":false,"ev":"game","ms":121600,"predicted":false,"t":9,"tick":7111,"type":"hit"}
[client] {"a":2,"dup":false,"ev":"game","ms":122083,"predicted":false,"t":5,"tick":7140,"type":"hit"}
[client] {"a":2,"dup":false,"ev":"game","ms":122186,"predicted":false,"t":9,"tick":7146,"type":"hit"}
[client] {"a":7,"dup":true,"ev":"game","ms":122483,"predicted":false,"t":4,"tick":7169,"type":"hit"}
[client] {"a":8,"dup":false,"ev":"game","ms":122919,"predicted":false,"t":-1,"tick":7190,"type":"respawn"}
[client] {"a":4,"dup":false,"ev":"game","ms":122966,"predicted":false,"t":7,"tick":7193,"type":"hit"}
[client] {"a":7,"dup":false,"ev":"game","ms":123069,"predicted":false,"t":-1,"tick":7204,"type":"ko"}
[client] {"a":3,"dup":false,"ev":"game","ms":123152,"predicted":false,"t":7,"tick":7204,"type":"hit"}
[client] {"a":2,"dup":false,"ev":"game","ms":123318,"predicted":false,"t":5,"tick":7214,"type":"hit"}
[client] {"a":9,"dup":false,"ev":"game","ms":123415,"predicted":false,"t":2,"tick":7220,"type":"hit"}
[client] {"a":5,"dup":false,"ev":"game","ms":123849,"predicted":false,"t":4,"tick":7246,"type":"hit"}
[client] {"a":4,"dup":false,"ev":"game","ms":123849,"predicted":false,"t":-1,"tick":7246,"type":"ko"}
[client] {"a":3,"dup":false,"ev":"game","ms":124118,"predicted":false,"t":5,"tick":7262,"type":"hit"}
[client] {"a":9,"dup":false,"ev":"game","ms":124332,"predicted":false,"t":3,"tick":7275,"type":"hit"}
[client] {"a":3,"dup":false,"ev":"game","ms":124332,"predicted":false,"t":-1,"tick":7275,"type":"ko"}
[client] {"a":9,"dup":false,"ev":"game","ms":124388,"predicted":false,"t":2,"tick":7278,"type":"hit"}
[client] {"counts":{"blocks_on_me":0,"conf_actions":69,"confirmed_hits":375,"dup_confirmed":0,"hits_on_me":44,"pred_actions":77,"predicted_confirmed":27,"predicted_hits":60,"reconnects":0},"ev":"stats","hp":0.0,"in_bytes":1678420,"late":0,"local_entity":7,"match":{"countdown_until":300,"ctrl":1,"final":false,"next":"C","phase":3,"rot":182,"scores":[13,1],"sd":false,"state":2,"tick":7018,"zone":"A"},"max_err":1.799,"mean_err":0.0262,"ms":124952,"out_bytes":358549,"pending":7,"pos":[-42.21,2.54],"reconciles":2434,"server_tick":7316,"snaps":2439,"teleports":4}
[client] {"a":5,"dup":false,"ev":"game","ms":124953,"predicted":false,"t":2,"tick":7312,"type":"hit"}
[client] {"a":9,"dup":false,"ev":"game","ms":125016,"predicted":false,"t":2,"tick":7316,"type":"hit"}
[client] {"a":2,"dup":false,"ev":"game","ms":125016,"predicted":false,"t":-1,"tick":7316,"type":"ko"}
[client] {"a":-1,"dup":false,"ev":"game","ms":128072,"predicted":false,"t":-1,"tick":7499,"type":"zone_rotated"}
[client] {"a":1,"dup":false,"ev":"game","ms":129817,"predicted":false,"t":-1,"tick":7604,"type":"respawn"}
[client] {"counts":{"blocks_on_me":0,"conf_actions":69,"confirmed_hits":377,"dup_confirmed":0,"hits_on_me":44,"pred_actions":77,"predicted_confirmed":27,"predicted_hits":60,"reconnects":0},"ev":"stats","hp":0.0,"in_bytes":1731192,"late":0,"local_entity":7,"match":{"countdown_until":300,"ctrl":-1,"final":false,"next":"","phase":3,"rot":3482,"scores":[13,4],"sd":false,"state":1,"tick":7318,"zone":"C"},"max_err":1.799,"mean_err":0.0252,"ms":129955,"out_bytes":373249,"pending":7,"pos":[-42.21,2.54],"reconciles":2534,"server_tick":7616,"snaps":2539,"teleports":4}
[client] {"a":6,"dup":false,"ev":"game","ms":130308,"predicted":false,"t":-1,"tick":7633,"type":"respawn"}
[client] {"a":7,"dup":false,"ev":"game","ms":133074,"predicted":false,"t":-1,"tick":7804,"type":"respawn"}
[client] {"a":4,"dup":false,"ev":"game","ms":133855,"predicted":false,"t":-1,"tick":7846,"type":"respawn"}
[client] {"a":3,"dup":false,"ev":"game","ms":134337,"predicted":false,"t":-1,"tick":7875,"type":"respawn"}
[client] {"counts":{"blocks_on_me":0,"conf_actions":69,"confirmed_hits":377,"dup_confirmed":0,"hits_on_me":44,"pred_actions":77,"predicted_confirmed":27,"predicted_hits":60,"reconnects":0},"ev":"stats","hp":220.0,"in_bytes":1783175,"late":0,"local_entity":7,"match":{"countdown_until":300,"ctrl":1,"final":false,"next":"","phase":3,"rot":3182,"scores":[13,4],"sd":false,"state":2,"tick":7618,"zone":"C"},"max_err":1.799,"mean_err":0.0242,"ms":134957,"out_bytes":387949,"pending":7,"pos":[-2.92,35.94],"reconciles":2633,"server_tick":7916,"snaps":2639,"teleports":5}
[client] {"a":2,"dup":false,"ev":"game","ms":135027,"predicted":false,"t":-1,"tick":7916,"type":"respawn"}
[client] {"a":0,"dup":false,"ev":"game","ms":139086,"predicted":false,"t":8,"tick":8160,"type":"hit"}
[client] {"a":6,"dup":false,"ev":"game","ms":139838,"predicted":false,"t":0,"tick":8205,"type":"hit"}
[client] {"counts":{"blocks_on_me":0,"conf_actions":69,"confirmed_hits":379,"dup_confirmed":0,"hits_on_me":44,"pred_actions":77,"predicted_confirmed":27,"predicted_hits":60,"reconnects":0},"ev":"stats","hp":220.0,"in_bytes":1843138,"late":0,"local_entity":7,"match":{"countdown_until":300,"ctrl":-1,"final":false,"next":"","phase":3,"rot":2882,"scores":[13,6],"sd":false,"state":3,"tick":7918,"zone":"C"},"max_err":1.799,"mean_err":0.0233,"ms":139953,"out_bytes":402649,"pending":7,"pos":[20.19,13.41],"reconciles":2733,"server_tick":8216,"snaps":2739,"teleports":5}
[client] {"a":6,"dup":false,"ev":"game","ms":140155,"predicted":false,"t":1,"tick":8224,"type":"hit"}
[client] {"a":8,"dup":false,"ev":"game","ms":140437,"predicted":false,"t":0,"tick":8241,"type":"hit"}
[client] {"a":6,"dup":false,"ev":"game","ms":140506,"predicted":false,"t":0,"tick":8245,"type":"hit"}
[client] {"a":6,"dup":false,"ev":"game","ms":140768,"predicted":false,"t":0,"tick":8261,"type":"hit"}
[client] {"a":6,"dup":false,"ev":"game","ms":140789,"predicted":false,"t":1,"tick":8262,"type":"hit"}
[client] {"a":0,"dup":false,"ev":"game","ms":141278,"predicted":false,"t":9,"tick":8292,"type":"hit"}
[client] {"a":1,"dup":false,"ev":"game","ms":141561,"predicted":false,"t":8,"tick":8309,"type":"hit"}
[client] {"a":1,"dup":false,"ev":"game","ms":141597,"predicted":false,"t":9,"tick":8311,"type":"hit"}
[client] {"a":5,"dup":false,"ev":"game","ms":141900,"predicted":false,"t":0,"tick":8329,"type":"hit"}
[client] {"a":5,"dup":false,"ev":"game","ms":142196,"predicted":false,"t":0,"tick":8347,"type":"hit"}
[client] {"a":1,"dup":false,"ev":"game","ms":142363,"predicted":false,"t":5,"tick":8357,"type":"hit"}
[client] {"a":9,"dup":false,"ev":"game","ms":142644,"predicted":false,"t":0,"tick":8374,"type":"hit"}
[client] {"a":1,"dup":false,"ev":"game","ms":142665,"predicted":false,"t":5,"tick":8375,"type":"hit"}
[client] {"a":4,"dup":false,"ev":"game","ms":142713,"predicted":false,"t":5,"tick":8378,"type":"hit"}
[client] {"a":1,"dup":false,"ev":"game","ms":143335,"predicted":false,"t":9,"tick":8415,"type":"hit"}
[client] {"a":5,"dup":false,"ev":"game","ms":143845,"predicted":false,"t":0,"tick":8446,"type":"hit"}
[client] {"a":1,"dup":false,"ev":"game","ms":144152,"predicted":false,"t":5,"tick":8461,"type":"hit"}
[client] {"a":5,"dup":false,"ev":"game","ms":144465,"predicted":false,"t":1,"tick":8483,"type":"hit"}
[client] {"a":9,"dup":false,"ev":"game","ms":144678,"predicted":false,"t":1,"tick":8496,"type":"hit"}
[client] {"a":9,"dup":false,"ev":"game","ms":144713,"predicted":false,"t":4,"tick":8498,"type":"hit"}
[client] {"a":3,"dup":false,"ev":"game","ms":144761,"predicted":false,"t":5,"tick":8501,"type":"hit"}
[client] {"counts":{"blocks_on_me":0,"conf_actions":69,"confirmed_hits":400,"dup_confirmed":0,"hits_on_me":44,"pred_actions":77,"predicted_confirmed":27,"predicted_hits":60,"reconnects":0},"ev":"stats","hp":220.0,"in_bytes":1912702,"late":0,"local_entity":7,"match":{"countdown_until":300,"ctrl":-1,"final":false,"next":"","phase":3,"rot":2582,"scores":[13,6],"sd":false,"state":3,"tick":8218,"zone":"C"},"max_err":1.799,"mean_err":0.0226,"ms":144947,"out_bytes":417349,"pending":7,"pos":[41.73,0.35],"reconciles":2833,"server_tick":8516,"snaps":2839,"teleports":5}
[client] {"a":3,"dup":false,"ev":"game","ms":145230,"predicted":false,"t":9,"tick":8529,"type":"hit"}
[client] {"a":5,"dup":false,"ev":"game","ms":145465,"predicted":false,"t":3,"tick":8543,"type":"hit"}
[client] {"a":5,"dup":false,"ev":"game","ms":145513,"predicted":false,"t":0,"tick":8546,"type":"hit"}
[client] {"a":9,"dup":false,"ev":"game","ms":145561,"predicted":false,"t":3,"tick":8549,"type":"hit"}
[client] {"a":1,"dup":false,"ev":"game","ms":145617,"predicted":false,"t":5,"tick":8552,"type":"hit"}
[client] {"a":6,"dup":false,"ev":"game","ms":145983,"predicted":false,"t":4,"tick":8574,"type":"hit"}
[client] {"a":1,"dup":false,"ev":"game","ms":146134,"predicted":false,"t":5,"tick":8583,"type":"hit"}
[client] {"a":3,"dup":false,"ev":"game","ms":146217,"predicted":false,"t":9,"tick":8588,"type":"hit"}
[client] {"a":8,"dup":false,"ev":"game","ms":146397,"predicted":false,"t":4,"tick":8599,"type":"hit"}
[client] {"a":5,"dup":false,"ev":"game","ms":146514,"predicted":false,"t":1,"tick":8606,"type":"hit"}
[client] {"a":3,"dup":false,"ev":"game","ms":146548,"predicted":false,"t":9,"tick":8608,"type":"hit"}
[client] {"a":2,"dup":false,"ev":"game","ms":146618,"predicted":false,"t":5,"tick":8612,"type":"hit"}
[client] {"a":9,"dup":false,"ev":"game","ms":146866,"predicted":false,"t":3,"tick":8627,"type":"hit"}
[client] {"a":6,"dup":false,"ev":"game","ms":146949,"predicted":false,"t":1,"tick":8632,"type":"hit"}
[client] {"a":5,"dup":false,"ev":"game","ms":147031,"predicted":false,"t":1,"tick":8637,"type":"hit"}
[client] {"a":9,"dup":false,"ev":"game","ms":147245,"predicted":false,"t":3,"tick":8650,"type":"hit"}
[client] {"a":4,"dup":false,"ev":"game","ms":147266,"predicted":false,"t":8,"tick":8651,"type":"hit"}
[client] {"a":5,"dup":false,"ev":"game","ms":147363,"predicted":false,"t":2,"tick":8657,"type":"hit"}
[client] {"a":0,"dup":false,"ev":"game","ms":147480,"predicted":false,"t":9,"tick":8664,"type":"hit"}
[client] {"a":3,"dup":false,"ev":"game","ms":147618,"predicted":false,"t":9,"tick":8672,"type":"hit"}
[client] {"a":2,"dup":false,"ev":"game","ms":148135,"predicted":false,"t":5,"tick":8703,"type":"hit"}
[client] {"a":3,"dup":false,"ev":"game","ms":148163,"predicted":false,"t":5,"tick":8705,"type":"hit"}
[client] {"a":8,"dup":false,"ev":"game","ms":148280,"predicted":false,"t":4,"tick":8712,"type":"hit"}
[client] {"a":0,"dup":false,"ev":"game","ms":148301,"predicted":false,"t":5,"tick":8713,"type":"hit"}
[client] {"a":3,"dup":false,"ev":"game","ms":148480,"predicted":false,"t":5,"tick":8724,"type":"hit"}
[client] {"a":9,"dup":false,"ev":"game","ms":148736,"predicted":false,"t":3,"tick":8739,"type":"hit"}
[client] {"a":1,"dup":false,"ev":"game","ms":148764,"predicted":false,"t":5,"tick":8741,"type":"hit"}
[client] {"a":2,"dup":false,"ev":"game","ms":148764,"predicted":false,"t":5,"tick":8741,"type":"hit"}
[client] {"a":5,"dup":false,"ev":"game","ms":148764,"predicted":false,"t":-1,"tick":8741,"type":"ko"}
[client] {"a":7,"dup":true,"ev":"game","ms":149117,"predicted":false,"t":2,"tick":8767,"type":"hit"}
[client] {"a":7,"dup":true,"ev":"game","ms":149136,"predicted":false,"t":3,"tick":8768,"type":"hit"}
[client] {"a":8,"dup":false,"ev":"game","ms":149184,"predicted":false,"t":1,"tick":8766,"type":"hit"}
[client] {"counts":{"blocks_on_me":0,"conf_actions":74,"confirmed_hits":431,"dup_confirmed":0,"hits_on_me":44,"pred_actions":82,"predicted_confirmed":29,"predicted_hits":70,"reconnects":0},"ev":"stats","hp":220.0,"in_bytes":2003232,"late":0,"local_entity":7,"match":{"countdown_until":300,"ctrl":-1,"final":false,"next":"","phase":3,"rot":2282,"scores":[13,6],"sd":false,"state":3,"tick":8518,"zone":"C"},"max_err":1.799,"mean_err":0.0223,"ms":149949,"out_bytes":432049,"pending":7,"pos":[39.83,-1.36],"reconciles":2933,"server_tick":8816,"snaps":2939,"teleports":5}
[client] {"counts":{"blocks_on_me":0,"conf_actions":74,"confirmed_hits":431,"dup_confirmed":0,"hits_on_me":44,"pred_actions":82,"predicted_confirmed":29,"predicted_hits":71,"reconnects":0},"ev":"stats","hp":220.0,"in_bytes":2003678,"late":0,"local_entity":7,"match":{"countdown_until":300,"ctrl":-1,"final":false,"next":"","phase":3,"rot":2279,"scores":[13,6],"sd":false,"state":3,"tick":8521,"zone":"C"},"max_err":1.799,"mean_err":0.0223,"ms":150018,"out_bytes":432245,"pending":5,"pos":[39.88,-1.24],"reconciles":2935,"server_tick":8820,"snaps":2940,"teleports":5}
