Godot Engine v4.7.2.stable.official.ed1daf0bf - https://godotengine.org

[client] {"detail":"127.0.0.1:24610","ev":"status","ms":1,"status":"connecting"}
[client] {"detail":"","ev":"status","ms":16,"status":"connected"}
[client] {"ev":"welcome","ms":22,"observer":false,"pid":8}
[client] {"ev":"pick","f":"bruno","ms":940}
[client] {"ev":"lock","f":"bruno","ms":1775}
[client] {"ev":"match_setup","fighters":10,"ms":2810,"you":3}
[client] {"counts":{"blocks_on_me":0,"conf_actions":0,"confirmed_hits":0,"dup_confirmed":0,"hits_on_me":0,"pred_actions":0,"predicted_confirmed":0,"predicted_hits":0,"reconnects":0},"ev":"stats","hp":280.0,"in_bytes":86130,"late":0,"local_entity":3,"match":{"countdown_until":300,"ctrl":-1,"final":false,"next":"","phase":2,"rot":3600,"scores":[0,0],"sd":false,"state":1,"tick":0,"zone":""},"max_err":2.22,"mean_err":0.2644,"ms":4949,"out_bytes":6341,"pending":7,"pos":[3.11,-46.19],"reconciles":41,"server_tick":128,"snaps":42,"teleports":1}
[client] {"counts":{"blocks_on_me":0,"conf_actions":0,"confirmed_hits":0,"dup_confirmed":0,"hits_on_me":0,"pred_actions":0,"predicted_confirmed":0,"predicted_hits":0,"reconnects":0},"ev":"stats","hp":280.0,"in_bytes":129320,"late":0,"local_entity":3,"match":{"countdown_until":300,"ctrl":-1,"final":false,"next":"","phase":3,"rot":3470,"scores":[0,0],"sd":false,"state":1,"tick":130,"zone":"B"},"max_err":2.22,"mean_err":0.1873,"ms":9950,"out_bytes":21041,"pending":9,"pos":[2.33,-32.02],"reconciles":137,"server_tick":428,"snaps":143,"teleports":1}
[client] {"a":6,"dup":false,"ev":"game","ms":14850,"predicted":false,"t":1,"tick":718,"type":"hit"}
[client] {"a":0,"dup":false,"ev":"game","ms":14863,"predicted":false,"t":6,"tick":719,"type":"hit"}
[client] {"counts":{"blocks_on_me":0,"conf_actions":0,"confirmed_hits":2,"dup_confirmed":0,"hits_on_me":0,"pred_actions":1,"predicted_confirmed":0,"predicted_hits":0,"reconnects":0},"ev":"stats","hp":280.0,"in_bytes":188660,"late":0,"local_entity":3,"match":{"countdown_until":300,"ctrl":-1,"final":false,"next":"","phase":3,"rot":3173,"scores":[0,0],"sd":false,"state":3,"tick":427,"zone":"B"},"max_err":2.22,"mean_err":0.1217,"ms":14946,"out_bytes":35741,"pending":9,"pos":[0.34,-2.76],"reconciles":237,"server_tick":728,"snaps":242,"teleports":1}
[client] {"a":0,"dup":false,"ev":"game","ms":15167,"predicted":false,"t":6,"tick":737,"type":"hit"}
[client] {"a":8,"dup":false,"ev":"game","ms":15285,"predicted":false,"t":0,"tick":744,"type":"hit"}
[client] {"a":1,"dup":false,"ev":"game","ms":15499,"predicted":false,"t":6,"tick":757,"type":"hit"}
[client] {"a":1,"dup":false,"ev":"game","ms":15499,"predicted":false,"t":8,"tick":757,"type":"hit"}
[client] {"a":1,"dup":false,"ev":"game","ms":15519,"predicted":false,"t":9,"tick":758,"type":"hit"}
[client] {"a":4,"dup":false,"ev":"game","ms":15519,"predicted":false,"t":6,"tick":758,"type":"hit"}
[client] {"a":1,"dup":false,"ev":"game","ms":15547,"predicted":false,"t":7,"tick":760,"type":"hit"}
[client] {"a":1,"dup":false,"ev":"game","ms":15581,"predicted":false,"t":5,"tick":762,"type":"hit"}
[client] {"a":6,"dup":false,"ev":"game","ms":15885,"predicted":false,"t":1,"tick":780,"type":"hit"}
[client] {"a":6,"dup":false,"ev":"game","ms":15933,"predicted":false,"t":4,"tick":783,"type":"hit"}
[client] {"a":0,"dup":false,"ev":"game","ms":16050,"predicted":false,"t":6,"tick":790,"type":"hit"}
[client] {"a":0,"dup":false,"ev":"game","ms":16285,"predicted":false,"t":6,"tick":803,"type":"hit"}
[client] {"a":7,"dup":false,"ev":"game","ms":16485,"predicted":false,"t":0,"tick":815,"type":"hit"}
[client] {"a":8,"dup":false,"ev":"game","ms":16499,"predicted":false,"t":0,"tick":816,"type":"hit"}
[client] {"a":8,"dup":false,"ev":"game","ms":16547,"predicted":false,"t":1,"tick":819,"type":"hit"}
[client] {"a":9,"dup":false,"ev":"game","ms":16733,"predicted":false,"t":0,"tick":830,"type":"hit"}
[client] {"a":8,"dup":false,"ev":"game","ms":16817,"predicted":false,"t":0,"tick":835,"type":"hit"}
[client] {"a":8,"dup":false,"ev":"game","ms":16864,"predicted":false,"t":1,"tick":838,"type":"hit"}
[client] {"a":2,"dup":false,"ev":"game","ms":17030,"predicted":false,"t":8,"tick":848,"type":"hit"}
[client] {"a":7,"dup":false,"ev":"game","ms":17134,"predicted":false,"t":1,"tick":855,"type":"hit"}
[client] {"a":7,"dup":false,"ev":"game","ms":17148,"predicted":false,"t":2,"tick":856,"type":"hit"}
[client] {"a":0,"dup":false,"ev":"game","ms":17816,"predicted":false,"t":7,"tick":896,"type":"hit"}
[client] {"a":0,"dup":false,"ev":"game","ms":17830,"predicted":false,"t":5,"tick":897,"type":"hit"}
[client] {"a":0,"dup":false,"ev":"game","ms":17851,"predicted":false,"t":6,"tick":898,"type":"hit"}
[client] {"a":9,"dup":false,"ev":"game","ms":18734,"predicted":false,"t":0,"tick":951,"type":"hit"}
[client] {"a":7,"dup":false,"ev":"game","ms":18769,"predicted":false,"t":0,"tick":953,"type":"hit"}
[client] {"a":0,"dup":false,"ev":"game","ms":19149,"predicted":false,"t":8,"tick":976,"type":"hit"}
[client] {"a":0,"dup":false,"ev":"game","ms":19169,"predicted":false,"t":9,"tick":977,"type":"hit"}
[client] {"a":7,"dup":false,"ev":"game","ms":19383,"predicted":false,"t":3,"tick":990,"type":"hit"}
[client] {"a":7,"dup":false,"ev":"game","ms":19404,"predicted":false,"t":0,"tick":991,"type":"hit"}
[client] {"a":8,"dup":false,"ev":"game","ms":19769,"predicted":false,"t":3,"tick":1013,"type":"hit"}
[client] {"a":0,"dup":false,"ev":"game","ms":19805,"predicted":false,"t":8,"tick":1015,"type":"hit"}
[client] {"a":2,"dup":false,"ev":"game","ms":19817,"predicted":false,"t":7,"tick":1016,"type":"hit"}
[client] {"counts":{"blocks_on_me":0,"conf_actions":5,"confirmed_hits":35,"dup_confirmed":0,"hits_on_me":2,"pred_actions":5,"predicted_confirmed":0,"predicted_hits":6,"reconnects":0},"ev":"stats","hp":244.0,"in_bytes":264052,"late":0,"local_entity":3,"match":{"countdown_until":300,"ctrl":-1,"final":false,"next":"","phase":3,"rot":2873,"scores":[0,0],"sd":false,"state":3,"tick":727,"zone":"B"},"max_err":2.22,"mean_err":0.0914,"ms":19948,"out_bytes":50441,"pending":9,"pos":[-1.47,-2.95],"reconciles":337,"server_tick":1028,"snaps":342,"teleports":1}
[client] {"a":2,"dup":false,"ev":"game","ms":20122,"predicted":false,"t":7,"tick":1034,"type":"hit"}
[client] {"a":9,"dup":false,"ev":"game","ms":20136,"predicted":false,"t":3,"tick":1035,"type":"hit"}
[client] {"a":4,"dup":false,"ev":"game","ms":20453,"predicted":false,"t":8,"tick":1054,"type":"hit"}
[client] {"a":0,"dup":false,"ev":"game","ms":20487,"predicted":false,"t":9,"tick":1056,"type":"hit"}
[client] {"a":0,"dup":false,"ev":"game","ms":20535,"predicted":false,"t":5,"tick":1059,"type":"hit"}
[client] {"a":9,"dup":false,"ev":"game","ms":21101,"predicted":false,"t":0,"tick":1093,"type":"hit"}
[client] {"a":9,"dup":false,"ev":"game","ms":21101,"predicted":false,"t":3,"tick":1093,"type":"hit"}
[client] {"a":0,"dup":false,"ev":"game","ms":21101,"predicted":false,"t":-1,"tick":1093,"type":"ko"}
[client] {"a":6,"dup":false,"ev":"game","ms":21218,"predicted":false,"t":2,"tick":1100,"type":"hit"}
[client] {"a":6,"dup":false,"ev":"game","ms":21322,"predicted":false,"t":4,"tick":1106,"type":"hit"}
[client] {"a":9,"dup":false,"ev":"game","ms":22005,"predicted":false,"t":3,"tick":1147,"type":"hit"}
[client] {"a":9,"dup":false,"ev":"game","ms":22039,"predicted":false,"t":2,"tick":1149,"type":"hit"}
[client] {"a":8,"dup":false,"ev":"game","ms":22054,"predicted":false,"t":3,"tick":1150,"type":"hit"}
[client] {"a":8,"dup":false,"ev":"game","ms":22088,"predicted":false,"t":2,"tick":1152,"type":"hit"}
[client] {"a":5,"dup":false,"ev":"game","ms":22172,"predicted":false,"t":3,"tick":1156,"type":"hit"}
[client] {"a":9,"dup":false,"ev":"game","ms":22336,"predicted":false,"t":3,"tick":1166,"type":"hit"}
[client] {"a":9,"dup":false,"ev":"game","ms":22336,"predicted":false,"t":4,"tick":1166,"type":"hit"}
[client] {"a":1,"dup":false,"ev":"game","ms":22371,"predicted":false,"t":8,"tick":1168,"type":"hit"}
[client] {"a":1,"dup":false,"ev":"game","ms":22384,"predicted":false,"t":9,"tick":1169,"type":"hit"}
[client] {"a":6,"dup":false,"ev":"game","ms":22488,"predicted":false,"t":2,"tick":1176,"type":"hit"}
[client] {"a":4,"dup":false,"ev":"game","ms":22842,"predicted":false,"t":5,"tick":1196,"type":"hit"}
[client] {"a":6,"dup":false,"ev":"game","ms":22842,"predicted":false,"t":2,"tick":1196,"type":"hit"}
[client] {"a":9,"dup":false,"ev":"game","ms":22985,"predicted":false,"t":3,"tick":1206,"type":"hit"}
[client] {"a":9,"dup":false,"ev":"game","ms":23288,"predicted":false,"t":3,"tick":1224,"type":"block"}
[client] {"a":6,"dup":false,"ev":"game","ms":23440,"predicted":false,"t":1,"tick":1233,"type":"hit"}
[client] {"a":9,"dup":false,"ev":"game","ms":23571,"predicted":false,"t":3,"tick":1241,"type":"hit"}
[client] {"a":8,"dup":false,"ev":"game","ms":23723,"predicted":false,"t":3,"tick":1250,"type":"hit"}
[client] {"a":6,"dup":false,"ev":"game","ms":23771,"predicted":false,"t":1,"tick":1253,"type":"hit"}
[client] {"a":4,"dup":false,"ev":"game","ms":24103,"predicted":false,"t":6,"tick":1273,"type":"hit"}
[client] {"a":1,"dup":false,"ev":"game","ms":24337,"predicted":false,"t":6,"tick":1287,"type":"hit"}
[client] {"a":8,"dup":false,"ev":"game","ms":24607,"predicted":false,"t":4,"tick":1303,"type":"hit"}
[client] {"a":8,"dup":false,"ev":"game","ms":24620,"predicted":false,"t":1,"tick":1304,"type":"hit"}
[client] {"a":8,"dup":false,"ev":"game","ms":24641,"predicted":false,"t":2,"tick":1305,"type":"hit"}
[client] {"a":5,"dup":false,"ev":"game","ms":24669,"predicted":false,"t":4,"tick":1307,"type":"hit"}
[client] {"a":6,"dup":false,"ev":"game","ms":24703,"predicted":false,"t":4,"tick":1309,"type":"hit"}
[client] {"a":5,"dup":false,"ev":"game","ms":24723,"predicted":false,"t":1,"tick":1310,"type":"hit"}
[client] {"a":6,"dup":false,"ev":"game","ms":24723,"predicted":false,"t":1,"tick":1310,"type":"hit"}
[client] {"a":1,"dup":false,"ev":"game","ms":24723,"predicted":false,"t":-1,"tick":1310,"type":"ko"}
[client] {"a":3,"dup":true,"ev":"game","ms":24854,"predicted":false,"t":8,"tick":1323,"type":"hit"}
[client] {"a":3,"dup":true,"ev":"game","ms":24903,"predicted":false,"t":5,"tick":1326,"type":"hit"}
[client] {"counts":{"blocks_on_me":1,"conf_actions":12,"confirmed_hits":72,"dup_confirmed":0,"hits_on_me":11,"pred_actions":14,"predicted_confirmed":2,"predicted_hits":18,"reconnects":0},"ev":"stats","hp":42.0,"in_bytes":345891,"late":0,"local_entity":3,"match":{"countdown_until":300,"ctrl":-1,"final":false,"next":"","phase":3,"rot":2570,"scores":[0,0],"sd":false,"state":3,"tick":1030,"zone":"B"},"max_err":2.22,"mean_err":0.0889,"ms":24950,"out_bytes":65141,"pending":9,"pos":[0.24,-3.75],"reconciles":436,"server_tick":1329,"snaps":442,"teleports":1}
[client] {"a":9,"dup":false,"ev":"game","ms":25055,"predicted":false,"t":3,"tick":1330,"type":"hit"}
[client] {"a":6,"dup":false,"ev":"game","ms":25220,"predicted":false,"t":3,"tick":1340,"type":"hit"}
[client] {"a":3,"dup":true,"ev":"game","ms":25689,"predicted":false,"t":9,"tick":1373,"type":"hit"}
[client] {"a":6,"dup":false,"ev":"game","ms":25821,"predicted":false,"t":2,"tick":1376,"type":"hit"}
[client] {"a":3,"dup":false,"ev":"game","ms":26007,"predicted":false,"t":-1,"tick":1392,"type":"ko"}
[client] {"a":9,"dup":false,"ev":"game","ms":26089,"predicted":false,"t":3,"tick":1392,"type":"hit"}
[client] {"a":6,"dup":false,"ev":"game","ms":26441,"predicted":false,"t":2,"tick":1413,"type":"hit"}
[client] {"a":4,"dup":false,"ev":"game","ms":26704,"predicted":false,"t":7,"tick":1429,"type":"hit"}
[client] {"a":4,"dup":false,"ev":"game","ms":27325,"predicted":false,"t":7,"tick":1466,"type":"hit"}
[client] {"a":6,"dup":false,"ev":"game","ms":27642,"predicted":false,"t":2,"tick":1485,"type":"hit"}
[client] {"a":4,"dup":false,"ev":"game","ms":27670,"predicted":false,"t":7,"tick":1487,"type":"hit"}
[client] {"a":2,"dup":false,"ev":"game","ms":27960,"predicted":false,"t":6,"tick":1504,"type":"hit"}
[client] {"a":4,"dup":false,"ev":"game","ms":28056,"predicted":false,"t":7,"tick":1510,"type":"hit"}
[client] {"a":9,"dup":false,"ev":"game","ms":28242,"predicted":false,"t":2,"tick":1521,"type":"hit"}
[client] {"a":2,"dup":false,"ev":"game","ms":28242,"predicted":false,"t":-1,"tick":1521,"type":"ko"}
[client] {"a":4,"dup":false,"ev":"game","ms":28691,"predicted":false,"t":7,"tick":1548,"type":"hit"}
[client] {"a":4,"dup":false,"ev":"game","ms":29291,"predicted":false,"t":5,"tick":1584,"type":"hit"}
[client] {"a":6,"dup":false,"ev":"game","ms":29575,"predicted":false,"t":4,"tick":1601,"type":"hit"}
[client] {"counts":{"blocks_on_me":1,"conf_actions":14,"confirmed_hits":88,"dup_confirmed":0,"hits_on_me":14,"pred_actions":16,"predicted_confirmed":3,"predicted_hits":21,"reconnects":0},"ev":"stats","hp":0.0,"in_bytes":416189,"late":0,"local_entity":3,"match":{"countdown_until":300,"ctrl":-1,"final":false,"next":"","phase":3,"rot":2270,"scores":[0,0],"sd":false,"state":3,"tick":1330,"zone":"B"},"max_err":2.22,"mean_err":0.0742,"ms":29960,"out_bytes":79841,"pending":9,"pos":[0.54,-4.41],"reconciles":536,"server_tick":1629,"snaps":542,"teleports":1}
[client] {"a":4,"dup":false,"ev":"game","ms":30368,"predicted":false,"t":5,"tick":1649,"type":"hit"}
[client] {"a":4,"dup":false,"ev":"game","ms":30582,"predicted":false,"t":7,"tick":1662,"type":"hit"}
[client] {"a":7,"dup":false,"ev":"game","ms":30582,"predicted":false,"t":-1,"tick":1662,"type":"ko"}
[client] {"a":4,"dup":false,"ev":"game","ms":30637,"predicted":false,"t":5,"tick":1665,"type":"hit"}
[client] {"a":0,"dup":false,"ev":"game","ms":31099,"predicted":false,"t":-1,"tick":1693,"type":"respawn"}
[client] {"a":4,"dup":false,"ev":"game","ms":32769,"predicted":false,"t":5,"tick":1793,"type":"hit"}
[client] {"a":8,"dup":false,"ev":"game","ms":33052,"predicted":false,"t":4,"tick":1810,"type":"hit"}
[client] {"a":4,"dup":false,"ev":"game","ms":33052,"predicted":false,"t":-1,"tick":1810,"type":"ko"}
[client] {"a":1,"dup":false,"ev":"game","ms":34722,"predicted":false,"t":-1,"tick":1910,"type":"respawn"}
[client] {"counts":{"blocks_on_me":1,"conf_actions":14,"confirmed_hits":93,"dup_confirmed":0,"hits_on_me":14,"pred_actions":16,"predicted_confirmed":3,"predicted_hits":21,"reconnects":0},"ev":"stats","hp":0.0,"in_bytes":479881,"late":0,"local_entity":3,"match":{"countdown_until":300,"ctrl":1,"final":false,"next":"","phase":3,"rot":1973,"scores":[0,1],"sd":false,"state":2,"tick":1627,"zone":"B"},"max_err":2.22,"mean_err":0.0625,"ms":34949,"out_bytes":94541,"pending":9,"pos":[0.54,-4.41],"reconciles":636,"server_tick":1928,"snaps":641,"teleports":1}
[client] {"a":3,"dup":false,"ev":"game","ms":36006,"predicted":false,"t":-1,"tick":1992,"type":"respawn"}
[client] {"a":0,"dup":false,"ev":"game","ms":38056,"predicted":false,"t":8,"tick":2110,"type":"hit"}
[client] {"a":8,"dup":false,"ev":"game","ms":38056,"predicted":false,"t":-1,"tick":2110,"type":"ko"}
[client] {"a":6,"dup":false,"ev":"game","ms":38069,"predicted":false,"t":0,"tick":2111,"type":"hit"}
[client] {"a":2,"dup":false,"ev":"game","ms":38241,"predicted":false,"t":-1,"tick":2121,"type":"respawn"}
[client] {"a":0,"dup":false,"ev":"game","ms":39326,"predicted":false,"t":9,"tick":2186,"type":"hit"}
[client] {"a":6,"dup":false,"ev":"game","ms":39442,"predicted":false,"t":0,"tick":2193,"type":"hit"}
[client] {"a":9,"dup":false,"ev":"game","ms":39787,"predicted":false,"t":0,"tick":2214,"type":"hit"}
[client] {"a":6,"dup":false,"ev":"game","ms":39856,"predicted":false,"t":0,"tick":2218,"type":"hit"}
[client] {"counts":{"blocks_on_me":1,"conf_actions":15,"confirmed_hits":99,"dup_confirmed":0,"hits_on_me":14,"pred_actions":16,"predicted_confirmed":3,"predicted_hits":21,"reconnects":0},"ev":"stats","hp":280.0,"in_bytes":541695,"late":0,"local_entity":3,"match":{"countdown_until":300,"ctrl":-1,"final":false,"next":"","phase":3,"rot":1670,"scores":[0,4],"sd":false,"state":3,"tick":1930,"zone":"B"},"max_err":2.22,"mean_err":0.0541,"ms":39959,"out_bytes":109241,"pending":9,"pos":[-1.65,-25.49],"reconciles":735,"server_tick":2228,"snaps":742,"teleports":2}
[client] {"a":6,"dup":false,"ev":"game","ms":40470,"predicted":false,"t":0,"tick":2255,"type":"hit"}
[client] {"a":7,"dup":false,"ev":"game","ms":40587,"predicted":false,"t":-1,"tick":2262,"type":"respawn"}
[client] {"a":0,"dup":false,"ev":"game","ms":41209,"predicted":false,"t":9,"tick":2299,"type":"hit"}
[client] {"a":0,"dup":false,"ev":"game","ms":41539,"predicted":false,"t":9,"tick":2318,"type":"hit"}
[client] {"a":9,"dup":false,"ev":"game","ms":41940,"predicted":false,"t":0,"tick":2342,"type":"hit"}
[client] {"a":1,"dup":false,"ev":"game","ms":42009,"predicted":false,"t":9,"tick":2347,"type":"hit"}
[client] {"a":1,"dup":false,"ev":"game","ms":42057,"predicted":false,"t":6,"tick":2350,"type":"hit"}
[client] {"a":6,"dup":false,"ev":"game","ms":42057,"predicted":false,"t":-1,"tick":2350,"type":"ko"}
[client] {"a":1,"dup":false,"ev":"game","ms":42637,"predicted":false,"t":5,"tick":2384,"type":"hit"}
[client] {"a":1,"dup":false,"ev":"game","ms":42933,"predicted":false,"t":5,"tick":2402,"type":"hit"}
[client] {"a":4,"dup":false,"ev":"game","ms":43065,"predicted":false,"t":-1,"tick":2410,"type":"respawn"}
[client] {"a":9,"dup":false,"ev":"game","ms":43217,"predicted":false,"t":0,"tick":2419,"type":"hit"}
[client] {"a":5,"dup":false,"ev":"game","ms":43299,"predicted":false,"t":1,"tick":2424,"type":"hit"}
[client] {"a":5,"dup":false,"ev":"game","ms":43665,"predicted":false,"t":1,"tick":2446,"type":"hit"}
[client] {"a":3,"dup":true,"ev":"game","ms":43886,"predicted":false,"t":5,"tick":2464,"type":"hit"}
[client] {"a":5,"dup":false,"ev":"game","ms":43969,"predicted":false,"t":-1,"tick":2464,"type":"ko"}
[client] {"a":9,"dup":false,"ev":"game","ms":44121,"predicted":false,"t":1,"tick":2473,"type":"hit"}
[client] {"a":0,"dup":false,"ev":"game","ms":44204,"predicted":false,"t":9,"tick":2478,"type":"hit"}
[client] {"a":0,"dup":false,"ev":"game","ms":44500,"predicted":false,"t":9,"tick":2496,"type":"hit"}
[client] {"a":3,"dup":true,"ev":"game","ms":44569,"predicted":false,"t":9,"tick":2506,"type":"hit"}
[client] {"a":9,"dup":false,"ev":"game","ms":44672,"predicted":false,"t":-1,"tick":2506,"type":"ko"}
[client] {"counts":{"blocks_on_me":1,"conf_actions":18,"confirmed_hits":115,"dup_confirmed":0,"hits_on_me":14,"pred_actions":19,"predicted_confirmed":5,"predicted_hits":26,"reconnects":0},"ev":"stats","hp":280.0,"in_bytes":606284,"late":0,"local_entity":3,"match":{"countdown_until":300,"ctrl":0,"final":false,"next":"","phase":3,"rot":1370,"scores":[0,4],"sd":false,"state":2,"tick":2230,"zone":"B"},"max_err":2.22,"mean_err":0.0482,"ms":44954,"out_bytes":123941,"pending":9,"pos":[0.54,-4.03],"reconciles":835,"server_tick":2528,"snaps":842,"teleports":2}
[client] {"a":8,"dup":false,"ev":"game","ms":48054,"predicted":false,"t":-1,"tick":2710,"type":"respawn"}
[client] {"a":7,"dup":false,"ev":"game","ms":49054,"predicted":false,"t":1,"tick":2770,"type":"hit"}
[client] {"a":7,"dup":false,"ev":"game","ms":49419,"predicted":false,"t":1,"tick":2792,"type":"hit"}
[client] {"a":7,"dup":false,"ev":"game","ms":49474,"predicted":false,"t":0,"tick":2795,"type":"hit"}
[client] {"a":7,"dup":false,"ev":"game","ms":49475,"predicted":false,"t":3,"tick":2795,"type":"hit"}
[client] {"counts":{"blocks_on_me":1,"conf_actions":21,"confirmed_hits":119,"dup_confirmed":0,"hits_on_me":15,"pred_actions":22,"predicted_confirmed":5,"predicted_hits":28,"reconnects":0},"ev":"stats","hp":262.0,"in_bytes":658319,"late":0,"local_entity":3,"match":{"countdown_until":300,"ctrl":-1,"final":false,"next":"","phase":3,"rot":1070,"scores":[2,4],"sd":false,"state":3,"tick":2530,"zone":"B"},"max_err":2.22,"mean_err":0.0457,"ms":49957,"out_bytes":138641,"pending":9,"pos":[-1.07,-2.57],"reconciles":935,"server_tick":2828,"snaps":942,"teleports":2}
[client] {"a":3,"dup":true,"ev":"game","ms":50007,"predicted":false,"t":7,"tick":2832,"type":"hit"}
[client] {"a":1,"dup":false,"ev":"game","ms":50020,"predicted":false,"t":7,"tick":2828,"type":"hit"}
[client] {"a":3,"dup":true,"ev":"game","ms":51241,"predicted":false,"t":7,"tick":2906,"type":"hit"}
[client] {"a":7,"dup":false,"ev":"game","ms":51676,"predicted":false,"t":3,"tick":2927,"type":"hit"}
[client] {"a":3,"dup":true,"ev":"game","ms":51972,"predicted":false,"t":7,"tick":2950,"type":"hit"}
[client] {"a":6,"dup":false,"ev":"game","ms":52056,"predicted":false,"t":-1,"tick":2950,"type":"respawn"}
[client] {"a":7,"dup":false,"ev":"game","ms":52718,"predicted":false,"t":1,"tick":2990,"type":"hit"}
[client] {"a":0,"dup":false,"ev":"game","ms":53120,"predicted":false,"t":7,"tick":3014,"type":"hit"}
[client] {"a":4,"dup":false,"ev":"game","ms":53332,"predicted":false,"t":7,"tick":3027,"type":"hit"}
[client] {"a":0,"dup":false,"ev":"game","ms":53353,"predicted":false,"t":7,"tick":3028,"type":"hit"}
[client] {"a":5,"dup":false,"ev":"game","ms":53953,"predicted":false,"t":-1,"tick":3064,"type":"respawn"}
[client] {"a":4,"dup":false,"ev":"game","ms":54015,"predicted":false,"t":7,"tick":3068,"type":"hit"}
[client] {"a":0,"dup":false,"ev":"game","ms":54132,"predicted":false,"t":7,"tick":3074,"type":"hit"}
[client] {"a":9,"dup":false,"ev":"game","ms":54650,"predicted":false,"t":-1,"tick":3106,"type":"respawn"}
[client] {"counts":{"blocks_on_me":1,"conf_actions":28,"confirmed_hits":130,"dup_confirmed":0,"hits_on_me":16,"pred_actions":29,"predicted_confirmed":8,"predicted_hits":32,"reconnects":0},"ev":"stats","hp":244.0,"in_bytes":722360,"late":0,"local_entity":3,"match":{"countdown_until":300,"ctrl":-1,"final":false,"next":"A","phase":3,"rot":770,"scores":[2,4],"sd":false,"state":3,"tick":2830,"zone":"B"},"max_err":2.22,"mean_err":0.0433,"ms":54953,"out_bytes":153341,"pending":9,"pos":[-3.07,-1.86],"reconciles":1035,"server_tick":3128,"snaps":1042,"teleports":2}
[client] {"a":3,"dup":true,"ev":"game","ms":55567,"predicted":false,"t":7,"tick":3166,"type":"hit"}
[client] {"a":7,"dup":false,"ev":"game","ms":55650,"predicted":false,"t":-1,"tick":3166,"type":"ko"}
[client] {"a":8,"dup":false,"ev":"game","ms":56389,"predicted":false,"t":3,"tick":3210,"type":"hit"}
[client] {"a":8,"dup":false,"ev":"game","ms":56768,"predicted":false,"t":3,"tick":3233,"type":"hit"}
[client] {"a":8,"dup":false,"ev":"game","ms":57099,"predicted":false,"t":3,"tick":3252,"type":"hit"}
[client] {"a":3,"dup":true,"ev":"game","ms":57389,"predicted":false,"t":8,"tick":3275,"type":"hit"}
[client] {"a":3,"dup":true,"ev":"game","ms":57789,"predicted":false,"t":8,"tick":3299,"type":"hit"}
[client] {"a":8,"dup":false,"ev":"game","ms":58535,"predicted":false,"t":3,"tick":3339,"type":"hit"}
[client] {"a":8,"dup":false,"ev":"game","ms":59770,"predicted":false,"t":3,"tick":3413,"type":"hit"}
[client] {"counts":{"blocks_on_me":1,"conf_actions":34,"confirmed_hits":138,"dup_confirmed":0,"hits_on_me":21,"pred_actions":36,"predicted_confirmed":11,"predicted_hits":40,"reconnects":0},"ev":"stats","hp":114.0,"in_bytes":786196,"late":0,"local_entity":3,"match":{"countdown_until":300,"ctrl":-1,"final":false,"next":"A","phase":3,"rot":470,"scores":[2,4],"sd":false,"state":3,"tick":3130,"zone":"B"},"max_err":2.22,"mean_err":0.0439,"ms":59955,"out_bytes":168041,"pending":9,"pos":[-3.22,-4.71],"reconciles":1134,"server_tick":3428,"snaps":1141,"teleports":2}
[client] {"a":4,"dup":false,"ev":"game","ms":60915,"predicted":false,"t":8,"tick":3482,"type":"hit"}
[client] {"a":0,"dup":false,"ev":"game","ms":61150,"predicted":false,"t":8,"tick":3496,"type":"hit"}
[client] {"a":4,"dup":false,"ev":"game","ms":61247,"predicted":false,"t":8,"tick":3502,"type":"hit"}
[client] {"a":6,"dup":false,"ev":"game","ms":61247,"predicted":false,"t":3,"tick":3502,"type":"hit"}
[client] {"a":4,"dup":false,"ev":"game","ms":62033,"predicted":false,"t":8,"tick":3549,"type":"hit"}
[client] {"a":3,"dup":false,"ev":"game","ms":62269,"predicted":false,"t":6,"tick":3567,"type":"hit"}
[client] {"a":4,"dup":false,"ev":"game","ms":62302,"predicted":false,"t":8,"tick":3565,"type":"hit"}
[client] {"a":5,"dup":false,"ev":"game","ms":62882,"predicted":false,"t":4,"tick":3600,"type":"hit"}
[client] {"a":2,"dup":false,"ev":"game","ms":63082,"predicted":false,"t":6,"tick":3612,"type":"hit"}
[client] {"a":4,"dup":false,"ev":"game","ms":63247,"predicted":false,"t":5,"tick":3622,"type":"hit"}
[client] {"a":4,"dup":false,"ev":"game","ms":63303,"predicted":false,"t":9,"tick":3625,"type":"hit"}
[client] {"a":8,"dup":false,"ev":"game","ms":63503,"predicted":false,"t":4,"tick":3636,"type":"hit"}
[client] {"a":6,"dup":false,"ev":"game","ms":63586,"predicted":false,"t":2,"tick":3642,"type":"hit"}
[client] {"a":6,"dup":false,"ev":"game","ms":63613,"predicted":false,"t":1,"tick":3644,"type":"hit"}
[client] {"a":5,"dup":false,"ev":"game","ms":63785,"predicted":false,"t":0,"tick":3654,"type":"hit"}
[client] {"a":2,"dup":false,"ev":"game","ms":63965,"predicted":false,"t":6,"tick":3664,"type":"hit"}
[client] {"a":3,"dup":false,"ev":"game","ms":64014,"predicted":false,"t":5,"tick":3672,"type":"hit"}
[client] {"a":4,"dup":false,"ev":"game","ms":64118,"predicted":false,"t":5,"tick":3673,"type":"hit"}
[client] {"a":6,"dup":false,"ev":"game","ms":64518,"predicted":false,"t":2,"tick":3697,"type":"hit"}
[client] {"a":6,"dup":false,"ev":"game","ms":64566,"predicted":false,"t":1,"tick":3700,"type":"hit"}
[client] {"a":8,"dup":false,"ev":"game","ms":64814,"predicted":false,"t":4,"tick":3715,"type":"hit"}
[client] {"counts":{"blocks_on_me":1,"conf_actions":42,"confirmed_hits":159,"dup_confirmed":0,"hits_on_me":22,"pred_actions":44,"predicted_confirmed":11,"predicted_hits":40,"reconnects":0},"ev":"stats","hp":76.0,"in_bytes":859735,"late":0,"local_entity":3,"match":{"countdown_until":300,"ctrl":-1,"final":false,"next":"A","phase":3,"rot":170,"scores":[2,4],"sd":false,"state":3,"tick":3430,"zone":"B"},"max_err":2.22,"mean_err":0.0446,"ms":64951,"out_bytes":182741,"pending":9,"pos":[-0.24,-3.35],"reconciles":1234,"server_tick":3728,"snaps":1241,"teleports":2}
[client] {"a":0,"dup":false,"ev":"game","ms":64986,"predicted":false,"t":6,"tick":3725,"type":"hit"}
[client] {"a":8,"dup":false,"ev":"game","ms":65082,"predicted":false,"t":3,"tick":3731,"type":"block"}
[client] {"a":4,"dup":false,"ev":"game","ms":65200,"predicted":false,"t":5,"tick":3738,"type":"block"}
[client] {"a":2,"dup":false,"ev":"game","ms":65234,"predicted":false,"t":5,"tick":3740,"type":"block"}
[client] {"a":9,"dup":false,"ev":"game","ms":65587,"predicted":false,"t":3,"tick":3762,"type":"block"}
[client] {"a":7,"dup":false,"ev":"game","ms":65648,"predicted":false,"t":-1,"tick":3766,"type":"respawn"}
[client] {"a":8,"dup":false,"ev":"game","ms":65670,"predicted":false,"t":3,"tick":3767,"type":"block"}
[client] {"a":8,"dup":false,"ev":"game","ms":65717,"predicted":false,"t":2,"tick":3770,"type":"hit"}
[client] {"a":4,"dup":false,"ev":"game","ms":65753,"predicted":false,"t":5,"tick":3772,"type":"block"}
[client] {"a":4,"dup":false,"ev":"game","ms":65786,"predicted":false,"t":8,"tick":3774,"type":"hit"}
[client] {"a":1,"dup":false,"ev":"game","ms":65801,"predicted":false,"t":8,"tick":3775,"type":"hit"}
[client] {"a":4,"dup":false,"ev":"game","ms":65801,"predicted":false,"t":9,"tick":3775,"type":"hit"}
[client] {"a":8,"dup":false,"ev":"game","ms":66153,"predicted":false,"t":3,"tick":3796,"type":"block"}
[client] {"a":1,"dup":false,"ev":"game","ms":66187,"predicted":false,"t":5,"tick":3798,"type":"block"}
[client] {"a":6,"dup":false,"ev":"game","ms":66270,"predicted":false,"t":0,"tick":3803,"type":"hit"}
[client] {"a":0,"dup":false,"ev":"game","ms":66270,"predicted":false,"t":-1,"tick":3803,"type":"ko"}
[client] {"a":1,"dup":false,"ev":"game","ms":66449,"predicted":false,"t":8,"tick":3814,"type":"hit"}
[client] {"a":2,"dup":false,"ev":"game","ms":66621,"predicted":false,"t":5,"tick":3824,"type":"block"}
[client] {"a":9,"dup":false,"ev":"game","ms":66870,"predicted":false,"t":3,"tick":3839,"type":"hit"}
[client] {"a":1,"dup":false,"ev":"game","ms":67118,"predicted":false,"t":5,"tick":3854,"type":"block"}
[client] {"a":1,"dup":false,"ev":"game","ms":67118,"predicted":false,"t":9,"tick":3854,"type":"hit"}
[client] {"a":6,"dup":false,"ev":"game","ms":67249,"predicted":false,"t":2,"tick":3862,"type":"hit"}
[client] {"a":3,"dup":true,"ev":"game","ms":67484,"predicted":false,"t":8,"tick":3881,"type":"hit"}
[client] {"a":4,"dup":false,"ev":"game","ms":67650,"predicted":false,"t":8,"tick":3886,"type":"hit"}
[client] {"a":8,"dup":false,"ev":"game","ms":67650,"predicted":false,"t":-1,"tick":3886,"type":"ko"}
[client] {"a":1,"dup":false,"ev":"game","ms":67719,"predicted":false,"t":5,"tick":3890,"type":"hit"}
[client] {"a":-1,"dup":false,"ev":"game","ms":67870,"predicted":false,"t":-1,"tick":3899,"type":"zone_rotated"}
[client] {"a":9,"dup":false,"ev":"game","ms":67932,"predicted":false,"t":3,"tick":3903,"type":"hit"}
[client] {"a":4,"dup":false,"ev":"game","ms":68002,"predicted":false,"t":9,"tick":3907,"type":"hit"}
[client] {"a":1,"dup":false,"ev":"game","ms":68036,"predicted":false,"t":5,"tick":3909,"type":"hit"}
[client] {"a":4,"dup":false,"ev":"game","ms":68332,"predicted":false,"t":9,"tick":3927,"type":"hit"}
[client] {"a":1,"dup":false,"ev":"game","ms":68354,"predicted":false,"t":5,"tick":3928,"type":"hit"}
[client] {"a":2,"dup":false,"ev":"game","ms":68506,"predicted":false,"t":5,"tick":3937,"type":"hit"}
[client] {"a":9,"dup":false,"ev":"game","ms":68767,"predicted":false,"t":4,"tick":3953,"type":"hit"}
[client] {"a":2,"dup":false,"ev":"game","ms":68850,"predicted":false,"t":5,"tick":3958,"type":"hit"}
[client] {"a":6,"dup":false,"ev":"game","ms":68851,"predicted":false,"t":2,"tick":3958,"type":"hit"}
[client] {"a":4,"dup":false,"ev":"game","ms":69533,"predicted":false,"t":9,"tick":3999,"type":"hit"}
[client] {"counts":{"blocks_on_me":5,"conf_actions":44,"confirmed_hits":182,"dup_confirmed":0,"hits_on_me":24,"pred_actions":46,"predicted_confirmed":12,"predicted_hits":42,"reconnects":0},"ev":"stats","hp":26.0,"in_bytes":933805,"late":0,"local_entity":3,"match":{"countdown_until":300,"ctrl":-1,"final":false,"next":"","phase":3,"rot":3470,"scores":[2,4],"sd":false,"state":1,"tick":3730,"zone":"A"},"max_err":2.22,"mean_err":0.0462,"ms":69953,"out_bytes":197441,"pending":9,"pos":[-13.68,-8.47],"reconciles":1334,"server_tick":4028,"snaps":1341,"teleports":2}
[client] {"a":5,"dup":false,"ev":"game","ms":69968,"predicted":false,"t":4,"tick":4025,"type":"hit"}
[client] {"a":5,"dup":false,"ev":"game","ms":70555,"predicted":false,"t":4,"tick":4060,"type":"hit"}
[client] {"counts":{"blocks_on_me":5,"conf_actions":44,"confirmed_hits":184,"dup_confirmed":0,"hits_on_me":24,"pred_actions":46,"predicted_confirmed":12,"predicted_hits":42,"reconnects":0},"ev":"stats","hp":47.8999999999999,"in_bytes":995399,"late":0,"local_entity":3,"match":{"countdown_until":300,"ctrl":-1,"final":false,"next":"","phase":3,"rot":3170,"scores":[3,4],"sd":false,"state":3,"tick":4030,"zone":"A"},"max_err":2.22,"mean_err":0.043,"ms":74949,"out_bytes":212141,"pending":9,"pos":[-41.83,-0.1],"reconciles":1434,"server_tick":4328,"snaps":1441,"teleports":2}
[client] {"a":0,"dup":false,"ev":"game","ms":76282,"predicted":false,"t":-1,"tick":4403,"type":"respawn"}
[client] {"a":6,"dup":false,"ev":"game","ms":76737,"predicted":false,"t":4,"tick":4431,"type":"hit"}
[client] {"a":2,"dup":false,"ev":"game","ms":77586,"predicted":false,"t":5,"tick":4482,"type":"hit"}
[client] {"a":8,"dup":false,"ev":"game","ms":77669,"predicted":false,"t":-1,"tick":4486,"type":"respawn"}
[client] {"a":4,"dup":false,"ev":"game","ms":77785,"predicted":false,"t":5,"tick":4494,"type":"hit"}
[client] {"a":2,"dup":false,"ev":"game","ms":77869,"predicted":false,"t":5,"tick":4498,"type":"hit"}
[client] {"a":2,"dup":false,"ev":"game","ms":77882,"predicted":false,"t":9,"tick":4499,"type":"hit"}
[client] {"a":7,"dup":false,"ev":"game","ms":77903,"predicted":false,"t":2,"tick":4500,"type":"hit"}
[client] {"a":6,"dup":false,"ev":"game","ms":77986,"predicted":false,"t":2,"tick":4506,"type":"hit"}
[client] {"a":2,"dup":false,"ev":"game","ms":78303,"predicted":false,"t":5,"tick":4525,"type":"hit"}
[client] {"a":3,"dup":true,"ev":"game","ms":78469,"predicted":false,"t":5,"tick":4540,"type":"hit"}
[client] {"a":1,"dup":false,"ev":"game","ms":78704,"predicted":false,"t":5,"tick":4549,"type":"hit"}
[client] {"a":3,"dup":true,"ev":"game","ms":78821,"predicted":false,"t":5,"tick":4560,"type":"hit"}
[client] {"a":2,"dup":false,"ev":"game","ms":78986,"predicted":false,"t":5,"tick":4566,"type":"hit"}
[client] {"a":2,"dup":false,"ev":"game","ms":78986,"predicted":false,"t":6,"tick":4566,"type":"hit"}
[client] {"a":2,"dup":false,"ev":"game","ms":78986,"predicted":false,"t":9,"tick":4566,"type":"hit"}
[client] {"a":5,"dup":false,"ev":"game","ms":78986,"predicted":false,"t":-1,"tick":4566,"type":"ko"}
[client] {"a":3,"dup":true,"ev":"game","ms":79538,"predicted":false,"t":9,"tick":4604,"type":"hit"}
[client] {"a":4,"dup":false,"ev":"game","ms":79601,"predicted":false,"t":6,"tick":4603,"type":"hit"}
[client] {"a":7,"dup":false,"ev":"game","ms":79849,"predicted":false,"t":1,"tick":4617,"type":"hit"}
[client] {"counts":{"blocks_on_me":5,"conf_actions":49,"confirmed_hits":201,"dup_confirmed":0,"hits_on_me":24,"pred_actions":51,"predicted_confirmed":15,"predicted_hits":52,"reconnects":0},"ev":"stats","hp":99.4999999999994,"in_bytes":1065802,"late":0,"local_entity":3,"match":{"countdown_until":300,"ctrl":-1,"final":false,"next":"","phase":3,"rot":2870,"scores":[3,4],"sd":false,"state":3,"tick":4330,"zone":"A"},"max_err":2.22,"mean_err":0.0418,"ms":79951,"out_bytes":226841,"pending":9,"pos":[-39.14,-2.21],"reconciles":1534,"server_tick":4628,"snaps":1541,"teleports":2}
[client] {"a":3,"dup":true,"ev":"game","ms":80022,"predicted":false,"t":6,"tick":4633,"type":"hit"}
[client] {"a":7,"dup":false,"ev":"game","ms":80138,"predicted":false,"t":1,"tick":4635,"type":"hit"}
[client] {"a":4,"dup":false,"ev":"game","ms":80235,"predicted":false,"t":6,"tick":4641,"type":"hit"}
[client] {"a":1,"dup":false,"ev":"game","ms":80505,"predicted":false,"t":7,"tick":4657,"type":"hit"}
[client] {"a":9,"dup":false,"ev":"game","ms":80553,"predicted":false,"t":3,"tick":4660,"type":"hit"}
[client] {"a":1,"dup":false,"ev":"game","ms":80822,"predicted":false,"t":7,"tick":4676,"type":"hit"}
[client] {"a":1,"dup":false,"ev":"game","ms":81484,"predicted":false,"t":7,"tick":4716,"type":"hit"}
[client] {"a":6,"dup":false,"ev":"game","ms":82084,"predicted":false,"t":4,"tick":4752,"type":"hit"}
[client] {"a":6,"dup":false,"ev":"game","ms":82422,"predicted":false,"t":4,"tick":4772,"type":"hit"}
[client] {"a":6,"dup":false,"ev":"game","ms":82836,"predicted":false,"t":4,"tick":4797,"type":"hit"}
[client] {"a":6,"dup":false,"ev":"game","ms":83085,"predicted":false,"t":4,"tick":4812,"type":"hit"}
[client] {"a":1,"dup":false,"ev":"game","ms":83519,"predicted":false,"t":7,"tick":4838,"type":"hit"}
[client] {"a":3,"dup":true,"ev":"game","ms":83720,"predicted":false,"t":7,"tick":4855,"type":"hit"}
[client] {"a":1,"dup":false,"ev":"game","ms":84120,"predicted":false,"t":7,"tick":4874,"type":"hit"}
[client] {"a":4,"dup":false,"ev":"game","ms":84272,"predicted":false,"t":6,"tick":4883,"type":"hit"}
[client] {"a":2,"dup":false,"ev":"game","ms":84368,"predicted":false,"t":9,"tick":4889,"type":"hit"}
[client] {"a":4,"dup":false,"ev":"game","ms":84603,"predicted":false,"t":6,"tick":4903,"type":"hit"}
[client] {"counts":{"blocks_on_me":5,"conf_actions":53,"confirmed_hits":218,"dup_confirmed":0,"hits_on_me":25,"pred_actions":56,"predicted_confirmed":17,"predicted_hits":55,"reconnects":0},"ev":"stats","hp":61.4999999999994,"in_bytes":1136314,"late":0,"local_entity":3,"match":{"countdown_until":300,"ctrl":-1,"final":false,"next":"","phase":3,"rot":2570,"scores":[3,4],"sd":false,"state":3,"tick":4630,"zone":"A"},"max_err":2.22,"mean_err":0.0409,"ms":84954,"out_bytes":241541,"pending":9,"pos":[-42.15,-0.56],"reconciles":1634,"server_tick":4928,"snaps":1641,"teleports":2}
[client] {"a":4,"dup":false,"ev":"game","ms":84989,"predicted":false,"t":6,"tick":4926,"type":"hit"}
[client] {"a":6,"dup":false,"ev":"game","ms":84989,"predicted":false,"t":-1,"tick":4926,"type":"ko"}
[client] {"a":2,"dup":false,"ev":"game","ms":85486,"predicted":false,"t":9,"tick":4956,"type":"hit"}
[client] {"a":3,"dup":true,"ev":"game","ms":85541,"predicted":false,"t":9,"tick":4964,"type":"hit"}
[client] {"a":9,"dup":false,"ev":"game","ms":85624,"predicted":false,"t":-1,"tick":4964,"type":"ko"}
[client] {"a":7,"dup":false,"ev":"game","ms":85969,"predicted":false,"t":1,"tick":4985,"type":"hit"}
[client] {"a":7,"dup":false,"ev":"game","ms":86605,"predicted":false,"t":3,"tick":5023,"type":"block"}
[client] {"a":4,"dup":false,"ev":"game","ms":86721,"predicted":false,"t":7,"tick":5030,"type":"hit"}
[client] {"a":1,"dup":false,"ev":"game","ms":86790,"predicted":false,"t":7,"tick":5034,"type":"hit"}
[client] {"a":1,"dup":false,"ev":"game","ms":87142,"predicted":false,"t":7,"tick":5055,"type":"hit"}
[client] {"a":4,"dup":false,"ev":"game","ms":87225,"predicted":false,"t":7,"tick":5060,"type":"hit"}
[client] {"a":3,"dup":true,"ev":"game","ms":87473,"predicted":false,"t":7,"tick":5080,"type":"hit"}
[client] {"a":7,"dup":false,"ev":"game","ms":87557,"predicted":false,"t":-1,"tick":5080,"type":"ko"}
[client] {"a":0,"dup":false,"ev":"game","ms":88550,"predicted":false,"t":8,"tick":5140,"type":"hit"}
[client] {"a":8,"dup":false,"ev":"game","ms":88984,"predicted":false,"t":0,"tick":5166,"type":"hit"}
[client] {"a":5,"dup":false,"ev":"game","ms":88984,"predicted":false,"t":-1,"tick":5166,"type":"respawn"}
[client] {"a":3,"dup":true,"ev":"game","ms":89254,"predicted":false,"t":8,"tick":5187,"type":"hit"}
[client] {"a":0,"dup":false,"ev":"game","ms":89337,"predicted":false,"t":8,"tick":5187,"type":"hit"}
[client] {"counts":{"blocks_on_me":6,"conf_actions":58,"confirmed_hits":231,"dup_confirmed":0,"hits_on_me":25,"pred_actions":60,"predicted_confirmed":20,"predicted_hits":60,"reconnects":0},"ev":"stats","hp":61.4999999999994,"in_bytes":1197892,"late":0,"local_entity":3,"match":{"countdown_until":300,"ctrl":-1,"final":false,"next":"","phase":3,"rot":2270,"scores":[3,4],"sd":false,"state":3,"tick":4930,"zone":"A"},"max_err":2.22,"mean_err":0.0397,"ms":89949,"out_bytes":256241,"pending":9,"pos":[-41.5,0.28],"reconciles":1734,"server_tick":5228,"snaps":1741,"teleports":2}
[client] {"a":8,"dup":false,"ev":"game","ms":90737,"predicted":false,"t":2,"tick":5271,"type":"hit"}
[client] {"a":3,"dup":true,"ev":"game","ms":91621,"predicted":false,"t":8,"tick":5328,"type":"hit"}
[client] {"a":3,"dup":true,"ev":"game","ms":91938,"predicted":false,"t":8,"tick":5347,"type":"hit"}
[client] {"a":8,"dup":false,"ev":"game","ms":92669,"predicted":false,"t":3,"tick":5387,"type":"hit"}
[client] {"a":8,"dup":false,"ev":"game","ms":93318,"predicted":false,"t":2,"tick":5425,"type":"hit"}
[client] {"a":3,"dup":true,"ev":"game","ms":93736,"predicted":false,"t":8,"tick":5456,"type":"hit"}
[client] {"a":4,"dup":false,"ev":"game","ms":94198,"predicted":false,"t":8,"tick":5478,"type":"hit"}
[client] {"counts":{"blocks_on_me":6,"conf_actions":64,"confirmed_hits":238,"dup_confirmed":0,"hits_on_me":26,"pred_actions":66,"predicted_confirmed":23,"predicted_hits":68,"reconnects":0},"ev":"stats","hp":23.4999999999994,"in_bytes":1257312,"late":0,"local_entity":3,"match":{"countdown_until":300,"ctrl":-1,"final":false,"next":"","phase":3,"rot":1973,"scores":[3,4],"sd":false,"state":3,"tick":5227,"zone":"A"},"max_err":2.22,"mean_err":0.0401,"ms":94949,"out_bytes":270941,"pending":9,"pos":[-40.53,1.0],"reconciles":1834,"server_tick":5528,"snaps":1840,"teleports":2}
[client] {"a":6,"dup":false,"ev":"game","ms":94999,"predicted":false,"t":-1,"tick":5526,"type":"respawn"}
[client] {"a":0,"dup":false,"ev":"game","ms":95068,"predicted":false,"t":8,"tick":5530,"type":"hit"}
[client] {"a":9,"dup":false,"ev":"game","ms":95653,"predicted":false,"t":-1,"tick":5564,"type":"respawn"}
[client] {"a":3,"dup":false,"ev":"game","ms":96784,"predicted":false,"t":-1,"tick":5639,"type":"ko"}
[client] {"a":8,"dup":false,"ev":"game","ms":96867,"predicted":false,"t":3,"tick":5639,"type":"hit"}
[client] {"a":8,"dup":false,"ev":"game","ms":96915,"predicted":false,"t":0,"tick":5642,"type":"hit"}
[client] {"a":2,"dup":false,"ev":"game","ms":97354,"predicted":false,"t":8,"tick":5668,"type":"hit"}
[client] {"a":8,"dup":false,"ev":"game","ms":97354,"predicted":false,"t":-1,"tick":5668,"type":"ko"}
[client] {"a":7,"dup":false,"ev":"game","ms":97550,"predicted":false,"t":-1,"tick":5680,"type":"respawn"}
[client] {"counts":{"blocks_on_me":6,"conf_actions":65,"confirmed_hits":242,"dup_confirmed":0,"hits_on_me":27,"pred_actions":68,"predicted_confirmed":23,"predicted_hits":68,"reconnects":0},"ev":"stats","hp":0.0,"in_bytes":1312796,"late":0,"local_entity":3,"match":{"countdown_until":300,"ctrl":-1,"final":false,"next":"","phase":3,"rot":1670,"scores":[4,4],"sd":false,"state":3,"tick":5530,"zone":"A"},"max_err":2.22,"mean_err":0.0386,"ms":99951,"out_bytes":285641,"pending":6,"pos":[-41.14,0.36],"reconciles":1932,"server_tick":5828,"snaps":1941,"teleports":2}
[client] {"a":5,"dup":false,"ev":"game","ms":100338,"predicted":false,"t":4,"tick":5847,"type":"hit"}
[client] {"a":4,"dup":false,"ev":"game","ms":100338,"predicted":false,"t":-1,"tick":5847,"type":"ko"}
[client] {"a":1,"dup":false,"ev":"game","ms":101000,"predicted":false,"t":5,"tick":5887,"type":"hit"}
[client] {"a":2,"dup":false,"ev":"game","ms":101221,"predicted":false,"t":5,"tick":5900,"type":"hit"}
[client] {"a":1,"dup":false,"ev":"game","ms":101304,"predicted":false,"t":5,"tick":5905,"type":"hit"}
[client] {"a":5,"dup":false,"ev":"game","ms":101718,"predicted":false,"t":1,"tick":5930,"type":"hit"}
[client] {"a":1,"dup":false,"ev":"game","ms":102152,"predicted":false,"t":5,"tick":5956,"type":"hit"}
[client] {"a":0,"dup":false,"ev":"game","ms":102173,"predicted":false,"t":5,"tick":5957,"type":"hit"}
[client] {"a":0,"dup":false,"ev":"game","ms":102553,"predicted":false,"t":5,"tick":5980,"type":"block"}
[client] {"a":0,"dup":false,"ev":"game","ms":102753,"predicted":false,"t":5,"tick":5992,"type":"block"}
[client] {"a":1,"dup":false,"ev":"game","ms":102787,"predicted":false,"t":5,"tick":5994,"type":"block"}
[client] {"a":2,"dup":false,"ev":"game","ms":103340,"predicted":false,"t":5,"tick":6027,"type":"block"}
[client] {"a":0,"dup":false,"ev":"game","ms":103505,"predicted":false,"t":5,"tick":6037,"type":"block"}
[client] {"a":1,"dup":false,"ev":"game","ms":104023,"predicted":false,"t":5,"tick":6068,"type":"block"}
[client] {"a":0,"dup":false,"ev":"game","ms":104175,"predicted":false,"t":5,"tick":6077,"type":"block"}
[client] {"a":0,"dup":false,"ev":"game","ms":104558,"predicted":false,"t":5,"tick":6100,"type":"block"}
[client] {"a":2,"dup":false,"ev":"game","ms":104740,"predicted":false,"t":5,"tick":6111,"type":"block"}
[client] {"a":6,"dup":false,"ev":"game","ms":104802,"predicted":false,"t":1,"tick":6115,"type":"hit"}
[client] {"counts":{"blocks_on_me":6,"conf_actions":65,"confirmed_hits":250,"dup_confirmed":0,"hits_on_me":27,"pred_actions":68,"predicted_confirmed":23,"predicted_hits":68,"reconnects":0},"ev":"stats","hp":0.0,"in_bytes":1376566,"late":0,"local_entity":3,"match":{"countdown_until":300,"ctrl":-1,"final":false,"next":"","phase":3,"rot":1370,"scores":[4,4],"sd":false,"state":3,"tick":5830,"zone":"A"},"max_err":2.22,"mean_err":0.0367,"ms":104953,"out_bytes":300341,"pending":6,"pos":[-41.14,0.36],"reconciles":2032,"server_tick":6128,"snaps":2041,"teleports":2}
[client] {"a":0,"dup":false,"ev":"game","ms":105106,"predicted":false,"t":5,"tick":6133,"type":"hit"}
[client] {"a":1,"dup":false,"ev":"game","ms":105355,"predicted":false,"t":5,"tick":6148,"type":"hit"}
[client] {"a":6,"dup":false,"ev":"game","ms":105437,"predicted":false,"t":1,"tick":6153,"type":"hit"}
[client] {"a":0,"dup":false,"ev":"game","ms":105775,"predicted":false,"t":5,"tick":6173,"type":"hit"}
[client] {"a":1,"dup":false,"ev":"game","ms":105789,"predicted":false,"t":6,"tick":6174,"type":"hit"}
[client] {"a":6,"dup":false,"ev":"game","ms":106113,"predicted":false,"t":0,"tick":6194,"type":"hit"}
[client] {"a":1,"dup":false,"ev":"game","ms":106134,"predicted":false,"t":6,"tick":6195,"type":"hit"}
[client] {"a":6,"dup":false,"ev":"game","ms":106548,"predicted":false,"t":1,"tick":6220,"type":"hit"}
[client] {"a":1,"dup":false,"ev":"game","ms":106548,"predicted":false,"t":-1,"tick":6220,"type":"ko"}
[client] {"a":5,"dup":false,"ev":"game","ms":106735,"predicted":false,"t":0,"tick":6231,"type":"hit"}
[client] {"a":3,"dup":false,"ev":"game","ms":106782,"predicted":false,"t":-1,"tick":6239,"type":"respawn"}
[client] {"a":8,"dup":false,"ev":"game","ms":107349,"predicted":false,"t":-1,"tick":6268,"type":"respawn"}
[client] {"a":5,"dup":false,"ev":"game","ms":108088,"predicted":false,"t":2,"tick":6311,"type":"hit"}
[client] {"a":6,"dup":false,"ev":"game","ms":108370,"predicted":false,"t":0,"tick":6328,"type":"hit"}
[client] {"a":0,"dup":false,"ev":"game","ms":108715,"predicted":false,"t":6,"tick":6349,"type":"hit"}
[client] {"a":0,"dup":false,"ev":"game","ms":109032,"predicted":false,"t":6,"tick":6368,"type":"hit"}
[client] {"a":5,"dup":false,"ev":"game","ms":109184,"predicted":false,"t":2,"tick":6377,"type":"hit"}
[client] {"a":0,"dup":false,"ev":"game","ms":109349,"predicted":false,"t":6,"tick":6387,"type":"hit"}
[client] {"a":5,"dup":false,"ev":"game","ms":109565,"predicted":false,"t":2,"tick":6400,"type":"hit"}
[client] {"a":2,"dup":false,"ev":"game","ms":109565,"predicted":false,"t":-1,"tick":6400,"type":"ko"}
[client] {"counts":{"blocks_on_me":6,"conf_actions":65,"confirmed_hits":266,"dup_confirmed":0,"hits_on_me":27,"pred_actions":68,"predicted_confirmed":23,"predicted_hits":68,"reconnects":0},"ev":"stats","hp":280.0,"in_bytes":1443391,"late":0,"local_entity":3,"match":{"countdown_until":300,"ctrl":-1,"final":false,"next":"","phase":3,"rot":1073,"scores":[4,4],"sd":false,"state":3,"tick":6127,"zone":"A"},"max_err":2.22,"mean_err":0.035,"ms":109944,"out_bytes":315041,"pending":6,"pos":[0.75,-28.9],"reconciles":2131,"server_tick":6428,"snaps":2140,"teleports":3}
[client] {"a":6,"dup":false,"ev":"game","ms":109979,"predicted":false,"t":0,"tick":6425,"type":"hit"}
[client] {"a":7,"dup":false,"ev":"game","ms":110216,"predicted":false,"t":0,"tick":6439,"type":"hit"}
[client] {"a":5,"dup":false,"ev":"game","ms":110228,"predicted":false,"t":0,"tick":6440,"type":"hit"}
[client] {"a":6,"dup":false,"ev":"game","ms":110335,"predicted":false,"t":0,"tick":6446,"type":"hit"}
[client] {"a":4,"dup":false,"ev":"game","ms":110345,"predicted":false,"t":-1,"tick":6447,"type":"respawn"}
[client] {"a":9,"dup":false,"ev":"game","ms":110566,"predicted":false,"t":0,"tick":6460,"type":"hit"}
[client] {"a":0,"dup":false,"ev":"game","ms":110566,"predicted":false,"t":-1,"tick":6460,"type":"ko"}
[client] {"counts":{"blocks_on_me":6,"conf_actions":65,"confirmed_hits":271,"dup_confirmed":0,"hits_on_me":27,"pred_actions":68,"predicted_confirmed":23,"predicted_hits":68,"reconnects":0},"ev":"stats","hp":280.0,"in_bytes":1503386,"late":0,"local_entity":3,"match":{"countdown_until":300,"ctrl":1,"final":false,"next":"C","phase":3,"rot":773,"scores":[4,8],"sd":false,"state":2,"tick":6427,"zone":"A"},"max_err":2.22,"mean_err":0.0334,"ms":114947,"out_bytes":329741,"pending":6,"pos":[-23.78,-14.55],"reconciles":2231,"server_tick":6728,"snaps":2240,"teleports":3}
[client] {"a":1,"dup":false,"ev":"game","ms":116548,"predicted":false,"t":-1,"tick":6820,"type":"respawn"}
[client] {"a":9,"dup":false,"ev":"game","ms":118784,"predicted":false,"t":3,"tick":6954,"type":"block"}
[client] {"a":9,"dup":false,"ev":"game","ms":119066,"predicted":false,"t":3,"tick":6971,"type":"block"}
[client] {"a":8,"dup":false,"ev":"game","ms":119135,"predicted":false,"t":3,"tick":6975,"type":"block"}
[client] {"a":9,"dup":false,"ev":"game","ms":119384,"predicted":false,"t":3,"tick":6990,"type":"block"}
[client] {"a":8,"dup":false,"ev":"game","ms":119433,"predicted":false,"t":3,"tick":6993,"type":"block"}
[client] {"a":7,"dup":false,"ev":"game","ms":119536,"predicted":false,"t":3,"tick":6999,"type":"block"}
[client] {"a":2,"dup":false,"ev":"game","ms":119550,"predicted":false,"t":-1,"tick":7000,"type":"respawn"}
[client] {"counts":{"blocks_on_me":12,"conf_actions":66,"confirmed_hits":271,"dup_confirmed":0,"hits_on_me":27,"pred_actions":69,"predicted_confirmed":23,"predicted_hits":68,"reconnects":0},"ev":"stats","hp":280.0,"in_bytes":1569031,"late":0,"local_entity":3,"match":{"countdown_until":300,"ctrl":-1,"final":false,"next":"C","phase":3,"rot":470,"scores":[4,10],"sd":false,"state":3,"tick":6730,"zone":"A"},"max_err":2.22,"mean_err":0.0323,"ms":119949,"out_bytes":344441,"pending":6,"pos":[-40.25,-1.05],"reconciles":2331,"server_tick":7028,"snaps":2341,"teleports":3}
[client] {"a":8,"dup":false,"ev":"game","ms":120005,"predicted":false,"t":3,"tick":7027,"type":"block"}
[client] {"a":7,"dup":false,"ev":"game","ms":120151,"predicted":false,"t":4,"tick":7036,"type":"hit"}
[client] {"a":0,"dup":false,"ev":"game","ms":120550,"predicted":false,"t":-1,"tick":7060,"type":"respawn"}
[client] {"a":9,"dup":false,"ev":"game","ms":120703,"predicted":false,"t":3,"tick":7069,"type":"block"}
[client] {"a":8,"dup":false,"ev":"game","ms":120750,"predicted":false,"t":3,"tick":7072,"type":"block"}
[client] {"a":4,"dup":false,"ev":"game","ms":120820,"predicted":false,"t":7,"tick":7076,"type":"hit"}
[client] {"a":4,"dup":false,"ev":"game","ms":121172,"predicted":false,"t":7,"tick":7097,"type":"hit"}
[client] {"a":9,"dup":false,"ev":"game","ms":121172,"predicted":false,"t":3,"tick":7097,"type":"block"}
[client] {"a":8,"dup":false,"ev":"game","ms":121419,"predicted":false,"t":3,"tick":7112,"type":"block"}
[client] {"a":4,"dup":false,"ev":"game","ms":121502,"predicted":false,"t":7,"tick":7117,"type":"hit"}
[client] {"a":9,"dup":false,"ev":"game","ms":121952,"predicted":false,"t":3,"tick":7144,"type":"hit"}
[client] {"a":6,"dup":false,"ev":"game","ms":122185,"predicted":false,"t":3,"tick":7158,"type":"hit"}
[client] {"a":4,"dup":false,"ev":"game","ms":122385,"predicted":false,"t":8,"tick":7170,"type":"hit"}
[client] {"a":9,"dup":false,"ev":"game","ms":122503,"predicted":false,"t":3,"tick":7177,"type":"hit"}
[client] {"a":6,"dup":false,"ev":"game","ms":122573,"predicted":false,"t":3,"tick":7181,"type":"hit"}
[client] {"a":9,"dup":false,"ev":"game","ms":122822,"predicted":false,"t":3,"tick":7195,"type":"hit"}
[client] {"a":6,"dup":false,"ev":"game","ms":123021,"predicted":false,"t":3,"tick":7207,"type":"hit"}
[client] {"a":9,"dup":false,"ev":"game","ms":123524,"predicted":false,"t":3,"tick":7237,"type":"hit"}
[client] {"a":8,"dup":false,"ev":"game","ms":123641,"predicted":false,"t":3,"tick":7244,"type":"hit"}
[client] {"a":4,"dup":false,"ev":"game","ms":123724,"predicted":false,"t":7,"tick":7250,"type":"hit"}
[client] {"a":3,"dup":true,"ev":"game","ms":124125,"predicted":false,"t":8,"tick":7279,"type":"hit"}
[client] {"a":3,"dup":false,"ev":"game","ms":124139,"predicted":false,"t":7,"tick":7280,"type":"hit"}
[client] {"a":7,"dup":false,"ev":"game","ms":124669,"predicted":false,"t":3,"tick":7307,"type":"hit"}
[client] {"a":8,"dup":false,"ev":"game","ms":124669,"predicted":false,"t":3,"tick":7307,"type":"hit"}
[client] {"a":9,"dup":false,"ev":"game","ms":124808,"predicted":false,"t":3,"tick":7315,"type":"hit"}
[client] {"a":4,"dup":false,"ev":"game","ms":124931,"predicted":false,"t":5,"tick":7323,"type":"block"}
[client] {"counts":{"blocks_on_me":17,"conf_actions":71,"confirmed_hits":290,"dup_confirmed":0,"hits_on_me":38,"pred_actions":76,"predicted_confirmed":24,"predicted_hits":72,"reconnects":0},"ev":"stats","hp":50.0,"in_bytes":1644587,"late":0,"local_entity":3,"match":{"countdown_until":300,"ctrl":-1,"final":false,"next":"C","phase":3,"rot":173,"scores":[4,10],"sd":false,"state":3,"tick":7027,"zone":"A"},"max_err":2.22,"mean_err":0.0351,"ms":124944,"out_bytes":359141,"pending":6,"pos":[-44.34,-4.03],"reconciles":2431,"server_tick":7328,"snaps":2440,"teleports":3}
[client] {"a":3,"dup":true,"ev":"game","ms":125615,"predicted":false,"t":8,"tick":7369,"type":"hit"}
[client] {"a":3,"dup":true,"ev":"game","ms":125719,"predicted":false,"t":7,"tick":7375,"type":"hit"}
[client] {"a":4,"dup":false,"ev":"game","ms":127216,"predicted":false,"t":9,"tick":7460,"type":"hit"}
[client] {"a":6,"dup":false,"ev":"game","ms":127381,"predicted":false,"t":4,"tick":7470,"type":"hit"}
[client] {"a":3,"dup":true,"ev":"game","ms":127437,"predicted":false,"t":8,"tick":7478,"type":"hit"}
[client] {"a":6,"dup":false,"ev":"game","ms":127636,"predicted":false,"t":4,"tick":7485,"type":"hit"}
[client] {"a":5,"dup":false,"ev":"game","ms":127783,"predicted":false,"t":1,"tick":7494,"type":"hit"}
[client] {"a":-1,"dup":false,"ev":"game","ms":127864,"predicted":false,"t":-1,"tick":7499,"type":"zone_rotated"}
[client] {"a":8,"dup":false,"ev":"game","ms":128099,"predicted":false,"t":3,"tick":7513,"type":"hit"}
[client] {"a":5,"dup":false,"ev":"game","ms":128119,"predicted":false,"t":1,"tick":7514,"type":"hit"}
[client] {"a":8,"dup":false,"ev":"game","ms":128168,"predicted":false,"t":1,"tick":7517,"type":"hit"}
[client] {"a":4,"dup":false,"ev":"game","ms":128465,"predicted":false,"t":9,"tick":7535,"type":"hit"}
[client] {"a":3,"dup":true,"ev":"game","ms":128969,"predicted":false,"t":7,"tick":7569,"type":"hit"}
[client] {"a":4,"dup":false,"ev":"game","ms":129134,"predicted":false,"t":9,"tick":7575,"type":"hit"}
[client] {"a":7,"dup":false,"ev":"game","ms":129437,"predicted":false,"t":3,"tick":7593,"type":"hit"}
[client] {"a":4,"dup":false,"ev":"game","ms":129569,"predicted":false,"t":9,"tick":7601,"type":"hit"}
[client] {"a":5,"dup":false,"ev":"game","ms":129617,"predicted":false,"t":1,"tick":7604,"type":"hit"}
[client] {"a":3,"dup":false,"ev":"game","ms":129665,"predicted":false,"t":-1,"tick":7611,"type":"ko"}
[client] {"a":7,"dup":false,"ev":"game","ms":129734,"predicted":false,"t":3,"tick":7611,"type":"hit"}
[client] {"counts":{"blocks_on_me":17,"conf_actions":79,"confirmed_hits":307,"dup_confirmed":0,"hits_on_me":41,"pred_actions":84,"predicted_confirmed":28,"predicted_hits":81,"reconnects":0},"ev":"stats","hp":0.0,"in_bytes":1718480,"late":0,"local_entity":3,"match":{"countdown_until":300,"ctrl":-1,"final":false,"next":"","phase":3,"rot":3470,"scores":[4,10],"sd":false,"state":1,"tick":7330,"zone":"C"},"max_err":2.22,"mean_err":0.0343,"ms":129954,"out_bytes":373841,"pending":6,"pos":[-42.81,-1.8],"reconciles":2531,"server_tick":7628,"snaps":2541,"teleports":3}
[client] {"a":8,"dup":false,"ev":"game","ms":130238,"predicted":false,"t":1,"tick":7641,"type":"hit"}
[client] {"a":1,"dup":false,"ev":"game","ms":131703,"predicted":false,"t":9,"tick":7729,"type":"hit"}
[client] {"a":1,"dup":false,"ev":"game","ms":132066,"predicted":false,"t":9,"tick":7751,"type":"hit"}
[client] {"a":1,"dup":false,"ev":"game","ms":132666,"predicted":false,"t":9,"tick":7787,"type":"hit"}
[client] {"a":9,"dup":false,"ev":"game","ms":133770,"predicted":false,"t":1,"tick":7853,"type":"hit"}
[client] {"a":1,"dup":false,"ev":"game","ms":134357,"predicted":false,"t":9,"tick":7888,"type":"hit"}
[client] {"counts":{"blocks_on_me":17,"conf_actions":79,"confirmed_hits":313,"dup_confirmed":0,"hits_on_me":41,"pred_actions":84,"predicted_confirmed":28,"predicted_hits":81,"reconnects":0},"ev":"stats","hp":0.0,"in_bytes":1785100,"late":0,"local_entity":3,"match":{"countdown_until":300,"ctrl":-1,"final":false,"next":"","phase":3,"rot":3170,"scores":[4,10],"sd":false,"state":1,"tick":7630,"zone":"C"},"max_err":2.22,"mean_err":0.033,"ms":134956,"out_bytes":388541,"pending":6,"pos":[-42.81,-1.8],"reconciles":2631,"server_tick":7928,"snaps":2641,"teleports":3}
[client] {"a":3,"dup":false,"ev":"game","ms":139670,"predicted":false,"t":-1,"tick":8211,"type":"respawn"}
[client] {"counts":{"blocks_on_me":17,"conf_actions":79,"confirmed_hits":313,"dup_confirmed":0,"hits_on_me":41,"pred_actions":84,"predicted_confirmed":28,"predicted_hits":81,"reconnects":0},"ev":"stats","hp":280.0,"in_bytes":1847269,"late":0,"local_entity":3,"match":{"countdown_until":300,"ctrl":-1,"final":false,"next":"","phase":3,"rot":2873,"scores":[6,10],"sd":false,"state":3,"tick":7927,"zone":"C"},"max_err":2.22,"mean_err":0.0318,"ms":139952,"out_bytes":403241,"pending":6,"pos":[6.48,-46.52],"reconciles":2730,"server_tick":8228,"snaps":2740,"teleports":4}
[client] {"a":6,"dup":false,"ev":"game","ms":140250,"predicted":false,"t":2,"tick":8241,"type":"hit"}
[client] {"a":6,"dup":false,"ev":"game","ms":140753,"predicted":false,"t":2,"tick":8271,"type":"hit"}
[client] {"a":6,"dup":false,"ev":"game","ms":142589,"predicted":false,"t":2,"tick":8381,"type":"hit"}
[client] {"a":5,"dup":false,"ev":"game","ms":142699,"predicted":false,"t":0,"tick":8388,"type":"hit"}
[client] {"a":5,"dup":false,"ev":"game","ms":142720,"predicted":false,"t":2,"tick":8389,"type":"hit"}
[client] {"a":7,"dup":false,"ev":"game","ms":142734,"predicted":false,"t":2,"tick":8390,"type":"hit"}
[client] {"a":0,"dup":false,"ev":"game","ms":143190,"predicted":false,"t":5,"tick":8417,"type":"hit"}
[client] {"a":0,"dup":false,"ev":"game","ms":143238,"predicted":false,"t":7,"tick":8420,"type":"hit"}
[client] {"a":0,"dup":false,"ev":"game","ms":143521,"predicted":false,"t":7,"tick":8437,"type":"hit"}
[client] {"a":0,"dup":false,"ev":"game","ms":143555,"predicted":false,"t":5,"tick":8439,"type":"hit"}
[client] {"a":8,"dup":false,"ev":"game","ms":143618,"predicted":false,"t":2,"tick":8443,"type":"block"}
[client] {"a":0,"dup":false,"ev":"game","ms":143852,"predicted":false,"t":5,"tick":8457,"type":"hit"}
[client] {"a":0,"dup":false,"ev":"game","ms":143852,"predicted":false,"t":7,"tick":8457,"type":"hit"}
[client] {"a":2,"dup":false,"ev":"game","ms":143990,"predicted":false,"t":8,"tick":8465,"type":"hit"}
[client] {"a":7,"dup":false,"ev":"game","ms":144334,"predicted":false,"t":2,"tick":8487,"type":"hit"}
[client] {"a":5,"dup":false,"ev":"game","ms":144355,"predicted":false,"t":0,"tick":8488,"type":"hit"}
[client] {"a":8,"dup":false,"ev":"game","ms":144673,"predicted":false,"t":0,"tick":8507,"type":"hit"}
[client] {"a":5,"dup":false,"ev":"game","ms":144700,"predicted":false,"t":0,"tick":8509,"type":"hit"}
[client] {"a":2,"dup":false,"ev":"game","ms":144790,"predicted":false,"t":6,"tick":8514,"type":"hit"}
[client] {"counts":{"blocks_on_me":17,"conf_actions":79,"confirmed_hits":331,"dup_confirmed":0,"hits_on_me":41,"pred_actions":84,"predicted_confirmed":28,"predicted_hits":81,"reconnects":0},"ev":"stats","hp":280.0,"in_bytes":1918661,"late":0,"local_entity":3,"match":{"countdown_until":300,"ctrl":-1,"final":false,"next":"","phase":3,"rot":2570,"scores":[6,10],"sd":false,"state":3,"tick":8230,"zone":"C"},"max_err":2.22,"mean_err":0.0307,"ms":144955,"out_bytes":417941,"pending":6,"pos":[25.22,-24.6],"reconciles":2830,"server_tick":8528,"snaps":2841,"teleports":4}
[client] {"a":4,"dup":false,"ev":"game","ms":145038,"predicted":false,"t":6,"tick":8529,"type":"hit"}
[client] {"a":0,"dup":false,"ev":"game","ms":145218,"predicted":false,"t":8,"tick":8540,"type":"hit"}
[client] {"a":0,"dup":false,"ev":"game","ms":145253,"predicted":false,"t":7,"tick":8542,"type":"hit"}
[client] {"a":4,"dup":false,"ev":"game","ms":145370,"predicted":false,"t":6,"tick":8549,"type":"hit"}
[client] {"a":2,"dup":false,"ev":"game","ms":145404,"predicted":false,"t":6,"tick":8551,"type":"hit"}
[client] {"a":5,"dup":false,"ev":"game","ms":145673,"predicted":false,"t":0,"tick":8567,"type":"hit"}
[client] {"a":4,"dup":false,"ev":"game","ms":145701,"predicted":false,"t":6,"tick":8569,"type":"hit"}
[client] {"a":5,"dup":false,"ev":"game","ms":145769,"predicted":false,"t":2,"tick":8573,"type":"hit"}
[client] {"a":8,"dup":false,"ev":"game","ms":145818,"predicted":false,"t":0,"tick":8576,"type":"hit"}
[client] {"a":8,"dup":false,"ev":"game","ms":145818,"predicted":false,"t":2,"tick":8576,"type":"hit"}
[client] {"a":6,"dup":false,"ev":"game","ms":146122,"predicted":false,"t":4,"tick":8594,"type":"hit"}
[client] {"a":6,"dup":false,"ev":"game","ms":146453,"predicted":false,"t":4,"tick":8614,"type":"hit"}
[client] {"a":7,"dup":false,"ev":"game","ms":146674,"predicted":false,"t":0,"tick":8627,"type":"hit"}
[client] {"a":4,"dup":false,"ev":"game","ms":146874,"predicted":false,"t":6,"tick":8639,"type":"hit"}
[client] {"a":7,"dup":false,"ev":"game","ms":146991,"predicted":false,"t":0,"tick":8646,"type":"hit"}
[client] {"a":2,"dup":false,"ev":"game","ms":147122,"predicted":false,"t":6,"tick":8654,"type":"hit"}
[client] {"a":1,"dup":false,"ev":"game","ms":147191,"predicted":false,"t":5,"tick":8658,"type":"hit"}
[client] {"a":0,"dup":false,"ev":"game","ms":147336,"predicted":false,"t":7,"tick":8667,"type":"hit"}
[client] {"a":4,"dup":false,"ev":"game","ms":147357,"predicted":false,"t":7,"tick":8668,"type":"hit"}
[client] {"a":0,"dup":false,"ev":"game","ms":147391,"predicted":false,"t":8,"tick":8670,"type":"hit"}
[client] {"a":1,"dup":false,"ev":"game","ms":147474,"predicted":false,"t":5,"tick":8675,"type":"hit"}
[client] {"a":6,"dup":false,"ev":"game","ms":147488,"predicted":false,"t":2,"tick":8676,"type":"hit"}
[client] {"a":2,"dup":false,"ev":"game","ms":147801,"predicted":false,"t":6,"tick":8695,"type":"hit"}
[client] {"a":5,"dup":false,"ev":"game","ms":147884,"predicted":false,"t":1,"tick":8700,"type":"hit"}
[client] {"a":0,"dup":false,"ev":"game","ms":148002,"predicted":false,"t":5,"tick":8707,"type":"hit"}
[client] {"a":9,"dup":false,"ev":"game","ms":148133,"predicted":false,"t":1,"tick":8714,"type":"hit"}
[client] {"a":2,"dup":false,"ev":"game","ms":148436,"predicted":false,"t":6,"tick":8732,"type":"hit"}
[client] {"a":1,"dup":false,"ev":"game","ms":148484,"predicted":false,"t":8,"tick":8735,"type":"hit"}
[client] {"a":1,"dup":false,"ev":"game","ms":148802,"predicted":false,"t":8,"tick":8754,"type":"hit"}
[client] {"a":7,"dup":false,"ev":"game","ms":148953,"predicted":false,"t":1,"tick":8763,"type":"hit"}
[client] {"a":6,"dup":false,"ev":"game","ms":149216,"predicted":false,"t":2,"tick":8779,"type":"hit"}
[client] {"a":3,"dup":true,"ev":"game","ms":149568,"predicted":false,"t":9,"tick":8805,"type":"hit"}
[client] {"counts":{"blocks_on_me":17,"conf_actions":81,"confirmed_hits":363,"dup_confirmed":0,"hits_on_me":41,"pred_actions":86,"predicted_confirmed":29,"predicted_hits":83,"reconnects":0},"ev":"stats","hp":280.0,"in_bytes":2003391,"late":0,"local_entity":3,"match":{"countdown_until":300,"ctrl":-1,"final":false,"next":"","phase":3,"rot":2270,"scores":[6,10],"sd":false,"state":3,"tick":8530,"zone":"C"},"max_err":2.22,"mean_err":0.0297,"ms":149953,"out_bytes":432641,"pending":6,"pos":[39.54,-1.13],"reconciles":2930,"server_tick":8828,"snaps":2941,"teleports":4}
[client] {"counts":{"blocks_on_me":17,"conf_actions":81,"confirmed_hits":363,"dup_confirmed":0,"hits_on_me":41,"pred_actions":86,"predicted_confirmed":29,"predicted_hits":84,"reconnects":0},"ev":"stats","hp":280.0,"in_bytes":2003805,"late":0,"local_entity":3,"match":{"countdown_until":300,"ctrl":-1,"final":false,"next":"","phase":3,"rot":2267,"scores":[6,10],"sd":false,"state":3,"tick":8533,"zone":"C"},"max_err":2.22,"mean_err":0.0297,"ms":150001,"out_bytes":432788,"pending":6,"pos":[39.62,-1.16],"reconciles":2931,"server_tick":8831,"snaps":2942,"teleports":4}
