Godot Engine v4.7.2.stable.official.ed1daf0bf - https://godotengine.org

[client] {"detail":"127.0.0.1:24610","ev":"status","ms":1,"status":"connecting"}
[client] {"detail":"","ev":"status","ms":20,"status":"connected"}
[client] {"ev":"welcome","ms":32,"observer":false,"pid":9}
[client] {"ev":"pick","f":"vex","ms":266}
[client] {"ev":"lock","f":"vex","ms":1246}
[client] {"ev":"match_setup","fighters":10,"ms":2426,"you":8}
[client] {"ev":"stats","hp":220.0,"in_bytes":84249,"late":0,"match":{"countdown_until":300,"ctrl":-1,"final":false,"next":"","phase":2,"rot":3600,"scores":[0,0],"sd":false,"state":1,"tick":0,"zone":""},"max_err":0.455,"mean_err":0.2116,"ms":4960,"out_bytes":7611,"pending":5,"pos":[3.07,46.34],"reconciles":42,"server_tick":160,"snaps":46}
[client] {"ev":"stats","hp":220.0,"in_bytes":124744,"late":0,"match":{"countdown_until":300,"ctrl":-1,"final":false,"next":"","phase":3,"rot":3443,"scores":[0,0],"sd":false,"state":1,"tick":157,"zone":"B"},"max_err":0.933,"mean_err":0.1496,"ms":9964,"out_bytes":22311,"pending":6,"pos":[1.7,29.15],"reconciles":138,"server_tick":454,"snaps":145}
[client] {"ev":"stats","hp":220.0,"in_bytes":168889,"late":0,"match":{"countdown_until":300,"ctrl":-1,"final":false,"next":"","phase":3,"rot":3197,"scores":[0,0],"sd":false,"state":3,"tick":403,"zone":"B"},"max_err":1.517,"mean_err":0.1641,"ms":14960,"out_bytes":37011,"pending":4,"pos":[-2.65,0.69],"reconciles":219,"server_tick":707,"snaps":227}
[client] {"a":6,"dup":false,"ev":"game","ms":15664,"predicted":false,"t":0,"tick":741,"type":"hit"}
[client] {"a":2,"dup":false,"ev":"game","ms":15928,"predicted":false,"t":6,"tick":757,"type":"hit"}
[client] {"a":8,"dup":true,"ev":"game","ms":15983,"predicted":false,"t":0,"tick":764,"type":"hit"}
[client] {"a":2,"dup":false,"ev":"game","ms":16280,"predicted":false,"t":6,"tick":777,"type":"hit"}
[client] {"a":8,"dup":true,"ev":"game","ms":16399,"predicted":false,"t":0,"tick":789,"type":"hit"}
[client] {"a":8,"dup":true,"ev":"game","ms":16432,"predicted":false,"t":4,"tick":791,"type":"hit"}
[client] {"a":9,"dup":false,"ev":"game","ms":16583,"predicted":false,"t":2,"tick":795,"type":"hit"}
[client] {"a":9,"dup":false,"ev":"game","ms":16632,"predicted":false,"t":3,"tick":798,"type":"hit"}
[client] {"a":8,"dup":true,"ev":"game","ms":17030,"predicted":false,"t":1,"tick":825,"type":"hit"}
[client] {"a":0,"dup":false,"ev":"game","ms":17163,"predicted":false,"t":8,"tick":830,"type":"hit"}
[client] {"a":2,"dup":false,"ev":"game","ms":17278,"predicted":false,"t":8,"tick":837,"type":"hit"}
[client] {"a":4,"dup":false,"ev":"game","ms":17446,"predicted":false,"t":8,"tick":847,"type":"hit"}
[client] {"a":9,"dup":false,"ev":"game","ms":17961,"predicted":false,"t":0,"tick":878,"type":"hit"}
[client] {"a":8,"dup":true,"ev":"game","ms":18363,"predicted":false,"t":0,"tick":907,"type":"hit"}
[client] {"a":5,"dup":false,"ev":"game","ms":18631,"predicted":false,"t":0,"tick":918,"type":"hit"}
[client] {"a":9,"dup":false,"ev":"game","ms":18833,"predicted":false,"t":4,"tick":930,"type":"hit"}
[client] {"a":1,"dup":false,"ev":"game","ms":19082,"predicted":false,"t":5,"tick":940,"type":"hit"}
[client] {"a":8,"dup":true,"ev":"game","ms":19246,"predicted":false,"t":4,"tick":946,"type":"hit"}
[client] {"a":9,"dup":false,"ev":"game","ms":19373,"predicted":false,"t":4,"tick":949,"type":"hit"}
[client] {"a":6,"dup":false,"ev":"game","ms":19503,"predicted":false,"t":3,"tick":951,"type":"hit"}
[client] {"a":0,"dup":false,"ev":"game","ms":19750,"predicted":false,"t":5,"tick":959,"type":"hit"}
[client] {"a":8,"dup":true,"ev":"game","ms":19784,"predicted":false,"t":1,"tick":963,"type":"hit"}
[client] {"a":8,"dup":true,"ev":"game","ms":19784,"predicted":false,"t":2,"tick":964,"type":"hit"}
[client] {"a":8,"dup":true,"ev":"game","ms":19797,"predicted":false,"t":0,"tick":966,"type":"hit"}
[client] {"a":9,"dup":false,"ev":"game","ms":19819,"predicted":false,"t":2,"tick":969,"type":"hit"}
[client] {"ev":"stats","hp":166.0,"in_bytes":237370,"late":0,"match":{"countdown_until":300,"ctrl":-1,"final":false,"next":"","phase":3,"rot":2921,"scores":[0,0],"sd":false,"state":3,"tick":679,"zone":"B"},"max_err":1.517,"mean_err":0.1335,"ms":19964,"out_bytes":51711,"pending":4,"pos":[-0.82,-2.72],"reconciles":311,"server_tick":984,"snaps":319}
[client] {"a":8,"dup":true,"ev":"game","ms":20014,"predicted":false,"t":1,"tick":982,"type":"hit"}
[client] {"a":4,"dup":false,"ev":"game","ms":20077,"predicted":false,"t":9,"tick":985,"type":"hit"}
[client] {"a":6,"dup":false,"ev":"game","ms":20180,"predicted":false,"t":3,"tick":991,"type":"hit"}
[client] {"a":0,"dup":false,"ev":"game","ms":20214,"predicted":false,"t":8,"tick":992,"type":"hit"}
[client] {"a":4,"dup":false,"ev":"game","ms":20465,"predicted":false,"t":9,"tick":1006,"type":"hit"}
[client] {"a":4,"dup":false,"ev":"game","ms":20533,"predicted":false,"t":5,"tick":1010,"type":"hit"}
[client] {"a":8,"dup":true,"ev":"game","ms":20569,"predicted":false,"t":0,"tick":1014,"type":"hit"}
[client] {"a":8,"dup":true,"ev":"game","ms":20581,"predicted":false,"t":2,"tick":1016,"type":"hit"}
[client] {"a":7,"dup":false,"ev":"game","ms":20699,"predicted":false,"t":0,"tick":1019,"type":"hit"}
[client] {"a":4,"dup":false,"ev":"game","ms":20748,"predicted":false,"t":9,"tick":1022,"type":"hit"}
[client] {"a":4,"dup":false,"ev":"game","ms":20782,"predicted":false,"t":5,"tick":1024,"type":"hit"}
[client] {"a":1,"dup":false,"ev":"game","ms":20898,"predicted":false,"t":8,"tick":1030,"type":"hit"}
[client] {"a":2,"dup":false,"ev":"game","ms":21470,"predicted":false,"t":6,"tick":1064,"type":"hit"}
[client] {"a":9,"dup":false,"ev":"game","ms":21485,"predicted":false,"t":4,"tick":1065,"type":"hit"}
[client] {"a":7,"dup":false,"ev":"game","ms":21515,"predicted":false,"t":4,"tick":1067,"type":"hit"}
[client] {"a":1,"dup":false,"ev":"game","ms":21535,"predicted":false,"t":8,"tick":1068,"type":"hit"}
[client] {"a":1,"dup":false,"ev":"game","ms":21601,"predicted":false,"t":7,"tick":1072,"type":"hit"}
[client] {"a":1,"dup":false,"ev":"game","ms":21633,"predicted":false,"t":9,"tick":1074,"type":"hit"}
[client] {"a":0,"dup":false,"ev":"game","ms":22010,"predicted":false,"t":6,"tick":1095,"type":"hit"}
[client] {"a":5,"dup":false,"ev":"game","ms":22085,"predicted":false,"t":4,"tick":1099,"type":"hit"}
[client] {"a":5,"dup":false,"ev":"game","ms":22414,"predicted":false,"t":1,"tick":1119,"type":"hit"}
[client] {"a":7,"dup":false,"ev":"game","ms":22431,"predicted":false,"t":1,"tick":1120,"type":"hit"}
[client] {"a":8,"dup":true,"ev":"game","ms":22431,"predicted":false,"t":1,"tick":1122,"type":"hit"}
[client] {"a":5,"dup":false,"ev":"game","ms":22463,"predicted":false,"t":4,"tick":1122,"type":"hit"}
[client] {"a":8,"dup":true,"ev":"game","ms":22463,"predicted":false,"t":4,"tick":1124,"type":"hit"}
[client] {"a":6,"dup":false,"ev":"game","ms":23017,"predicted":false,"t":3,"tick":1146,"type":"hit"}
[client] {"a":8,"dup":true,"ev":"game","ms":24172,"predicted":false,"t":3,"tick":1194,"type":"hit"}
[client] {"a":6,"dup":false,"ev":"game","ms":24959,"predicted":false,"t":2,"tick":1216,"type":"hit"}
[client] {"ev":"stats","hp":92.0,"in_bytes":297879,"late":0,"match":{"countdown_until":300,"ctrl":-1,"final":false,"next":"","phase":3,"rot":2684,"scores":[0,0],"sd":false,"state":3,"tick":916,"zone":"B"},"max_err":1.517,"mean_err":0.1232,"ms":24968,"out_bytes":66411,"pending":11,"pos":[-0.9,-5.09],"reconciles":390,"server_tick":1239,"snaps":398}
[client] {"a":1,"dup":false,"ev":"game","ms":25731,"predicted":false,"t":6,"tick":1235,"type":"hit"}
[client] {"a":7,"dup":false,"ev":"game","ms":25767,"predicted":false,"t":2,"tick":1236,"type":"hit"}
[client] {"a":0,"dup":false,"ev":"game","ms":25965,"predicted":false,"t":8,"tick":1246,"type":"hit"}
[client] {"a":1,"dup":false,"ev":"game","ms":26395,"predicted":false,"t":6,"tick":1269,"type":"hit"}
[client] {"a":1,"dup":false,"ev":"game","ms":26450,"predicted":false,"t":7,"tick":1272,"type":"hit"}
[client] {"a":4,"dup":false,"ev":"game","ms":26633,"predicted":false,"t":8,"tick":1282,"type":"hit"}
[client] {"a":5,"dup":false,"ev":"game","ms":26664,"predicted":false,"t":0,"tick":1284,"type":"hit"}
[client] {"a":4,"dup":false,"ev":"game","ms":27096,"predicted":false,"t":8,"tick":1302,"type":"hit"}
[client] {"a":5,"dup":false,"ev":"game","ms":27230,"predicted":false,"t":0,"tick":1305,"type":"hit"}
[client] {"a":3,"dup":false,"ev":"game","ms":27364,"predicted":false,"t":5,"tick":1318,"type":"hit"}
[client] {"a":2,"dup":false,"ev":"game","ms":27499,"predicted":false,"t":6,"tick":1325,"type":"hit"}
[client] {"a":8,"dup":false,"ev":"game","ms":27547,"predicted":false,"t":-1,"tick":1332,"type":"ko"}
[client] {"a":0,"dup":false,"ev":"game","ms":27561,"predicted":false,"t":5,"tick":1329,"type":"hit"}
[client] {"a":4,"dup":false,"ev":"game","ms":27616,"predicted":false,"t":8,"tick":1332,"type":"hit"}
[client] {"a":5,"dup":false,"ev":"game","ms":27984,"predicted":false,"t":0,"tick":1353,"type":"hit"}
[client] {"a":6,"dup":false,"ev":"game","ms":28018,"predicted":false,"t":1,"tick":1355,"type":"hit"}
[client] {"a":3,"dup":false,"ev":"game","ms":28066,"predicted":false,"t":5,"tick":1358,"type":"hit"}
[client] {"a":9,"dup":false,"ev":"game","ms":28267,"predicted":false,"t":1,"tick":1370,"type":"hit"}
[client] {"a":6,"dup":false,"ev":"game","ms":28350,"predicted":false,"t":1,"tick":1375,"type":"hit"}
[client] {"a":0,"dup":false,"ev":"game","ms":28623,"predicted":false,"t":5,"tick":1392,"type":"hit"}
[client] {"a":3,"dup":false,"ev":"game","ms":28650,"predicted":false,"t":5,"tick":1393,"type":"hit"}
[client] {"a":6,"dup":false,"ev":"game","ms":28715,"predicted":false,"t":1,"tick":1397,"type":"hit"}
[client] {"a":6,"dup":false,"ev":"game","ms":28715,"predicted":false,"t":2,"tick":1397,"type":"hit"}
[client] {"a":4,"dup":false,"ev":"game","ms":28865,"predicted":false,"t":5,"tick":1406,"type":"hit"}
[client] {"a":0,"dup":false,"ev":"game","ms":28916,"predicted":false,"t":5,"tick":1409,"type":"hit"}
[client] {"a":0,"dup":false,"ev":"game","ms":29300,"predicted":false,"t":5,"tick":1432,"type":"hit"}
[client] {"a":3,"dup":false,"ev":"game","ms":29348,"predicted":false,"t":5,"tick":1434,"type":"hit"}
[client] {"a":5,"dup":false,"ev":"game","ms":29348,"predicted":false,"t":-1,"tick":1434,"type":"ko"}
[client] {"a":2,"dup":false,"ev":"game","ms":29397,"predicted":false,"t":6,"tick":1437,"type":"hit"}
[client] {"a":9,"dup":false,"ev":"game","ms":29397,"predicted":false,"t":1,"tick":1437,"type":"block"}
[client] {"a":3,"dup":false,"ev":"game","ms":29431,"predicted":false,"t":7,"tick":1439,"type":"hit"}
[client] {"a":9,"dup":false,"ev":"game","ms":29645,"predicted":false,"t":1,"tick":1453,"type":"hit"}
[client] {"a":1,"dup":false,"ev":"game","ms":29645,"predicted":false,"t":-1,"tick":1453,"type":"ko"}
[client] {"a":0,"dup":false,"ev":"game","ms":29892,"predicted":false,"t":6,"tick":1468,"type":"hit"}
[client] {"ev":"stats","hp":0.0,"in_bytes":363202,"late":0,"match":{"countdown_until":300,"ctrl":-1,"final":false,"next":"","phase":3,"rot":2423,"scores":[0,0],"sd":false,"state":3,"tick":1177,"zone":"B"},"max_err":1.711,"mean_err":0.1105,"ms":29954,"out_bytes":81111,"pending":7,"pos":[-2.27,-4.62],"reconciles":477,"server_tick":1476,"snaps":485}
[client] {"a":3,"dup":false,"ev":"game","ms":29956,"predicted":false,"t":6,"tick":1472,"type":"hit"}
[client] {"a":3,"dup":false,"ev":"game","ms":30011,"predicted":false,"t":7,"tick":1475,"type":"hit"}
[client] {"a":2,"dup":false,"ev":"game","ms":30046,"predicted":false,"t":9,"tick":1477,"type":"hit"}
[client] {"a":3,"dup":false,"ev":"game","ms":30341,"predicted":false,"t":7,"tick":1494,"type":"hit"}
[client] {"a":2,"dup":false,"ev":"game","ms":30375,"predicted":false,"t":9,"tick":1496,"type":"hit"}
[client] {"a":0,"dup":false,"ev":"game","ms":30389,"predicted":false,"t":7,"tick":1497,"type":"hit"}
[client] {"a":6,"dup":false,"ev":"game","ms":30527,"predicted":false,"t":4,"tick":1505,"type":"hit"}
[client] {"a":2,"dup":false,"ev":"game","ms":30706,"predicted":false,"t":9,"tick":1516,"type":"hit"}
[client] {"a":6,"dup":false,"ev":"game","ms":30955,"predicted":false,"t":4,"tick":1531,"type":"hit"}
[client] {"a":3,"dup":false,"ev":"game","ms":31037,"predicted":false,"t":7,"tick":1536,"type":"hit"}
[client] {"a":3,"dup":false,"ev":"game","ms":31037,"predicted":false,"t":9,"tick":1536,"type":"hit"}
[client] {"a":6,"dup":false,"ev":"game","ms":31306,"predicted":false,"t":4,"tick":1552,"type":"hit"}
[client] {"a":4,"dup":false,"ev":"game","ms":31306,"predicted":false,"t":-1,"tick":1552,"type":"ko"}
[client] {"a":3,"dup":false,"ev":"game","ms":31527,"predicted":false,"t":9,"tick":1565,"type":"hit"}
[client] {"a":6,"dup":false,"ev":"game","ms":31541,"predicted":false,"t":0,"tick":1567,"type":"hit"}
[client] {"a":0,"dup":false,"ev":"game","ms":31541,"predicted":false,"t":-1,"tick":1567,"type":"ko"}
[client] {"a":3,"dup":false,"ev":"game","ms":31858,"predicted":false,"t":9,"tick":1586,"type":"hit"}
[client] {"a":2,"dup":false,"ev":"game","ms":32093,"predicted":false,"t":9,"tick":1600,"type":"hit"}
[client] {"a":3,"dup":false,"ev":"game","ms":32238,"predicted":false,"t":9,"tick":1609,"type":"hit"}
[client] {"a":9,"dup":false,"ev":"game","ms":32238,"predicted":false,"t":-1,"tick":1609,"type":"ko"}
[client] {"a":7,"dup":false,"ev":"game","ms":32493,"predicted":false,"t":3,"tick":1623,"type":"hit"}
[client] {"a":7,"dup":false,"ev":"game","ms":32793,"predicted":false,"t":3,"tick":1642,"type":"hit"}
[client] {"a":2,"dup":false,"ev":"game","ms":33110,"predicted":false,"t":7,"tick":1661,"type":"hit"}
[client] {"a":3,"dup":false,"ev":"game","ms":33158,"predicted":false,"t":7,"tick":1664,"type":"hit"}
[client] {"a":7,"dup":false,"ev":"game","ms":33158,"predicted":false,"t":-1,"tick":1664,"type":"ko"}
[client] {"a":6,"dup":false,"ev":"game","ms":33339,"predicted":false,"t":3,"tick":1674,"type":"hit"}
[client] {"a":6,"dup":false,"ev":"game","ms":33719,"predicted":false,"t":3,"tick":1697,"type":"hit"}
[client] {"a":3,"dup":false,"ev":"game","ms":34209,"predicted":false,"t":6,"tick":1727,"type":"hit"}
[client] {"a":3,"dup":false,"ev":"game","ms":34547,"predicted":false,"t":6,"tick":1747,"type":"hit"}
[client] {"a":6,"dup":false,"ev":"game","ms":34547,"predicted":false,"t":-1,"tick":1747,"type":"ko"}
[client] {"ev":"stats","hp":0.0,"in_bytes":424748,"late":0,"match":{"countdown_until":300,"ctrl":0,"final":false,"next":"","phase":3,"rot":2123,"scores":[0,0],"sd":false,"state":2,"tick":1477,"zone":"B"},"max_err":1.711,"mean_err":0.0913,"ms":34967,"out_bytes":95811,"pending":3,"pos":[-2.27,-4.62],"reconciles":577,"server_tick":1776,"snaps":585}
[client] {"a":8,"dup":false,"ev":"game","ms":37554,"predicted":false,"t":-1,"tick":1932,"type":"respawn"}
[client] {"a":5,"dup":false,"ev":"game","ms":39328,"predicted":false,"t":-1,"tick":2034,"type":"respawn"}
[client] {"a":1,"dup":false,"ev":"game","ms":39647,"predicted":false,"t":-1,"tick":2053,"type":"respawn"}
[client] {"ev":"stats","hp":220.0,"in_bytes":468319,"late":0,"match":{"countdown_until":300,"ctrl":0,"final":false,"next":"","phase":3,"rot":1823,"scores":[5,0],"sd":false,"state":2,"tick":1777,"zone":"B"},"max_err":1.711,"mean_err":0.078,"ms":39961,"out_bytes":110511,"pending":3,"pos":[-2.29,32.3],"reconciles":676,"server_tick":2076,"snaps":685}
[client] {"a":4,"dup":false,"ev":"game","ms":41294,"predicted":false,"t":-1,"tick":2152,"type":"respawn"}
[client] {"a":0,"dup":false,"ev":"game","ms":41542,"predicted":false,"t":-1,"tick":2167,"type":"respawn"}
[client] {"a":9,"dup":false,"ev":"game","ms":42252,"predicted":false,"t":-1,"tick":2209,"type":"respawn"}
[client] {"a":7,"dup":false,"ev":"game","ms":43162,"predicted":false,"t":-1,"tick":2264,"type":"respawn"}
[client] {"a":6,"dup":false,"ev":"game","ms":44618,"predicted":false,"t":-1,"tick":2347,"type":"respawn"}
[client] {"ev":"stats","hp":220.0,"in_bytes":517398,"late":0,"match":{"countdown_until":300,"ctrl":-1,"final":false,"next":"","phase":3,"rot":1526,"scores":[8,0],"sd":false,"state":3,"tick":2074,"zone":"B"},"max_err":1.711,"mean_err":0.0701,"ms":44967,"out_bytes":125211,"pending":3,"pos":[-2.06,-2.08],"reconciles":774,"server_tick":2373,"snaps":784}
[client] {"a":8,"dup":true,"ev":"game","ms":45335,"predicted":false,"t":3,"tick":2396,"type":"hit"}
[client] {"a":8,"dup":true,"ev":"game","ms":45900,"predicted":false,"t":3,"tick":2430,"type":"hit"}
[client] {"a":8,"dup":true,"ev":"game","ms":45900,"predicted":false,"t":2,"tick":2431,"type":"hit"}
[client] {"a":8,"dup":true,"ev":"game","ms":46725,"predicted":false,"t":3,"tick":2480,"type":"hit"}
[client] {"a":8,"dup":true,"ev":"game","ms":46760,"predicted":false,"t":2,"tick":2482,"type":"hit"}
[client] {"a":1,"dup":false,"ev":"game","ms":46877,"predicted":false,"t":8,"tick":2483,"type":"hit"}
[client] {"a":3,"dup":false,"ev":"game","ms":47491,"predicted":false,"t":5,"tick":2521,"type":"block"}
[client] {"a":8,"dup":true,"ev":"game","ms":47699,"predicted":false,"t":3,"tick":2538,"type":"hit"}
[client] {"a":1,"dup":false,"ev":"game","ms":47985,"predicted":false,"t":5,"tick":2550,"type":"block"}
[client] {"a":8,"dup":true,"ev":"game","ms":48030,"predicted":false,"t":3,"tick":2557,"type":"hit"}
[client] {"a":1,"dup":false,"ev":"game","ms":48375,"predicted":false,"t":5,"tick":2574,"type":"block"}
[client] {"a":3,"dup":false,"ev":"game","ms":48493,"predicted":false,"t":8,"tick":2581,"type":"hit"}
[client] {"a":3,"dup":false,"ev":"game","ms":48513,"predicted":false,"t":5,"tick":2582,"type":"block"}
[client] {"a":0,"dup":false,"ev":"game","ms":48722,"predicted":false,"t":5,"tick":2595,"type":"block"}
[client] {"a":0,"dup":false,"ev":"game","ms":48744,"predicted":false,"t":8,"tick":2596,"type":"hit"}
[client] {"a":1,"dup":false,"ev":"game","ms":48792,"predicted":false,"t":5,"tick":2599,"type":"block"}
[client] {"a":3,"dup":false,"ev":"game","ms":49180,"predicted":false,"t":5,"tick":2622,"type":"block"}
[client] {"a":0,"dup":false,"ev":"game","ms":49355,"predicted":false,"t":5,"tick":2633,"type":"block"}
[client] {"a":1,"dup":false,"ev":"game","ms":49377,"predicted":false,"t":5,"tick":2634,"type":"block"}
[client] {"a":4,"dup":false,"ev":"game","ms":49390,"predicted":false,"t":8,"tick":2635,"type":"hit"}
[client] {"a":0,"dup":false,"ev":"game","ms":49707,"predicted":false,"t":5,"tick":2654,"type":"block"}
[client] {"a":4,"dup":false,"ev":"game","ms":49721,"predicted":false,"t":8,"tick":2655,"type":"hit"}
[client] {"a":0,"dup":false,"ev":"game","ms":49943,"predicted":false,"t":5,"tick":2668,"type":"guard_break"}
[client] {"ev":"stats","hp":90.0,"in_bytes":586798,"late":0,"match":{"countdown_until":300,"ctrl":-1,"final":false,"next":"","phase":3,"rot":1226,"scores":[8,0],"sd":false,"state":3,"tick":2374,"zone":"B"},"max_err":1.711,"mean_err":0.0672,"ms":49955,"out_bytes":139911,"pending":4,"pos":[-3.59,-0.97],"reconciles":874,"server_tick":2673,"snaps":884}
[client] {"a":4,"dup":false,"ev":"game","ms":50073,"predicted":false,"t":8,"tick":2675,"type":"hit"}
[client] {"a":3,"dup":false,"ev":"game","ms":50145,"predicted":false,"t":5,"tick":2680,"type":"hit"}
[client] {"a":9,"dup":false,"ev":"game","ms":50145,"predicted":false,"t":3,"tick":2680,"type":"hit"}
[client] {"a":1,"dup":false,"ev":"game","ms":50320,"predicted":false,"t":5,"tick":2690,"type":"hit"}
[client] {"a":9,"dup":false,"ev":"game","ms":50485,"predicted":false,"t":3,"tick":2700,"type":"hit"}
[client] {"a":8,"dup":true,"ev":"game","ms":50685,"predicted":false,"t":4,"tick":2717,"type":"hit"}
[client] {"a":9,"dup":false,"ev":"game","ms":51159,"predicted":false,"t":1,"tick":2740,"type":"hit"}
[client] {"a":9,"dup":false,"ev":"game","ms":51159,"predicted":false,"t":3,"tick":2740,"type":"hit"}
[client] {"a":3,"dup":false,"ev":"game","ms":51159,"predicted":false,"t":-1,"tick":2740,"type":"ko"}
[client] {"a":0,"dup":false,"ev":"game","ms":51335,"predicted":false,"t":9,"tick":2751,"type":"hit"}
[client] {"a":0,"dup":false,"ev":"game","ms":51445,"predicted":false,"t":7,"tick":2757,"type":"hit"}
[client] {"a":8,"dup":false,"ev":"game","ms":51664,"predicted":false,"t":0,"tick":2776,"type":"hit"}
[client] {"a":4,"dup":false,"ev":"game","ms":52114,"predicted":false,"t":5,"tick":2797,"type":"hit"}
[client] {"a":8,"dup":true,"ev":"game","ms":52114,"predicted":false,"t":0,"tick":2802,"type":"hit"}
[client] {"a":0,"dup":false,"ev":"game","ms":52728,"predicted":false,"t":5,"tick":2835,"type":"hit"}
[client] {"a":0,"dup":false,"ev":"game","ms":52728,"predicted":false,"t":8,"tick":2835,"type":"hit"}
[client] {"a":2,"dup":false,"ev":"game","ms":52903,"predicted":false,"t":8,"tick":2845,"type":"hit"}
[client] {"a":2,"dup":false,"ev":"game","ms":52951,"predicted":false,"t":5,"tick":2848,"type":"hit"}
[client] {"a":0,"dup":false,"ev":"game","ms":53017,"predicted":false,"t":5,"tick":2852,"type":"hit"}
[client] {"a":7,"dup":false,"ev":"game","ms":53023,"predicted":false,"t":2,"tick":2853,"type":"hit"}
[client] {"a":7,"dup":false,"ev":"game","ms":53238,"predicted":false,"t":0,"tick":2866,"type":"hit"}
[client] {"a":7,"dup":false,"ev":"game","ms":53272,"predicted":false,"t":2,"tick":2867,"type":"hit"}
[client] {"a":8,"dup":false,"ev":"game","ms":53695,"predicted":false,"t":-1,"tick":2898,"type":"ko"}
[client] {"a":4,"dup":false,"ev":"game","ms":53782,"predicted":false,"t":5,"tick":2898,"type":"hit"}
[client] {"a":4,"dup":false,"ev":"game","ms":53782,"predicted":false,"t":8,"tick":2898,"type":"hit"}
[client] {"a":7,"dup":false,"ev":"game","ms":54114,"predicted":false,"t":2,"tick":2918,"type":"hit"}
[client] {"a":1,"dup":false,"ev":"game","ms":54210,"predicted":false,"t":6,"tick":2924,"type":"hit"}
[client] {"a":1,"dup":false,"ev":"game","ms":54301,"predicted":false,"t":7,"tick":2929,"type":"hit"}
[client] {"a":5,"dup":false,"ev":"game","ms":54432,"predicted":false,"t":0,"tick":2937,"type":"hit"}
[client] {"a":2,"dup":false,"ev":"game","ms":54549,"predicted":false,"t":5,"tick":2944,"type":"hit"}
[client] {"a":4,"dup":false,"ev":"game","ms":54746,"predicted":false,"t":9,"tick":2956,"type":"hit"}
[client] {"a":7,"dup":false,"ev":"game","ms":54829,"predicted":false,"t":4,"tick":2961,"type":"hit"}
[client] {"ev":"stats","hp":0.0,"in_bytes":659847,"late":0,"match":{"countdown_until":300,"ctrl":-1,"final":false,"next":"","phase":3,"rot":926,"scores":[8,0],"sd":false,"state":3,"tick":2674,"zone":"B"},"max_err":1.711,"mean_err":0.0635,"ms":54959,"out_bytes":154611,"pending":4,"pos":[-5.18,-1.3],"reconciles":974,"server_tick":2974,"snaps":984}
[client] {"a":6,"dup":false,"ev":"game","ms":55043,"predicted":false,"t":0,"tick":2974,"type":"hit"}
[client] {"a":7,"dup":false,"ev":"game","ms":55146,"predicted":false,"t":4,"tick":2980,"type":"hit"}
[client] {"a":9,"dup":false,"ev":"game","ms":55194,"predicted":false,"t":4,"tick":2983,"type":"hit"}
[client] {"a":6,"dup":false,"ev":"game","ms":55415,"predicted":false,"t":0,"tick":2996,"type":"hit"}
[client] {"a":7,"dup":false,"ev":"game","ms":55477,"predicted":false,"t":4,"tick":3000,"type":"hit"}
[client] {"a":9,"dup":false,"ev":"game","ms":55526,"predicted":false,"t":4,"tick":3003,"type":"hit"}
[client] {"a":6,"dup":false,"ev":"game","ms":55815,"predicted":false,"t":1,"tick":3020,"type":"hit"}
[client] {"a":6,"dup":false,"ev":"game","ms":55843,"predicted":false,"t":0,"tick":3022,"type":"hit"}
[client] {"a":9,"dup":false,"ev":"game","ms":55877,"predicted":false,"t":4,"tick":3024,"type":"hit"}
[client] {"a":2,"dup":false,"ev":"game","ms":56264,"predicted":false,"t":5,"tick":3047,"type":"block"}
[client] {"a":1,"dup":false,"ev":"game","ms":56511,"predicted":false,"t":6,"tick":3061,"type":"hit"}
[client] {"a":4,"dup":false,"ev":"game","ms":56629,"predicted":false,"t":7,"tick":3069,"type":"hit"}
[client] {"a":0,"dup":false,"ev":"game","ms":56663,"predicted":false,"t":5,"tick":3071,"type":"hit"}
[client] {"a":2,"dup":false,"ev":"game","ms":56847,"predicted":false,"t":5,"tick":3082,"type":"hit"}
[client] {"a":6,"dup":false,"ev":"game","ms":56912,"predicted":false,"t":1,"tick":3086,"type":"hit"}
[client] {"a":2,"dup":false,"ev":"game","ms":57464,"predicted":false,"t":9,"tick":3119,"type":"hit"}
[client] {"a":5,"dup":false,"ev":"game","ms":57498,"predicted":false,"t":0,"tick":3121,"type":"hit"}
[client] {"a":5,"dup":false,"ev":"game","ms":57512,"predicted":false,"t":2,"tick":3122,"type":"hit"}
[client] {"a":6,"dup":false,"ev":"game","ms":57616,"predicted":false,"t":1,"tick":3127,"type":"hit"}
[client] {"a":9,"dup":false,"ev":"game","ms":57915,"predicted":false,"t":0,"tick":3145,"type":"hit"}
[client] {"a":5,"dup":false,"ev":"game","ms":58181,"predicted":false,"t":1,"tick":3161,"type":"hit"}
[client] {"a":7,"dup":false,"ev":"game","ms":58395,"predicted":false,"t":4,"tick":3174,"type":"hit"}
[client] {"a":5,"dup":false,"ev":"game","ms":58914,"predicted":false,"t":1,"tick":3206,"type":"hit"}
[client] {"a":0,"dup":false,"ev":"game","ms":59230,"predicted":false,"t":9,"tick":3225,"type":"hit"}
[client] {"a":2,"dup":false,"ev":"game","ms":59267,"predicted":false,"t":6,"tick":3227,"type":"hit"}
[client] {"a":7,"dup":false,"ev":"game","ms":59327,"predicted":false,"t":4,"tick":3231,"type":"hit"}
[client] {"a":0,"dup":false,"ev":"game","ms":59527,"predicted":false,"t":9,"tick":3243,"type":"hit"}
[client] {"a":5,"dup":false,"ev":"game","ms":59548,"predicted":false,"t":1,"tick":3244,"type":"hit"}
[client] {"a":9,"dup":false,"ev":"game","ms":59845,"predicted":false,"t":0,"tick":3262,"type":"hit"}
[client] {"a":1,"dup":false,"ev":"game","ms":59902,"predicted":false,"t":5,"tick":3265,"type":"hit"}
[client] {"ev":"stats","hp":0.0,"in_bytes":728147,"late":0,"match":{"countdown_until":300,"ctrl":-1,"final":false,"next":"A","phase":3,"rot":626,"scores":[8,0],"sd":false,"state":3,"tick":2974,"zone":"B"},"max_err":1.711,"mean_err":0.0576,"ms":59960,"out_bytes":169311,"pending":4,"pos":[-5.18,-1.3],"reconciles":1074,"server_tick":3273,"snaps":1084}
[client] {"a":4,"dup":false,"ev":"game","ms":60079,"predicted":false,"t":7,"tick":3276,"type":"hit"}
[client] {"a":6,"dup":false,"ev":"game","ms":60156,"predicted":false,"t":2,"tick":3281,"type":"hit"}
[client] {"a":5,"dup":false,"ev":"game","ms":60293,"predicted":false,"t":1,"tick":3289,"type":"hit"}
[client] {"a":9,"dup":false,"ev":"game","ms":60341,"predicted":false,"t":0,"tick":3292,"type":"hit"}
[client] {"a":1,"dup":false,"ev":"game","ms":60893,"predicted":false,"t":5,"tick":3325,"type":"hit"}
[client] {"a":3,"dup":false,"ev":"game","ms":61183,"predicted":false,"t":-1,"tick":3340,"type":"respawn"}
[client] {"a":1,"dup":false,"ev":"game","ms":61218,"predicted":false,"t":5,"tick":3344,"type":"hit"}
[client] {"a":5,"dup":false,"ev":"game","ms":61218,"predicted":false,"t":-1,"tick":3344,"type":"ko"}
[client] {"a":9,"dup":false,"ev":"game","ms":61440,"predicted":false,"t":2,"tick":3358,"type":"hit"}
[client] {"a":4,"dup":false,"ev":"game","ms":61620,"predicted":false,"t":7,"tick":3368,"type":"hit"}
[client] {"a":9,"dup":false,"ev":"game","ms":61747,"predicted":false,"t":2,"tick":3376,"type":"hit"}
[client] {"a":1,"dup":false,"ev":"game","ms":61768,"predicted":false,"t":9,"tick":3377,"type":"hit"}
[client] {"a":9,"dup":false,"ev":"game","ms":62121,"predicted":false,"t":0,"tick":3398,"type":"hit"}
[client] {"a":0,"dup":false,"ev":"game","ms":62121,"predicted":false,"t":-1,"tick":3398,"type":"ko"}
[client] {"a":4,"dup":false,"ev":"game","ms":62369,"predicted":false,"t":7,"tick":3413,"type":"hit"}
[client] {"a":2,"dup":false,"ev":"game","ms":62382,"predicted":false,"t":9,"tick":3414,"type":"hit"}
[client] {"a":7,"dup":false,"ev":"game","ms":62748,"predicted":false,"t":4,"tick":3436,"type":"hit"}
[client] {"a":6,"dup":false,"ev":"game","ms":62803,"predicted":false,"t":1,"tick":3439,"type":"hit"}
[client] {"a":7,"dup":false,"ev":"game","ms":62980,"predicted":false,"t":4,"tick":3450,"type":"hit"}
[client] {"a":4,"dup":false,"ev":"game","ms":62980,"predicted":false,"t":-1,"tick":3450,"type":"ko"}
[client] {"a":1,"dup":false,"ev":"game","ms":63163,"predicted":false,"t":6,"tick":3461,"type":"hit"}
[client] {"a":1,"dup":false,"ev":"game","ms":63481,"predicted":false,"t":6,"tick":3480,"type":"hit"}
[client] {"a":8,"dup":false,"ev":"game","ms":63715,"predicted":false,"t":-1,"tick":3498,"type":"respawn"}
[client] {"a":1,"dup":false,"ev":"game","ms":63776,"predicted":false,"t":6,"tick":3498,"type":"hit"}
[client] {"a":1,"dup":false,"ev":"game","ms":63831,"predicted":false,"t":7,"tick":3501,"type":"hit"}
[client] {"a":9,"dup":false,"ev":"game","ms":64714,"predicted":false,"t":2,"tick":3554,"type":"hit"}
[client] {"a":2,"dup":false,"ev":"game","ms":64714,"predicted":false,"t":-1,"tick":3554,"type":"ko"}
[client] {"a":1,"dup":false,"ev":"game","ms":64763,"predicted":false,"t":7,"tick":3557,"type":"hit"}
[client] {"ev":"stats","hp":220.0,"in_bytes":792485,"late":0,"match":{"countdown_until":300,"ctrl":-1,"final":false,"next":"A","phase":3,"rot":326,"scores":[8,0],"sd":false,"state":3,"tick":3274,"zone":"B"},"max_err":1.711,"mean_err":0.0528,"ms":64961,"out_bytes":184011,"pending":7,"pos":[4.7,39.82],"reconciles":1172,"server_tick":3573,"snaps":1184}
[client] {"a":7,"dup":false,"ev":"game","ms":65729,"predicted":false,"t":1,"tick":3615,"type":"hit"}
[client] {"a":1,"dup":false,"ev":"game","ms":65729,"predicted":false,"t":-1,"tick":3615,"type":"ko"}
[client] {"a":6,"dup":false,"ev":"game","ms":68242,"predicted":false,"t":3,"tick":3766,"type":"hit"}
[client] {"a":6,"dup":false,"ev":"game","ms":68455,"predicted":false,"t":3,"tick":3779,"type":"hit"}
[client] {"a":3,"dup":false,"ev":"game","ms":69332,"predicted":false,"t":6,"tick":3831,"type":"hit"}
[client] {"ev":"stats","hp":220.0,"in_bytes":839871,"late":0,"match":{"countdown_until":300,"ctrl":-1,"final":false,"next":"A","phase":3,"rot":26,"scores":[8,1],"sd":false,"state":3,"tick":3574,"zone":"B"},"max_err":1.711,"mean_err":0.0487,"ms":69959,"out_bytes":198711,"pending":7,"pos":[-2.09,5.61],"reconciles":1272,"server_tick":3873,"snaps":1284}
[client] {"a":6,"dup":false,"ev":"game","ms":70106,"predicted":false,"t":3,"tick":3877,"type":"hit"}
[client] {"a":6,"dup":false,"ev":"game","ms":70415,"predicted":false,"t":3,"tick":3896,"type":"hit"}
[client] {"a":-1,"dup":false,"ev":"game","ms":70462,"predicted":false,"t":-1,"tick":3899,"type":"zone_rotated"}
[client] {"a":7,"dup":false,"ev":"game","ms":70517,"predicted":false,"t":3,"tick":3902,"type":"hit"}
[client] {"a":5,"dup":false,"ev":"game","ms":71279,"predicted":false,"t":-1,"tick":3944,"type":"respawn"}
[client] {"a":0,"dup":false,"ev":"game","ms":72189,"predicted":false,"t":-1,"tick":3998,"type":"respawn"}
[client] {"a":4,"dup":false,"ev":"game","ms":73049,"predicted":false,"t":-1,"tick":4050,"type":"respawn"}
[client] {"a":7,"dup":false,"ev":"game","ms":74200,"predicted":false,"t":3,"tick":4119,"type":"hit"}
[client] {"a":2,"dup":false,"ev":"game","ms":74777,"predicted":false,"t":-1,"tick":4154,"type":"respawn"}
[client] {"ev":"stats","hp":220.0,"in_bytes":886792,"late":0,"match":{"countdown_until":300,"ctrl":-1,"final":false,"next":"","phase":3,"rot":3329,"scores":[8,1],"sd":false,"state":1,"tick":3871,"zone":"A"},"max_err":1.711,"mean_err":0.0466,"ms":74962,"out_bytes":213411,"pending":6,"pos":[-32.45,5.49],"reconciles":1369,"server_tick":4169,"snaps":1381}
[client] {"a":1,"dup":false,"ev":"game","ms":75791,"predicted":false,"t":-1,"tick":4215,"type":"respawn"}
[client] {"a":8,"dup":true,"ev":"game","ms":78096,"predicted":false,"t":3,"tick":4358,"type":"hit"}
[client] {"a":3,"dup":false,"ev":"game","ms":78541,"predicted":false,"t":8,"tick":4380,"type":"hit"}
[client] {"a":6,"dup":false,"ev":"game","ms":78877,"predicted":false,"t":3,"tick":4400,"type":"hit"}
[client] {"a":7,"dup":false,"ev":"game","ms":78967,"predicted":false,"t":3,"tick":4405,"type":"hit"}
[client] {"ev":"stats","hp":202.0,"in_bytes":944465,"late":0,"match":{"countdown_until":300,"ctrl":-1,"final":false,"next":"","phase":3,"rot":3029,"scores":[8,2],"sd":false,"state":3,"tick":4171,"zone":"A"},"max_err":1.711,"mean_err":0.0442,"ms":79964,"out_bytes":228111,"pending":6,"pos":[-42.21,-0.51],"reconciles":1469,"server_tick":4469,"snaps":1481}
[client] {"a":7,"dup":false,"ev":"game","ms":80095,"predicted":false,"t":3,"tick":4473,"type":"hit"}
[client] {"a":9,"dup":false,"ev":"game","ms":80475,"predicted":false,"t":3,"tick":4496,"type":"hit"}
[client] {"a":7,"dup":false,"ev":"game","ms":80510,"predicted":false,"t":3,"tick":4498,"type":"hit"}
[client] {"a":8,"dup":true,"ev":"game","ms":80544,"predicted":false,"t":3,"tick":4505,"type":"hit"}
[client] {"a":3,"dup":false,"ev":"game","ms":80630,"predicted":false,"t":-1,"tick":4505,"type":"ko"}
[client] {"a":0,"dup":false,"ev":"game","ms":83113,"predicted":false,"t":9,"tick":4654,"type":"block"}
[client] {"a":9,"dup":false,"ev":"game","ms":83369,"predicted":false,"t":0,"tick":4669,"type":"hit"}
[client] {"a":9,"dup":false,"ev":"game","ms":83417,"predicted":false,"t":4,"tick":4672,"type":"hit"}
[client] {"a":6,"dup":false,"ev":"game","ms":83646,"predicted":false,"t":0,"tick":4686,"type":"hit"}
[client] {"a":9,"dup":false,"ev":"game","ms":83744,"predicted":false,"t":0,"tick":4692,"type":"hit"}
[client] {"a":9,"dup":false,"ev":"game","ms":83798,"predicted":false,"t":4,"tick":4695,"type":"hit"}
[client] {"a":9,"dup":false,"ev":"game","ms":84068,"predicted":false,"t":0,"tick":4711,"type":"hit"}
[client] {"a":4,"dup":false,"ev":"game","ms":84597,"predicted":false,"t":9,"tick":4743,"type":"hit"}
[client] {"a":6,"dup":false,"ev":"game","ms":84655,"predicted":false,"t":4,"tick":4746,"type":"hit"}
[client] {"ev":"stats","hp":202.0,"in_bytes":1007425,"late":0,"match":{"countdown_until":300,"ctrl":-1,"final":false,"next":"","phase":3,"rot":2729,"scores":[8,3],"sd":false,"state":3,"tick":4471,"zone":"A"},"max_err":1.711,"mean_err":0.0422,"ms":84969,"out_bytes":242811,"pending":6,"pos":[-40.4,-1.13],"reconciles":1569,"server_tick":4769,"snaps":1581}
[client] {"a":0,"dup":false,"ev":"game","ms":85293,"predicted":false,"t":6,"tick":4785,"type":"hit"}
[client] {"a":4,"dup":false,"ev":"game","ms":85363,"predicted":false,"t":6,"tick":4789,"type":"hit"}
[client] {"a":6,"dup":false,"ev":"game","ms":85363,"predicted":false,"t":-1,"tick":4789,"type":"ko"}
[client] {"a":0,"dup":false,"ev":"game","ms":85376,"predicted":false,"t":8,"tick":4790,"type":"hit"}
[client] {"a":2,"dup":false,"ev":"game","ms":86190,"predicted":false,"t":5,"tick":4839,"type":"hit"}
[client] {"a":8,"dup":true,"ev":"game","ms":86274,"predicted":false,"t":2,"tick":4849,"type":"hit"}
[client] {"a":4,"dup":false,"ev":"game","ms":86451,"predicted":false,"t":8,"tick":4854,"type":"hit"}
[client] {"a":5,"dup":false,"ev":"game","ms":86591,"predicted":false,"t":2,"tick":4863,"type":"hit"}
[client] {"a":4,"dup":false,"ev":"game","ms":86792,"predicted":false,"t":8,"tick":4875,"type":"hit"}
[client] {"a":7,"dup":false,"ev":"game","ms":86792,"predicted":false,"t":0,"tick":4875,"type":"hit"}
[client] {"a":7,"dup":false,"ev":"game","ms":86792,"predicted":false,"t":1,"tick":4875,"type":"hit"}
[client] {"a":2,"dup":false,"ev":"game","ms":86909,"predicted":false,"t":5,"tick":4882,"type":"hit"}
[client] {"a":4,"dup":false,"ev":"game","ms":87109,"predicted":false,"t":8,"tick":4894,"type":"hit"}
[client] {"a":5,"dup":false,"ev":"game","ms":87295,"predicted":false,"t":2,"tick":4905,"type":"hit"}
[client] {"a":8,"dup":true,"ev":"game","ms":87733,"predicted":false,"t":4,"tick":4935,"type":"hit"}
[client] {"a":0,"dup":false,"ev":"game","ms":87852,"predicted":false,"t":7,"tick":4938,"type":"hit"}
[client] {"a":1,"dup":false,"ev":"game","ms":87852,"predicted":false,"t":7,"tick":4938,"type":"hit"}
[client] {"a":5,"dup":false,"ev":"game","ms":87852,"predicted":false,"t":2,"tick":4938,"type":"hit"}
[client] {"a":7,"dup":false,"ev":"game","ms":87852,"predicted":false,"t":-1,"tick":4938,"type":"ko"}
[client] {"a":5,"dup":false,"ev":"game","ms":88450,"predicted":false,"t":2,"tick":4974,"type":"hit"}
[client] {"a":0,"dup":false,"ev":"game","ms":88850,"predicted":false,"t":5,"tick":4998,"type":"hit"}
[client] {"a":1,"dup":false,"ev":"game","ms":88864,"predicted":false,"t":5,"tick":4999,"type":"hit"}
[client] {"a":1,"dup":false,"ev":"game","ms":88865,"predicted":false,"t":8,"tick":4999,"type":"hit"}
[client] {"a":1,"dup":false,"ev":"game","ms":88876,"predicted":false,"t":9,"tick":5000,"type":"hit"}
[client] {"a":0,"dup":false,"ev":"game","ms":88910,"predicted":false,"t":9,"tick":5002,"type":"hit"}
[client] {"a":9,"dup":false,"ev":"game","ms":88910,"predicted":false,"t":-1,"tick":5002,"type":"ko"}
[client] {"a":0,"dup":false,"ev":"game","ms":88947,"predicted":false,"t":8,"tick":5004,"type":"hit"}
[client] {"a":5,"dup":false,"ev":"game","ms":89679,"predicted":false,"t":1,"tick":5048,"type":"hit"}
[client] {"ev":"stats","hp":34.0,"in_bytes":1076683,"late":0,"match":{"countdown_until":300,"ctrl":-1,"final":false,"next":"","phase":3,"rot":2429,"scores":[8,3],"sd":false,"state":3,"tick":4771,"zone":"A"},"max_err":1.711,"mean_err":0.0432,"ms":89965,"out_bytes":257511,"pending":6,"pos":[-41.73,-0.04],"reconciles":1669,"server_tick":5069,"snaps":1681}
[client] {"a":8,"dup":true,"ev":"game","ms":89972,"predicted":false,"t":0,"tick":5070,"type":"hit"}
[client] {"a":8,"dup":true,"ev":"game","ms":89973,"predicted":false,"t":1,"tick":5070,"type":"hit"}
[client] {"a":5,"dup":false,"ev":"game","ms":89987,"predicted":false,"t":0,"tick":5066,"type":"hit"}
[client] {"a":5,"dup":false,"ev":"game","ms":89987,"predicted":false,"t":1,"tick":5066,"type":"hit"}
[client] {"a":8,"dup":true,"ev":"game","ms":90018,"predicted":false,"t":4,"tick":5073,"type":"hit"}
[client] {"a":8,"dup":true,"ev":"game","ms":90030,"predicted":false,"t":2,"tick":5074,"type":"hit"}
[client] {"a":3,"dup":false,"ev":"game","ms":90622,"predicted":false,"t":-1,"tick":5105,"type":"respawn"}
[client] {"a":1,"dup":false,"ev":"game","ms":90858,"predicted":false,"t":8,"tick":5119,"type":"hit"}
[client] {"a":8,"dup":false,"ev":"game","ms":91093,"predicted":false,"t":-1,"tick":5138,"type":"ko"}
[client] {"a":1,"dup":false,"ev":"game","ms":91176,"predicted":false,"t":5,"tick":5138,"type":"hit"}
[client] {"a":1,"dup":false,"ev":"game","ms":91176,"predicted":false,"t":8,"tick":5138,"type":"hit"}
[client] {"a":2,"dup":false,"ev":"game","ms":91339,"predicted":false,"t":5,"tick":5148,"type":"hit"}
[client] {"a":5,"dup":false,"ev":"game","ms":92185,"predicted":false,"t":1,"tick":5198,"type":"hit"}
[client] {"a":5,"dup":false,"ev":"game","ms":92192,"predicted":false,"t":2,"tick":5199,"type":"hit"}
[client] {"a":5,"dup":false,"ev":"game","ms":92501,"predicted":false,"t":1,"tick":5217,"type":"hit"}
[client] {"a":5,"dup":false,"ev":"game","ms":92551,"predicted":false,"t":2,"tick":5220,"type":"hit"}
[client] {"a":0,"dup":false,"ev":"game","ms":92584,"predicted":false,"t":5,"tick":5222,"type":"hit"}
[client] {"a":4,"dup":false,"ev":"game","ms":92730,"predicted":false,"t":5,"tick":5231,"type":"hit"}
[client] {"a":4,"dup":false,"ev":"game","ms":93095,"predicted":false,"t":5,"tick":5253,"type":"hit"}
[client] {"a":1,"dup":false,"ev":"game","ms":93327,"predicted":false,"t":5,"tick":5267,"type":"hit"}
[client] {"a":5,"dup":false,"ev":"game","ms":93329,"predicted":false,"t":-1,"tick":5267,"type":"ko"}
[client] {"ev":"stats","hp":0.0,"in_bytes":1136097,"late":0,"match":{"countdown_until":300,"ctrl":0,"final":false,"next":"","phase":3,"rot":2132,"scores":[9,3],"sd":false,"state":2,"tick":5068,"zone":"A"},"max_err":1.711,"mean_err":0.0411,"ms":94955,"out_bytes":272211,"pending":6,"pos":[-41.84,-0.08],"reconciles":1769,"server_tick":5369,"snaps":1780}
[client] {"a":6,"dup":false,"ev":"game","ms":95357,"predicted":false,"t":-1,"tick":5389,"type":"respawn"}
[client] {"a":7,"dup":false,"ev":"game","ms":97840,"predicted":false,"t":-1,"tick":5538,"type":"respawn"}
[client] {"a":9,"dup":false,"ev":"game","ms":98910,"predicted":false,"t":-1,"tick":5602,"type":"respawn"}
[client] {"ev":"stats","hp":0.0,"in_bytes":1182726,"late":0,"match":{"countdown_until":300,"ctrl":0,"final":false,"next":"","phase":3,"rot":1829,"scores":[14,3],"sd":false,"state":2,"tick":5371,"zone":"A"},"max_err":1.711,"mean_err":0.0389,"ms":99958,"out_bytes":286911,"pending":8,"pos":[-41.84,-0.08],"reconciles":1869,"server_tick":5669,"snaps":1881}
[client] {"a":8,"dup":false,"ev":"game","ms":101099,"predicted":false,"t":-1,"tick":5738,"type":"respawn"}
[client] {"a":5,"dup":false,"ev":"game","ms":103466,"predicted":false,"t":-1,"tick":5867,"type":"respawn"}
[client] {"ev":"stats","hp":220.0,"in_bytes":1237388,"late":0,"match":{"countdown_until":300,"ctrl":-1,"final":false,"next":"","phase":3,"rot":1541,"scores":[18,3],"sd":false,"state":3,"tick":5659,"zone":"A"},"max_err":1.75,"mean_err":0.0381,"ms":104958,"out_bytes":301611,"pending":5,"pos":[0.89,29.67],"reconciles":1964,"server_tick":5959,"snaps":1977}
[client] {"a":2,"dup":false,"ev":"game","ms":105643,"predicted":false,"t":6,"tick":5995,"type":"hit"}
[client] {"a":2,"dup":false,"ev":"game","ms":105983,"predicted":false,"t":6,"tick":6015,"type":"hit"}
[client] {"a":1,"dup":false,"ev":"game","ms":106325,"predicted":false,"t":6,"tick":6035,"type":"hit"}
[client] {"a":6,"dup":false,"ev":"game","ms":108346,"predicted":false,"t":2,"tick":6156,"type":"hit"}
[client] {"a":6,"dup":false,"ev":"game","ms":109194,"predicted":false,"t":3,"tick":6208,"type":"hit"}
[client] {"a":6,"dup":false,"ev":"game","ms":109284,"predicted":false,"t":0,"tick":6213,"type":"hit"}
[client] {"a":2,"dup":false,"ev":"game","ms":109781,"predicted":false,"t":6,"tick":6243,"type":"hit"}
[client] {"a":4,"dup":false,"ev":"game","ms":109885,"predicted":false,"t":6,"tick":6249,"type":"hit"}
[client] {"ev":"stats","hp":220.0,"in_bytes":1297108,"late":0,"match":{"countdown_until":300,"ctrl":-1,"final":false,"next":"","phase":3,"rot":1244,"scores":[18,3],"sd":false,"state":3,"tick":5956,"zone":"A"},"max_err":1.75,"mean_err":0.0365,"ms":109966,"out_bytes":316311,"pending":11,"pos":[-25.01,10.14],"reconciles":2061,"server_tick":6258,"snaps":2075}
[client] {"a":7,"dup":false,"ev":"game","ms":110133,"predicted":false,"t":4,"tick":6264,"type":"hit"}
[client] {"a":7,"dup":false,"ev":"game","ms":110181,"predicted":false,"t":3,"tick":6267,"type":"hit"}
[client] {"a":0,"dup":false,"ev":"game","ms":110513,"predicted":false,"t":7,"tick":6285,"type":"hit"}
[client] {"a":0,"dup":false,"ev":"game","ms":110715,"predicted":false,"t":7,"tick":6298,"type":"hit"}
[client] {"a":9,"dup":false,"ev":"game","ms":111513,"predicted":false,"t":2,"tick":6327,"type":"hit"}
[client] {"a":9,"dup":false,"ev":"game","ms":111573,"predicted":false,"t":1,"tick":6329,"type":"hit"}
[client] {"a":7,"dup":false,"ev":"game","ms":111597,"predicted":false,"t":2,"tick":6334,"type":"hit"}
[client] {"a":4,"dup":false,"ev":"game","ms":111633,"predicted":false,"t":9,"tick":6338,"type":"hit"}
[client] {"a":0,"dup":false,"ev":"game","ms":111897,"predicted":false,"t":9,"tick":6352,"type":"hit"}
[client] {"a":7,"dup":false,"ev":"game","ms":111901,"predicted":false,"t":2,"tick":6353,"type":"hit"}
[client] {"a":6,"dup":false,"ev":"game","ms":112333,"predicted":false,"t":3,"tick":6377,"type":"hit"}
[client] {"a":2,"dup":false,"ev":"game","ms":112532,"predicted":false,"t":7,"tick":6389,"type":"hit"}
[client] {"a":4,"dup":false,"ev":"game","ms":112629,"predicted":false,"t":7,"tick":6396,"type":"hit"}
[client] {"a":9,"dup":false,"ev":"game","ms":112684,"predicted":false,"t":3,"tick":6399,"type":"hit"}
[client] {"a":4,"dup":false,"ev":"game","ms":113022,"predicted":false,"t":7,"tick":6420,"type":"hit"}
[client] {"a":9,"dup":false,"ev":"game","ms":113091,"predicted":false,"t":3,"tick":6424,"type":"hit"}
[client] {"a":8,"dup":true,"ev":"game","ms":113160,"predicted":false,"t":3,"tick":6434,"type":"hit"}
[client] {"a":7,"dup":false,"ev":"game","ms":113390,"predicted":false,"t":3,"tick":6441,"type":"hit"}
[client] {"a":9,"dup":false,"ev":"game","ms":113413,"predicted":false,"t":3,"tick":6443,"type":"hit"}
[client] {"a":8,"dup":true,"ev":"game","ms":113564,"predicted":false,"t":3,"tick":6458,"type":"hit"}
[client] {"a":6,"dup":false,"ev":"game","ms":113695,"predicted":false,"t":4,"tick":6460,"type":"hit"}
[client] {"a":7,"dup":false,"ev":"game","ms":113744,"predicted":false,"t":3,"tick":6463,"type":"hit"}
[client] {"a":2,"dup":false,"ev":"game","ms":113847,"predicted":false,"t":7,"tick":6469,"type":"hit"}
[client] {"a":0,"dup":false,"ev":"game","ms":113861,"predicted":false,"t":9,"tick":6470,"type":"hit"}
[client] {"a":6,"dup":false,"ev":"game","ms":114034,"predicted":false,"t":4,"tick":6480,"type":"hit"}
[client] {"a":1,"dup":false,"ev":"game","ms":114164,"predicted":false,"t":9,"tick":6488,"type":"hit"}
[client] {"a":1,"dup":false,"ev":"game","ms":114224,"predicted":false,"t":8,"tick":6491,"type":"hit"}
[client] {"a":4,"dup":false,"ev":"game","ms":114400,"predicted":false,"t":9,"tick":6502,"type":"hit"}
[client] {"a":1,"dup":false,"ev":"game","ms":114477,"predicted":false,"t":9,"tick":6507,"type":"hit"}
[client] {"a":3,"dup":false,"ev":"game","ms":114548,"predicted":false,"t":6,"tick":6509,"type":"hit"}
[client] {"a":4,"dup":false,"ev":"game","ms":114781,"predicted":false,"t":9,"tick":6524,"type":"hit"}
[client] {"a":0,"dup":false,"ev":"game","ms":114867,"predicted":false,"t":7,"tick":6525,"type":"hit"}
[client] {"a":2,"dup":false,"ev":"game","ms":114892,"predicted":false,"t":9,"tick":6526,"type":"hit"}
[client] {"a":4,"dup":false,"ev":"game","ms":114892,"predicted":false,"t":8,"tick":6526,"type":"hit"}
[client] {"ev":"stats","hp":184.0,"in_bytes":1365503,"late":0,"match":{"countdown_until":300,"ctrl":-1,"final":false,"next":"","phase":3,"rot":971,"scores":[18,3],"sd":false,"state":3,"tick":6229,"zone":"A"},"max_err":2.567,"mean_err":0.0388,"ms":114958,"out_bytes":331011,"pending":10,"pos":[-37.84,1.12],"reconciles":2149,"server_tick":6538,"snaps":2166}
[client] {"a":4,"dup":false,"ev":"game","ms":115311,"predicted":false,"t":8,"tick":6554,"type":"hit"}
[client] {"a":6,"dup":false,"ev":"game","ms":115578,"predicted":false,"t":3,"tick":6569,"type":"hit"}
[client] {"a":5,"dup":false,"ev":"game","ms":115630,"predicted":false,"t":1,"tick":6571,"type":"hit"}
[client] {"a":0,"dup":false,"ev":"game","ms":116000,"predicted":false,"t":8,"tick":6588,"type":"hit"}
[client] {"a":4,"dup":false,"ev":"game","ms":116071,"predicted":false,"t":5,"tick":6591,"type":"hit"}
[client] {"a":9,"dup":false,"ev":"game","ms":116428,"predicted":false,"t":4,"tick":6613,"type":"hit"}
[client] {"a":3,"dup":false,"ev":"game","ms":116649,"predicted":false,"t":6,"tick":6626,"type":"hit"}
[client] {"a":2,"dup":false,"ev":"game","ms":116814,"predicted":false,"t":9,"tick":6636,"type":"hit"}
[client] {"a":0,"dup":false,"ev":"game","ms":116979,"predicted":false,"t":9,"tick":6646,"type":"hit"}
[client] {"a":3,"dup":false,"ev":"game","ms":116979,"predicted":false,"t":6,"tick":6646,"type":"hit"}
[client] {"a":8,"dup":true,"ev":"game","ms":117202,"predicted":false,"t":0,"tick":6665,"type":"hit"}
[client] {"a":7,"dup":false,"ev":"game","ms":117293,"predicted":false,"t":4,"tick":6666,"type":"hit"}
[client] {"a":3,"dup":false,"ev":"game","ms":117339,"predicted":false,"t":6,"tick":6669,"type":"hit"}
[client] {"a":2,"dup":false,"ev":"game","ms":117444,"predicted":false,"t":9,"tick":6675,"type":"hit"}
[client] {"a":7,"dup":false,"ev":"game","ms":117611,"predicted":false,"t":4,"tick":6685,"type":"hit"}
[client] {"a":0,"dup":false,"ev":"game","ms":117812,"predicted":false,"t":5,"tick":6697,"type":"hit"}
[client] {"a":3,"dup":false,"ev":"game","ms":118025,"predicted":false,"t":6,"tick":6710,"type":"hit"}
[client] {"a":6,"dup":false,"ev":"game","ms":118025,"predicted":false,"t":-1,"tick":6710,"type":"ko"}
[client] {"a":7,"dup":false,"ev":"game","ms":118209,"predicted":false,"t":0,"tick":6721,"type":"hit"}
[client] {"a":4,"dup":false,"ev":"game","ms":118257,"predicted":false,"t":5,"tick":6724,"type":"hit"}
[client] {"a":8,"dup":true,"ev":"game","ms":118533,"predicted":false,"t":0,"tick":6745,"type":"hit"}
[client] {"a":9,"dup":false,"ev":"game","ms":118568,"predicted":false,"t":2,"tick":6742,"type":"hit"}
[client] {"a":9,"dup":false,"ev":"game","ms":118581,"predicted":false,"t":0,"tick":6743,"type":"hit"}
[client] {"a":7,"dup":false,"ev":"game","ms":118699,"predicted":false,"t":2,"tick":6750,"type":"hit"}
[client] {"a":4,"dup":false,"ev":"game","ms":118899,"predicted":false,"t":7,"tick":6762,"type":"hit"}
[client] {"a":2,"dup":false,"ev":"game","ms":119016,"predicted":false,"t":7,"tick":6769,"type":"hit"}
[client] {"a":4,"dup":false,"ev":"game","ms":119151,"predicted":false,"t":7,"tick":6777,"type":"hit"}
[client] {"a":5,"dup":false,"ev":"game","ms":119161,"predicted":false,"t":2,"tick":6778,"type":"hit"}
[client] {"a":5,"dup":false,"ev":"game","ms":119210,"predicted":false,"t":0,"tick":6781,"type":"hit"}
[client] {"a":9,"dup":false,"ev":"game","ms":119246,"predicted":false,"t":0,"tick":6783,"type":"hit"}
[client] {"a":0,"dup":false,"ev":"game","ms":119610,"predicted":false,"t":9,"tick":6805,"type":"block"}
[client] {"a":1,"dup":false,"ev":"game","ms":119679,"predicted":false,"t":5,"tick":6809,"type":"hit"}
[client] {"a":7,"dup":false,"ev":"game","ms":119762,"predicted":false,"t":1,"tick":6814,"type":"hit"}
[client] {"a":0,"dup":false,"ev":"game","ms":119845,"predicted":false,"t":8,"tick":6819,"type":"hit"}
[client] {"a":0,"dup":false,"ev":"game","ms":119845,"predicted":false,"t":9,"tick":6819,"type":"hit"}
[client] {"ev":"stats","hp":108.0,"in_bytes":1441779,"late":0,"match":{"countdown_until":300,"ctrl":-1,"final":false,"next":"C","phase":3,"rot":671,"scores":[18,3],"sd":false,"state":3,"tick":6529,"zone":"A"},"max_err":2.567,"mean_err":0.0387,"ms":119960,"out_bytes":345711,"pending":5,"pos":[-38.04,1.76],"reconciles":2247,"server_tick":6830,"snaps":2266}
[client] {"a":4,"dup":false,"ev":"game","ms":119997,"predicted":false,"t":5,"tick":6828,"type":"hit"}
[client] {"a":7,"dup":false,"ev":"game","ms":120093,"predicted":false,"t":1,"tick":6833,"type":"hit"}
[client] {"a":4,"dup":false,"ev":"game","ms":120341,"predicted":false,"t":5,"tick":6848,"type":"hit"}
[client] {"a":7,"dup":false,"ev":"game","ms":120410,"predicted":false,"t":1,"tick":6852,"type":"hit"}
[client] {"a":9,"dup":false,"ev":"game","ms":120541,"predicted":false,"t":0,"tick":6860,"type":"hit"}
[client] {"a":8,"dup":true,"ev":"game","ms":120575,"predicted":false,"t":0,"tick":6868,"type":"hit"}
[client] {"a":0,"dup":false,"ev":"game","ms":120679,"predicted":false,"t":-1,"tick":6868,"type":"ko"}
[client] {"a":5,"dup":false,"ev":"game","ms":120849,"predicted":false,"t":4,"tick":6878,"type":"hit"}
[client] {"a":9,"dup":false,"ev":"game","ms":120858,"predicted":false,"t":2,"tick":6879,"type":"hit"}
[client] {"a":2,"dup":false,"ev":"game","ms":120858,"predicted":false,"t":-1,"tick":6879,"type":"ko"}
[client] {"a":3,"dup":false,"ev":"game","ms":120963,"predicted":false,"t":7,"tick":6885,"type":"hit"}
[client] {"a":7,"dup":false,"ev":"game","ms":120966,"predicted":false,"t":-1,"tick":6885,"type":"ko"}
[client] {"a":1,"dup":false,"ev":"game","ms":121059,"predicted":false,"t":5,"tick":6891,"type":"hit"}
[client] {"a":8,"dup":true,"ev":"game","ms":121849,"predicted":false,"t":1,"tick":6944,"type":"hit"}
[client] {"a":8,"dup":true,"ev":"game","ms":122180,"predicted":false,"t":1,"tick":6963,"type":"hit"}
[client] {"a":5,"dup":false,"ev":"game","ms":122312,"predicted":false,"t":1,"tick":6967,"type":"hit"}
[client] {"a":1,"dup":false,"ev":"game","ms":122312,"predicted":false,"t":-1,"tick":6967,"type":"ko"}
[client] {"a":3,"dup":false,"ev":"game","ms":122377,"predicted":false,"t":8,"tick":6971,"type":"hit"}
[client] {"a":9,"dup":false,"ev":"game","ms":122461,"predicted":false,"t":3,"tick":6976,"type":"hit"}
[client] {"a":3,"dup":false,"ev":"game","ms":122461,"predicted":false,"t":-1,"tick":6976,"type":"ko"}
[client] {"a":4,"dup":false,"ev":"game","ms":122695,"predicted":false,"t":8,"tick":6990,"type":"hit"}
[client] {"a":4,"dup":false,"ev":"game","ms":123500,"predicted":false,"t":5,"tick":7038,"type":"hit"}
[client] {"a":9,"dup":false,"ev":"game","ms":123783,"predicted":false,"t":4,"tick":7055,"type":"hit"}
[client] {"a":4,"dup":false,"ev":"game","ms":124596,"predicted":false,"t":5,"tick":7104,"type":"hit"}
[client] {"ev":"stats","hp":52.0,"in_bytes":1504867,"late":0,"match":{"countdown_until":300,"ctrl":-1,"final":false,"next":"C","phase":3,"rot":368,"scores":[18,3],"sd":false,"state":3,"tick":6832,"zone":"A"},"max_err":2.567,"mean_err":0.0377,"ms":124967,"out_bytes":360411,"pending":5,"pos":[-41.03,0.13],"reconciles":2347,"server_tick":7130,"snaps":2367}
[client] {"a":4,"dup":false,"ev":"game","ms":125184,"predicted":false,"t":9,"tick":7139,"type":"hit"}
[client] {"a":9,"dup":false,"ev":"game","ms":125184,"predicted":false,"t":-1,"tick":7139,"type":"ko"}
[client] {"a":4,"dup":false,"ev":"game","ms":125548,"predicted":false,"t":8,"tick":7161,"type":"hit"}
[client] {"a":4,"dup":false,"ev":"game","ms":125900,"predicted":false,"t":8,"tick":7182,"type":"hit"}
[client] {"a":4,"dup":false,"ev":"game","ms":126459,"predicted":false,"t":5,"tick":7216,"type":"hit"}
[client] {"a":8,"dup":true,"ev":"game","ms":126736,"predicted":false,"t":4,"tick":7237,"type":"hit"}
[client] {"a":4,"dup":false,"ev":"game","ms":126814,"predicted":false,"t":-1,"tick":7237,"type":"ko"}
[client] {"a":6,"dup":false,"ev":"game","ms":128026,"predicted":false,"t":-1,"tick":7310,"type":"respawn"}
[client] {"ev":"stats","hp":16.0,"in_bytes":1553715,"late":0,"match":{"countdown_until":300,"ctrl":1,"final":false,"next":"C","phase":3,"rot":68,"scores":[18,6],"sd":false,"state":2,"tick":7132,"zone":"A"},"max_err":2.567,"mean_err":0.0366,"ms":129965,"out_bytes":375111,"pending":6,"pos":[-41.82,0.35],"reconciles":2447,"server_tick":7430,"snaps":2467}
[client] {"a":0,"dup":false,"ev":"game","ms":130664,"predicted":false,"t":-1,"tick":7468,"type":"respawn"}
[client] {"a":2,"dup":false,"ev":"game","ms":130848,"predicted":false,"t":-1,"tick":7479,"type":"respawn"}
[client] {"a":7,"dup":false,"ev":"game","ms":130946,"predicted":false,"t":-1,"tick":7485,"type":"respawn"}
[client] {"a":-1,"dup":false,"ev":"game","ms":131181,"predicted":false,"t":-1,"tick":7499,"type":"zone_rotated"}
[client] {"a":1,"dup":false,"ev":"game","ms":132311,"predicted":false,"t":-1,"tick":7567,"type":"respawn"}
[client] {"a":3,"dup":false,"ev":"game","ms":132467,"predicted":false,"t":-1,"tick":7576,"type":"respawn"}
[client] {"ev":"stats","hp":57.3999999999998,"in_bytes":1597207,"late":0,"match":{"countdown_until":300,"ctrl":-1,"final":false,"next":"","phase":3,"rot":3371,"scores":[18,7],"sd":false,"state":1,"tick":7429,"zone":"C"},"max_err":2.567,"mean_err":0.0353,"ms":134954,"out_bytes":389811,"pending":6,"pos":[-16.7,4.62],"reconciles":2547,"server_tick":7730,"snaps":2566}
[client] {"a":9,"dup":false,"ev":"game","ms":135189,"predicted":false,"t":-1,"tick":7739,"type":"respawn"}
[client] {"a":4,"dup":false,"ev":"game","ms":136821,"predicted":false,"t":-1,"tick":7837,"type":"respawn"}
[client] {"ev":"stats","hp":148.0,"in_bytes":1648281,"late":0,"match":{"countdown_until":300,"ctrl":0,"final":false,"next":"","phase":3,"rot":3068,"scores":[18,7],"sd":false,"state":2,"tick":7732,"zone":"C"},"max_err":2.567,"mean_err":0.0341,"ms":139965,"out_bytes":404511,"pending":8,"pos":[17.83,-1.78],"reconciles":2645,"server_tick":8030,"snaps":2666}
[client] {"a":7,"dup":false,"ev":"game","ms":142715,"predicted":false,"t":2,"tick":8158,"type":"hit"}
[client] {"a":7,"dup":false,"ev":"game","ms":143021,"predicted":false,"t":0,"tick":8175,"type":"hit"}
[client] {"a":1,"dup":false,"ev":"game","ms":143099,"predicted":false,"t":7,"tick":8179,"type":"hit"}
[client] {"a":2,"dup":false,"ev":"game","ms":143140,"predicted":false,"t":7,"tick":8181,"type":"hit"}
[client] {"a":1,"dup":false,"ev":"game","ms":143417,"predicted":false,"t":6,"tick":8198,"type":"hit"}
[client] {"a":0,"dup":false,"ev":"game","ms":143675,"predicted":false,"t":6,"tick":8214,"type":"hit"}
[client] {"a":1,"dup":false,"ev":"game","ms":143960,"predicted":false,"t":7,"tick":8229,"type":"hit"}
[client] {"a":3,"dup":false,"ev":"game","ms":144031,"predicted":false,"t":7,"tick":8233,"type":"hit"}
[client] {"a":3,"dup":false,"ev":"game","ms":144901,"predicted":false,"t":8,"tick":8275,"type":"hit"}
[client] {"ev":"stats","hp":192.700000000002,"in_bytes":1702105,"late":0,"match":{"countdown_until":300,"ctrl":-1,"final":false,"next":"","phase":3,"rot":2822,"scores":[19,7],"sd":false,"state":3,"tick":7978,"zone":"C"},"max_err":2.567,"mean_err":0.0382,"ms":144967,"out_bytes":419211,"pending":5,"pos":[39.08,-1.19],"reconciles":2727,"server_tick":8285,"snaps":2748}
[client] {"a":8,"dup":false,"ev":"game","ms":145136,"predicted":false,"t":3,"tick":8296,"type":"block"}
[client] {"a":5,"dup":false,"ev":"game","ms":145253,"predicted":false,"t":0,"tick":8297,"type":"hit"}
[client] {"a":2,"dup":false,"ev":"game","ms":145493,"predicted":false,"t":7,"tick":8306,"type":"hit"}
[client] {"a":8,"dup":false,"ev":"game","ms":145589,"predicted":false,"t":3,"tick":8315,"type":"block"}
[client] {"a":1,"dup":false,"ev":"game","ms":145591,"predicted":false,"t":7,"tick":8310,"type":"hit"}
[client] {"a":7,"dup":false,"ev":"game","ms":145868,"predicted":false,"t":2,"tick":8333,"type":"hit"}
[client] {"a":1,"dup":false,"ev":"game","ms":145882,"predicted":false,"t":7,"tick":8334,"type":"hit"}
[client] {"a":6,"dup":false,"ev":"game","ms":146140,"predicted":false,"t":3,"tick":8348,"type":"hit"}
[client] {"a":8,"dup":true,"ev":"game","ms":146189,"predicted":false,"t":3,"tick":8353,"type":"hit"}
[client] {"a":1,"dup":false,"ev":"game","ms":146462,"predicted":false,"t":7,"tick":8361,"type":"hit"}
[client] {"a":3,"dup":false,"ev":"game","ms":146663,"predicted":false,"t":8,"tick":8376,"type":"hit"}
[client] {"a":3,"dup":false,"ev":"game","ms":147019,"predicted":false,"t":8,"tick":8396,"type":"hit"}
[client] {"a":7,"dup":false,"ev":"game","ms":147648,"predicted":false,"t":1,"tick":8432,"type":"hit"}
[client] {"a":3,"dup":false,"ev":"game","ms":147813,"predicted":false,"t":8,"tick":8442,"type":"hit"}
[client] {"a":1,"dup":false,"ev":"game","ms":148023,"predicted":false,"t":7,"tick":8456,"type":"hit"}
[client] {"a":2,"dup":false,"ev":"game","ms":148024,"predicted":false,"t":7,"tick":8456,"type":"hit"}
[client] {"a":3,"dup":false,"ev":"game","ms":148126,"predicted":false,"t":8,"tick":8462,"type":"hit"}
[client] {"a":8,"dup":true,"ev":"game","ms":148481,"predicted":false,"t":3,"tick":8489,"type":"hit"}
[client] {"a":2,"dup":false,"ev":"game","ms":148645,"predicted":false,"t":7,"tick":8493,"type":"hit"}
[client] {"a":2,"dup":false,"ev":"game","ms":148680,"predicted":false,"t":6,"tick":8496,"type":"hit"}
[client] {"a":4,"dup":false,"ev":"game","ms":149163,"predicted":false,"t":9,"tick":8525,"type":"hit"}
[client] {"a":8,"dup":true,"ev":"game","ms":149259,"predicted":false,"t":3,"tick":8537,"type":"hit"}
[client] {"a":8,"dup":true,"ev":"game","ms":149281,"predicted":false,"t":4,"tick":8538,"type":"hit"}
[client] {"ev":"stats","hp":120.700000000002,"in_bytes":1782926,"late":0,"match":{"countdown_until":300,"ctrl":-1,"final":false,"next":"","phase":3,"rot":2522,"scores":[19,7],"sd":false,"state":3,"tick":8278,"zone":"C"},"max_err":2.567,"mean_err":0.0384,"ms":149962,"out_bytes":433911,"pending":7,"pos":[40.07,-0.13],"reconciles":2823,"server_tick":8578,"snaps":2848}
[client] {"ev":"stats","hp":120.700000000002,"in_bytes":1783332,"late":0,"match":{"countdown_until":300,"ctrl":-1,"final":false,"next":"","phase":3,"rot":2519,"scores":[19,7],"sd":false,"state":3,"tick":8281,"zone":"C"},"max_err":2.567,"mean_err":0.0384,"ms":150010,"out_bytes":434058,"pending":7,"pos":[40.41,-0.11],"reconciles":2824,"server_tick":8581,"snaps":2849}
