Godot Engine v4.7.2.stable.official.ed1daf0bf - https://godotengine.org

[client] {"detail":"127.0.0.1:24610","ev":"status","ms":1,"status":"connecting"}
[client] {"detail":"","ev":"status","ms":15,"status":"connected"}
[client] {"ev":"welcome","ms":23,"observer":false,"pid":10}
[client] {"ev":"pick","f":"hops","ms":299}
[client] {"ev":"lock","f":"hops","ms":1133}
[client] {"ev":"match_setup","fighters":10,"ms":2198,"you":4}
[client] {"counts":{"blocks_on_me":0,"conf_actions":0,"confirmed_hits":0,"dup_confirmed":0,"hits_on_me":0,"pred_actions":0,"predicted_confirmed":0,"predicted_hits":0,"reconnects":0},"ev":"stats","hp":230.0,"in_bytes":87166,"late":0,"local_entity":4,"match":{"countdown_until":300,"ctrl":-1,"final":false,"next":"","phase":2,"rot":3600,"scores":[0,0],"sd":false,"state":1,"tick":0,"zone":""},"max_err":0.963,"mean_err":0.2289,"ms":4950,"out_bytes":8199,"pending":7,"pos":[5.95,-47.68],"reconciles":53,"server_tick":167,"snaps":54,"teleports":1}
[client] {"counts":{"blocks_on_me":0,"conf_actions":0,"confirmed_hits":0,"dup_confirmed":0,"hits_on_me":0,"pred_actions":0,"predicted_confirmed":0,"predicted_hits":0,"reconnects":0},"ev":"stats","hp":230.0,"in_bytes":132310,"late":0,"local_entity":4,"match":{"countdown_until":300,"ctrl":-1,"final":false,"next":"","phase":3,"rot":3431,"scores":[0,0],"sd":false,"state":1,"tick":169,"zone":"B"},"max_err":1.078,"mean_err":0.1521,"ms":9968,"out_bytes":22899,"pending":6,"pos":[2.11,-28.34],"reconciles":149,"server_tick":468,"snaps":155,"teleports":1}
[client] {"a":6,"dup":false,"ev":"game","ms":14226,"predicted":false,"t":1,"tick":718,"type":"hit"}
[client] {"a":0,"dup":false,"ev":"game","ms":14240,"predicted":false,"t":6,"tick":719,"type":"hit"}
[client] {"a":0,"dup":false,"ev":"game","ms":14543,"predicted":false,"t":6,"tick":737,"type":"hit"}
[client] {"a":8,"dup":false,"ev":"game","ms":14661,"predicted":false,"t":0,"tick":744,"type":"hit"}
[client] {"a":4,"dup":false,"ev":"game","ms":14793,"predicted":false,"t":6,"tick":758,"type":"hit"}
[client] {"a":1,"dup":false,"ev":"game","ms":14875,"predicted":false,"t":6,"tick":757,"type":"hit"}
[client] {"a":1,"dup":false,"ev":"game","ms":14875,"predicted":false,"t":8,"tick":757,"type":"hit"}
[client] {"a":1,"dup":false,"ev":"game","ms":14891,"predicted":false,"t":9,"tick":758,"type":"hit"}
[client] {"a":1,"dup":false,"ev":"game","ms":14924,"predicted":false,"t":7,"tick":760,"type":"hit"}
[client] {"a":1,"dup":false,"ev":"game","ms":14958,"predicted":false,"t":5,"tick":762,"type":"hit"}
[client] {"counts":{"blocks_on_me":0,"conf_actions":2,"confirmed_hits":10,"dup_confirmed":0,"hits_on_me":0,"pred_actions":2,"predicted_confirmed":0,"predicted_hits":0,"reconnects":0},"ev":"stats","hp":230.0,"in_bytes":196098,"late":0,"local_entity":4,"match":{"countdown_until":300,"ctrl":-1,"final":false,"next":"","phase":3,"rot":3131,"scores":[0,0],"sd":false,"state":3,"tick":469,"zone":"B"},"max_err":1.078,"mean_err":0.1052,"ms":14970,"out_bytes":37599,"pending":6,"pos":[-0.79,-2.61],"reconciles":249,"server_tick":768,"snaps":255,"teleports":1}
[client] {"a":6,"dup":false,"ev":"game","ms":15262,"predicted":false,"t":1,"tick":780,"type":"hit"}
[client] {"a":6,"dup":false,"ev":"game","ms":15310,"predicted":false,"t":4,"tick":783,"type":"hit"}
[client] {"a":0,"dup":false,"ev":"game","ms":15428,"predicted":false,"t":6,"tick":790,"type":"hit"}
[client] {"a":0,"dup":false,"ev":"game","ms":15641,"predicted":false,"t":6,"tick":803,"type":"hit"}
[client] {"a":7,"dup":false,"ev":"game","ms":15840,"predicted":false,"t":0,"tick":815,"type":"hit"}
[client] {"a":8,"dup":false,"ev":"game","ms":15862,"predicted":false,"t":0,"tick":816,"type":"hit"}
[client] {"a":8,"dup":false,"ev":"game","ms":15909,"predicted":false,"t":1,"tick":819,"type":"hit"}
[client] {"a":9,"dup":false,"ev":"game","ms":16089,"predicted":false,"t":0,"tick":830,"type":"hit"}
[client] {"a":8,"dup":false,"ev":"game","ms":16179,"predicted":false,"t":0,"tick":835,"type":"hit"}
[client] {"a":8,"dup":false,"ev":"game","ms":16228,"predicted":false,"t":1,"tick":838,"type":"hit"}
[client] {"a":2,"dup":false,"ev":"game","ms":16392,"predicted":false,"t":8,"tick":848,"type":"hit"}
[client] {"a":7,"dup":false,"ev":"game","ms":16510,"predicted":false,"t":1,"tick":855,"type":"hit"}
[client] {"a":7,"dup":false,"ev":"game","ms":16524,"predicted":false,"t":2,"tick":856,"type":"hit"}
[client] {"a":0,"dup":false,"ev":"game","ms":17193,"predicted":false,"t":7,"tick":896,"type":"hit"}
[client] {"a":0,"dup":false,"ev":"game","ms":17207,"predicted":false,"t":5,"tick":897,"type":"hit"}
[client] {"a":0,"dup":false,"ev":"game","ms":17228,"predicted":false,"t":6,"tick":898,"type":"hit"}
[client] {"a":9,"dup":false,"ev":"game","ms":18111,"predicted":false,"t":0,"tick":951,"type":"hit"}
[client] {"a":7,"dup":false,"ev":"game","ms":18145,"predicted":false,"t":0,"tick":953,"type":"hit"}
[client] {"a":0,"dup":false,"ev":"game","ms":18511,"predicted":false,"t":8,"tick":976,"type":"hit"}
[client] {"a":0,"dup":false,"ev":"game","ms":18525,"predicted":false,"t":9,"tick":977,"type":"hit"}
[client] {"a":7,"dup":false,"ev":"game","ms":18745,"predicted":false,"t":3,"tick":990,"type":"hit"}
[client] {"a":7,"dup":false,"ev":"game","ms":18760,"predicted":false,"t":0,"tick":991,"type":"hit"}
[client] {"a":8,"dup":false,"ev":"game","ms":19125,"predicted":false,"t":3,"tick":1013,"type":"hit"}
[client] {"a":0,"dup":false,"ev":"game","ms":19160,"predicted":false,"t":8,"tick":1015,"type":"hit"}
[client] {"a":2,"dup":false,"ev":"game","ms":19180,"predicted":false,"t":7,"tick":1016,"type":"hit"}
[client] {"a":2,"dup":false,"ev":"game","ms":19477,"predicted":false,"t":7,"tick":1034,"type":"hit"}
[client] {"a":9,"dup":false,"ev":"game","ms":19491,"predicted":false,"t":3,"tick":1035,"type":"hit"}
[client] {"a":4,"dup":true,"ev":"game","ms":19725,"predicted":false,"t":8,"tick":1054,"type":"hit"}
[client] {"a":0,"dup":false,"ev":"game","ms":19843,"predicted":false,"t":9,"tick":1056,"type":"hit"}
[client] {"a":0,"dup":false,"ev":"game","ms":19891,"predicted":false,"t":5,"tick":1059,"type":"hit"}
[client] {"counts":{"blocks_on_me":0,"conf_actions":4,"confirmed_hits":40,"dup_confirmed":0,"hits_on_me":1,"pred_actions":4,"predicted_confirmed":1,"predicted_hits":1,"reconnects":0},"ev":"stats","hp":212.0,"in_bytes":269657,"late":0,"local_entity":4,"match":{"countdown_until":300,"ctrl":-1,"final":false,"next":"","phase":3,"rot":2831,"scores":[0,0],"sd":false,"state":3,"tick":769,"zone":"B"},"max_err":1.078,"mean_err":0.0826,"ms":19980,"out_bytes":52299,"pending":3,"pos":[-0.24,-2.72],"reconciles":350,"server_tick":1068,"snaps":355,"teleports":1}
[client] {"a":9,"dup":false,"ev":"game","ms":20457,"predicted":false,"t":0,"tick":1093,"type":"hit"}
[client] {"a":9,"dup":false,"ev":"game","ms":20457,"predicted":false,"t":3,"tick":1093,"type":"hit"}
[client] {"a":0,"dup":false,"ev":"game","ms":20457,"predicted":false,"t":-1,"tick":1093,"type":"ko"}
[client] {"a":6,"dup":false,"ev":"game","ms":20588,"predicted":false,"t":2,"tick":1100,"type":"hit"}
[client] {"a":6,"dup":false,"ev":"game","ms":20684,"predicted":false,"t":4,"tick":1106,"type":"hit"}
[client] {"a":9,"dup":false,"ev":"game","ms":21374,"predicted":false,"t":3,"tick":1147,"type":"hit"}
[client] {"a":9,"dup":false,"ev":"game","ms":21402,"predicted":false,"t":2,"tick":1149,"type":"hit"}
[client] {"a":8,"dup":false,"ev":"game","ms":21423,"predicted":false,"t":3,"tick":1150,"type":"hit"}
[client] {"a":8,"dup":false,"ev":"game","ms":21457,"predicted":false,"t":2,"tick":1152,"type":"hit"}
[client] {"a":5,"dup":false,"ev":"game","ms":21520,"predicted":false,"t":3,"tick":1156,"type":"hit"}
[client] {"a":9,"dup":false,"ev":"game","ms":21685,"predicted":false,"t":3,"tick":1166,"type":"hit"}
[client] {"a":9,"dup":false,"ev":"game","ms":21685,"predicted":false,"t":4,"tick":1166,"type":"hit"}
[client] {"a":1,"dup":false,"ev":"game","ms":21719,"predicted":false,"t":8,"tick":1168,"type":"hit"}
[client] {"a":1,"dup":false,"ev":"game","ms":21740,"predicted":false,"t":9,"tick":1169,"type":"hit"}
[client] {"a":6,"dup":false,"ev":"game","ms":21857,"predicted":false,"t":2,"tick":1176,"type":"hit"}
[client] {"a":4,"dup":true,"ev":"game","ms":22106,"predicted":false,"t":5,"tick":1196,"type":"hit"}
[client] {"a":6,"dup":false,"ev":"game","ms":22189,"predicted":false,"t":2,"tick":1196,"type":"hit"}
[client] {"a":9,"dup":false,"ev":"game","ms":22355,"predicted":false,"t":3,"tick":1206,"type":"hit"}
[client] {"a":9,"dup":false,"ev":"game","ms":22658,"predicted":false,"t":3,"tick":1224,"type":"block"}
[client] {"a":6,"dup":false,"ev":"game","ms":22803,"predicted":false,"t":1,"tick":1233,"type":"hit"}
[client] {"a":9,"dup":false,"ev":"game","ms":22920,"predicted":false,"t":3,"tick":1241,"type":"hit"}
[client] {"a":8,"dup":false,"ev":"game","ms":23071,"predicted":false,"t":3,"tick":1250,"type":"hit"}
[client] {"a":6,"dup":false,"ev":"game","ms":23120,"predicted":false,"t":1,"tick":1253,"type":"hit"}
[client] {"a":4,"dup":true,"ev":"game","ms":23375,"predicted":false,"t":6,"tick":1273,"type":"hit"}
[client] {"a":1,"dup":false,"ev":"game","ms":23693,"predicted":false,"t":6,"tick":1287,"type":"hit"}
[client] {"a":8,"dup":false,"ev":"game","ms":23956,"predicted":false,"t":4,"tick":1303,"type":"hit"}
[client] {"a":8,"dup":false,"ev":"game","ms":23976,"predicted":false,"t":1,"tick":1304,"type":"hit"}
[client] {"a":8,"dup":false,"ev":"game","ms":23990,"predicted":false,"t":2,"tick":1305,"type":"hit"}
[client] {"a":5,"dup":false,"ev":"game","ms":24024,"predicted":false,"t":4,"tick":1307,"type":"hit"}
[client] {"a":6,"dup":false,"ev":"game","ms":24059,"predicted":false,"t":4,"tick":1309,"type":"hit"}
[client] {"a":5,"dup":false,"ev":"game","ms":24072,"predicted":false,"t":1,"tick":1310,"type":"hit"}
[client] {"a":6,"dup":false,"ev":"game","ms":24072,"predicted":false,"t":1,"tick":1310,"type":"hit"}
[client] {"a":1,"dup":false,"ev":"game","ms":24072,"predicted":false,"t":-1,"tick":1310,"type":"ko"}
[client] {"a":3,"dup":false,"ev":"game","ms":24293,"predicted":false,"t":8,"tick":1323,"type":"hit"}
[client] {"a":3,"dup":false,"ev":"game","ms":24341,"predicted":false,"t":5,"tick":1326,"type":"hit"}
[client] {"a":9,"dup":false,"ev":"game","ms":24403,"predicted":false,"t":3,"tick":1330,"type":"hit"}
[client] {"a":6,"dup":false,"ev":"game","ms":24577,"predicted":false,"t":3,"tick":1340,"type":"hit"}
[client] {"counts":{"blocks_on_me":0,"conf_actions":10,"confirmed_hits":74,"dup_confirmed":0,"hits_on_me":6,"pred_actions":10,"predicted_confirmed":3,"predicted_hits":6,"reconnects":0},"ev":"stats","hp":62.0,"in_bytes":351572,"late":0,"local_entity":4,"match":{"countdown_until":300,"ctrl":-1,"final":false,"next":"","phase":3,"rot":2531,"scores":[0,0],"sd":false,"state":3,"tick":1069,"zone":"B"},"max_err":1.168,"mean_err":0.0779,"ms":24975,"out_bytes":66999,"pending":3,"pos":[-0.15,-9.89],"reconciles":450,"server_tick":1368,"snaps":455,"teleports":1}
[client] {"a":3,"dup":false,"ev":"game","ms":25121,"predicted":false,"t":9,"tick":1373,"type":"hit"}
[client] {"a":6,"dup":false,"ev":"game","ms":25176,"predicted":false,"t":2,"tick":1376,"type":"hit"}
[client] {"a":9,"dup":false,"ev":"game","ms":25438,"predicted":false,"t":3,"tick":1392,"type":"hit"}
[client] {"a":3,"dup":false,"ev":"game","ms":25438,"predicted":false,"t":-1,"tick":1392,"type":"ko"}
[client] {"a":6,"dup":false,"ev":"game","ms":25791,"predicted":false,"t":2,"tick":1413,"type":"hit"}
[client] {"a":4,"dup":true,"ev":"game","ms":25976,"predicted":false,"t":7,"tick":1429,"type":"hit"}
[client] {"a":4,"dup":true,"ev":"game","ms":26591,"predicted":false,"t":7,"tick":1466,"type":"hit"}
[client] {"a":4,"dup":true,"ev":"game","ms":26943,"predicted":false,"t":7,"tick":1487,"type":"hit"}
[client] {"a":6,"dup":false,"ev":"game","ms":26991,"predicted":false,"t":2,"tick":1485,"type":"hit"}
[client] {"a":2,"dup":false,"ev":"game","ms":27309,"predicted":false,"t":6,"tick":1504,"type":"hit"}
[client] {"a":4,"dup":true,"ev":"game","ms":27322,"predicted":false,"t":7,"tick":1510,"type":"hit"}
[client] {"a":9,"dup":false,"ev":"game","ms":27591,"predicted":false,"t":2,"tick":1521,"type":"hit"}
[client] {"a":2,"dup":false,"ev":"game","ms":27591,"predicted":false,"t":-1,"tick":1521,"type":"ko"}
[client] {"a":4,"dup":true,"ev":"game","ms":27957,"predicted":false,"t":7,"tick":1548,"type":"hit"}
[client] {"a":4,"dup":true,"ev":"game","ms":28579,"predicted":false,"t":5,"tick":1584,"type":"hit"}
[client] {"a":6,"dup":false,"ev":"game","ms":28923,"predicted":false,"t":4,"tick":1601,"type":"hit"}
[client] {"a":4,"dup":true,"ev":"game","ms":29641,"predicted":false,"t":5,"tick":1649,"type":"hit"}
[client] {"a":4,"dup":true,"ev":"game","ms":29862,"predicted":false,"t":7,"tick":1662,"type":"hit"}
[client] {"a":4,"dup":true,"ev":"game","ms":29910,"predicted":false,"t":5,"tick":1665,"type":"hit"}
[client] {"a":7,"dup":false,"ev":"game","ms":29944,"predicted":false,"t":-1,"tick":1662,"type":"ko"}
[client] {"counts":{"blocks_on_me":0,"conf_actions":18,"confirmed_hits":91,"dup_confirmed":0,"hits_on_me":7,"pred_actions":18,"predicted_confirmed":12,"predicted_hits":20,"reconnects":0},"ev":"stats","hp":24.0,"in_bytes":424168,"late":0,"local_entity":4,"match":{"countdown_until":300,"ctrl":-1,"final":false,"next":"","phase":3,"rot":2231,"scores":[0,0],"sd":false,"state":3,"tick":1369,"zone":"B"},"max_err":1.168,"mean_err":0.0653,"ms":29978,"out_bytes":81699,"pending":3,"pos":[-0.29,-6.01],"reconciles":550,"server_tick":1668,"snaps":555,"teleports":1}
[client] {"a":0,"dup":false,"ev":"game","ms":30462,"predicted":false,"t":-1,"tick":1693,"type":"respawn"}
[client] {"a":4,"dup":true,"ev":"game","ms":32055,"predicted":false,"t":5,"tick":1793,"type":"hit"}
[client] {"a":4,"dup":false,"ev":"game","ms":32339,"predicted":false,"t":-1,"tick":1810,"type":"ko"}
[client] {"a":8,"dup":false,"ev":"game","ms":32421,"predicted":false,"t":4,"tick":1810,"type":"hit"}
[client] {"a":1,"dup":false,"ev":"game","ms":34091,"predicted":false,"t":-1,"tick":1910,"type":"respawn"}
[client] {"counts":{"blocks_on_me":0,"conf_actions":22,"confirmed_hits":93,"dup_confirmed":0,"hits_on_me":8,"pred_actions":22,"predicted_confirmed":13,"predicted_hits":24,"reconnects":0},"ev":"stats","hp":0.0,"in_bytes":489015,"late":0,"local_entity":4,"match":{"countdown_until":300,"ctrl":1,"final":false,"next":"","phase":3,"rot":1931,"scores":[0,2],"sd":false,"state":2,"tick":1669,"zone":"B"},"max_err":1.168,"mean_err":0.0555,"ms":34973,"out_bytes":96399,"pending":6,"pos":[-0.16,-4.7],"reconciles":649,"server_tick":1968,"snaps":655,"teleports":1}
[client] {"a":3,"dup":false,"ev":"game","ms":35457,"predicted":false,"t":-1,"tick":1992,"type":"respawn"}
[client] {"a":0,"dup":false,"ev":"game","ms":37423,"predicted":false,"t":8,"tick":2110,"type":"hit"}
[client] {"a":8,"dup":false,"ev":"game","ms":37423,"predicted":false,"t":-1,"tick":2110,"type":"ko"}
[client] {"a":6,"dup":false,"ev":"game","ms":37437,"predicted":false,"t":0,"tick":2111,"type":"hit"}
[client] {"a":2,"dup":false,"ev":"game","ms":37610,"predicted":false,"t":-1,"tick":2121,"type":"respawn"}
[client] {"a":0,"dup":false,"ev":"game","ms":38693,"predicted":false,"t":9,"tick":2186,"type":"hit"}
[client] {"a":6,"dup":false,"ev":"game","ms":38811,"predicted":false,"t":0,"tick":2193,"type":"hit"}
[client] {"a":9,"dup":false,"ev":"game","ms":39157,"predicted":false,"t":0,"tick":2214,"type":"hit"}
[client] {"a":6,"dup":false,"ev":"game","ms":39224,"predicted":false,"t":0,"tick":2218,"type":"hit"}
[client] {"a":6,"dup":false,"ev":"game","ms":39839,"predicted":false,"t":0,"tick":2255,"type":"hit"}
[client] {"a":7,"dup":false,"ev":"game","ms":39956,"predicted":false,"t":-1,"tick":2262,"type":"respawn"}
[client] {"counts":{"blocks_on_me":0,"conf_actions":22,"confirmed_hits":100,"dup_confirmed":0,"hits_on_me":8,"pred_actions":22,"predicted_confirmed":13,"predicted_hits":24,"reconnects":0},"ev":"stats","hp":0.0,"in_bytes":551569,"late":0,"local_entity":4,"match":{"countdown_until":300,"ctrl":-1,"final":false,"next":"","phase":3,"rot":1631,"scores":[0,4],"sd":false,"state":3,"tick":1969,"zone":"B"},"max_err":1.168,"mean_err":0.0481,"ms":39976,"out_bytes":111099,"pending":6,"pos":[-0.16,-4.7],"reconciles":749,"server_tick":2268,"snaps":755,"teleports":1}
[client] {"a":0,"dup":false,"ev":"game","ms":40577,"predicted":false,"t":9,"tick":2299,"type":"hit"}
[client] {"a":0,"dup":false,"ev":"game","ms":40895,"predicted":false,"t":9,"tick":2318,"type":"hit"}
[client] {"a":9,"dup":false,"ev":"game","ms":41295,"predicted":false,"t":0,"tick":2342,"type":"hit"}
[client] {"a":1,"dup":false,"ev":"game","ms":41377,"predicted":false,"t":9,"tick":2347,"type":"hit"}
[client] {"a":1,"dup":false,"ev":"game","ms":41426,"predicted":false,"t":6,"tick":2350,"type":"hit"}
[client] {"a":6,"dup":false,"ev":"game","ms":41426,"predicted":false,"t":-1,"tick":2350,"type":"ko"}
[client] {"a":1,"dup":false,"ev":"game","ms":41991,"predicted":false,"t":5,"tick":2384,"type":"hit"}
[client] {"a":1,"dup":false,"ev":"game","ms":42295,"predicted":false,"t":5,"tick":2402,"type":"hit"}
[client] {"a":4,"dup":false,"ev":"game","ms":42330,"predicted":false,"t":-1,"tick":2410,"type":"respawn"}
[client] {"a":9,"dup":false,"ev":"game","ms":42579,"predicted":false,"t":0,"tick":2419,"type":"hit"}
[client] {"a":5,"dup":false,"ev":"game","ms":42661,"predicted":false,"t":1,"tick":2424,"type":"hit"}
[client] {"a":5,"dup":false,"ev":"game","ms":43027,"predicted":false,"t":1,"tick":2446,"type":"hit"}
[client] {"a":3,"dup":false,"ev":"game","ms":43331,"predicted":false,"t":5,"tick":2464,"type":"hit"}
[client] {"a":5,"dup":false,"ev":"game","ms":43331,"predicted":false,"t":-1,"tick":2464,"type":"ko"}
[client] {"a":9,"dup":false,"ev":"game","ms":43476,"predicted":false,"t":1,"tick":2473,"type":"hit"}
[client] {"a":0,"dup":false,"ev":"game","ms":43552,"predicted":false,"t":9,"tick":2478,"type":"hit"}
[client] {"a":0,"dup":false,"ev":"game","ms":43854,"predicted":false,"t":9,"tick":2496,"type":"hit"}
[client] {"a":3,"dup":false,"ev":"game","ms":44020,"predicted":false,"t":9,"tick":2506,"type":"hit"}
[client] {"a":9,"dup":false,"ev":"game","ms":44020,"predicted":false,"t":-1,"tick":2506,"type":"ko"}
[client] {"counts":{"blocks_on_me":0,"conf_actions":22,"confirmed_hits":115,"dup_confirmed":0,"hits_on_me":8,"pred_actions":22,"predicted_confirmed":13,"predicted_hits":24,"reconnects":0},"ev":"stats","hp":230.0,"in_bytes":614728,"late":0,"local_entity":4,"match":{"countdown_until":300,"ctrl":0,"final":false,"next":"","phase":3,"rot":1331,"scores":[1,4],"sd":false,"state":2,"tick":2269,"zone":"B"},"max_err":1.168,"mean_err":0.0424,"ms":44971,"out_bytes":125799,"pending":6,"pos":[2.13,-29.05],"reconciles":848,"server_tick":2568,"snaps":855,"teleports":2}
[client] {"a":8,"dup":false,"ev":"game","ms":47408,"predicted":false,"t":-1,"tick":2710,"type":"respawn"}
[client] {"a":7,"dup":false,"ev":"game","ms":48409,"predicted":false,"t":1,"tick":2770,"type":"hit"}
[client] {"a":7,"dup":false,"ev":"game","ms":48774,"predicted":false,"t":1,"tick":2792,"type":"hit"}
[client] {"a":7,"dup":false,"ev":"game","ms":48823,"predicted":false,"t":0,"tick":2795,"type":"hit"}
[client] {"a":7,"dup":false,"ev":"game","ms":48823,"predicted":false,"t":3,"tick":2795,"type":"hit"}
[client] {"a":1,"dup":false,"ev":"game","ms":49375,"predicted":false,"t":7,"tick":2828,"type":"hit"}
[client] {"a":3,"dup":false,"ev":"game","ms":49444,"predicted":false,"t":7,"tick":2832,"type":"hit"}
[client] {"counts":{"blocks_on_me":0,"conf_actions":25,"confirmed_hits":121,"dup_confirmed":0,"hits_on_me":8,"pred_actions":25,"predicted_confirmed":13,"predicted_hits":25,"reconnects":0},"ev":"stats","hp":230.0,"in_bytes":667765,"late":0,"local_entity":4,"match":{"countdown_until":300,"ctrl":-1,"final":false,"next":"","phase":3,"rot":1031,"scores":[2,4],"sd":false,"state":3,"tick":2569,"zone":"B"},"max_err":1.168,"mean_err":0.0397,"ms":49974,"out_bytes":140499,"pending":3,"pos":[-0.3,-2.68],"reconciles":949,"server_tick":2868,"snaps":955,"teleports":2}
[client] {"a":3,"dup":false,"ev":"game","ms":50672,"predicted":false,"t":7,"tick":2906,"type":"hit"}
[client] {"a":7,"dup":false,"ev":"game","ms":51024,"predicted":false,"t":3,"tick":2927,"type":"hit"}
[client] {"a":3,"dup":false,"ev":"game","ms":51410,"predicted":false,"t":7,"tick":2950,"type":"hit"}
[client] {"a":6,"dup":false,"ev":"game","ms":51410,"predicted":false,"t":-1,"tick":2950,"type":"respawn"}
[client] {"a":7,"dup":false,"ev":"game","ms":52067,"predicted":false,"t":1,"tick":2990,"type":"hit"}
[client] {"a":0,"dup":false,"ev":"game","ms":52488,"predicted":false,"t":7,"tick":3014,"type":"hit"}
[client] {"a":4,"dup":true,"ev":"game","ms":52621,"predicted":false,"t":7,"tick":3027,"type":"hit"}
[client] {"a":0,"dup":false,"ev":"game","ms":52722,"predicted":false,"t":7,"tick":3028,"type":"hit"}
[client] {"a":4,"dup":true,"ev":"game","ms":53302,"predicted":false,"t":7,"tick":3068,"type":"hit"}
[client] {"a":5,"dup":false,"ev":"game","ms":53323,"predicted":false,"t":-1,"tick":3064,"type":"respawn"}
[client] {"a":0,"dup":false,"ev":"game","ms":53489,"predicted":false,"t":7,"tick":3074,"type":"hit"}
[client] {"a":9,"dup":false,"ev":"game","ms":54020,"predicted":false,"t":-1,"tick":3106,"type":"respawn"}
[client] {"counts":{"blocks_on_me":0,"conf_actions":27,"confirmed_hits":130,"dup_confirmed":0,"hits_on_me":8,"pred_actions":27,"predicted_confirmed":15,"predicted_hits":28,"reconnects":0},"ev":"stats","hp":230.0,"in_bytes":729941,"late":0,"local_entity":4,"match":{"countdown_until":300,"ctrl":-1,"final":false,"next":"A","phase":3,"rot":731,"scores":[2,4],"sd":false,"state":3,"tick":2869,"zone":"B"},"max_err":1.168,"mean_err":0.037,"ms":54971,"out_bytes":155199,"pending":3,"pos":[-0.34,-2.71],"reconciles":1049,"server_tick":3168,"snaps":1055,"teleports":2}
[client] {"a":3,"dup":false,"ev":"game","ms":55020,"predicted":false,"t":7,"tick":3166,"type":"hit"}
[client] {"a":7,"dup":false,"ev":"game","ms":55020,"predicted":false,"t":-1,"tick":3166,"type":"ko"}
[client] {"a":8,"dup":false,"ev":"game","ms":55758,"predicted":false,"t":3,"tick":3210,"type":"hit"}
[client] {"a":8,"dup":false,"ev":"game","ms":56138,"predicted":false,"t":3,"tick":3233,"type":"hit"}
[client] {"a":8,"dup":false,"ev":"game","ms":56455,"predicted":false,"t":3,"tick":3252,"type":"hit"}
[client] {"a":3,"dup":false,"ev":"game","ms":56841,"predicted":false,"t":8,"tick":3275,"type":"hit"}
[client] {"a":3,"dup":false,"ev":"game","ms":57242,"predicted":false,"t":8,"tick":3299,"type":"hit"}
[client] {"a":8,"dup":false,"ev":"game","ms":57904,"predicted":false,"t":3,"tick":3339,"type":"hit"}
[client] {"a":8,"dup":false,"ev":"game","ms":59139,"predicted":false,"t":3,"tick":3413,"type":"hit"}
[client] {"counts":{"blocks_on_me":0,"conf_actions":27,"confirmed_hits":138,"dup_confirmed":0,"hits_on_me":8,"pred_actions":27,"predicted_confirmed":15,"predicted_hits":28,"reconnects":0},"ev":"stats","hp":230.0,"in_bytes":790206,"late":0,"local_entity":4,"match":{"countdown_until":300,"ctrl":-1,"final":false,"next":"A","phase":3,"rot":431,"scores":[2,4],"sd":false,"state":3,"tick":3169,"zone":"B"},"max_err":1.168,"mean_err":0.0338,"ms":59973,"out_bytes":169899,"pending":3,"pos":[-0.66,-2.66],"reconciles":1149,"server_tick":3468,"snaps":1155,"teleports":2}
[client] {"a":4,"dup":true,"ev":"game","ms":60202,"predicted":false,"t":8,"tick":3482,"type":"hit"}
[client] {"a":0,"dup":false,"ev":"game","ms":60520,"predicted":false,"t":8,"tick":3496,"type":"hit"}
[client] {"a":4,"dup":true,"ev":"game","ms":60534,"predicted":false,"t":8,"tick":3502,"type":"hit"}
[client] {"a":6,"dup":false,"ev":"game","ms":60616,"predicted":false,"t":3,"tick":3502,"type":"hit"}
[client] {"a":4,"dup":true,"ev":"game","ms":61320,"predicted":false,"t":8,"tick":3549,"type":"hit"}
[client] {"a":4,"dup":true,"ev":"game","ms":61582,"predicted":false,"t":8,"tick":3565,"type":"hit"}
[client] {"a":3,"dup":false,"ev":"game","ms":61699,"predicted":false,"t":6,"tick":3567,"type":"hit"}
[client] {"a":5,"dup":false,"ev":"game","ms":62251,"predicted":false,"t":4,"tick":3600,"type":"hit"}
[client] {"a":2,"dup":false,"ev":"game","ms":62452,"predicted":false,"t":6,"tick":3612,"type":"hit"}
[client] {"a":4,"dup":true,"ev":"game","ms":62535,"predicted":false,"t":5,"tick":3622,"type":"hit"}
[client] {"a":4,"dup":true,"ev":"game","ms":62583,"predicted":false,"t":9,"tick":3625,"type":"hit"}
[client] {"a":8,"dup":false,"ev":"game","ms":62851,"predicted":false,"t":4,"tick":3636,"type":"hit"}
[client] {"a":6,"dup":false,"ev":"game","ms":62955,"predicted":false,"t":2,"tick":3642,"type":"hit"}
[client] {"a":6,"dup":false,"ev":"game","ms":62982,"predicted":false,"t":1,"tick":3644,"type":"hit"}
[client] {"a":5,"dup":false,"ev":"game","ms":63155,"predicted":false,"t":0,"tick":3654,"type":"hit"}
[client] {"a":2,"dup":false,"ev":"game","ms":63321,"predicted":false,"t":6,"tick":3664,"type":"hit"}
[client] {"a":4,"dup":true,"ev":"game","ms":63383,"predicted":false,"t":5,"tick":3673,"type":"hit"}
[client] {"a":3,"dup":false,"ev":"game","ms":63453,"predicted":false,"t":5,"tick":3672,"type":"hit"}
[client] {"a":6,"dup":false,"ev":"game","ms":63873,"predicted":false,"t":2,"tick":3697,"type":"hit"}
[client] {"a":6,"dup":false,"ev":"game","ms":63921,"predicted":false,"t":1,"tick":3700,"type":"hit"}
[client] {"a":8,"dup":false,"ev":"game","ms":64169,"predicted":false,"t":4,"tick":3715,"type":"hit"}
[client] {"a":0,"dup":false,"ev":"game","ms":64335,"predicted":false,"t":6,"tick":3725,"type":"hit"}
[client] {"a":8,"dup":false,"ev":"game","ms":64438,"predicted":false,"t":3,"tick":3731,"type":"block"}
[client] {"a":4,"dup":false,"ev":"game","ms":64473,"predicted":false,"t":5,"tick":3738,"type":"block"}
[client] {"a":2,"dup":false,"ev":"game","ms":64583,"predicted":false,"t":5,"tick":3740,"type":"block"}
[client] {"a":9,"dup":false,"ev":"game","ms":64956,"predicted":false,"t":3,"tick":3762,"type":"block"}
[client] {"counts":{"blocks_on_me":0,"conf_actions":38,"confirmed_hits":160,"dup_confirmed":0,"hits_on_me":11,"pred_actions":38,"predicted_confirmed":22,"predicted_hits":42,"reconnects":0},"ev":"stats","hp":156.0,"in_bytes":866192,"late":0,"local_entity":4,"match":{"countdown_until":300,"ctrl":-1,"final":false,"next":"A","phase":3,"rot":131,"scores":[2,4],"sd":false,"state":3,"tick":3469,"zone":"B"},"max_err":1.168,"mean_err":0.0331,"ms":64969,"out_bytes":184599,"pending":3,"pos":[0.08,-2.73],"reconciles":1249,"server_tick":3768,"snaps":1255,"teleports":2}
[client] {"a":7,"dup":false,"ev":"game","ms":65019,"predicted":false,"t":-1,"tick":3766,"type":"respawn"}
[client] {"a":8,"dup":false,"ev":"game","ms":65039,"predicted":false,"t":3,"tick":3767,"type":"block"}
[client] {"a":4,"dup":false,"ev":"game","ms":65039,"predicted":false,"t":5,"tick":3772,"type":"block"}
[client] {"a":4,"dup":true,"ev":"game","ms":65073,"predicted":false,"t":8,"tick":3774,"type":"hit"}
[client] {"a":4,"dup":true,"ev":"game","ms":65074,"predicted":false,"t":9,"tick":3775,"type":"hit"}
[client] {"a":8,"dup":false,"ev":"game","ms":65087,"predicted":false,"t":2,"tick":3770,"type":"hit"}
[client] {"a":1,"dup":false,"ev":"game","ms":65170,"predicted":false,"t":8,"tick":3775,"type":"hit"}
[client] {"a":8,"dup":false,"ev":"game","ms":65522,"predicted":false,"t":3,"tick":3796,"type":"block"}
[client] {"a":1,"dup":false,"ev":"game","ms":65556,"predicted":false,"t":5,"tick":3798,"type":"block"}
[client] {"a":6,"dup":false,"ev":"game","ms":65639,"predicted":false,"t":0,"tick":3803,"type":"hit"}
[client] {"a":0,"dup":false,"ev":"game","ms":65639,"predicted":false,"t":-1,"tick":3803,"type":"ko"}
[client] {"a":1,"dup":false,"ev":"game","ms":65820,"predicted":false,"t":8,"tick":3814,"type":"hit"}
[client] {"a":2,"dup":false,"ev":"game","ms":65991,"predicted":false,"t":5,"tick":3824,"type":"block"}
[client] {"a":9,"dup":false,"ev":"game","ms":66240,"predicted":false,"t":3,"tick":3839,"type":"hit"}
[client] {"a":1,"dup":false,"ev":"game","ms":66488,"predicted":false,"t":5,"tick":3854,"type":"block"}
[client] {"a":1,"dup":false,"ev":"game","ms":66488,"predicted":false,"t":9,"tick":3854,"type":"hit"}
[client] {"a":6,"dup":false,"ev":"game","ms":66619,"predicted":false,"t":2,"tick":3862,"type":"hit"}
[client] {"a":3,"dup":false,"ev":"game","ms":66923,"predicted":false,"t":8,"tick":3881,"type":"hit"}
[client] {"a":4,"dup":true,"ev":"game","ms":66923,"predicted":false,"t":8,"tick":3886,"type":"hit"}
[client] {"a":8,"dup":false,"ev":"game","ms":67006,"predicted":false,"t":-1,"tick":3886,"type":"ko"}
[client] {"a":1,"dup":false,"ev":"game","ms":67074,"predicted":false,"t":5,"tick":3890,"type":"hit"}
[client] {"a":-1,"dup":false,"ev":"game","ms":67219,"predicted":false,"t":-1,"tick":3899,"type":"zone_rotated"}
[client] {"a":4,"dup":false,"ev":"game","ms":67276,"predicted":false,"t":9,"tick":3907,"type":"hit"}
[client] {"a":9,"dup":false,"ev":"game","ms":67288,"predicted":false,"t":3,"tick":3903,"type":"hit"}
[client] {"a":1,"dup":false,"ev":"game","ms":67392,"predicted":false,"t":5,"tick":3909,"type":"hit"}
[client] {"a":4,"dup":true,"ev":"game","ms":67606,"predicted":false,"t":9,"tick":3927,"type":"hit"}
[client] {"a":1,"dup":false,"ev":"game","ms":67703,"predicted":false,"t":5,"tick":3928,"type":"hit"}
[client] {"a":2,"dup":false,"ev":"game","ms":67855,"predicted":false,"t":5,"tick":3937,"type":"hit"}
[client] {"a":9,"dup":false,"ev":"game","ms":68124,"predicted":false,"t":4,"tick":3953,"type":"hit"}
[client] {"a":2,"dup":false,"ev":"game","ms":68206,"predicted":false,"t":5,"tick":3958,"type":"hit"}
[client] {"a":6,"dup":false,"ev":"game","ms":68206,"predicted":false,"t":2,"tick":3958,"type":"hit"}
[client] {"a":4,"dup":true,"ev":"game","ms":68807,"predicted":false,"t":9,"tick":3999,"type":"hit"}
[client] {"a":5,"dup":false,"ev":"game","ms":69324,"predicted":false,"t":4,"tick":4025,"type":"hit"}
[client] {"a":5,"dup":false,"ev":"game","ms":69903,"predicted":false,"t":4,"tick":4060,"type":"hit"}
[client] {"counts":{"blocks_on_me":0,"conf_actions":46,"confirmed_hits":184,"dup_confirmed":0,"hits_on_me":14,"pred_actions":46,"predicted_confirmed":27,"predicted_hits":51,"reconnects":0},"ev":"stats","hp":102.0,"in_bytes":942916,"late":0,"local_entity":4,"match":{"countdown_until":300,"ctrl":-1,"final":false,"next":"","phase":3,"rot":3431,"scores":[2,4],"sd":false,"state":1,"tick":3769,"zone":"A"},"max_err":1.168,"mean_err":0.0327,"ms":69972,"out_bytes":199299,"pending":3,"pos":[-5.05,-2.21],"reconciles":1349,"server_tick":4068,"snaps":1355,"teleports":2}
[client] {"counts":{"blocks_on_me":0,"conf_actions":46,"confirmed_hits":184,"dup_confirmed":0,"hits_on_me":14,"pred_actions":46,"predicted_confirmed":27,"predicted_hits":51,"reconnects":0},"ev":"stats","hp":102.0,"in_bytes":1003114,"late":0,"local_entity":4,"match":{"countdown_until":300,"ctrl":-1,"final":false,"next":"","phase":3,"rot":3131,"scores":[3,4],"sd":false,"state":3,"tick":4069,"zone":"A"},"max_err":1.168,"mean_err":0.0305,"ms":74969,"out_bytes":213999,"pending":6,"pos":[-38.05,-2.23],"reconciles":1448,"server_tick":4368,"snaps":1455,"teleports":2}
[client] {"a":0,"dup":false,"ev":"game","ms":75639,"predicted":false,"t":-1,"tick":4403,"type":"respawn"}
[client] {"a":6,"dup":false,"ev":"game","ms":76107,"predicted":false,"t":4,"tick":4431,"type":"hit"}
[client] {"a":2,"dup":false,"ev":"game","ms":76959,"predicted":false,"t":5,"tick":4482,"type":"hit"}
[client] {"a":8,"dup":false,"ev":"game","ms":77018,"predicted":false,"t":-1,"tick":4486,"type":"respawn"}
[client] {"a":4,"dup":true,"ev":"game","ms":77075,"predicted":false,"t":5,"tick":4494,"type":"hit"}
[client] {"a":2,"dup":false,"ev":"game","ms":77218,"predicted":false,"t":5,"tick":4498,"type":"hit"}
[client] {"a":2,"dup":false,"ev":"game","ms":77239,"predicted":false,"t":9,"tick":4499,"type":"hit"}
[client] {"a":7,"dup":false,"ev":"game","ms":77253,"predicted":false,"t":2,"tick":4500,"type":"hit"}
[client] {"a":6,"dup":false,"ev":"game","ms":77357,"predicted":false,"t":2,"tick":4506,"type":"hit"}
[client] {"a":2,"dup":false,"ev":"game","ms":77674,"predicted":false,"t":5,"tick":4525,"type":"hit"}
[client] {"a":3,"dup":false,"ev":"game","ms":77922,"predicted":false,"t":5,"tick":4540,"type":"hit"}
[client] {"a":1,"dup":false,"ev":"game","ms":78075,"predicted":false,"t":5,"tick":4549,"type":"hit"}
[client] {"a":3,"dup":false,"ev":"game","ms":78253,"predicted":false,"t":5,"tick":4560,"type":"hit"}
[client] {"a":2,"dup":false,"ev":"game","ms":78357,"predicted":false,"t":5,"tick":4566,"type":"hit"}
[client] {"a":2,"dup":false,"ev":"game","ms":78357,"predicted":false,"t":6,"tick":4566,"type":"hit"}
[client] {"a":2,"dup":false,"ev":"game","ms":78357,"predicted":false,"t":9,"tick":4566,"type":"hit"}
[client] {"a":5,"dup":false,"ev":"game","ms":78357,"predicted":false,"t":-1,"tick":4566,"type":"ko"}
[client] {"a":4,"dup":true,"ev":"game","ms":78888,"predicted":false,"t":6,"tick":4603,"type":"hit"}
[client] {"a":3,"dup":false,"ev":"game","ms":78992,"predicted":false,"t":9,"tick":4604,"type":"hit"}
[client] {"a":7,"dup":false,"ev":"game","ms":79206,"predicted":false,"t":1,"tick":4617,"type":"hit"}
[client] {"a":3,"dup":false,"ev":"game","ms":79475,"predicted":false,"t":6,"tick":4633,"type":"hit"}
[client] {"a":7,"dup":false,"ev":"game","ms":79510,"predicted":false,"t":1,"tick":4635,"type":"hit"}
[client] {"a":4,"dup":true,"ev":"game","ms":79510,"predicted":false,"t":6,"tick":4641,"type":"hit"}
[client] {"a":1,"dup":false,"ev":"game","ms":79875,"predicted":false,"t":7,"tick":4657,"type":"hit"}
[client] {"a":9,"dup":false,"ev":"game","ms":79923,"predicted":false,"t":3,"tick":4660,"type":"hit"}
[client] {"counts":{"blocks_on_me":0,"conf_actions":52,"confirmed_hits":206,"dup_confirmed":0,"hits_on_me":15,"pred_actions":53,"predicted_confirmed":30,"predicted_hits":56,"reconnects":0},"ev":"stats","hp":72.0,"in_bytes":1076582,"late":0,"local_entity":4,"match":{"countdown_until":300,"ctrl":-1,"final":false,"next":"","phase":3,"rot":2831,"scores":[3,4],"sd":false,"state":3,"tick":4369,"zone":"A"},"max_err":1.168,"mean_err":0.0299,"ms":79970,"out_bytes":228699,"pending":6,"pos":[-39.58,-3.14],"reconciles":1548,"server_tick":4668,"snaps":1555,"teleports":2}
[client] {"a":1,"dup":false,"ev":"game","ms":80193,"predicted":false,"t":7,"tick":4676,"type":"hit"}
[client] {"a":1,"dup":false,"ev":"game","ms":80856,"predicted":false,"t":7,"tick":4716,"type":"hit"}
[client] {"a":6,"dup":false,"ev":"game","ms":81455,"predicted":false,"t":4,"tick":4752,"type":"hit"}
[client] {"a":6,"dup":false,"ev":"game","ms":81793,"predicted":false,"t":4,"tick":4772,"type":"hit"}
[client] {"a":6,"dup":false,"ev":"game","ms":82193,"predicted":false,"t":4,"tick":4797,"type":"hit"}
[client] {"a":6,"dup":false,"ev":"game","ms":82441,"predicted":false,"t":4,"tick":4812,"type":"hit"}
[client] {"a":1,"dup":false,"ev":"game","ms":82890,"predicted":false,"t":7,"tick":4838,"type":"hit"}
[client] {"a":3,"dup":false,"ev":"game","ms":83160,"predicted":false,"t":7,"tick":4855,"type":"hit"}
[client] {"a":1,"dup":false,"ev":"game","ms":83478,"predicted":false,"t":7,"tick":4874,"type":"hit"}
[client] {"a":4,"dup":true,"ev":"game","ms":83539,"predicted":false,"t":6,"tick":4883,"type":"hit"}
[client] {"a":2,"dup":false,"ev":"game","ms":83725,"predicted":false,"t":9,"tick":4889,"type":"hit"}
[client] {"a":4,"dup":true,"ev":"game","ms":83877,"predicted":false,"t":6,"tick":4903,"type":"hit"}
[client] {"a":4,"dup":true,"ev":"game","ms":84256,"predicted":false,"t":6,"tick":4926,"type":"hit"}
[client] {"a":6,"dup":false,"ev":"game","ms":84339,"predicted":false,"t":-1,"tick":4926,"type":"ko"}
[client] {"a":2,"dup":false,"ev":"game","ms":84850,"predicted":false,"t":9,"tick":4956,"type":"hit"}
[client] {"counts":{"blocks_on_me":0,"conf_actions":63,"confirmed_hits":220,"dup_confirmed":0,"hits_on_me":19,"pred_actions":64,"predicted_confirmed":33,"predicted_hits":62,"reconnects":0},"ev":"stats","hp":2.0,"in_bytes":1147691,"late":0,"local_entity":4,"match":{"countdown_until":300,"ctrl":-1,"final":false,"next":"","phase":3,"rot":2531,"scores":[3,4],"sd":false,"state":3,"tick":4669,"zone":"A"},"max_err":1.168,"mean_err":0.0291,"ms":84966,"out_bytes":243399,"pending":6,"pos":[-40.18,-2.89],"reconciles":1648,"server_tick":4968,"snaps":1655,"teleports":2}
[client] {"a":3,"dup":false,"ev":"game","ms":84987,"predicted":false,"t":9,"tick":4964,"type":"hit"}
[client] {"a":9,"dup":false,"ev":"game","ms":84988,"predicted":false,"t":-1,"tick":4964,"type":"ko"}
[client] {"a":7,"dup":false,"ev":"game","ms":85332,"predicted":false,"t":1,"tick":4985,"type":"hit"}
[client] {"a":7,"dup":false,"ev":"game","ms":85968,"predicted":false,"t":3,"tick":5023,"type":"block"}
[client] {"a":4,"dup":false,"ev":"game","ms":86002,"predicted":false,"t":7,"tick":5030,"type":"hit"}
[client] {"a":1,"dup":false,"ev":"game","ms":86155,"predicted":false,"t":7,"tick":5034,"type":"hit"}
[client] {"a":1,"dup":false,"ev":"game","ms":86505,"predicted":false,"t":7,"tick":5055,"type":"hit"}
[client] {"a":4,"dup":false,"ev":"game","ms":86505,"predicted":false,"t":7,"tick":5060,"type":"hit"}
[client] {"a":3,"dup":false,"ev":"game","ms":86921,"predicted":false,"t":7,"tick":5080,"type":"hit"}
[client] {"a":7,"dup":false,"ev":"game","ms":86921,"predicted":false,"t":-1,"tick":5080,"type":"ko"}
[client] {"a":0,"dup":false,"ev":"game","ms":87922,"predicted":false,"t":8,"tick":5140,"type":"hit"}
[client] {"a":8,"dup":false,"ev":"game","ms":88355,"predicted":false,"t":0,"tick":5166,"type":"hit"}
[client] {"a":5,"dup":false,"ev":"game","ms":88355,"predicted":false,"t":-1,"tick":5166,"type":"respawn"}
[client] {"a":0,"dup":false,"ev":"game","ms":88707,"predicted":false,"t":8,"tick":5187,"type":"hit"}
[client] {"a":3,"dup":false,"ev":"game","ms":88707,"predicted":false,"t":8,"tick":5187,"type":"hit"}
[client] {"counts":{"blocks_on_me":0,"conf_actions":65,"confirmed_hits":231,"dup_confirmed":0,"hits_on_me":19,"pred_actions":66,"predicted_confirmed":33,"predicted_hits":62,"reconnects":0},"ev":"stats","hp":2.0,"in_bytes":1204754,"late":0,"local_entity":4,"match":{"countdown_until":300,"ctrl":-1,"final":false,"next":"","phase":3,"rot":2231,"scores":[3,4],"sd":false,"state":3,"tick":4969,"zone":"A"},"max_err":1.168,"mean_err":0.0282,"ms":89968,"out_bytes":258099,"pending":6,"pos":[-42.09,-0.55],"reconciles":1748,"server_tick":5268,"snaps":1755,"teleports":2}
[client] {"a":8,"dup":false,"ev":"game","ms":90107,"predicted":false,"t":2,"tick":5271,"type":"hit"}
[client] {"a":3,"dup":false,"ev":"game","ms":91054,"predicted":false,"t":8,"tick":5328,"type":"hit"}
[client] {"a":3,"dup":false,"ev":"game","ms":91370,"predicted":false,"t":8,"tick":5347,"type":"hit"}
[client] {"a":8,"dup":false,"ev":"game","ms":92040,"predicted":false,"t":3,"tick":5387,"type":"hit"}
[client] {"a":8,"dup":false,"ev":"game","ms":92675,"predicted":false,"t":2,"tick":5425,"type":"hit"}
[client] {"a":3,"dup":false,"ev":"game","ms":93192,"predicted":false,"t":8,"tick":5456,"type":"hit"}
[client] {"a":4,"dup":true,"ev":"game","ms":93475,"predicted":false,"t":8,"tick":5478,"type":"hit"}
[client] {"a":6,"dup":false,"ev":"game","ms":94351,"predicted":false,"t":-1,"tick":5526,"type":"respawn"}
[client] {"a":0,"dup":false,"ev":"game","ms":94420,"predicted":false,"t":8,"tick":5530,"type":"hit"}
[client] {"counts":{"blocks_on_me":0,"conf_actions":66,"confirmed_hits":239,"dup_confirmed":0,"hits_on_me":19,"pred_actions":67,"predicted_confirmed":34,"predicted_hits":64,"reconnects":0},"ev":"stats","hp":12.2,"in_bytes":1262539,"late":0,"local_entity":4,"match":{"countdown_until":300,"ctrl":-1,"final":false,"next":"","phase":3,"rot":1934,"scores":[3,4],"sd":false,"state":3,"tick":5266,"zone":"A"},"max_err":1.168,"mean_err":0.028,"ms":94962,"out_bytes":272799,"pending":14,"pos":[-41.6,-0.43],"reconciles":1847,"server_tick":5566,"snaps":1854,"teleports":2}
[client] {"a":9,"dup":false,"ev":"game","ms":94997,"predicted":false,"t":-1,"tick":5564,"type":"respawn"}
[client] {"a":8,"dup":false,"ev":"game","ms":96234,"predicted":false,"t":3,"tick":5639,"type":"hit"}
[client] {"a":3,"dup":false,"ev":"game","ms":96234,"predicted":false,"t":-1,"tick":5639,"type":"ko"}
[client] {"a":8,"dup":false,"ev":"game","ms":96281,"predicted":false,"t":0,"tick":5642,"type":"hit"}
[client] {"a":2,"dup":false,"ev":"game","ms":96716,"predicted":false,"t":8,"tick":5668,"type":"hit"}
[client] {"a":8,"dup":false,"ev":"game","ms":96716,"predicted":false,"t":-1,"tick":5668,"type":"ko"}
[client] {"a":7,"dup":false,"ev":"game","ms":96916,"predicted":false,"t":-1,"tick":5680,"type":"respawn"}
[client] {"a":4,"dup":false,"ev":"game","ms":99621,"predicted":false,"t":-1,"tick":5847,"type":"ko"}
[client] {"a":5,"dup":false,"ev":"game","ms":99703,"predicted":false,"t":4,"tick":5847,"type":"hit"}
[client] {"counts":{"blocks_on_me":0,"conf_actions":68,"confirmed_hits":243,"dup_confirmed":0,"hits_on_me":20,"pred_actions":69,"predicted_confirmed":34,"predicted_hits":64,"reconnects":0},"ev":"stats","hp":0.0,"in_bytes":1318041,"late":0,"local_entity":4,"match":{"countdown_until":300,"ctrl":-1,"final":false,"next":"","phase":3,"rot":1634,"scores":[4,4],"sd":false,"state":3,"tick":5566,"zone":"A"},"max_err":1.168,"mean_err":0.0271,"ms":99965,"out_bytes":287499,"pending":5,"pos":[-41.42,0.23],"reconciles":1948,"server_tick":5867,"snaps":1954,"teleports":2}
[client] {"a":1,"dup":false,"ev":"game","ms":100366,"predicted":false,"t":5,"tick":5887,"type":"hit"}
[client] {"a":2,"dup":false,"ev":"game","ms":100587,"predicted":false,"t":5,"tick":5900,"type":"hit"}
[client] {"a":1,"dup":false,"ev":"game","ms":100670,"predicted":false,"t":5,"tick":5905,"type":"hit"}
[client] {"a":5,"dup":false,"ev":"game","ms":101083,"predicted":false,"t":1,"tick":5930,"type":"hit"}
[client] {"a":1,"dup":false,"ev":"game","ms":101519,"predicted":false,"t":5,"tick":5956,"type":"hit"}
[client] {"a":0,"dup":false,"ev":"game","ms":101539,"predicted":false,"t":5,"tick":5957,"type":"hit"}
[client] {"a":0,"dup":false,"ev":"game","ms":101918,"predicted":false,"t":5,"tick":5980,"type":"block"}
[client] {"a":0,"dup":false,"ev":"game","ms":102119,"predicted":false,"t":5,"tick":5992,"type":"block"}
[client] {"a":1,"dup":false,"ev":"game","ms":102153,"predicted":false,"t":5,"tick":5994,"type":"block"}
[client] {"a":2,"dup":false,"ev":"game","ms":102705,"predicted":false,"t":5,"tick":6027,"type":"block"}
[client] {"a":0,"dup":false,"ev":"game","ms":102871,"predicted":false,"t":5,"tick":6037,"type":"block"}
[client] {"a":1,"dup":false,"ev":"game","ms":103388,"predicted":false,"t":5,"tick":6068,"type":"block"}
[client] {"a":0,"dup":false,"ev":"game","ms":103540,"predicted":false,"t":5,"tick":6077,"type":"block"}
[client] {"a":0,"dup":false,"ev":"game","ms":103920,"predicted":false,"t":5,"tick":6100,"type":"block"}
[client] {"a":2,"dup":false,"ev":"game","ms":104106,"predicted":false,"t":5,"tick":6111,"type":"block"}
[client] {"a":6,"dup":false,"ev":"game","ms":104167,"predicted":false,"t":1,"tick":6115,"type":"hit"}
[client] {"a":0,"dup":false,"ev":"game","ms":104471,"predicted":false,"t":5,"tick":6133,"type":"hit"}
[client] {"a":1,"dup":false,"ev":"game","ms":104719,"predicted":false,"t":5,"tick":6148,"type":"hit"}
[client] {"a":6,"dup":false,"ev":"game","ms":104802,"predicted":false,"t":1,"tick":6153,"type":"hit"}
[client] {"counts":{"blocks_on_me":0,"conf_actions":68,"confirmed_hits":253,"dup_confirmed":0,"hits_on_me":20,"pred_actions":69,"predicted_confirmed":34,"predicted_hits":64,"reconnects":0},"ev":"stats","hp":0.0,"in_bytes":1383453,"late":0,"local_entity":4,"match":{"countdown_until":300,"ctrl":-1,"final":false,"next":"","phase":3,"rot":1331,"scores":[4,4],"sd":false,"state":3,"tick":5869,"zone":"A"},"max_err":1.168,"mean_err":0.0258,"ms":104967,"out_bytes":302199,"pending":5,"pos":[-41.42,0.23],"reconciles":2048,"server_tick":6168,"snaps":2055,"teleports":2}
[client] {"a":0,"dup":false,"ev":"game","ms":105140,"predicted":false,"t":5,"tick":6173,"type":"hit"}
[client] {"a":1,"dup":false,"ev":"game","ms":105154,"predicted":false,"t":6,"tick":6174,"type":"hit"}
[client] {"a":6,"dup":false,"ev":"game","ms":105485,"predicted":false,"t":0,"tick":6194,"type":"hit"}
[client] {"a":1,"dup":false,"ev":"game","ms":105507,"predicted":false,"t":6,"tick":6195,"type":"hit"}
[client] {"a":6,"dup":false,"ev":"game","ms":105920,"predicted":false,"t":1,"tick":6220,"type":"hit"}
[client] {"a":1,"dup":false,"ev":"game","ms":105920,"predicted":false,"t":-1,"tick":6220,"type":"ko"}
[client] {"a":5,"dup":false,"ev":"game","ms":106107,"predicted":false,"t":0,"tick":6231,"type":"hit"}
[client] {"a":3,"dup":false,"ev":"game","ms":106238,"predicted":false,"t":-1,"tick":6239,"type":"respawn"}
[client] {"a":8,"dup":false,"ev":"game","ms":106721,"predicted":false,"t":-1,"tick":6268,"type":"respawn"}
[client] {"a":5,"dup":false,"ev":"game","ms":107438,"predicted":false,"t":2,"tick":6311,"type":"hit"}
[client] {"a":6,"dup":false,"ev":"game","ms":107721,"predicted":false,"t":0,"tick":6328,"type":"hit"}
[client] {"a":0,"dup":false,"ev":"game","ms":108073,"predicted":false,"t":6,"tick":6349,"type":"hit"}
[client] {"a":0,"dup":false,"ev":"game","ms":108390,"predicted":false,"t":6,"tick":6368,"type":"hit"}
[client] {"a":5,"dup":false,"ev":"game","ms":108542,"predicted":false,"t":2,"tick":6377,"type":"hit"}
[client] {"a":0,"dup":false,"ev":"game","ms":108708,"predicted":false,"t":6,"tick":6387,"type":"hit"}
[client] {"a":5,"dup":false,"ev":"game","ms":108922,"predicted":false,"t":2,"tick":6400,"type":"hit"}
[client] {"a":2,"dup":false,"ev":"game","ms":108922,"predicted":false,"t":-1,"tick":6400,"type":"ko"}
[client] {"a":6,"dup":false,"ev":"game","ms":109346,"predicted":false,"t":0,"tick":6425,"type":"hit"}
[client] {"a":7,"dup":false,"ev":"game","ms":109577,"predicted":false,"t":0,"tick":6439,"type":"hit"}
[client] {"a":5,"dup":false,"ev":"game","ms":109591,"predicted":false,"t":0,"tick":6440,"type":"hit"}
[client] {"a":4,"dup":false,"ev":"game","ms":109626,"predicted":false,"t":-1,"tick":6447,"type":"respawn"}
[client] {"a":6,"dup":false,"ev":"game","ms":109688,"predicted":false,"t":0,"tick":6446,"type":"hit"}
[client] {"a":9,"dup":false,"ev":"game","ms":109922,"predicted":false,"t":0,"tick":6460,"type":"hit"}
[client] {"a":0,"dup":false,"ev":"game","ms":109922,"predicted":false,"t":-1,"tick":6460,"type":"ko"}
[client] {"counts":{"blocks_on_me":0,"conf_actions":68,"confirmed_hits":271,"dup_confirmed":0,"hits_on_me":20,"pred_actions":69,"predicted_confirmed":34,"predicted_hits":64,"reconnects":0},"ev":"stats","hp":230.0,"in_bytes":1452715,"late":0,"local_entity":4,"match":{"countdown_until":300,"ctrl":1,"final":false,"next":"","phase":3,"rot":1031,"scores":[4,4],"sd":false,"state":2,"tick":6169,"zone":"A"},"max_err":1.168,"mean_err":0.0246,"ms":109976,"out_bytes":316899,"pending":5,"pos":[5.65,-45.74],"reconciles":2147,"server_tick":6468,"snaps":2155,"teleports":3}
[client] {"counts":{"blocks_on_me":0,"conf_actions":68,"confirmed_hits":271,"dup_confirmed":0,"hits_on_me":20,"pred_actions":69,"predicted_confirmed":34,"predicted_hits":64,"reconnects":0},"ev":"stats","hp":230.0,"in_bytes":1510892,"late":0,"local_entity":4,"match":{"countdown_until":300,"ctrl":1,"final":false,"next":"C","phase":3,"rot":731,"scores":[4,9],"sd":false,"state":2,"tick":6469,"zone":"A"},"max_err":1.168,"mean_err":0.0235,"ms":114972,"out_bytes":331599,"pending":5,"pos":[-12.85,-19.08],"reconciles":2247,"server_tick":6768,"snaps":2255,"teleports":3}
[client] {"a":1,"dup":false,"ev":"game","ms":115919,"predicted":false,"t":-1,"tick":6820,"type":"respawn"}
[client] {"a":9,"dup":false,"ev":"game","ms":118154,"predicted":false,"t":3,"tick":6954,"type":"block"}
[client] {"a":9,"dup":false,"ev":"game","ms":118437,"predicted":false,"t":3,"tick":6971,"type":"block"}
[client] {"a":8,"dup":false,"ev":"game","ms":118506,"predicted":false,"t":3,"tick":6975,"type":"block"}
[client] {"a":9,"dup":false,"ev":"game","ms":118754,"predicted":false,"t":3,"tick":6990,"type":"block"}
[client] {"a":8,"dup":false,"ev":"game","ms":118802,"predicted":false,"t":3,"tick":6993,"type":"block"}
[client] {"a":7,"dup":false,"ev":"game","ms":118906,"predicted":false,"t":3,"tick":6999,"type":"block"}
[client] {"a":2,"dup":false,"ev":"game","ms":118920,"predicted":false,"t":-1,"tick":7000,"type":"respawn"}
[client] {"a":8,"dup":false,"ev":"game","ms":119376,"predicted":false,"t":3,"tick":7027,"type":"block"}
[client] {"a":7,"dup":false,"ev":"game","ms":119506,"predicted":false,"t":4,"tick":7036,"type":"hit"}
[client] {"a":0,"dup":false,"ev":"game","ms":119906,"predicted":false,"t":-1,"tick":7060,"type":"respawn"}
[client] {"counts":{"blocks_on_me":0,"conf_actions":69,"confirmed_hits":272,"dup_confirmed":0,"hits_on_me":21,"pred_actions":70,"predicted_confirmed":34,"predicted_hits":64,"reconnects":0},"ev":"stats","hp":196.0,"in_bytes":1575264,"late":0,"local_entity":4,"match":{"countdown_until":300,"ctrl":-1,"final":false,"next":"C","phase":3,"rot":431,"scores":[4,10],"sd":false,"state":3,"tick":6769,"zone":"A"},"max_err":1.168,"mean_err":0.0228,"ms":119975,"out_bytes":346299,"pending":5,"pos":[-37.9,-1.99],"reconciles":2347,"server_tick":7068,"snaps":2355,"teleports":3}
[client] {"a":9,"dup":false,"ev":"game","ms":120059,"predicted":false,"t":3,"tick":7069,"type":"block"}
[client] {"a":4,"dup":true,"ev":"game","ms":120093,"predicted":false,"t":7,"tick":7076,"type":"hit"}
[client] {"a":8,"dup":false,"ev":"game","ms":120107,"predicted":false,"t":3,"tick":7072,"type":"block"}
[client] {"a":4,"dup":true,"ev":"game","ms":120438,"predicted":false,"t":7,"tick":7097,"type":"hit"}
[client] {"a":9,"dup":false,"ev":"game","ms":120521,"predicted":false,"t":3,"tick":7097,"type":"block"}
[client] {"a":4,"dup":true,"ev":"game","ms":120776,"predicted":false,"t":7,"tick":7117,"type":"hit"}
[client] {"a":8,"dup":false,"ev":"game","ms":120789,"predicted":false,"t":3,"tick":7112,"type":"block"}
[client] {"a":9,"dup":false,"ev":"game","ms":121321,"predicted":false,"t":3,"tick":7144,"type":"hit"}
[client] {"a":6,"dup":false,"ev":"game","ms":121556,"predicted":false,"t":3,"tick":7158,"type":"hit"}
[client] {"a":4,"dup":true,"ev":"game","ms":121674,"predicted":false,"t":8,"tick":7170,"type":"hit"}
[client] {"a":9,"dup":false,"ev":"game","ms":121874,"predicted":false,"t":3,"tick":7177,"type":"hit"}
[client] {"a":6,"dup":false,"ev":"game","ms":121943,"predicted":false,"t":3,"tick":7181,"type":"hit"}
[client] {"a":9,"dup":false,"ev":"game","ms":122178,"predicted":false,"t":3,"tick":7195,"type":"hit"}
[client] {"a":6,"dup":false,"ev":"game","ms":122377,"predicted":false,"t":3,"tick":7207,"type":"hit"}
[client] {"a":9,"dup":false,"ev":"game","ms":122874,"predicted":false,"t":3,"tick":7237,"type":"hit"}
[client] {"a":8,"dup":false,"ev":"game","ms":122991,"predicted":false,"t":3,"tick":7244,"type":"hit"}
[client] {"a":4,"dup":true,"ev":"game","ms":122991,"predicted":false,"t":7,"tick":7250,"type":"hit"}
[client] {"a":3,"dup":false,"ev":"game","ms":123577,"predicted":false,"t":8,"tick":7279,"type":"hit"}
[client] {"a":3,"dup":false,"ev":"game","ms":123591,"predicted":false,"t":7,"tick":7280,"type":"hit"}
[client] {"a":7,"dup":false,"ev":"game","ms":124040,"predicted":false,"t":3,"tick":7307,"type":"hit"}
[client] {"a":8,"dup":false,"ev":"game","ms":124040,"predicted":false,"t":3,"tick":7307,"type":"hit"}
[client] {"a":9,"dup":false,"ev":"game","ms":124179,"predicted":false,"t":3,"tick":7315,"type":"hit"}
[client] {"a":4,"dup":false,"ev":"game","ms":124226,"predicted":false,"t":5,"tick":7323,"type":"block"}
[client] {"counts":{"blocks_on_me":0,"conf_actions":77,"confirmed_hits":290,"dup_confirmed":0,"hits_on_me":21,"pred_actions":78,"predicted_confirmed":39,"predicted_hits":70,"reconnects":0},"ev":"stats","hp":196.0,"in_bytes":1652004,"late":0,"local_entity":4,"match":{"countdown_until":300,"ctrl":-1,"final":false,"next":"C","phase":3,"rot":131,"scores":[4,10],"sd":false,"state":3,"tick":7069,"zone":"A"},"max_err":1.168,"mean_err":0.022,"ms":124977,"out_bytes":360999,"pending":5,"pos":[-42.91,1.26],"reconciles":2447,"server_tick":7368,"snaps":2455,"teleports":3}
[client] {"a":3,"dup":false,"ev":"game","ms":125075,"predicted":false,"t":8,"tick":7369,"type":"hit"}
[client] {"a":3,"dup":false,"ev":"game","ms":125178,"predicted":false,"t":7,"tick":7375,"type":"hit"}
[client] {"a":4,"dup":true,"ev":"game","ms":126496,"predicted":false,"t":9,"tick":7460,"type":"hit"}
[client] {"a":6,"dup":false,"ev":"game","ms":126758,"predicted":false,"t":4,"tick":7470,"type":"hit"}
[client] {"a":3,"dup":false,"ev":"game","ms":126896,"predicted":false,"t":8,"tick":7478,"type":"hit"}
[client] {"a":6,"dup":false,"ev":"game","ms":127007,"predicted":false,"t":4,"tick":7485,"type":"hit"}
[client] {"a":5,"dup":false,"ev":"game","ms":127152,"predicted":false,"t":1,"tick":7494,"type":"hit"}
[client] {"a":-1,"dup":false,"ev":"game","ms":127234,"predicted":false,"t":-1,"tick":7499,"type":"zone_rotated"}
[client] {"a":8,"dup":false,"ev":"game","ms":127469,"predicted":false,"t":3,"tick":7513,"type":"hit"}
[client] {"a":5,"dup":false,"ev":"game","ms":127489,"predicted":false,"t":1,"tick":7514,"type":"hit"}
[client] {"a":8,"dup":false,"ev":"game","ms":127538,"predicted":false,"t":1,"tick":7517,"type":"hit"}
[client] {"a":4,"dup":true,"ev":"game","ms":127739,"predicted":false,"t":9,"tick":7535,"type":"hit"}
[client] {"a":3,"dup":false,"ev":"game","ms":128401,"predicted":false,"t":7,"tick":7569,"type":"hit"}
[client] {"a":4,"dup":true,"ev":"game","ms":128421,"predicted":false,"t":9,"tick":7575,"type":"hit"}
[client] {"a":7,"dup":false,"ev":"game","ms":128801,"predicted":false,"t":3,"tick":7593,"type":"hit"}
[client] {"a":4,"dup":true,"ev":"game","ms":128856,"predicted":false,"t":9,"tick":7601,"type":"hit"}
[client] {"a":5,"dup":false,"ev":"game","ms":128987,"predicted":false,"t":1,"tick":7604,"type":"hit"}
[client] {"a":7,"dup":false,"ev":"game","ms":129105,"predicted":false,"t":3,"tick":7611,"type":"hit"}
[client] {"a":3,"dup":false,"ev":"game","ms":129105,"predicted":false,"t":-1,"tick":7611,"type":"ko"}
[client] {"a":8,"dup":false,"ev":"game","ms":129608,"predicted":false,"t":1,"tick":7641,"type":"hit"}
[client] {"counts":{"blocks_on_me":0,"conf_actions":84,"confirmed_hits":308,"dup_confirmed":0,"hits_on_me":23,"pred_actions":86,"predicted_confirmed":43,"predicted_hits":75,"reconnects":0},"ev":"stats","hp":162.0,"in_bytes":1725679,"late":0,"local_entity":4,"match":{"countdown_until":300,"ctrl":-1,"final":false,"next":"","phase":3,"rot":3431,"scores":[4,10],"sd":false,"state":1,"tick":7369,"zone":"C"},"max_err":1.168,"mean_err":0.0216,"ms":129973,"out_bytes":375699,"pending":5,"pos":[-42.37,1.7],"reconciles":2547,"server_tick":7668,"snaps":2555,"teleports":3}
[client] {"a":1,"dup":false,"ev":"game","ms":131071,"predicted":false,"t":9,"tick":7729,"type":"hit"}
[client] {"a":1,"dup":false,"ev":"game","ms":131437,"predicted":false,"t":9,"tick":7751,"type":"hit"}
[client] {"a":1,"dup":false,"ev":"game","ms":132037,"predicted":false,"t":9,"tick":7787,"type":"hit"}
[client] {"a":9,"dup":false,"ev":"game","ms":133141,"predicted":false,"t":1,"tick":7853,"type":"hit"}
[client] {"a":1,"dup":false,"ev":"game","ms":133721,"predicted":false,"t":9,"tick":7888,"type":"hit"}
[client] {"counts":{"blocks_on_me":0,"conf_actions":85,"confirmed_hits":313,"dup_confirmed":0,"hits_on_me":23,"pred_actions":87,"predicted_confirmed":43,"predicted_hits":75,"reconnects":0},"ev":"stats","hp":162.0,"in_bytes":1791524,"late":0,"local_entity":4,"match":{"countdown_until":300,"ctrl":-1,"final":false,"next":"","phase":3,"rot":3131,"scores":[4,10],"sd":false,"state":1,"tick":7669,"zone":"C"},"max_err":1.168,"mean_err":0.0208,"ms":134975,"out_bytes":390399,"pending":5,"pos":[-13.32,4.28],"reconciles":2647,"server_tick":7968,"snaps":2655,"teleports":3}
[client] {"a":3,"dup":false,"ev":"game","ms":139103,"predicted":false,"t":-1,"tick":8211,"type":"respawn"}
[client] {"a":6,"dup":false,"ev":"game","ms":139606,"predicted":false,"t":2,"tick":8241,"type":"hit"}
[client] {"counts":{"blocks_on_me":0,"conf_actions":85,"confirmed_hits":314,"dup_confirmed":0,"hits_on_me":23,"pred_actions":87,"predicted_confirmed":43,"predicted_hits":75,"reconnects":0},"ev":"stats","hp":183.900000000001,"in_bytes":1854269,"late":0,"local_entity":4,"match":{"countdown_until":300,"ctrl":-1,"final":false,"next":"","phase":3,"rot":2831,"scores":[6,10],"sd":false,"state":3,"tick":7969,"zone":"C"},"max_err":1.168,"mean_err":0.0201,"ms":139971,"out_bytes":405099,"pending":5,"pos":[23.77,-3.41],"reconciles":2747,"server_tick":8268,"snaps":2755,"teleports":3}
[client] {"a":6,"dup":false,"ev":"game","ms":140103,"predicted":false,"t":2,"tick":8271,"type":"hit"}
[client] {"a":6,"dup":false,"ev":"game","ms":141938,"predicted":false,"t":2,"tick":8381,"type":"hit"}
[client] {"a":5,"dup":false,"ev":"game","ms":142055,"predicted":false,"t":0,"tick":8388,"type":"hit"}
[client] {"a":5,"dup":false,"ev":"game","ms":142072,"predicted":false,"t":2,"tick":8389,"type":"hit"}
[client] {"a":7,"dup":false,"ev":"game","ms":142090,"predicted":false,"t":2,"tick":8390,"type":"hit"}
[client] {"a":0,"dup":false,"ev":"game","ms":142539,"predicted":false,"t":5,"tick":8417,"type":"hit"}
[client] {"a":0,"dup":false,"ev":"game","ms":142587,"predicted":false,"t":7,"tick":8420,"type":"hit"}
[client] {"a":0,"dup":false,"ev":"game","ms":142870,"predicted":false,"t":7,"tick":8437,"type":"hit"}
[client] {"a":0,"dup":false,"ev":"game","ms":142905,"predicted":false,"t":5,"tick":8439,"type":"hit"}
[client] {"a":8,"dup":false,"ev":"game","ms":142974,"predicted":false,"t":2,"tick":8443,"type":"block"}
[client] {"a":0,"dup":false,"ev":"game","ms":143208,"predicted":false,"t":5,"tick":8457,"type":"hit"}
[client] {"a":0,"dup":false,"ev":"game","ms":143208,"predicted":false,"t":7,"tick":8457,"type":"hit"}
[client] {"a":2,"dup":false,"ev":"game","ms":143339,"predicted":false,"t":8,"tick":8465,"type":"hit"}
[client] {"a":7,"dup":false,"ev":"game","ms":143704,"predicted":false,"t":2,"tick":8487,"type":"hit"}
[client] {"a":5,"dup":false,"ev":"game","ms":143719,"predicted":false,"t":0,"tick":8488,"type":"hit"}
[client] {"a":8,"dup":false,"ev":"game","ms":144036,"predicted":false,"t":0,"tick":8507,"type":"hit"}
[client] {"a":5,"dup":false,"ev":"game","ms":144070,"predicted":false,"t":0,"tick":8509,"type":"hit"}
[client] {"a":2,"dup":false,"ev":"game","ms":144153,"predicted":false,"t":6,"tick":8514,"type":"hit"}
[client] {"a":4,"dup":true,"ev":"game","ms":144326,"predicted":false,"t":6,"tick":8529,"type":"hit"}
[client] {"a":0,"dup":false,"ev":"game","ms":144588,"predicted":false,"t":8,"tick":8540,"type":"hit"}
[client] {"a":0,"dup":false,"ev":"game","ms":144622,"predicted":false,"t":7,"tick":8542,"type":"hit"}
[client] {"a":4,"dup":true,"ev":"game","ms":144657,"predicted":false,"t":6,"tick":8549,"type":"hit"}
[client] {"a":2,"dup":false,"ev":"game","ms":144774,"predicted":false,"t":6,"tick":8551,"type":"hit"}
[client] {"counts":{"blocks_on_me":0,"conf_actions":91,"confirmed_hits":336,"dup_confirmed":0,"hits_on_me":23,"pred_actions":93,"predicted_confirmed":45,"predicted_hits":78,"reconnects":0},"ev":"stats","hp":222.300000000002,"in_bytes":1932770,"late":0,"local_entity":4,"match":{"countdown_until":300,"ctrl":-1,"final":false,"next":"","phase":3,"rot":2531,"scores":[6,10],"sd":false,"state":3,"tick":8269,"zone":"C"},"max_err":1.168,"mean_err":0.0197,"ms":144973,"out_bytes":419799,"pending":5,"pos":[43.77,1.59],"reconciles":2847,"server_tick":8568,"snaps":2855,"teleports":3}
[client] {"a":4,"dup":true,"ev":"game","ms":144976,"predicted":false,"t":6,"tick":8569,"type":"hit"}
[client] {"a":5,"dup":false,"ev":"game","ms":145037,"predicted":false,"t":0,"tick":8567,"type":"hit"}
[client] {"a":5,"dup":false,"ev":"game","ms":145140,"predicted":false,"t":2,"tick":8573,"type":"hit"}
[client] {"a":8,"dup":false,"ev":"game","ms":145189,"predicted":false,"t":0,"tick":8576,"type":"hit"}
[client] {"a":8,"dup":false,"ev":"game","ms":145189,"predicted":false,"t":2,"tick":8576,"type":"hit"}
[client] {"a":6,"dup":false,"ev":"game","ms":145492,"predicted":false,"t":4,"tick":8594,"type":"hit"}
[client] {"a":6,"dup":false,"ev":"game","ms":145823,"predicted":false,"t":4,"tick":8614,"type":"hit"}
[client] {"a":7,"dup":false,"ev":"game","ms":146037,"predicted":false,"t":0,"tick":8627,"type":"hit"}
[client] {"a":4,"dup":true,"ev":"game","ms":146140,"predicted":false,"t":6,"tick":8639,"type":"hit"}
[client] {"a":7,"dup":false,"ev":"game","ms":146355,"predicted":false,"t":0,"tick":8646,"type":"hit"}
[client] {"a":2,"dup":false,"ev":"game","ms":146492,"predicted":false,"t":6,"tick":8654,"type":"hit"}
[client] {"a":1,"dup":false,"ev":"game","ms":146555,"predicted":false,"t":5,"tick":8658,"type":"hit"}
[client] {"a":4,"dup":true,"ev":"game","ms":146623,"predicted":false,"t":7,"tick":8668,"type":"hit"}
[client] {"a":0,"dup":false,"ev":"game","ms":146706,"predicted":false,"t":7,"tick":8667,"type":"hit"}
[client] {"a":0,"dup":false,"ev":"game","ms":146754,"predicted":false,"t":8,"tick":8670,"type":"hit"}
[client] {"a":1,"dup":false,"ev":"game","ms":146838,"predicted":false,"t":5,"tick":8675,"type":"hit"}
[client] {"a":6,"dup":false,"ev":"game","ms":146858,"predicted":false,"t":2,"tick":8676,"type":"hit"}
[client] {"a":2,"dup":false,"ev":"game","ms":147172,"predicted":false,"t":6,"tick":8695,"type":"hit"}
[client] {"a":5,"dup":false,"ev":"game","ms":147255,"predicted":false,"t":1,"tick":8700,"type":"hit"}
[client] {"a":0,"dup":false,"ev":"game","ms":147373,"predicted":false,"t":5,"tick":8707,"type":"hit"}
[client] {"a":9,"dup":false,"ev":"game","ms":147489,"predicted":false,"t":1,"tick":8714,"type":"hit"}
[client] {"a":2,"dup":false,"ev":"game","ms":147786,"predicted":false,"t":6,"tick":8732,"type":"hit"}
[client] {"a":1,"dup":false,"ev":"game","ms":147834,"predicted":false,"t":8,"tick":8735,"type":"hit"}
[client] {"a":1,"dup":false,"ev":"game","ms":148152,"predicted":false,"t":8,"tick":8754,"type":"hit"}
[client] {"a":7,"dup":false,"ev":"game","ms":148304,"predicted":false,"t":1,"tick":8763,"type":"hit"}
[client] {"a":6,"dup":false,"ev":"game","ms":148574,"predicted":false,"t":2,"tick":8779,"type":"hit"}
[client] {"a":3,"dup":false,"ev":"game","ms":149008,"predicted":false,"t":9,"tick":8805,"type":"hit"}
[client] {"counts":{"blocks_on_me":0,"conf_actions":100,"confirmed_hits":363,"dup_confirmed":0,"hits_on_me":25,"pred_actions":102,"predicted_confirmed":48,"predicted_hits":82,"reconnects":0},"ev":"stats","hp":186.300000000002,"in_bytes":2022124,"late":0,"local_entity":4,"match":{"countdown_until":300,"ctrl":-1,"final":false,"next":"","phase":3,"rot":2231,"scores":[6,10],"sd":false,"state":3,"tick":8569,"zone":"C"},"max_err":1.168,"mean_err":0.0192,"ms":149972,"out_bytes":434499,"pending":6,"pos":[43.08,0.27],"reconciles":2947,"server_tick":8868,"snaps":2955,"teleports":3}
[client] {"counts":{"blocks_on_me":0,"conf_actions":100,"confirmed_hits":363,"dup_confirmed":0,"hits_on_me":25,"pred_actions":102,"predicted_confirmed":48,"predicted_hits":82,"reconnects":0},"ev":"stats","hp":186.300000000002,"in_bytes":2022496,"late":0,"local_entity":4,"match":{"countdown_until":300,"ctrl":-1,"final":false,"next":"","phase":3,"rot":2228,"scores":[6,10],"sd":false,"state":3,"tick":8572,"zone":"C"},"max_err":1.168,"mean_err":0.0192,"ms":150007,"out_bytes":434597,"pending":5,"pos":[43.08,0.27],"reconciles":2948,"server_tick":8870,"snaps":2956,"teleports":3}
