Godot Engine v4.7.2.stable.official.ed1daf0bf - https://godotengine.org

[client] {"detail":"127.0.0.1:24610","ev":"status","ms":1,"status":"connecting"}
[client] {"detail":"","ev":"status","ms":16,"status":"connected"}
[client] {"ev":"welcome","ms":23,"observer":false,"pid":11}
[client] {"ev":"pick","f":"scrap","ms":23}
[client] {"ev":"lock","f":"scrap","ms":1003}
[client] {"ev":"match_setup","fighters":10,"ms":2196,"you":9}
[client] {"ev":"stats","hp":260.0,"in_bytes":74164,"late":0,"match":{"countdown_until":300,"ctrl":-1,"final":false,"next":"","phase":2,"rot":3600,"scores":[0,0],"sd":false,"state":1,"tick":0,"zone":""},"max_err":1.088,"mean_err":0.3948,"ms":4945,"out_bytes":8301,"pending":7,"pos":[5.95,47.68],"reconciles":32,"server_tick":174,"snaps":36}
[client] {"ev":"stats","hp":260.0,"in_bytes":111129,"late":0,"match":{"countdown_until":300,"ctrl":-1,"final":false,"next":"","phase":3,"rot":3437,"scores":[0,0],"sd":false,"state":1,"tick":163,"zone":"B"},"max_err":1.088,"mean_err":0.2231,"ms":9951,"out_bytes":23001,"pending":10,"pos":[1.8,29.37],"reconciles":118,"server_tick":467,"snaps":125}
[client] {"ev":"stats","hp":260.0,"in_bytes":157071,"late":0,"match":{"countdown_until":300,"ctrl":-1,"final":false,"next":"","phase":3,"rot":3182,"scores":[0,0],"sd":false,"state":3,"tick":418,"zone":"B"},"max_err":1.35,"mean_err":0.206,"ms":14948,"out_bytes":37701,"pending":6,"pos":[-2.69,0.78],"reconciles":199,"server_tick":719,"snaps":210}
[client] {"a":6,"dup":false,"ev":"game","ms":15433,"predicted":false,"t":0,"tick":741,"type":"hit"}
[client] {"a":2,"dup":false,"ev":"game","ms":15697,"predicted":false,"t":6,"tick":757,"type":"hit"}
[client] {"a":8,"dup":false,"ev":"game","ms":15817,"predicted":false,"t":0,"tick":764,"type":"hit"}
[client] {"a":2,"dup":false,"ev":"game","ms":16033,"predicted":false,"t":6,"tick":777,"type":"hit"}
[client] {"a":8,"dup":false,"ev":"game","ms":16247,"predicted":false,"t":0,"tick":789,"type":"hit"}
[client] {"a":9,"dup":true,"ev":"game","ms":16268,"predicted":false,"t":2,"tick":795,"type":"hit"}
[client] {"a":8,"dup":false,"ev":"game","ms":16281,"predicted":false,"t":4,"tick":791,"type":"hit"}
[client] {"a":9,"dup":true,"ev":"game","ms":16317,"predicted":false,"t":3,"tick":798,"type":"hit"}
[client] {"a":8,"dup":false,"ev":"game","ms":16847,"predicted":false,"t":1,"tick":825,"type":"hit"}
[client] {"a":0,"dup":false,"ev":"game","ms":16932,"predicted":false,"t":8,"tick":830,"type":"hit"}
[client] {"a":2,"dup":false,"ev":"game","ms":17052,"predicted":false,"t":8,"tick":837,"type":"hit"}
[client] {"a":4,"dup":false,"ev":"game","ms":17214,"predicted":false,"t":8,"tick":847,"type":"hit"}
[client] {"a":9,"dup":true,"ev":"game","ms":17634,"predicted":false,"t":0,"tick":878,"type":"hit"}
[client] {"a":8,"dup":false,"ev":"game","ms":18217,"predicted":false,"t":0,"tick":907,"type":"hit"}
[client] {"a":5,"dup":false,"ev":"game","ms":18412,"predicted":false,"t":0,"tick":918,"type":"hit"}
[client] {"a":9,"dup":true,"ev":"game","ms":18555,"predicted":false,"t":4,"tick":930,"type":"hit"}
[client] {"a":1,"dup":false,"ev":"game","ms":18837,"predicted":false,"t":5,"tick":940,"type":"hit"}
[client] {"a":8,"dup":false,"ev":"game","ms":19019,"predicted":false,"t":4,"tick":946,"type":"hit"}
[client] {"a":9,"dup":true,"ev":"game","ms":19150,"predicted":false,"t":4,"tick":949,"type":"hit"}
[client] {"a":6,"dup":false,"ev":"game","ms":19259,"predicted":false,"t":3,"tick":951,"type":"hit"}
[client] {"a":0,"dup":false,"ev":"game","ms":19499,"predicted":false,"t":5,"tick":959,"type":"hit"}
[client] {"a":8,"dup":false,"ev":"game","ms":19534,"predicted":false,"t":1,"tick":963,"type":"hit"}
[client] {"a":8,"dup":false,"ev":"game","ms":19534,"predicted":false,"t":2,"tick":964,"type":"hit"}
[client] {"a":8,"dup":false,"ev":"game","ms":19553,"predicted":false,"t":0,"tick":966,"type":"hit"}
[client] {"a":9,"dup":true,"ev":"game","ms":19570,"predicted":false,"t":2,"tick":969,"type":"hit"}
[client] {"a":8,"dup":false,"ev":"game","ms":19781,"predicted":false,"t":1,"tick":982,"type":"hit"}
[client] {"a":4,"dup":false,"ev":"game","ms":19834,"predicted":false,"t":9,"tick":985,"type":"hit"}
[client] {"ev":"stats","hp":242.0,"in_bytes":227573,"late":0,"match":{"countdown_until":300,"ctrl":-1,"final":false,"next":"","phase":3,"rot":2906,"scores":[0,0],"sd":false,"state":3,"tick":694,"zone":"B"},"max_err":1.35,"mean_err":0.1542,"ms":19946,"out_bytes":52401,"pending":6,"pos":[-1.6,-3.65],"reconciles":291,"server_tick":995,"snaps":302}
[client] {"a":6,"dup":false,"ev":"game","ms":19948,"predicted":false,"t":3,"tick":991,"type":"hit"}
[client] {"a":0,"dup":false,"ev":"game","ms":19968,"predicted":false,"t":8,"tick":992,"type":"hit"}
[client] {"a":4,"dup":false,"ev":"game","ms":20231,"predicted":false,"t":9,"tick":1006,"type":"hit"}
[client] {"a":4,"dup":false,"ev":"game","ms":20299,"predicted":false,"t":5,"tick":1010,"type":"hit"}
[client] {"a":8,"dup":false,"ev":"game","ms":20362,"predicted":false,"t":0,"tick":1014,"type":"hit"}
[client] {"a":8,"dup":false,"ev":"game","ms":20400,"predicted":false,"t":2,"tick":1016,"type":"hit"}
[client] {"a":7,"dup":false,"ev":"game","ms":20451,"predicted":false,"t":0,"tick":1019,"type":"hit"}
[client] {"a":4,"dup":false,"ev":"game","ms":20501,"predicted":false,"t":9,"tick":1022,"type":"hit"}
[client] {"a":4,"dup":false,"ev":"game","ms":20545,"predicted":false,"t":5,"tick":1024,"type":"hit"}
[client] {"a":1,"dup":false,"ev":"game","ms":20651,"predicted":false,"t":8,"tick":1030,"type":"hit"}
[client] {"a":9,"dup":true,"ev":"game","ms":21165,"predicted":false,"t":4,"tick":1065,"type":"hit"}
[client] {"a":2,"dup":false,"ev":"game","ms":21232,"predicted":false,"t":6,"tick":1064,"type":"hit"}
[client] {"a":7,"dup":false,"ev":"game","ms":21281,"predicted":false,"t":4,"tick":1067,"type":"hit"}
[client] {"a":1,"dup":false,"ev":"game","ms":21298,"predicted":false,"t":8,"tick":1068,"type":"hit"}
[client] {"a":1,"dup":false,"ev":"game","ms":21364,"predicted":false,"t":7,"tick":1072,"type":"hit"}
[client] {"a":1,"dup":false,"ev":"game","ms":21398,"predicted":false,"t":9,"tick":1074,"type":"hit"}
[client] {"a":0,"dup":false,"ev":"game","ms":21774,"predicted":false,"t":6,"tick":1095,"type":"hit"}
[client] {"a":5,"dup":false,"ev":"game","ms":21834,"predicted":false,"t":4,"tick":1099,"type":"hit"}
[client] {"a":5,"dup":false,"ev":"game","ms":22181,"predicted":false,"t":1,"tick":1119,"type":"hit"}
[client] {"a":7,"dup":false,"ev":"game","ms":22206,"predicted":false,"t":1,"tick":1120,"type":"hit"}
[client] {"a":5,"dup":false,"ev":"game","ms":22231,"predicted":false,"t":4,"tick":1122,"type":"hit"}
[client] {"a":8,"dup":false,"ev":"game","ms":22231,"predicted":false,"t":1,"tick":1122,"type":"hit"}
[client] {"a":8,"dup":false,"ev":"game","ms":22283,"predicted":false,"t":4,"tick":1124,"type":"hit"}
[client] {"a":6,"dup":false,"ev":"game","ms":22771,"predicted":false,"t":3,"tick":1146,"type":"hit"}
[client] {"a":8,"dup":false,"ev":"game","ms":23930,"predicted":false,"t":3,"tick":1194,"type":"hit"}
[client] {"a":6,"dup":false,"ev":"game","ms":24736,"predicted":false,"t":2,"tick":1216,"type":"hit"}
[client] {"ev":"stats","hp":170.0,"in_bytes":283973,"late":0,"match":{"countdown_until":300,"ctrl":-1,"final":false,"next":"","phase":3,"rot":2678,"scores":[0,0],"sd":false,"state":3,"tick":922,"zone":"B"},"max_err":1.35,"mean_err":0.1446,"ms":25014,"out_bytes":67101,"pending":9,"pos":[-0.18,-2.77],"reconciles":368,"server_tick":1247,"snaps":378}
[client] {"a":1,"dup":false,"ev":"game","ms":25495,"predicted":false,"t":6,"tick":1235,"type":"hit"}
[client] {"a":7,"dup":false,"ev":"game","ms":25539,"predicted":false,"t":2,"tick":1236,"type":"hit"}
[client] {"a":0,"dup":false,"ev":"game","ms":25731,"predicted":false,"t":8,"tick":1246,"type":"hit"}
[client] {"a":1,"dup":false,"ev":"game","ms":26178,"predicted":false,"t":6,"tick":1269,"type":"hit"}
[client] {"a":1,"dup":false,"ev":"game","ms":26229,"predicted":false,"t":7,"tick":1272,"type":"hit"}
[client] {"a":4,"dup":false,"ev":"game","ms":26401,"predicted":false,"t":8,"tick":1282,"type":"hit"}
[client] {"a":5,"dup":false,"ev":"game","ms":26436,"predicted":false,"t":0,"tick":1284,"type":"hit"}
[client] {"a":4,"dup":false,"ev":"game","ms":26875,"predicted":false,"t":8,"tick":1302,"type":"hit"}
[client] {"a":5,"dup":false,"ev":"game","ms":26992,"predicted":false,"t":0,"tick":1305,"type":"hit"}
[client] {"a":3,"dup":false,"ev":"game","ms":27134,"predicted":false,"t":5,"tick":1318,"type":"hit"}
[client] {"a":2,"dup":false,"ev":"game","ms":27251,"predicted":false,"t":6,"tick":1325,"type":"hit"}
[client] {"a":0,"dup":false,"ev":"game","ms":27334,"predicted":false,"t":5,"tick":1329,"type":"hit"}
[client] {"a":4,"dup":false,"ev":"game","ms":27382,"predicted":false,"t":8,"tick":1332,"type":"hit"}
[client] {"a":8,"dup":false,"ev":"game","ms":27383,"predicted":false,"t":-1,"tick":1332,"type":"ko"}
[client] {"a":5,"dup":false,"ev":"game","ms":27748,"predicted":false,"t":0,"tick":1353,"type":"hit"}
[client] {"a":6,"dup":false,"ev":"game","ms":27783,"predicted":false,"t":1,"tick":1355,"type":"hit"}
[client] {"a":3,"dup":false,"ev":"game","ms":27831,"predicted":false,"t":5,"tick":1358,"type":"hit"}
[client] {"a":9,"dup":true,"ev":"game","ms":27929,"predicted":false,"t":1,"tick":1370,"type":"hit"}
[client] {"a":6,"dup":false,"ev":"game","ms":28114,"predicted":false,"t":1,"tick":1375,"type":"hit"}
[client] {"a":0,"dup":false,"ev":"game","ms":28400,"predicted":false,"t":5,"tick":1392,"type":"hit"}
[client] {"a":3,"dup":false,"ev":"game","ms":28418,"predicted":false,"t":5,"tick":1393,"type":"hit"}
[client] {"a":6,"dup":false,"ev":"game","ms":28486,"predicted":false,"t":1,"tick":1397,"type":"hit"}
[client] {"a":6,"dup":false,"ev":"game","ms":28486,"predicted":false,"t":2,"tick":1397,"type":"hit"}
[client] {"a":4,"dup":false,"ev":"game","ms":28629,"predicted":false,"t":5,"tick":1406,"type":"hit"}
[client] {"a":0,"dup":false,"ev":"game","ms":28681,"predicted":false,"t":5,"tick":1409,"type":"hit"}
[client] {"a":0,"dup":false,"ev":"game","ms":29080,"predicted":false,"t":5,"tick":1432,"type":"hit"}
[client] {"a":9,"dup":false,"ev":"game","ms":29084,"predicted":false,"t":1,"tick":1437,"type":"block"}
[client] {"a":3,"dup":false,"ev":"game","ms":29109,"predicted":false,"t":5,"tick":1434,"type":"hit"}
[client] {"a":5,"dup":false,"ev":"game","ms":29109,"predicted":false,"t":-1,"tick":1434,"type":"ko"}
[client] {"a":2,"dup":false,"ev":"game","ms":29150,"predicted":false,"t":6,"tick":1437,"type":"hit"}
[client] {"a":3,"dup":false,"ev":"game","ms":29182,"predicted":false,"t":7,"tick":1439,"type":"hit"}
[client] {"a":9,"dup":true,"ev":"game","ms":29326,"predicted":false,"t":1,"tick":1453,"type":"hit"}
[client] {"a":1,"dup":false,"ev":"game","ms":29418,"predicted":false,"t":-1,"tick":1453,"type":"ko"}
[client] {"a":0,"dup":false,"ev":"game","ms":29668,"predicted":false,"t":6,"tick":1468,"type":"hit"}
[client] {"a":3,"dup":false,"ev":"game","ms":29727,"predicted":false,"t":6,"tick":1472,"type":"hit"}
[client] {"a":3,"dup":false,"ev":"game","ms":29779,"predicted":false,"t":7,"tick":1475,"type":"hit"}
[client] {"a":2,"dup":false,"ev":"game","ms":29824,"predicted":false,"t":9,"tick":1477,"type":"hit"}
[client] {"ev":"stats","hp":152.0,"in_bytes":352252,"late":0,"match":{"countdown_until":300,"ctrl":-1,"final":false,"next":"","phase":3,"rot":2414,"scores":[0,0],"sd":false,"state":3,"tick":1186,"zone":"B"},"max_err":1.35,"mean_err":0.1218,"ms":29943,"out_bytes":81801,"pending":7,"pos":[1.89,-2.06],"reconciles":456,"server_tick":1489,"snaps":466}
[client] {"a":3,"dup":false,"ev":"game","ms":30112,"predicted":false,"t":7,"tick":1494,"type":"hit"}
[client] {"a":2,"dup":false,"ev":"game","ms":30143,"predicted":false,"t":9,"tick":1496,"type":"hit"}
[client] {"a":0,"dup":false,"ev":"game","ms":30164,"predicted":false,"t":7,"tick":1497,"type":"hit"}
[client] {"a":6,"dup":false,"ev":"game","ms":30281,"predicted":false,"t":4,"tick":1505,"type":"hit"}
[client] {"a":2,"dup":false,"ev":"game","ms":30461,"predicted":false,"t":9,"tick":1516,"type":"hit"}
[client] {"a":6,"dup":false,"ev":"game","ms":30710,"predicted":false,"t":4,"tick":1531,"type":"hit"}
[client] {"a":3,"dup":false,"ev":"game","ms":30792,"predicted":false,"t":7,"tick":1536,"type":"hit"}
[client] {"a":3,"dup":false,"ev":"game","ms":30792,"predicted":false,"t":9,"tick":1536,"type":"hit"}
[client] {"a":6,"dup":false,"ev":"game","ms":31061,"predicted":false,"t":4,"tick":1552,"type":"hit"}
[client] {"a":4,"dup":false,"ev":"game","ms":31061,"predicted":false,"t":-1,"tick":1552,"type":"ko"}
[client] {"a":3,"dup":false,"ev":"game","ms":31283,"predicted":false,"t":9,"tick":1565,"type":"hit"}
[client] {"a":6,"dup":false,"ev":"game","ms":31310,"predicted":false,"t":0,"tick":1567,"type":"hit"}
[client] {"a":0,"dup":false,"ev":"game","ms":31310,"predicted":false,"t":-1,"tick":1567,"type":"ko"}
[client] {"a":3,"dup":false,"ev":"game","ms":31627,"predicted":false,"t":9,"tick":1586,"type":"hit"}
[client] {"a":2,"dup":false,"ev":"game","ms":31862,"predicted":false,"t":9,"tick":1600,"type":"hit"}
[client] {"a":9,"dup":false,"ev":"game","ms":31931,"predicted":false,"t":-1,"tick":1609,"type":"ko"}
[client] {"a":3,"dup":false,"ev":"game","ms":32014,"predicted":false,"t":9,"tick":1609,"type":"hit"}
[client] {"a":7,"dup":false,"ev":"game","ms":32248,"predicted":false,"t":3,"tick":1623,"type":"hit"}
[client] {"a":7,"dup":false,"ev":"game","ms":32563,"predicted":false,"t":3,"tick":1642,"type":"hit"}
[client] {"a":2,"dup":false,"ev":"game","ms":32875,"predicted":false,"t":7,"tick":1661,"type":"hit"}
[client] {"a":3,"dup":false,"ev":"game","ms":32930,"predicted":false,"t":7,"tick":1664,"type":"hit"}
[client] {"a":7,"dup":false,"ev":"game","ms":32930,"predicted":false,"t":-1,"tick":1664,"type":"ko"}
[client] {"a":6,"dup":false,"ev":"game","ms":33091,"predicted":false,"t":3,"tick":1674,"type":"hit"}
[client] {"a":6,"dup":false,"ev":"game","ms":33477,"predicted":false,"t":3,"tick":1697,"type":"hit"}
[client] {"a":3,"dup":false,"ev":"game","ms":33981,"predicted":false,"t":6,"tick":1727,"type":"hit"}
[client] {"a":3,"dup":false,"ev":"game","ms":34314,"predicted":false,"t":6,"tick":1747,"type":"hit"}
[client] {"a":6,"dup":false,"ev":"game","ms":34314,"predicted":false,"t":-1,"tick":1747,"type":"ko"}
[client] {"ev":"stats","hp":0.0,"in_bytes":415101,"late":0,"match":{"countdown_until":300,"ctrl":0,"final":false,"next":"","phase":3,"rot":2108,"scores":[0,0],"sd":false,"state":2,"tick":1492,"zone":"B"},"max_err":1.35,"mean_err":0.1066,"ms":34954,"out_bytes":96501,"pending":5,"pos":[0.0,-3.41],"reconciles":557,"server_tick":1790,"snaps":568}
[client] {"a":8,"dup":false,"ev":"game","ms":37395,"predicted":false,"t":-1,"tick":1932,"type":"respawn"}
[client] {"a":5,"dup":false,"ev":"game","ms":39079,"predicted":false,"t":-1,"tick":2034,"type":"respawn"}
[client] {"a":1,"dup":false,"ev":"game","ms":39396,"predicted":false,"t":-1,"tick":2053,"type":"respawn"}
[client] {"ev":"stats","hp":0.0,"in_bytes":458705,"late":0,"match":{"countdown_until":300,"ctrl":0,"final":false,"next":"","phase":3,"rot":1808,"scores":[5,0],"sd":false,"state":2,"tick":1792,"zone":"B"},"max_err":1.35,"mean_err":0.0905,"ms":39947,"out_bytes":111201,"pending":5,"pos":[0.0,-3.41],"reconciles":656,"server_tick":2090,"snaps":668}
[client] {"a":4,"dup":false,"ev":"game","ms":41066,"predicted":false,"t":-1,"tick":2152,"type":"respawn"}
[client] {"a":0,"dup":false,"ev":"game","ms":41314,"predicted":false,"t":-1,"tick":2167,"type":"respawn"}
[client] {"a":9,"dup":false,"ev":"game","ms":41915,"predicted":false,"t":-1,"tick":2209,"type":"respawn"}
[client] {"a":7,"dup":false,"ev":"game","ms":42916,"predicted":false,"t":-1,"tick":2264,"type":"respawn"}
[client] {"a":6,"dup":false,"ev":"game","ms":44376,"predicted":false,"t":-1,"tick":2347,"type":"respawn"}
[client] {"ev":"stats","hp":260.0,"in_bytes":509216,"late":0,"match":{"countdown_until":300,"ctrl":-1,"final":false,"next":"","phase":3,"rot":1511,"scores":[8,0],"sd":false,"state":3,"tick":2089,"zone":"B"},"max_err":1.35,"mean_err":0.0817,"ms":44946,"out_bytes":125901,"pending":4,"pos":[-2.28,29.73],"reconciles":754,"server_tick":2387,"snaps":767}
[client] {"a":8,"dup":false,"ev":"game","ms":45182,"predicted":false,"t":3,"tick":2396,"type":"hit"}
[client] {"a":8,"dup":false,"ev":"game","ms":45749,"predicted":false,"t":3,"tick":2430,"type":"hit"}
[client] {"a":8,"dup":false,"ev":"game","ms":45762,"predicted":false,"t":2,"tick":2431,"type":"hit"}
[client] {"a":8,"dup":false,"ev":"game","ms":46577,"predicted":false,"t":3,"tick":2480,"type":"hit"}
[client] {"a":8,"dup":false,"ev":"game","ms":46612,"predicted":false,"t":2,"tick":2482,"type":"hit"}
[client] {"a":1,"dup":false,"ev":"game","ms":46634,"predicted":false,"t":8,"tick":2483,"type":"hit"}
[client] {"a":3,"dup":false,"ev":"game","ms":47255,"predicted":false,"t":5,"tick":2521,"type":"block"}
[client] {"a":8,"dup":false,"ev":"game","ms":47548,"predicted":false,"t":3,"tick":2538,"type":"hit"}
[client] {"a":1,"dup":false,"ev":"game","ms":47753,"predicted":false,"t":5,"tick":2550,"type":"block"}
[client] {"a":8,"dup":false,"ev":"game","ms":47869,"predicted":false,"t":3,"tick":2557,"type":"hit"}
[client] {"a":1,"dup":false,"ev":"game","ms":48151,"predicted":false,"t":5,"tick":2574,"type":"block"}
[client] {"a":3,"dup":false,"ev":"game","ms":48284,"predicted":false,"t":8,"tick":2581,"type":"hit"}
[client] {"a":3,"dup":false,"ev":"game","ms":48288,"predicted":false,"t":5,"tick":2582,"type":"block"}
[client] {"a":0,"dup":false,"ev":"game","ms":48495,"predicted":false,"t":5,"tick":2595,"type":"block"}
[client] {"a":0,"dup":false,"ev":"game","ms":48516,"predicted":false,"t":8,"tick":2596,"type":"hit"}
[client] {"a":1,"dup":false,"ev":"game","ms":48564,"predicted":false,"t":5,"tick":2599,"type":"block"}
[client] {"a":3,"dup":false,"ev":"game","ms":48950,"predicted":false,"t":5,"tick":2622,"type":"block"}
[client] {"a":0,"dup":false,"ev":"game","ms":49129,"predicted":false,"t":5,"tick":2633,"type":"block"}
[client] {"a":1,"dup":false,"ev":"game","ms":49158,"predicted":false,"t":5,"tick":2634,"type":"block"}
[client] {"a":4,"dup":false,"ev":"game","ms":49164,"predicted":false,"t":8,"tick":2635,"type":"hit"}
[client] {"a":0,"dup":false,"ev":"game","ms":49461,"predicted":false,"t":5,"tick":2654,"type":"block"}
[client] {"a":4,"dup":false,"ev":"game","ms":49481,"predicted":false,"t":8,"tick":2655,"type":"hit"}
[client] {"a":0,"dup":false,"ev":"game","ms":49718,"predicted":false,"t":5,"tick":2668,"type":"guard_break"}
[client] {"a":4,"dup":false,"ev":"game","ms":49837,"predicted":false,"t":8,"tick":2675,"type":"hit"}
[client] {"a":9,"dup":true,"ev":"game","ms":49837,"predicted":false,"t":3,"tick":2680,"type":"hit"}
[client] {"a":3,"dup":false,"ev":"game","ms":49925,"predicted":false,"t":5,"tick":2680,"type":"hit"}
[client] {"ev":"stats","hp":260.0,"in_bytes":575997,"late":0,"match":{"countdown_until":300,"ctrl":-1,"final":false,"next":"","phase":3,"rot":1211,"scores":[8,0],"sd":false,"state":3,"tick":2389,"zone":"B"},"max_err":1.35,"mean_err":0.0723,"ms":49962,"out_bytes":140601,"pending":5,"pos":[-2.44,-1.41],"reconciles":854,"server_tick":2687,"snaps":867}
[client] {"a":1,"dup":false,"ev":"game","ms":50080,"predicted":false,"t":5,"tick":2690,"type":"hit"}
[client] {"a":9,"dup":true,"ev":"game","ms":50163,"predicted":false,"t":3,"tick":2700,"type":"hit"}
[client] {"a":8,"dup":false,"ev":"game","ms":50528,"predicted":false,"t":4,"tick":2717,"type":"hit"}
[client] {"a":9,"dup":true,"ev":"game","ms":50814,"predicted":false,"t":1,"tick":2740,"type":"hit"}
[client] {"a":9,"dup":true,"ev":"game","ms":50814,"predicted":false,"t":3,"tick":2740,"type":"hit"}
[client] {"a":3,"dup":false,"ev":"game","ms":50917,"predicted":false,"t":-1,"tick":2740,"type":"ko"}
[client] {"a":0,"dup":false,"ev":"game","ms":51094,"predicted":false,"t":9,"tick":2751,"type":"hit"}
[client] {"a":0,"dup":false,"ev":"game","ms":51211,"predicted":false,"t":7,"tick":2757,"type":"hit"}
[client] {"a":8,"dup":false,"ev":"game","ms":51530,"predicted":false,"t":0,"tick":2776,"type":"hit"}
[client] {"a":4,"dup":false,"ev":"game","ms":51867,"predicted":false,"t":5,"tick":2797,"type":"hit"}
[client] {"a":8,"dup":false,"ev":"game","ms":51952,"predicted":false,"t":0,"tick":2802,"type":"hit"}
[client] {"a":0,"dup":false,"ev":"game","ms":52494,"predicted":false,"t":5,"tick":2835,"type":"hit"}
[client] {"a":0,"dup":false,"ev":"game","ms":52495,"predicted":false,"t":8,"tick":2835,"type":"hit"}
[client] {"a":2,"dup":false,"ev":"game","ms":52671,"predicted":false,"t":8,"tick":2845,"type":"hit"}
[client] {"a":2,"dup":false,"ev":"game","ms":52715,"predicted":false,"t":5,"tick":2848,"type":"hit"}
[client] {"a":0,"dup":false,"ev":"game","ms":52784,"predicted":false,"t":5,"tick":2852,"type":"hit"}
[client] {"a":7,"dup":false,"ev":"game","ms":52810,"predicted":false,"t":2,"tick":2853,"type":"hit"}
[client] {"a":7,"dup":false,"ev":"game","ms":53008,"predicted":false,"t":0,"tick":2866,"type":"hit"}
[client] {"a":7,"dup":false,"ev":"game","ms":53028,"predicted":false,"t":2,"tick":2867,"type":"hit"}
[client] {"a":4,"dup":false,"ev":"game","ms":53546,"predicted":false,"t":5,"tick":2898,"type":"hit"}
[client] {"a":4,"dup":false,"ev":"game","ms":53546,"predicted":false,"t":8,"tick":2898,"type":"hit"}
[client] {"a":8,"dup":false,"ev":"game","ms":53546,"predicted":false,"t":-1,"tick":2898,"type":"ko"}
[client] {"a":7,"dup":false,"ev":"game","ms":53877,"predicted":false,"t":2,"tick":2918,"type":"hit"}
[client] {"a":1,"dup":false,"ev":"game","ms":53989,"predicted":false,"t":6,"tick":2924,"type":"hit"}
[client] {"a":1,"dup":false,"ev":"game","ms":54073,"predicted":false,"t":7,"tick":2929,"type":"hit"}
[client] {"a":5,"dup":false,"ev":"game","ms":54204,"predicted":false,"t":0,"tick":2937,"type":"hit"}
[client] {"a":2,"dup":false,"ev":"game","ms":54301,"predicted":false,"t":5,"tick":2944,"type":"hit"}
[client] {"a":4,"dup":false,"ev":"game","ms":54494,"predicted":false,"t":9,"tick":2956,"type":"hit"}
[client] {"a":7,"dup":false,"ev":"game","ms":54583,"predicted":false,"t":4,"tick":2961,"type":"hit"}
[client] {"a":6,"dup":false,"ev":"game","ms":54797,"predicted":false,"t":0,"tick":2974,"type":"hit"}
[client] {"a":9,"dup":true,"ev":"game","ms":54866,"predicted":false,"t":4,"tick":2983,"type":"hit"}
[client] {"a":7,"dup":false,"ev":"game","ms":54893,"predicted":false,"t":4,"tick":2980,"type":"hit"}
[client] {"ev":"stats","hp":204.0,"in_bytes":649223,"late":0,"match":{"countdown_until":300,"ctrl":-1,"final":false,"next":"","phase":3,"rot":911,"scores":[8,0],"sd":false,"state":3,"tick":2689,"zone":"B"},"max_err":1.35,"mean_err":0.0679,"ms":54948,"out_bytes":155301,"pending":5,"pos":[-3.84,-1.98],"reconciles":954,"server_tick":2987,"snaps":967}
[client] {"a":6,"dup":false,"ev":"game","ms":55163,"predicted":false,"t":0,"tick":2996,"type":"hit"}
[client] {"a":9,"dup":true,"ev":"game","ms":55197,"predicted":false,"t":4,"tick":3003,"type":"hit"}
[client] {"a":7,"dup":false,"ev":"game","ms":55232,"predicted":false,"t":4,"tick":3000,"type":"hit"}
[client] {"a":9,"dup":false,"ev":"game","ms":55549,"predicted":false,"t":4,"tick":3024,"type":"hit"}
[client] {"a":6,"dup":false,"ev":"game","ms":55563,"predicted":false,"t":1,"tick":3020,"type":"hit"}
[client] {"a":6,"dup":false,"ev":"game","ms":55598,"predicted":false,"t":0,"tick":3022,"type":"hit"}
[client] {"a":2,"dup":false,"ev":"game","ms":56032,"predicted":false,"t":5,"tick":3047,"type":"block"}
[client] {"a":1,"dup":false,"ev":"game","ms":56279,"predicted":false,"t":6,"tick":3061,"type":"hit"}
[client] {"a":4,"dup":false,"ev":"game","ms":56396,"predicted":false,"t":7,"tick":3069,"type":"hit"}
[client] {"a":0,"dup":false,"ev":"game","ms":56430,"predicted":false,"t":5,"tick":3071,"type":"hit"}
[client] {"a":2,"dup":false,"ev":"game","ms":56617,"predicted":false,"t":5,"tick":3082,"type":"hit"}
[client] {"a":6,"dup":false,"ev":"game","ms":56680,"predicted":false,"t":1,"tick":3086,"type":"hit"}
[client] {"a":2,"dup":false,"ev":"game","ms":57228,"predicted":false,"t":9,"tick":3119,"type":"hit"}
[client] {"a":5,"dup":false,"ev":"game","ms":57272,"predicted":false,"t":0,"tick":3121,"type":"hit"}
[client] {"a":5,"dup":false,"ev":"game","ms":57283,"predicted":false,"t":2,"tick":3122,"type":"hit"}
[client] {"a":6,"dup":false,"ev":"game","ms":57361,"predicted":false,"t":1,"tick":3127,"type":"hit"}
[client] {"a":9,"dup":true,"ev":"game","ms":57582,"predicted":false,"t":0,"tick":3145,"type":"hit"}
[client] {"a":5,"dup":false,"ev":"game","ms":57927,"predicted":false,"t":1,"tick":3161,"type":"hit"}
[client] {"a":7,"dup":false,"ev":"game","ms":58148,"predicted":false,"t":4,"tick":3174,"type":"hit"}
[client] {"a":5,"dup":false,"ev":"game","ms":58684,"predicted":false,"t":1,"tick":3206,"type":"hit"}
[client] {"a":0,"dup":false,"ev":"game","ms":59003,"predicted":false,"t":9,"tick":3225,"type":"hit"}
[client] {"a":2,"dup":false,"ev":"game","ms":59034,"predicted":false,"t":6,"tick":3227,"type":"hit"}
[client] {"a":7,"dup":false,"ev":"game","ms":59094,"predicted":false,"t":4,"tick":3231,"type":"hit"}
[client] {"a":0,"dup":false,"ev":"game","ms":59301,"predicted":false,"t":9,"tick":3243,"type":"hit"}
[client] {"a":5,"dup":false,"ev":"game","ms":59321,"predicted":false,"t":1,"tick":3244,"type":"hit"}
[client] {"a":9,"dup":true,"ev":"game","ms":59517,"predicted":false,"t":0,"tick":3262,"type":"hit"}
[client] {"a":1,"dup":false,"ev":"game","ms":59660,"predicted":false,"t":5,"tick":3265,"type":"hit"}
[client] {"a":4,"dup":false,"ev":"game","ms":59846,"predicted":false,"t":7,"tick":3276,"type":"hit"}
[client] {"a":6,"dup":false,"ev":"game","ms":59929,"predicted":false,"t":2,"tick":3281,"type":"hit"}
[client] {"ev":"stats","hp":150.0,"in_bytes":722174,"late":0,"match":{"countdown_until":300,"ctrl":-1,"final":false,"next":"A","phase":3,"rot":611,"scores":[8,0],"sd":false,"state":3,"tick":2989,"zone":"B"},"max_err":1.35,"mean_err":0.063,"ms":59941,"out_bytes":170001,"pending":5,"pos":[-5.01,-2.29],"reconciles":1054,"server_tick":3287,"snaps":1067}
[client] {"a":9,"dup":true,"ev":"game","ms":60032,"predicted":false,"t":0,"tick":3292,"type":"hit"}
[client] {"a":5,"dup":false,"ev":"game","ms":60060,"predicted":false,"t":1,"tick":3289,"type":"hit"}
[client] {"a":1,"dup":false,"ev":"game","ms":60660,"predicted":false,"t":5,"tick":3325,"type":"hit"}
[client] {"a":3,"dup":false,"ev":"game","ms":60919,"predicted":false,"t":-1,"tick":3340,"type":"respawn"}
[client] {"a":1,"dup":false,"ev":"game","ms":60978,"predicted":false,"t":5,"tick":3344,"type":"hit"}
[client] {"a":5,"dup":false,"ev":"game","ms":60978,"predicted":false,"t":-1,"tick":3344,"type":"ko"}
[client] {"a":9,"dup":true,"ev":"game","ms":61130,"predicted":false,"t":2,"tick":3358,"type":"hit"}
[client] {"a":4,"dup":false,"ev":"game","ms":61382,"predicted":false,"t":7,"tick":3368,"type":"hit"}
[client] {"a":9,"dup":true,"ev":"game","ms":61419,"predicted":false,"t":2,"tick":3376,"type":"hit"}
[client] {"a":1,"dup":false,"ev":"game","ms":61534,"predicted":false,"t":9,"tick":3377,"type":"hit"}
[client] {"a":9,"dup":true,"ev":"game","ms":61785,"predicted":false,"t":0,"tick":3398,"type":"hit"}
[client] {"a":0,"dup":false,"ev":"game","ms":61883,"predicted":false,"t":-1,"tick":3398,"type":"ko"}
[client] {"a":4,"dup":false,"ev":"game","ms":62131,"predicted":false,"t":7,"tick":3413,"type":"hit"}
[client] {"a":2,"dup":false,"ev":"game","ms":62145,"predicted":false,"t":9,"tick":3414,"type":"hit"}
[client] {"a":7,"dup":false,"ev":"game","ms":62519,"predicted":false,"t":4,"tick":3436,"type":"hit"}
[client] {"a":6,"dup":false,"ev":"game","ms":62566,"predicted":false,"t":1,"tick":3439,"type":"hit"}
[client] {"a":7,"dup":false,"ev":"game","ms":62744,"predicted":false,"t":4,"tick":3450,"type":"hit"}
[client] {"a":4,"dup":false,"ev":"game","ms":62744,"predicted":false,"t":-1,"tick":3450,"type":"ko"}
[client] {"a":1,"dup":false,"ev":"game","ms":62926,"predicted":false,"t":6,"tick":3461,"type":"hit"}
[client] {"a":1,"dup":false,"ev":"game","ms":63243,"predicted":false,"t":6,"tick":3480,"type":"hit"}
[client] {"a":1,"dup":false,"ev":"game","ms":63539,"predicted":false,"t":6,"tick":3498,"type":"hit"}
[client] {"a":8,"dup":false,"ev":"game","ms":63539,"predicted":false,"t":-1,"tick":3498,"type":"respawn"}
[client] {"a":1,"dup":false,"ev":"game","ms":63595,"predicted":false,"t":7,"tick":3501,"type":"hit"}
[client] {"a":9,"dup":true,"ev":"game","ms":64396,"predicted":false,"t":2,"tick":3554,"type":"hit"}
[client] {"a":2,"dup":false,"ev":"game","ms":64478,"predicted":false,"t":-1,"tick":3554,"type":"ko"}
[client] {"a":1,"dup":false,"ev":"game","ms":64527,"predicted":false,"t":7,"tick":3557,"type":"hit"}
[client] {"ev":"stats","hp":94.0,"in_bytes":789144,"late":0,"match":{"countdown_until":300,"ctrl":-1,"final":false,"next":"A","phase":3,"rot":314,"scores":[8,0],"sd":false,"state":3,"tick":3286,"zone":"B"},"max_err":1.35,"mean_err":0.0587,"ms":64942,"out_bytes":184701,"pending":5,"pos":[-2.28,-2.25],"reconciles":1154,"server_tick":3586,"snaps":1166}
[client] {"a":7,"dup":false,"ev":"game","ms":65495,"predicted":false,"t":1,"tick":3615,"type":"hit"}
[client] {"a":1,"dup":false,"ev":"game","ms":65495,"predicted":false,"t":-1,"tick":3615,"type":"ko"}
[client] {"a":6,"dup":false,"ev":"game","ms":67995,"predicted":false,"t":3,"tick":3766,"type":"hit"}
[client] {"a":6,"dup":false,"ev":"game","ms":68210,"predicted":false,"t":3,"tick":3779,"type":"hit"}
[client] {"a":3,"dup":false,"ev":"game","ms":69093,"predicted":false,"t":6,"tick":3831,"type":"hit"}
[client] {"a":6,"dup":false,"ev":"game","ms":69863,"predicted":false,"t":3,"tick":3877,"type":"hit"}
[client] {"ev":"stats","hp":94.0,"in_bytes":840111,"late":0,"match":{"countdown_until":300,"ctrl":-1,"final":false,"next":"A","phase":3,"rot":14,"scores":[8,1],"sd":false,"state":3,"tick":3586,"zone":"B"},"max_err":1.35,"mean_err":0.0554,"ms":69952,"out_bytes":199401,"pending":5,"pos":[-0.66,-3.07],"reconciles":1254,"server_tick":3887,"snaps":1266}
[client] {"a":6,"dup":false,"ev":"game","ms":70181,"predicted":false,"t":3,"tick":3896,"type":"hit"}
[client] {"a":-1,"dup":false,"ev":"game","ms":70236,"predicted":false,"t":-1,"tick":3899,"type":"zone_rotated"}
[client] {"a":7,"dup":false,"ev":"game","ms":70284,"predicted":false,"t":3,"tick":3902,"type":"hit"}
[client] {"a":5,"dup":false,"ev":"game","ms":71042,"predicted":false,"t":-1,"tick":3944,"type":"respawn"}
[client] {"a":0,"dup":false,"ev":"game","ms":71947,"predicted":false,"t":-1,"tick":3998,"type":"respawn"}
[client] {"a":4,"dup":false,"ev":"game","ms":72811,"predicted":false,"t":-1,"tick":4050,"type":"respawn"}
[client] {"a":7,"dup":false,"ev":"game","ms":73960,"predicted":false,"t":3,"tick":4119,"type":"hit"}
[client] {"a":2,"dup":false,"ev":"game","ms":74546,"predicted":false,"t":-1,"tick":4154,"type":"respawn"}
[client] {"ev":"stats","hp":94.0,"in_bytes":890462,"late":0,"match":{"countdown_until":300,"ctrl":-1,"final":false,"next":"","phase":3,"rot":3317,"scores":[8,1],"sd":false,"state":1,"tick":3883,"zone":"A"},"max_err":1.35,"mean_err":0.0532,"ms":74946,"out_bytes":214101,"pending":4,"pos":[-22.42,-10.75],"reconciles":1353,"server_tick":4182,"snaps":1365}
[client] {"a":1,"dup":false,"ev":"game","ms":75561,"predicted":false,"t":-1,"tick":4215,"type":"respawn"}
[client] {"a":8,"dup":false,"ev":"game","ms":77955,"predicted":false,"t":3,"tick":4358,"type":"hit"}
[client] {"a":3,"dup":false,"ev":"game","ms":78319,"predicted":false,"t":8,"tick":4380,"type":"hit"}
[client] {"a":6,"dup":false,"ev":"game","ms":78630,"predicted":false,"t":3,"tick":4400,"type":"hit"}
[client] {"a":7,"dup":false,"ev":"game","ms":78734,"predicted":false,"t":3,"tick":4405,"type":"hit"}
[client] {"a":7,"dup":false,"ev":"game","ms":79860,"predicted":false,"t":3,"tick":4473,"type":"hit"}
[client] {"ev":"stats","hp":94.0,"in_bytes":949228,"late":0,"match":{"countdown_until":300,"ctrl":-1,"final":false,"next":"","phase":3,"rot":3017,"scores":[8,2],"sd":false,"state":3,"tick":4183,"zone":"A"},"max_err":1.35,"mean_err":0.0515,"ms":79946,"out_bytes":228801,"pending":4,"pos":[-41.73,-0.56],"reconciles":1453,"server_tick":4483,"snaps":1465}
[client] {"a":9,"dup":true,"ev":"game","ms":80148,"predicted":false,"t":3,"tick":4496,"type":"hit"}
[client] {"a":7,"dup":false,"ev":"game","ms":80279,"predicted":false,"t":3,"tick":4498,"type":"hit"}
[client] {"a":8,"dup":false,"ev":"game","ms":80403,"predicted":false,"t":3,"tick":4505,"type":"hit"}
[client] {"a":3,"dup":false,"ev":"game","ms":80403,"predicted":false,"t":-1,"tick":4505,"type":"ko"}
[client] {"a":0,"dup":false,"ev":"game","ms":82877,"predicted":false,"t":9,"tick":4654,"type":"block"}
[client] {"a":9,"dup":true,"ev":"game","ms":83043,"predicted":false,"t":0,"tick":4669,"type":"hit"}
[client] {"a":9,"dup":true,"ev":"game","ms":83090,"predicted":false,"t":4,"tick":4672,"type":"hit"}
[client] {"a":6,"dup":false,"ev":"game","ms":83408,"predicted":false,"t":0,"tick":4686,"type":"hit"}
[client] {"a":9,"dup":true,"ev":"game","ms":83429,"predicted":false,"t":0,"tick":4692,"type":"hit"}
[client] {"a":9,"dup":true,"ev":"game","ms":83477,"predicted":false,"t":4,"tick":4695,"type":"hit"}
[client] {"a":9,"dup":true,"ev":"game","ms":83742,"predicted":false,"t":0,"tick":4711,"type":"hit"}
[client] {"a":4,"dup":false,"ev":"game","ms":84360,"predicted":false,"t":9,"tick":4743,"type":"hit"}
[client] {"a":6,"dup":false,"ev":"game","ms":84408,"predicted":false,"t":4,"tick":4746,"type":"hit"}
[client] {"ev":"stats","hp":56.0,"in_bytes":1013810,"late":0,"match":{"countdown_until":300,"ctrl":-1,"final":false,"next":"","phase":3,"rot":2717,"scores":[8,3],"sd":false,"state":3,"tick":4483,"zone":"A"},"max_err":1.35,"mean_err":0.0495,"ms":84945,"out_bytes":243501,"pending":4,"pos":[-42.07,-0.16],"reconciles":1553,"server_tick":4783,"snaps":1565}
[client] {"a":0,"dup":false,"ev":"game","ms":85057,"predicted":false,"t":6,"tick":4785,"type":"hit"}
[client] {"a":4,"dup":false,"ev":"game","ms":85126,"predicted":false,"t":6,"tick":4789,"type":"hit"}
[client] {"a":6,"dup":false,"ev":"game","ms":85126,"predicted":false,"t":-1,"tick":4789,"type":"ko"}
[client] {"a":0,"dup":false,"ev":"game","ms":85146,"predicted":false,"t":8,"tick":4790,"type":"hit"}
[client] {"a":2,"dup":false,"ev":"game","ms":85961,"predicted":false,"t":5,"tick":4839,"type":"hit"}
[client] {"a":8,"dup":false,"ev":"game","ms":86127,"predicted":false,"t":2,"tick":4849,"type":"hit"}
[client] {"a":4,"dup":false,"ev":"game","ms":86209,"predicted":false,"t":8,"tick":4854,"type":"hit"}
[client] {"a":5,"dup":false,"ev":"game","ms":86361,"predicted":false,"t":2,"tick":4863,"type":"hit"}
[client] {"a":4,"dup":false,"ev":"game","ms":86565,"predicted":false,"t":8,"tick":4875,"type":"hit"}
[client] {"a":7,"dup":false,"ev":"game","ms":86565,"predicted":false,"t":0,"tick":4875,"type":"hit"}
[client] {"a":7,"dup":false,"ev":"game","ms":86565,"predicted":false,"t":1,"tick":4875,"type":"hit"}
[client] {"a":2,"dup":false,"ev":"game","ms":86683,"predicted":false,"t":5,"tick":4882,"type":"hit"}
[client] {"a":4,"dup":false,"ev":"game","ms":86884,"predicted":false,"t":8,"tick":4894,"type":"hit"}
[client] {"a":5,"dup":false,"ev":"game","ms":87063,"predicted":false,"t":2,"tick":4905,"type":"hit"}
[client] {"a":8,"dup":false,"ev":"game","ms":87566,"predicted":false,"t":4,"tick":4935,"type":"hit"}
[client] {"a":0,"dup":false,"ev":"game","ms":87615,"predicted":false,"t":7,"tick":4938,"type":"hit"}
[client] {"a":1,"dup":false,"ev":"game","ms":87615,"predicted":false,"t":7,"tick":4938,"type":"hit"}
[client] {"a":5,"dup":false,"ev":"game","ms":87615,"predicted":false,"t":2,"tick":4938,"type":"hit"}
[client] {"a":7,"dup":false,"ev":"game","ms":87615,"predicted":false,"t":-1,"tick":4938,"type":"ko"}
[client] {"a":5,"dup":false,"ev":"game","ms":88214,"predicted":false,"t":2,"tick":4974,"type":"hit"}
[client] {"a":9,"dup":false,"ev":"game","ms":88601,"predicted":false,"t":-1,"tick":5002,"type":"ko"}
[client] {"a":0,"dup":false,"ev":"game","ms":88614,"predicted":false,"t":5,"tick":4998,"type":"hit"}
[client] {"a":1,"dup":false,"ev":"game","ms":88635,"predicted":false,"t":5,"tick":4999,"type":"hit"}
[client] {"a":1,"dup":false,"ev":"game","ms":88635,"predicted":false,"t":8,"tick":4999,"type":"hit"}
[client] {"a":1,"dup":false,"ev":"game","ms":88650,"predicted":false,"t":9,"tick":5000,"type":"hit"}
[client] {"a":0,"dup":false,"ev":"game","ms":88684,"predicted":false,"t":9,"tick":5002,"type":"hit"}
[client] {"a":0,"dup":false,"ev":"game","ms":88718,"predicted":false,"t":8,"tick":5004,"type":"hit"}
[client] {"a":5,"dup":false,"ev":"game","ms":89449,"predicted":false,"t":1,"tick":5048,"type":"hit"}
[client] {"a":5,"dup":false,"ev":"game","ms":89753,"predicted":false,"t":0,"tick":5066,"type":"hit"}
[client] {"a":5,"dup":false,"ev":"game","ms":89753,"predicted":false,"t":1,"tick":5066,"type":"hit"}
[client] {"a":8,"dup":false,"ev":"game","ms":89816,"predicted":false,"t":0,"tick":5070,"type":"hit"}
[client] {"a":8,"dup":false,"ev":"game","ms":89816,"predicted":false,"t":1,"tick":5070,"type":"hit"}
[client] {"a":8,"dup":false,"ev":"game","ms":89863,"predicted":false,"t":4,"tick":5073,"type":"hit"}
[client] {"a":8,"dup":false,"ev":"game","ms":89863,"predicted":false,"t":2,"tick":5074,"type":"hit"}
[client] {"ev":"stats","hp":0.0,"in_bytes":1084628,"late":0,"match":{"countdown_until":300,"ctrl":-1,"final":false,"next":"","phase":3,"rot":2417,"scores":[8,3],"sd":false,"state":3,"tick":4783,"zone":"A"},"max_err":1.35,"mean_err":0.0487,"ms":89951,"out_bytes":258201,"pending":4,"pos":[-41.68,0.24],"reconciles":1653,"server_tick":5083,"snaps":1665}
[client] {"a":3,"dup":false,"ev":"game","ms":90381,"predicted":false,"t":-1,"tick":5105,"type":"respawn"}
[client] {"a":1,"dup":false,"ev":"game","ms":90616,"predicted":false,"t":8,"tick":5119,"type":"hit"}
[client] {"a":1,"dup":false,"ev":"game","ms":90954,"predicted":false,"t":5,"tick":5138,"type":"hit"}
[client] {"a":1,"dup":false,"ev":"game","ms":90954,"predicted":false,"t":8,"tick":5138,"type":"hit"}
[client] {"a":8,"dup":false,"ev":"game","ms":90954,"predicted":false,"t":-1,"tick":5138,"type":"ko"}
[client] {"a":2,"dup":false,"ev":"game","ms":91123,"predicted":false,"t":5,"tick":5148,"type":"hit"}
[client] {"a":5,"dup":false,"ev":"game","ms":91948,"predicted":false,"t":1,"tick":5198,"type":"hit"}
[client] {"a":5,"dup":false,"ev":"game","ms":91962,"predicted":false,"t":2,"tick":5199,"type":"hit"}
[client] {"a":5,"dup":false,"ev":"game","ms":92267,"predicted":false,"t":1,"tick":5217,"type":"hit"}
[client] {"a":5,"dup":false,"ev":"game","ms":92316,"predicted":false,"t":2,"tick":5220,"type":"hit"}
[client] {"a":0,"dup":false,"ev":"game","ms":92350,"predicted":false,"t":5,"tick":5222,"type":"hit"}
[client] {"a":4,"dup":false,"ev":"game","ms":92495,"predicted":false,"t":5,"tick":5231,"type":"hit"}
[client] {"a":4,"dup":false,"ev":"game","ms":92869,"predicted":false,"t":5,"tick":5253,"type":"hit"}
[client] {"a":1,"dup":false,"ev":"game","ms":93095,"predicted":false,"t":5,"tick":5267,"type":"hit"}
[client] {"a":5,"dup":false,"ev":"game","ms":93095,"predicted":false,"t":-1,"tick":5267,"type":"ko"}
[client] {"ev":"stats","hp":0.0,"in_bytes":1142804,"late":0,"match":{"countdown_until":300,"ctrl":0,"final":false,"next":"","phase":3,"rot":2117,"scores":[9,3],"sd":false,"state":2,"tick":5083,"zone":"A"},"max_err":1.35,"mean_err":0.0459,"ms":94952,"out_bytes":272901,"pending":4,"pos":[-41.68,0.24],"reconciles":1753,"server_tick":5383,"snaps":1765}
[client] {"a":6,"dup":false,"ev":"game","ms":95118,"predicted":false,"t":-1,"tick":5389,"type":"respawn"}
[client] {"a":7,"dup":false,"ev":"game","ms":97620,"predicted":false,"t":-1,"tick":5538,"type":"respawn"}
[client] {"a":9,"dup":false,"ev":"game","ms":98580,"predicted":false,"t":-1,"tick":5602,"type":"respawn"}
[client] {"ev":"stats","hp":260.0,"in_bytes":1188570,"late":0,"match":{"countdown_until":300,"ctrl":0,"final":false,"next":"","phase":3,"rot":1817,"scores":[14,3],"sd":false,"state":2,"tick":5383,"zone":"A"},"max_err":1.35,"mean_err":0.0435,"ms":99950,"out_bytes":287601,"pending":7,"pos":[4.79,40.09],"reconciles":1851,"server_tick":5683,"snaps":1865}
[client] {"a":8,"dup":false,"ev":"game","ms":100932,"predicted":false,"t":-1,"tick":5738,"type":"respawn"}
[client] {"a":5,"dup":false,"ev":"game","ms":103235,"predicted":false,"t":-1,"tick":5867,"type":"respawn"}
[client] {"ev":"stats","hp":260.0,"in_bytes":1241768,"late":0,"match":{"countdown_until":300,"ctrl":-1,"final":false,"next":"","phase":3,"rot":1529,"scores":[18,3],"sd":false,"state":3,"tick":5671,"zone":"A"},"max_err":1.7,"mean_err":0.0425,"ms":104947,"out_bytes":302301,"pending":9,"pos":[-13.0,16.62],"reconciles":1946,"server_tick":5972,"snaps":1961}
[client] {"a":2,"dup":false,"ev":"game","ms":105423,"predicted":false,"t":6,"tick":5995,"type":"hit"}
[client] {"a":2,"dup":false,"ev":"game","ms":105745,"predicted":false,"t":6,"tick":6015,"type":"hit"}
[client] {"a":1,"dup":false,"ev":"game","ms":106076,"predicted":false,"t":6,"tick":6035,"type":"hit"}
[client] {"a":6,"dup":false,"ev":"game","ms":108098,"predicted":false,"t":2,"tick":6156,"type":"hit"}
[client] {"a":6,"dup":false,"ev":"game","ms":108961,"predicted":false,"t":3,"tick":6208,"type":"hit"}
[client] {"a":6,"dup":false,"ev":"game","ms":109043,"predicted":false,"t":0,"tick":6213,"type":"hit"}
[client] {"a":2,"dup":false,"ev":"game","ms":109547,"predicted":false,"t":6,"tick":6243,"type":"hit"}
[client] {"a":4,"dup":false,"ev":"game","ms":109643,"predicted":false,"t":6,"tick":6249,"type":"hit"}
[client] {"a":7,"dup":false,"ev":"game","ms":109899,"predicted":false,"t":4,"tick":6264,"type":"hit"}
[client] {"ev":"stats","hp":260.0,"in_bytes":1303111,"late":0,"match":{"countdown_until":300,"ctrl":-1,"final":false,"next":"","phase":3,"rot":1229,"scores":[18,3],"sd":false,"state":3,"tick":5971,"zone":"A"},"max_err":1.7,"mean_err":0.0405,"ms":109946,"out_bytes":317001,"pending":9,"pos":[-40.24,1.18],"reconciles":2046,"server_tick":6271,"snaps":2061}
[client] {"a":7,"dup":false,"ev":"game","ms":109947,"predicted":false,"t":3,"tick":6267,"type":"hit"}
[client] {"a":0,"dup":false,"ev":"game","ms":110264,"predicted":false,"t":7,"tick":6285,"type":"hit"}
[client] {"a":0,"dup":false,"ev":"game","ms":110478,"predicted":false,"t":7,"tick":6298,"type":"hit"}
[client] {"a":9,"dup":true,"ev":"game","ms":111275,"predicted":false,"t":2,"tick":6327,"type":"hit"}
[client] {"a":9,"dup":false,"ev":"game","ms":111297,"predicted":false,"t":1,"tick":6329,"type":"hit"}
[client] {"a":7,"dup":false,"ev":"game","ms":111358,"predicted":false,"t":2,"tick":6334,"type":"hit"}
[client] {"a":4,"dup":false,"ev":"game","ms":111393,"predicted":false,"t":9,"tick":6338,"type":"hit"}
[client] {"a":0,"dup":false,"ev":"game","ms":111626,"predicted":false,"t":9,"tick":6352,"type":"hit"}
[client] {"a":7,"dup":false,"ev":"game","ms":111642,"predicted":false,"t":2,"tick":6353,"type":"hit"}
[client] {"a":6,"dup":false,"ev":"game","ms":112077,"predicted":false,"t":3,"tick":6377,"type":"hit"}
[client] {"a":2,"dup":false,"ev":"game","ms":112280,"predicted":false,"t":7,"tick":6389,"type":"hit"}
[client] {"a":9,"dup":true,"ev":"game","ms":112348,"predicted":false,"t":3,"tick":6399,"type":"hit"}
[client] {"a":4,"dup":false,"ev":"game","ms":112396,"predicted":false,"t":7,"tick":6396,"type":"hit"}
[client] {"a":9,"dup":true,"ev":"game","ms":112768,"predicted":false,"t":3,"tick":6424,"type":"hit"}
[client] {"a":4,"dup":false,"ev":"game","ms":112783,"predicted":false,"t":7,"tick":6420,"type":"hit"}
[client] {"a":8,"dup":false,"ev":"game","ms":113080,"predicted":false,"t":3,"tick":6434,"type":"hit"}
[client] {"a":9,"dup":true,"ev":"game","ms":113115,"predicted":false,"t":3,"tick":6443,"type":"hit"}
[client] {"a":7,"dup":false,"ev":"game","ms":113150,"predicted":false,"t":3,"tick":6441,"type":"hit"}
[client] {"a":8,"dup":false,"ev":"game","ms":113416,"predicted":false,"t":3,"tick":6458,"type":"hit"}
[client] {"a":6,"dup":false,"ev":"game","ms":113451,"predicted":false,"t":4,"tick":6460,"type":"hit"}
[client] {"a":7,"dup":false,"ev":"game","ms":113499,"predicted":false,"t":3,"tick":6463,"type":"hit"}
[client] {"a":2,"dup":false,"ev":"game","ms":113595,"predicted":false,"t":7,"tick":6469,"type":"hit"}
[client] {"a":0,"dup":false,"ev":"game","ms":113612,"predicted":false,"t":9,"tick":6470,"type":"hit"}
[client] {"a":6,"dup":false,"ev":"game","ms":113782,"predicted":false,"t":4,"tick":6480,"type":"hit"}
[client] {"a":1,"dup":false,"ev":"game","ms":113913,"predicted":false,"t":9,"tick":6488,"type":"hit"}
[client] {"a":1,"dup":false,"ev":"game","ms":113978,"predicted":false,"t":8,"tick":6491,"type":"hit"}
[client] {"a":4,"dup":false,"ev":"game","ms":114143,"predicted":false,"t":9,"tick":6502,"type":"hit"}
[client] {"a":1,"dup":false,"ev":"game","ms":114231,"predicted":false,"t":9,"tick":6507,"type":"hit"}
[client] {"a":3,"dup":false,"ev":"game","ms":114265,"predicted":false,"t":6,"tick":6509,"type":"hit"}
[client] {"a":4,"dup":false,"ev":"game","ms":114561,"predicted":false,"t":9,"tick":6524,"type":"hit"}
[client] {"a":0,"dup":false,"ev":"game","ms":114630,"predicted":false,"t":7,"tick":6525,"type":"hit"}
[client] {"a":2,"dup":false,"ev":"game","ms":114643,"predicted":false,"t":9,"tick":6526,"type":"hit"}
[client] {"a":4,"dup":false,"ev":"game","ms":114643,"predicted":false,"t":8,"tick":6526,"type":"hit"}
[client] {"ev":"stats","hp":76.0,"in_bytes":1365214,"late":0,"match":{"countdown_until":300,"ctrl":-1,"final":false,"next":"","phase":3,"rot":947,"scores":[18,3],"sd":false,"state":3,"tick":6253,"zone":"A"},"max_err":1.734,"mean_err":0.0427,"ms":114945,"out_bytes":331701,"pending":5,"pos":[-37.82,2.13],"reconciles":2121,"server_tick":6550,"snaps":2139}
[client] {"a":4,"dup":false,"ev":"game","ms":115088,"predicted":false,"t":8,"tick":6554,"type":"hit"}
[client] {"a":6,"dup":false,"ev":"game","ms":115341,"predicted":false,"t":3,"tick":6569,"type":"hit"}
[client] {"a":5,"dup":false,"ev":"game","ms":115384,"predicted":false,"t":1,"tick":6571,"type":"hit"}
[client] {"a":0,"dup":false,"ev":"game","ms":115747,"predicted":false,"t":8,"tick":6588,"type":"hit"}
[client] {"a":4,"dup":false,"ev":"game","ms":115836,"predicted":false,"t":5,"tick":6591,"type":"hit"}
[client] {"a":9,"dup":true,"ev":"game","ms":116077,"predicted":false,"t":4,"tick":6613,"type":"hit"}
[client] {"a":3,"dup":false,"ev":"game","ms":116409,"predicted":false,"t":6,"tick":6626,"type":"hit"}
[client] {"a":2,"dup":false,"ev":"game","ms":116582,"predicted":false,"t":9,"tick":6636,"type":"hit"}
[client] {"a":0,"dup":false,"ev":"game","ms":116725,"predicted":false,"t":9,"tick":6646,"type":"hit"}
[client] {"a":3,"dup":false,"ev":"game","ms":116725,"predicted":false,"t":6,"tick":6646,"type":"hit"}
[client] {"a":8,"dup":false,"ev":"game","ms":117047,"predicted":false,"t":0,"tick":6665,"type":"hit"}
[client] {"a":7,"dup":false,"ev":"game","ms":117067,"predicted":false,"t":4,"tick":6666,"type":"hit"}
[client] {"a":3,"dup":false,"ev":"game","ms":117113,"predicted":false,"t":6,"tick":6669,"type":"hit"}
[client] {"a":2,"dup":false,"ev":"game","ms":117211,"predicted":false,"t":9,"tick":6675,"type":"hit"}
[client] {"a":7,"dup":false,"ev":"game","ms":117385,"predicted":false,"t":4,"tick":6685,"type":"hit"}
[client] {"a":0,"dup":false,"ev":"game","ms":117585,"predicted":false,"t":5,"tick":6697,"type":"hit"}
[client] {"a":3,"dup":false,"ev":"game","ms":117795,"predicted":false,"t":6,"tick":6710,"type":"hit"}
[client] {"a":6,"dup":false,"ev":"game","ms":117795,"predicted":false,"t":-1,"tick":6710,"type":"ko"}
[client] {"a":7,"dup":false,"ev":"game","ms":117982,"predicted":false,"t":0,"tick":6721,"type":"hit"}
[client] {"a":4,"dup":false,"ev":"game","ms":118030,"predicted":false,"t":5,"tick":6724,"type":"hit"}
[client] {"a":9,"dup":true,"ev":"game","ms":118256,"predicted":false,"t":2,"tick":6742,"type":"hit"}
[client] {"a":9,"dup":true,"ev":"game","ms":118256,"predicted":false,"t":0,"tick":6743,"type":"hit"}
[client] {"a":8,"dup":false,"ev":"game","ms":118379,"predicted":false,"t":0,"tick":6745,"type":"hit"}
[client] {"a":7,"dup":false,"ev":"game","ms":118462,"predicted":false,"t":2,"tick":6750,"type":"hit"}
[client] {"a":4,"dup":false,"ev":"game","ms":118662,"predicted":false,"t":7,"tick":6762,"type":"hit"}
[client] {"a":2,"dup":false,"ev":"game","ms":118781,"predicted":false,"t":7,"tick":6769,"type":"hit"}
[client] {"a":4,"dup":false,"ev":"game","ms":118913,"predicted":false,"t":7,"tick":6777,"type":"hit"}
[client] {"a":5,"dup":false,"ev":"game","ms":118925,"predicted":false,"t":2,"tick":6778,"type":"hit"}
[client] {"a":9,"dup":true,"ev":"game","ms":118925,"predicted":false,"t":0,"tick":6783,"type":"hit"}
[client] {"a":5,"dup":false,"ev":"game","ms":118980,"predicted":false,"t":0,"tick":6781,"type":"hit"}
[client] {"a":0,"dup":false,"ev":"game","ms":119382,"predicted":false,"t":9,"tick":6805,"type":"block"}
[client] {"a":1,"dup":false,"ev":"game","ms":119441,"predicted":false,"t":5,"tick":6809,"type":"hit"}
[client] {"a":7,"dup":false,"ev":"game","ms":119523,"predicted":false,"t":1,"tick":6814,"type":"hit"}
[client] {"a":0,"dup":false,"ev":"game","ms":119606,"predicted":false,"t":8,"tick":6819,"type":"hit"}
[client] {"a":0,"dup":false,"ev":"game","ms":119606,"predicted":false,"t":9,"tick":6819,"type":"hit"}
[client] {"a":4,"dup":false,"ev":"game","ms":119766,"predicted":false,"t":5,"tick":6828,"type":"hit"}
[client] {"a":7,"dup":false,"ev":"game","ms":119847,"predicted":false,"t":1,"tick":6833,"type":"hit"}
[client] {"ev":"stats","hp":2.0,"in_bytes":1440701,"late":0,"match":{"countdown_until":300,"ctrl":-1,"final":false,"next":"C","phase":3,"rot":656,"scores":[18,3],"sd":false,"state":3,"tick":6544,"zone":"A"},"max_err":1.734,"mean_err":0.0422,"ms":119950,"out_bytes":346401,"pending":4,"pos":[-38.79,2.2],"reconciles":2219,"server_tick":6843,"snaps":2236}
[client] {"a":4,"dup":false,"ev":"game","ms":120096,"predicted":false,"t":5,"tick":6848,"type":"hit"}
[client] {"a":7,"dup":false,"ev":"game","ms":120165,"predicted":false,"t":1,"tick":6852,"type":"hit"}
[client] {"a":9,"dup":true,"ev":"game","ms":120217,"predicted":false,"t":0,"tick":6860,"type":"hit"}
[client] {"a":8,"dup":false,"ev":"game","ms":120434,"predicted":false,"t":0,"tick":6868,"type":"hit"}
[client] {"a":0,"dup":false,"ev":"game","ms":120434,"predicted":false,"t":-1,"tick":6868,"type":"ko"}
[client] {"a":9,"dup":true,"ev":"game","ms":120532,"predicted":false,"t":2,"tick":6879,"type":"hit"}
[client] {"a":5,"dup":false,"ev":"game","ms":120599,"predicted":false,"t":4,"tick":6878,"type":"hit"}
[client] {"a":2,"dup":false,"ev":"game","ms":120613,"predicted":false,"t":-1,"tick":6879,"type":"ko"}
[client] {"a":3,"dup":false,"ev":"game","ms":120717,"predicted":false,"t":7,"tick":6885,"type":"hit"}
[client] {"a":7,"dup":false,"ev":"game","ms":120717,"predicted":false,"t":-1,"tick":6885,"type":"ko"}
[client] {"a":1,"dup":false,"ev":"game","ms":120813,"predicted":false,"t":5,"tick":6891,"type":"hit"}
[client] {"a":8,"dup":false,"ev":"game","ms":121689,"predicted":false,"t":1,"tick":6944,"type":"hit"}
[client] {"a":8,"dup":false,"ev":"game","ms":122009,"predicted":false,"t":1,"tick":6963,"type":"hit"}
[client] {"a":5,"dup":false,"ev":"game","ms":122079,"predicted":false,"t":1,"tick":6967,"type":"hit"}
[client] {"a":1,"dup":false,"ev":"game","ms":122079,"predicted":false,"t":-1,"tick":6967,"type":"ko"}
[client] {"a":3,"dup":false,"ev":"game","ms":122146,"predicted":false,"t":8,"tick":6971,"type":"hit"}
[client] {"a":9,"dup":true,"ev":"game","ms":122146,"predicted":false,"t":3,"tick":6976,"type":"hit"}
[client] {"a":3,"dup":false,"ev":"game","ms":122229,"predicted":false,"t":-1,"tick":6976,"type":"ko"}
[client] {"a":4,"dup":false,"ev":"game","ms":122463,"predicted":false,"t":8,"tick":6990,"type":"hit"}
[client] {"a":4,"dup":false,"ev":"game","ms":123265,"predicted":false,"t":5,"tick":7038,"type":"hit"}
[client] {"a":9,"dup":true,"ev":"game","ms":123466,"predicted":false,"t":4,"tick":7055,"type":"hit"}
[client] {"a":4,"dup":false,"ev":"game","ms":124361,"predicted":false,"t":5,"tick":7104,"type":"hit"}
[client] {"a":9,"dup":false,"ev":"game","ms":124845,"predicted":false,"t":-1,"tick":7139,"type":"ko"}
[client] {"ev":"stats","hp":0.0,"in_bytes":1504163,"late":0,"match":{"countdown_until":300,"ctrl":-1,"final":false,"next":"C","phase":3,"rot":356,"scores":[18,3],"sd":false,"state":3,"tick":6844,"zone":"A"},"max_err":1.734,"mean_err":0.0407,"ms":124948,"out_bytes":361101,"pending":7,"pos":[-41.97,-0.26],"reconciles":2318,"server_tick":7144,"snaps":2336}
[client] {"a":4,"dup":false,"ev":"game","ms":124949,"predicted":false,"t":9,"tick":7139,"type":"hit"}
[client] {"a":4,"dup":false,"ev":"game","ms":125315,"predicted":false,"t":8,"tick":7161,"type":"hit"}
[client] {"a":4,"dup":false,"ev":"game","ms":125645,"predicted":false,"t":8,"tick":7182,"type":"hit"}
[client] {"a":4,"dup":false,"ev":"game","ms":126232,"predicted":false,"t":5,"tick":7216,"type":"hit"}
[client] {"a":8,"dup":false,"ev":"game","ms":126585,"predicted":false,"t":4,"tick":7237,"type":"hit"}
[client] {"a":4,"dup":false,"ev":"game","ms":126585,"predicted":false,"t":-1,"tick":7237,"type":"ko"}
[client] {"a":6,"dup":false,"ev":"game","ms":127795,"predicted":false,"t":-1,"tick":7310,"type":"respawn"}
[client] {"ev":"stats","hp":0.0,"in_bytes":1552053,"late":0,"match":{"countdown_until":300,"ctrl":1,"final":false,"next":"C","phase":3,"rot":56,"scores":[18,6],"sd":false,"state":2,"tick":7144,"zone":"A"},"max_err":1.734,"mean_err":0.039,"ms":129947,"out_bytes":375801,"pending":7,"pos":[-41.97,-0.26],"reconciles":2418,"server_tick":7444,"snaps":2436}
[client] {"a":0,"dup":false,"ev":"game","ms":130410,"predicted":false,"t":-1,"tick":7468,"type":"respawn"}
[client] {"a":2,"dup":false,"ev":"game","ms":130597,"predicted":false,"t":-1,"tick":7479,"type":"respawn"}
[client] {"a":7,"dup":false,"ev":"game","ms":130701,"predicted":false,"t":-1,"tick":7485,"type":"respawn"}
[client] {"a":-1,"dup":false,"ev":"game","ms":130928,"predicted":false,"t":-1,"tick":7499,"type":"zone_rotated"}
[client] {"a":1,"dup":false,"ev":"game","ms":132075,"predicted":false,"t":-1,"tick":7567,"type":"respawn"}
[client] {"a":3,"dup":false,"ev":"game","ms":132229,"predicted":false,"t":-1,"tick":7576,"type":"respawn"}
[client] {"a":9,"dup":false,"ev":"game","ms":134848,"predicted":false,"t":-1,"tick":7739,"type":"respawn"}
[client] {"ev":"stats","hp":260.0,"in_bytes":1597251,"late":0,"match":{"countdown_until":300,"ctrl":-1,"final":false,"next":"","phase":3,"rot":3356,"scores":[18,7],"sd":false,"state":1,"tick":7444,"zone":"C"},"max_err":1.734,"mean_err":0.0375,"ms":134948,"out_bytes":390501,"pending":7,"pos":[-5.53,48.26],"reconciles":2517,"server_tick":7744,"snaps":2536}
[client] {"a":4,"dup":false,"ev":"game","ms":136585,"predicted":false,"t":-1,"tick":7837,"type":"respawn"}
[client] {"ev":"stats","hp":260.0,"in_bytes":1647726,"late":0,"match":{"countdown_until":300,"ctrl":0,"final":false,"next":"","phase":3,"rot":3056,"scores":[19,7],"sd":false,"state":2,"tick":7744,"zone":"C"},"max_err":1.734,"mean_err":0.0361,"ms":139942,"out_bytes":405201,"pending":7,"pos":[5.27,19.21],"reconciles":2615,"server_tick":8044,"snaps":2636}
[client] {"a":7,"dup":false,"ev":"game","ms":142432,"predicted":false,"t":2,"tick":8158,"type":"hit"}
[client] {"a":7,"dup":false,"ev":"game","ms":142745,"predicted":false,"t":0,"tick":8175,"type":"hit"}
[client] {"a":1,"dup":false,"ev":"game","ms":142830,"predicted":false,"t":7,"tick":8179,"type":"hit"}
[client] {"a":2,"dup":false,"ev":"game","ms":142858,"predicted":false,"t":7,"tick":8181,"type":"hit"}
[client] {"a":1,"dup":false,"ev":"game","ms":143159,"predicted":false,"t":6,"tick":8198,"type":"hit"}
[client] {"a":0,"dup":false,"ev":"game","ms":143428,"predicted":false,"t":6,"tick":8214,"type":"hit"}
[client] {"a":1,"dup":false,"ev":"game","ms":143717,"predicted":false,"t":7,"tick":8229,"type":"hit"}
[client] {"a":3,"dup":false,"ev":"game","ms":143779,"predicted":false,"t":7,"tick":8233,"type":"hit"}
[client] {"a":3,"dup":false,"ev":"game","ms":144662,"predicted":false,"t":8,"tick":8275,"type":"hit"}
[client] {"ev":"stats","hp":260.0,"in_bytes":1693271,"late":0,"match":{"countdown_until":300,"ctrl":-1,"final":false,"next":"","phase":3,"rot":2801,"scores":[19,7],"sd":false,"state":3,"tick":7999,"zone":"C"},"max_err":1.734,"mean_err":0.0404,"ms":144950,"out_bytes":419901,"pending":6,"pos":[30.71,6.94],"reconciles":2684,"server_tick":8298,"snaps":2706}
[client] {"a":8,"dup":false,"ev":"game","ms":144999,"predicted":false,"t":3,"tick":8296,"type":"block"}
[client] {"a":5,"dup":false,"ev":"game","ms":145015,"predicted":false,"t":0,"tick":8297,"type":"hit"}
[client] {"a":2,"dup":false,"ev":"game","ms":145165,"predicted":false,"t":7,"tick":8306,"type":"hit"}
[client] {"a":1,"dup":false,"ev":"game","ms":145230,"predicted":false,"t":7,"tick":8310,"type":"hit"}
[client] {"a":8,"dup":false,"ev":"game","ms":145310,"predicted":false,"t":3,"tick":8315,"type":"block"}
[client] {"a":7,"dup":false,"ev":"game","ms":145647,"predicted":false,"t":2,"tick":8333,"type":"hit"}
[client] {"a":1,"dup":false,"ev":"game","ms":145661,"predicted":false,"t":7,"tick":8334,"type":"hit"}
[client] {"a":6,"dup":false,"ev":"game","ms":145918,"predicted":false,"t":3,"tick":8348,"type":"hit"}
[client] {"a":8,"dup":false,"ev":"game","ms":146014,"predicted":false,"t":3,"tick":8353,"type":"hit"}
[client] {"a":1,"dup":false,"ev":"game","ms":146140,"predicted":false,"t":7,"tick":8361,"type":"hit"}
[client] {"a":3,"dup":false,"ev":"game","ms":146418,"predicted":false,"t":8,"tick":8376,"type":"hit"}
[client] {"a":3,"dup":false,"ev":"game","ms":146792,"predicted":false,"t":8,"tick":8396,"type":"hit"}
[client] {"a":7,"dup":false,"ev":"game","ms":147415,"predicted":false,"t":1,"tick":8432,"type":"hit"}
[client] {"a":3,"dup":false,"ev":"game","ms":147566,"predicted":false,"t":8,"tick":8442,"type":"hit"}
[client] {"a":1,"dup":false,"ev":"game","ms":147789,"predicted":false,"t":7,"tick":8456,"type":"hit"}
[client] {"a":2,"dup":false,"ev":"game","ms":147789,"predicted":false,"t":7,"tick":8456,"type":"hit"}
[client] {"a":3,"dup":false,"ev":"game","ms":147881,"predicted":false,"t":8,"tick":8462,"type":"hit"}
[client] {"a":8,"dup":false,"ev":"game","ms":148337,"predicted":false,"t":3,"tick":8489,"type":"hit"}
[client] {"a":2,"dup":false,"ev":"game","ms":148395,"predicted":false,"t":7,"tick":8493,"type":"hit"}
[client] {"a":2,"dup":false,"ev":"game","ms":148449,"predicted":false,"t":6,"tick":8496,"type":"hit"}
[client] {"a":4,"dup":false,"ev":"game","ms":148913,"predicted":false,"t":9,"tick":8525,"type":"hit"}
[client] {"a":8,"dup":false,"ev":"game","ms":149112,"predicted":false,"t":3,"tick":8537,"type":"hit"}
[client] {"a":8,"dup":false,"ev":"game","ms":149135,"predicted":false,"t":4,"tick":8538,"type":"hit"}
[client] {"ev":"stats","hp":222.0,"in_bytes":1772254,"late":0,"match":{"countdown_until":300,"ctrl":-1,"final":false,"next":"","phase":3,"rot":2507,"scores":[19,7],"sd":false,"state":3,"tick":8293,"zone":"C"},"max_err":1.734,"mean_err":0.0403,"ms":149946,"out_bytes":434601,"pending":9,"pos":[41.47,0.59],"reconciles":2782,"server_tick":8592,"snaps":2804}
[client] {"ev":"stats","hp":222.0,"in_bytes":1775296,"late":0,"match":{"countdown_until":300,"ctrl":1,"final":false,"next":"","phase":3,"rot":2504,"scores":[19,7],"sd":false,"state":2,"tick":8296,"zone":"C"},"max_err":1.734,"mean_err":0.0403,"ms":150008,"out_bytes":434797,"pending":7,"pos":[41.47,0.59],"reconciles":2784,"server_tick":8596,"snaps":2805}
