Godot Engine v4.7.2.stable.official.ed1daf0bf - https://godotengine.org

[server] {"bots_allowed":false,"build":"wildrush-1.0.0","ev":"server_started","match_id":"local-1790676979","mode":"private","port":24610,"protocol":3,"t":0}
[server] {"ev":"joined","observer":false,"peer":1243508633,"pid":2,"t":125}
[server] {"ev":"joined","observer":false,"peer":1334863206,"pid":3,"t":135}
[server] {"ev":"joined","observer":false,"peer":1723421211,"pid":4,"t":158}
[server] {"ev":"joined","observer":false,"peer":1915774495,"pid":5,"t":174}
[server] {"ev":"joined","observer":false,"peer":654894506,"pid":6,"t":189}
[server] {"ev":"joined","observer":false,"peer":2126977455,"pid":7,"t":206}
[server] {"ev":"joined","observer":false,"peer":961414011,"pid":8,"t":229}
[server] {"ev":"joined","observer":false,"peer":422720718,"pid":9,"t":243}
[server] {"ev":"joined","observer":false,"peer":599305032,"pid":10,"t":270}
[server] {"ev":"select","players":10,"t":291}
[server] {"ev":"joined","observer":false,"peer":392528264,"pid":11,"t":291}
[server] {"bots":0,"ev":"match_start","fighters":10,"t":421}
[server] {"ev":"left","peer":1243508633,"pid":2,"t":9125}
[server] {"ev":"left","peer":1334863206,"pid":3,"t":9135}
[server] {"ev":"left","peer":1723421211,"pid":4,"t":9157}
[server] {"ev":"left","peer":1915774495,"pid":5,"t":9172}
[server] {"ev":"left","peer":654894506,"pid":6,"t":9189}
[server] {"ev":"left","peer":2126977455,"pid":7,"t":9206}
[server] {"ev":"left","peer":961414011,"pid":8,"t":9228}
[server] {"ev":"left","peer":422720718,"pid":9,"t":9243}
[server] {"ev":"left","peer":599305032,"pid":10,"t":9270}
[server] {"ev":"left","peer":392528264,"pid":11,"t":9291}
